[2026-07-28T13:50:01.760+0000] {local_task_job_runner.py:123} INFO - ::group::Pre task execution logs
[2026-07-28T13:50:01.760+0000] {taskinstance.py:2603} INFO - Dependencies all met for dep_context=non-requeueable deps ti=<TaskInstance: dbt_pipeline.dbt_run scheduled__2026-07-27T00:00:00+00:00 [queued]>
[2026-07-28T13:50:01.760+0000] {taskinstance.py:2603} INFO - Dependencies all met for dep_context=requeueable deps ti=<TaskInstance: dbt_pipeline.dbt_run scheduled__2026-07-27T00:00:00+00:00 [queued]>
[2026-07-28T13:50:01.760+0000] {taskinstance.py:2856} INFO - Starting attempt 1 of 1
[2026-07-28T13:50:01.760+0000] {taskinstance.py:2879} INFO - Executing <Task(BashOperator): dbt_run> on 2026-07-27 00:00:00+00:00
[2026-07-28T13:50:01.760+0000] {logging_mixin.py:190} WARNING - /home/***/.local/lib/python3.12/site-packages/***/task/task_runner/standard_task_runner.py:70 DeprecationWarning: This process (pid=8157) is multi-threaded, use of fork() may lead to deadlocks in the child.
[2026-07-28T13:50:01.760+0000] {standard_task_runner.py:72} INFO - Started process 8170 to run task
[2026-07-28T13:50:01.760+0000] {standard_task_runner.py:104} INFO - Running: ['***', 'tasks', 'run', 'dbt_pipeline', 'dbt_run', 'scheduled__2026-07-27T00:00:00+00:00', '--job-id', '117', '--raw', '--subdir', 'DAGS_FOLDER/dbt_pipeline.py', '--cfg-path', '/tmp/tmpzuj35ks6']
[2026-07-28T13:50:01.760+0000] {standard_task_runner.py:105} INFO - Job 117: Subtask dbt_run
[2026-07-28T13:50:01.760+0000] {task_command.py:467} INFO - Running <TaskInstance: dbt_pipeline.dbt_run scheduled__2026-07-27T00:00:00+00:00 [running]> on host 2c9dbb404379
[2026-07-28T13:50:01.760+0000] {taskinstance.py:3122} INFO - Exporting env vars: AIRFLOW_CTX_DAG_OWNER='***' AIRFLOW_CTX_DAG_ID='dbt_pipeline' AIRFLOW_CTX_TASK_ID='dbt_run' AIRFLOW_CTX_EXECUTION_DATE='2026-07-27T00:00:00+00:00' AIRFLOW_CTX_TRY_NUMBER='1' AIRFLOW_CTX_DAG_RUN_ID='scheduled__2026-07-27T00:00:00+00:00'
[2026-07-28T13:50:01.760+0000] {taskinstance.py:731} INFO - ::endgroup::
[2026-07-28T13:50:01.760+0000] {subprocess.py:63} INFO - Tmp dir root location: /tmp
[2026-07-28T13:50:01.760+0000] {subprocess.py:75} INFO - Running command: ['/usr/bin/bash', '-c', '\n        cd /opt/***/tmdwh &&\n        dbt run --profiles-dir /opt/***/tmdwh\n        ']
[2026-07-28T13:50:01.760+0000] {subprocess.py:86} INFO - Output:
[2026-07-28T20:50:22.557+0000] {job.py:229} INFO - Heartbeat recovered after 25224.29 seconds
[2026-07-29T08:49:48.999+0000] {job.py:229} INFO - Heartbeat recovered after 43188.49 seconds
[2026-07-30T09:05:11.226+0000] {job.py:229} INFO - Heartbeat recovered after 87306.14 seconds
[2026-07-30T09:05:34.205+0000] {subprocess.py:93} INFO - [0m09:05:34  Running with dbt=1.12.0
[2026-07-30T09:05:41.221+0000] {subprocess.py:93} INFO - [0m09:05:41  Registered adapter: postgres=1.11.0
[2026-07-30T09:05:49.440+0000] {subprocess.py:93} INFO - [0m09:05:49  Found 24 models, 31 data tests, 1 source, 592 macros
[2026-07-30T09:05:49.472+0000] {subprocess.py:93} INFO - [0m09:05:49
[2026-07-30T09:05:49.477+0000] {subprocess.py:93} INFO - [0m09:05:49  Concurrency: 4 threads (target='dev')
[2026-07-30T09:05:49.486+0000] {subprocess.py:93} INFO - [0m09:05:49
[2026-07-30T09:05:50.225+0000] {subprocess.py:93} INFO - [0m09:05:50
[2026-07-30T09:05:50.233+0000] {subprocess.py:93} INFO - [0m09:05:50  Finished running  in 0 hours 0 minutes and 0.73 seconds (0.73s).
[2026-07-30T09:05:50.240+0000] {subprocess.py:93} INFO - [0m09:05:50  [[31mERROR[0m]: Encountered an error:
[2026-07-30T09:05:50.243+0000] {subprocess.py:93} INFO - Database Error
[2026-07-30T09:05:50.248+0000] {subprocess.py:93} INFO -   connection to server at "movie-postgres" (172.19.0.8), port 5432 failed: Connection refused
[2026-07-30T09:05:50.249+0000] {subprocess.py:93} INFO -   	Is the server running on that host and accepting TCP/IP connections?
[2026-07-30T09:05:50.251+0000] {subprocess.py:93} INFO - 
[2026-07-30T09:05:57.293+0000] {subprocess.py:97} INFO - Command exited with return code 2
[2026-07-30T09:05:57.480+0000] {taskinstance.py:3301} ERROR - Task failed with exception
Traceback (most recent call last):
  File "/home/airflow/.local/lib/python3.12/site-packages/airflow/models/taskinstance.py", line 767, in _execute_task
    result = _execute_callable(context=context, **execute_callable_kwargs)
             ^^^^^^^^^^^^^^^^^^^^^^^^^^^^^^^^^^^^^^^^^^^^^^^^^^^^^^^^^^^^^
  File "/home/airflow/.local/lib/python3.12/site-packages/airflow/models/taskinstance.py", line 733, in _execute_callable
    return ExecutionCallableRunner(
           ^^^^^^^^^^^^^^^^^^^^^^^^
  File "/home/airflow/.local/lib/python3.12/site-packages/airflow/utils/operator_helpers.py", line 252, in run
    return self.func(*args, **kwargs)
           ^^^^^^^^^^^^^^^^^^^^^^^^^^
  File "/home/airflow/.local/lib/python3.12/site-packages/airflow/models/baseoperator.py", line 406, in wrapper
    return func(self, *args, **kwargs)
           ^^^^^^^^^^^^^^^^^^^^^^^^^^^
  File "/home/airflow/.local/lib/python3.12/site-packages/airflow/operators/bash.py", line 249, in execute
    raise AirflowException(
airflow.exceptions.AirflowException: Bash command failed. The command returned a non-zero exit code 2.
[2026-07-30T09:05:57.528+0000] {taskinstance.py:1225} INFO - Marking task as FAILED. dag_id=dbt_pipeline, task_id=dbt_run, run_id=scheduled__2026-07-27T00:00:00+00:00, execution_date=20260727T000000, start_date=20260728T135001, end_date=20260730T090557
[2026-07-30T09:05:57.651+0000] {taskinstance.py:340} INFO - ::group::Post task execution logs
[2026-07-30T09:05:57.662+0000] {standard_task_runner.py:124} ERROR - Failed to execute job 117 for task dbt_run (Bash command failed. The command returned a non-zero exit code 2.; 8170)
Traceback (most recent call last):
  File "/home/airflow/.local/lib/python3.12/site-packages/airflow/task/task_runner/standard_task_runner.py", line 117, in _start_by_fork
    ret = args.func(args, dag=self.dag)
          ^^^^^^^^^^^^^^^^^^^^^^^^^^^^^
  File "/home/airflow/.local/lib/python3.12/site-packages/airflow/cli/cli_config.py", line 49, in command
    return func(*args, **kwargs)
           ^^^^^^^^^^^^^^^^^^^^^
  File "/home/airflow/.local/lib/python3.12/site-packages/airflow/utils/cli.py", line 115, in wrapper
    return f(*args, **kwargs)
           ^^^^^^^^^^^^^^^^^^
  File "/home/airflow/.local/lib/python3.12/site-packages/airflow/cli/commands/task_command.py", line 483, in task_run
    task_return_code = _run_task_by_selected_method(args, _dag, ti)
                       ^^^^^^^^^^^^^^^^^^^^^^^^^^^^^^^^^^^^^^^^^^^^
  File "/home/airflow/.local/lib/python3.12/site-packages/airflow/cli/commands/task_command.py", line 256, in _run_task_by_selected_method
    return _run_raw_task(args, ti)
           ^^^^^^^^^^^^^^^^^^^^^^^
  File "/home/airflow/.local/lib/python3.12/site-packages/airflow/cli/commands/task_command.py", line 341, in _run_raw_task
    return ti._run_raw_task(
           ^^^^^^^^^^^^^^^^^
  File "/home/airflow/.local/lib/python3.12/site-packages/airflow/utils/session.py", line 97, in wrapper
    return func(*args, session=session, **kwargs)
           ^^^^^^^^^^^^^^^^^^^^^^^^^^^^^^^^^^^^^^
  File "/home/airflow/.local/lib/python3.12/site-packages/airflow/models/taskinstance.py", line 2995, in _run_raw_task
    return _run_raw_task(
           ^^^^^^^^^^^^^^
  File "/home/airflow/.local/lib/python3.12/site-packages/airflow/models/taskinstance.py", line 273, in _run_raw_task
    TaskInstance._execute_task_with_callbacks(
  File "/home/airflow/.local/lib/python3.12/site-packages/airflow/models/taskinstance.py", line 3149, in _execute_task_with_callbacks
    result = self._execute_task(context, task_orig)
             ^^^^^^^^^^^^^^^^^^^^^^^^^^^^^^^^^^^^^^
  File "/home/airflow/.local/lib/python3.12/site-packages/airflow/models/taskinstance.py", line 3173, in _execute_task
    return _execute_task(self, context, task_orig)
           ^^^^^^^^^^^^^^^^^^^^^^^^^^^^^^^^^^^^^^^
  File "/home/airflow/.local/lib/python3.12/site-packages/airflow/models/taskinstance.py", line 767, in _execute_task
    result = _execute_callable(context=context, **execute_callable_kwargs)
             ^^^^^^^^^^^^^^^^^^^^^^^^^^^^^^^^^^^^^^^^^^^^^^^^^^^^^^^^^^^^^
  File "/home/airflow/.local/lib/python3.12/site-packages/airflow/models/taskinstance.py", line 733, in _execute_callable
    return ExecutionCallableRunner(
           ^^^^^^^^^^^^^^^^^^^^^^^^
  File "/home/airflow/.local/lib/python3.12/site-packages/airflow/utils/operator_helpers.py", line 252, in run
    return self.func(*args, **kwargs)
           ^^^^^^^^^^^^^^^^^^^^^^^^^^
  File "/home/airflow/.local/lib/python3.12/site-packages/airflow/models/baseoperator.py", line 406, in wrapper
    return func(self, *args, **kwargs)
           ^^^^^^^^^^^^^^^^^^^^^^^^^^^
  File "/home/airflow/.local/lib/python3.12/site-packages/airflow/operators/bash.py", line 249, in execute
    raise AirflowException(
airflow.exceptions.AirflowException: Bash command failed. The command returned a non-zero exit code 2.
[2026-07-30T09:05:57.759+0000] {local_task_job_runner.py:261} INFO - Task exited with return code 1
[2026-07-30T09:05:57.923+0000] {taskinstance.py:3891} INFO - 0 downstream tasks scheduled from follow-on schedule check
[2026-07-30T09:05:57.950+0000] {local_task_job_runner.py:240} INFO - ::endgroup::
