[2026-06-19T03:42:21.964+0000] {processor.py:186} INFO - Started process (PID=18094) to work on /opt/airflow/dags/tmdb_incremental_sync.py
[2026-06-19T03:42:22.004+0000] {processor.py:914} INFO - Processing file /opt/airflow/dags/tmdb_incremental_sync.py for tasks to queue
[2026-06-19T03:42:22.333+0000] {logging_mixin.py:190} INFO - [2026-06-19T03:42:22.297+0000] {dagbag.py:587} INFO - Filling up the DagBag from /opt/airflow/dags/tmdb_incremental_sync.py
[2026-06-19T03:42:23.584+0000] {processor.py:925} INFO - DAG(s) 'tmdb_incremental_sync' retrieved from /opt/airflow/dags/tmdb_incremental_sync.py
[2026-06-19T03:42:24.340+0000] {logging_mixin.py:190} INFO - [2026-06-19T03:42:24.337+0000] {dag.py:3211} INFO - Sync 1 DAGs
[2026-06-19T03:42:24.849+0000] {logging_mixin.py:190} INFO - [2026-06-19T03:42:24.846+0000] {dag.py:4138} INFO - Setting next_dagrun for tmdb_incremental_sync to 2026-06-19 00:00:00+00:00, run_after=2026-06-20 00:00:00+00:00
[2026-06-19T03:42:25.180+0000] {processor.py:208} INFO - Processing /opt/airflow/dags/tmdb_incremental_sync.py took 3.361 seconds
[2026-06-19T05:42:33.256+0000] {processor.py:186} INFO - Started process (PID=18105) to work on /opt/airflow/dags/tmdb_incremental_sync.py
[2026-06-19T05:42:33.293+0000] {processor.py:914} INFO - Processing file /opt/airflow/dags/tmdb_incremental_sync.py for tasks to queue
[2026-06-19T05:42:33.476+0000] {logging_mixin.py:190} INFO - [2026-06-19T05:42:33.459+0000] {dagbag.py:587} INFO - Filling up the DagBag from /opt/airflow/dags/tmdb_incremental_sync.py
[2026-06-19T05:42:34.174+0000] {processor.py:925} INFO - DAG(s) 'tmdb_incremental_sync' retrieved from /opt/airflow/dags/tmdb_incremental_sync.py
[2026-06-19T05:42:34.880+0000] {logging_mixin.py:190} INFO - [2026-06-19T05:42:34.878+0000] {dag.py:3211} INFO - Sync 1 DAGs
[2026-06-19T05:42:35.112+0000] {logging_mixin.py:190} INFO - [2026-06-19T05:42:35.112+0000] {dag.py:4138} INFO - Setting next_dagrun for tmdb_incremental_sync to 2026-06-19 00:00:00+00:00, run_after=2026-06-20 00:00:00+00:00
[2026-06-19T05:42:35.382+0000] {processor.py:208} INFO - Processing /opt/airflow/dags/tmdb_incremental_sync.py took 2.396 seconds
[2026-06-19T07:42:42.780+0000] {processor.py:186} INFO - Started process (PID=18126) to work on /opt/airflow/dags/tmdb_incremental_sync.py
[2026-06-19T07:42:42.780+0000] {processor.py:914} INFO - Processing file /opt/airflow/dags/tmdb_incremental_sync.py for tasks to queue
[2026-06-19T07:42:42.780+0000] {logging_mixin.py:190} INFO - [2026-06-19T07:42:42.780+0000] {dagbag.py:587} INFO - Filling up the DagBag from /opt/airflow/dags/tmdb_incremental_sync.py
[2026-06-19T07:42:42.780+0000] {processor.py:925} INFO - DAG(s) 'tmdb_incremental_sync' retrieved from /opt/airflow/dags/tmdb_incremental_sync.py
[2026-06-19T07:42:42.780+0000] {logging_mixin.py:190} INFO - [2026-06-19T07:42:42.780+0000] {dag.py:3211} INFO - Sync 1 DAGs
[2026-06-19T07:42:42.780+0000] {logging_mixin.py:190} INFO - [2026-06-19T07:42:42.780+0000] {dag.py:4138} INFO - Setting next_dagrun for tmdb_incremental_sync to 2026-06-19 00:00:00+00:00, run_after=2026-06-20 00:00:00+00:00
[2026-06-19T07:42:42.780+0000] {processor.py:208} INFO - Processing /opt/airflow/dags/tmdb_incremental_sync.py took 0.000 seconds
[2026-06-19T11:41:55.097+0000] {processor.py:186} INFO - Started process (PID=18137) to work on /opt/airflow/dags/tmdb_incremental_sync.py
[2026-06-19T11:41:55.143+0000] {processor.py:914} INFO - Processing file /opt/airflow/dags/tmdb_incremental_sync.py for tasks to queue
[2026-06-19T11:41:55.302+0000] {logging_mixin.py:190} INFO - [2026-06-19T11:41:55.281+0000] {dagbag.py:587} INFO - Filling up the DagBag from /opt/airflow/dags/tmdb_incremental_sync.py
[2026-06-19T11:41:56.219+0000] {processor.py:925} INFO - DAG(s) 'tmdb_incremental_sync' retrieved from /opt/airflow/dags/tmdb_incremental_sync.py
[2026-06-19T11:41:58.093+0000] {logging_mixin.py:190} INFO - [2026-06-19T11:41:58.091+0000] {dag.py:3211} INFO - Sync 1 DAGs
[2026-06-19T11:41:58.880+0000] {logging_mixin.py:190} INFO - [2026-06-19T11:41:58.875+0000] {dag.py:4138} INFO - Setting next_dagrun for tmdb_incremental_sync to 2026-06-19 00:00:00+00:00, run_after=2026-06-20 00:00:00+00:00
[2026-06-19T11:41:59.252+0000] {processor.py:208} INFO - Processing /opt/airflow/dags/tmdb_incremental_sync.py took 4.427 seconds
