[2026-06-30T13:48:06.858+0000] {processor.py:186} INFO - Started process (PID=172) to work on /opt/airflow/dags/sanity_checks.py
[2026-06-30T13:48:06.862+0000] {processor.py:914} INFO - Processing file /opt/airflow/dags/sanity_checks.py for tasks to queue
[2026-06-30T13:48:06.875+0000] {logging_mixin.py:190} INFO - [2026-06-30T13:48:06.874+0000] {dagbag.py:587} INFO - Filling up the DagBag from /opt/airflow/dags/sanity_checks.py
[2026-06-30T13:48:06.928+0000] {processor.py:925} INFO - DAG(s) 'airflow_sanity_check' retrieved from /opt/airflow/dags/sanity_checks.py
[2026-06-30T13:48:07.292+0000] {logging_mixin.py:190} INFO - [2026-06-30T13:48:07.291+0000] {dag.py:3211} INFO - Sync 1 DAGs
[2026-06-30T13:48:07.503+0000] {logging_mixin.py:190} INFO - [2026-06-30T13:48:07.502+0000] {dag.py:4138} INFO - Setting next_dagrun for airflow_sanity_check to None, run_after=None
[2026-06-30T13:48:07.613+0000] {processor.py:208} INFO - Processing /opt/airflow/dags/sanity_checks.py took 0.782 seconds
[2026-06-30T13:48:37.958+0000] {processor.py:186} INFO - Started process (PID=189) to work on /opt/airflow/dags/sanity_checks.py
[2026-06-30T13:48:37.961+0000] {processor.py:914} INFO - Processing file /opt/airflow/dags/sanity_checks.py for tasks to queue
[2026-06-30T13:48:37.978+0000] {logging_mixin.py:190} INFO - [2026-06-30T13:48:37.977+0000] {dagbag.py:587} INFO - Filling up the DagBag from /opt/airflow/dags/sanity_checks.py
[2026-06-30T13:48:38.002+0000] {processor.py:925} INFO - DAG(s) 'airflow_sanity_check' retrieved from /opt/airflow/dags/sanity_checks.py
[2026-06-30T13:48:38.066+0000] {logging_mixin.py:190} INFO - [2026-06-30T13:48:38.065+0000] {dag.py:3211} INFO - Sync 1 DAGs
[2026-06-30T13:48:38.098+0000] {logging_mixin.py:190} INFO - [2026-06-30T13:48:38.098+0000] {dag.py:4138} INFO - Setting next_dagrun for airflow_sanity_check to None, run_after=None
[2026-06-30T13:48:38.130+0000] {processor.py:208} INFO - Processing /opt/airflow/dags/sanity_checks.py took 0.189 seconds
[2026-06-30T13:49:08.533+0000] {processor.py:186} INFO - Started process (PID=219) to work on /opt/airflow/dags/sanity_checks.py
[2026-06-30T13:49:08.544+0000] {processor.py:914} INFO - Processing file /opt/airflow/dags/sanity_checks.py for tasks to queue
[2026-06-30T13:49:08.559+0000] {logging_mixin.py:190} INFO - [2026-06-30T13:49:08.558+0000] {dagbag.py:587} INFO - Filling up the DagBag from /opt/airflow/dags/sanity_checks.py
[2026-06-30T13:49:08.615+0000] {processor.py:925} INFO - DAG(s) 'airflow_sanity_check' retrieved from /opt/airflow/dags/sanity_checks.py
[2026-06-30T13:49:08.811+0000] {logging_mixin.py:190} INFO - [2026-06-30T13:49:08.811+0000] {dag.py:3211} INFO - Sync 1 DAGs
[2026-06-30T13:49:08.925+0000] {logging_mixin.py:190} INFO - [2026-06-30T13:49:08.924+0000] {dag.py:4138} INFO - Setting next_dagrun for airflow_sanity_check to None, run_after=None
[2026-06-30T13:49:09.018+0000] {processor.py:208} INFO - Processing /opt/airflow/dags/sanity_checks.py took 0.514 seconds
[2026-06-30T13:49:39.490+0000] {processor.py:186} INFO - Started process (PID=229) to work on /opt/airflow/dags/sanity_checks.py
[2026-06-30T13:49:39.504+0000] {processor.py:914} INFO - Processing file /opt/airflow/dags/sanity_checks.py for tasks to queue
[2026-06-30T13:49:39.522+0000] {logging_mixin.py:190} INFO - [2026-06-30T13:49:39.520+0000] {dagbag.py:587} INFO - Filling up the DagBag from /opt/airflow/dags/sanity_checks.py
[2026-06-30T13:49:39.569+0000] {processor.py:925} INFO - DAG(s) 'airflow_sanity_check' retrieved from /opt/airflow/dags/sanity_checks.py
[2026-06-30T13:49:39.681+0000] {logging_mixin.py:190} INFO - [2026-06-30T13:49:39.680+0000] {dag.py:3211} INFO - Sync 1 DAGs
[2026-06-30T13:49:39.728+0000] {logging_mixin.py:190} INFO - [2026-06-30T13:49:39.728+0000] {dag.py:4138} INFO - Setting next_dagrun for airflow_sanity_check to None, run_after=None
[2026-06-30T13:49:39.773+0000] {processor.py:208} INFO - Processing /opt/airflow/dags/sanity_checks.py took 0.307 seconds
[2026-06-30T13:50:10.108+0000] {processor.py:186} INFO - Started process (PID=239) to work on /opt/airflow/dags/sanity_checks.py
[2026-06-30T13:50:10.116+0000] {processor.py:914} INFO - Processing file /opt/airflow/dags/sanity_checks.py for tasks to queue
[2026-06-30T13:50:10.130+0000] {logging_mixin.py:190} INFO - [2026-06-30T13:50:10.128+0000] {dagbag.py:587} INFO - Filling up the DagBag from /opt/airflow/dags/sanity_checks.py
[2026-06-30T13:50:10.180+0000] {processor.py:925} INFO - DAG(s) 'airflow_sanity_check' retrieved from /opt/airflow/dags/sanity_checks.py
[2026-06-30T13:50:10.282+0000] {logging_mixin.py:190} INFO - [2026-06-30T13:50:10.282+0000] {dag.py:3211} INFO - Sync 1 DAGs
[2026-06-30T13:50:10.341+0000] {logging_mixin.py:190} INFO - [2026-06-30T13:50:10.340+0000] {dag.py:4138} INFO - Setting next_dagrun for airflow_sanity_check to None, run_after=None
[2026-06-30T13:50:10.375+0000] {processor.py:208} INFO - Processing /opt/airflow/dags/sanity_checks.py took 0.290 seconds
[2026-06-30T13:50:40.688+0000] {processor.py:186} INFO - Started process (PID=249) to work on /opt/airflow/dags/sanity_checks.py
[2026-06-30T13:50:40.690+0000] {processor.py:914} INFO - Processing file /opt/airflow/dags/sanity_checks.py for tasks to queue
[2026-06-30T13:50:40.695+0000] {logging_mixin.py:190} INFO - [2026-06-30T13:50:40.694+0000] {dagbag.py:587} INFO - Filling up the DagBag from /opt/airflow/dags/sanity_checks.py
[2026-06-30T13:50:40.733+0000] {processor.py:925} INFO - DAG(s) 'airflow_sanity_check' retrieved from /opt/airflow/dags/sanity_checks.py
[2026-06-30T13:50:40.811+0000] {logging_mixin.py:190} INFO - [2026-06-30T13:50:40.810+0000] {dag.py:3211} INFO - Sync 1 DAGs
[2026-06-30T13:50:40.842+0000] {logging_mixin.py:190} INFO - [2026-06-30T13:50:40.842+0000] {dag.py:4138} INFO - Setting next_dagrun for airflow_sanity_check to None, run_after=None
[2026-06-30T13:50:40.877+0000] {processor.py:208} INFO - Processing /opt/airflow/dags/sanity_checks.py took 0.200 seconds
[2026-06-30T13:51:11.203+0000] {processor.py:186} INFO - Started process (PID=259) to work on /opt/airflow/dags/sanity_checks.py
[2026-06-30T13:51:11.204+0000] {processor.py:914} INFO - Processing file /opt/airflow/dags/sanity_checks.py for tasks to queue
[2026-06-30T13:51:11.208+0000] {logging_mixin.py:190} INFO - [2026-06-30T13:51:11.207+0000] {dagbag.py:587} INFO - Filling up the DagBag from /opt/airflow/dags/sanity_checks.py
[2026-06-30T13:51:11.226+0000] {processor.py:925} INFO - DAG(s) 'airflow_sanity_check' retrieved from /opt/airflow/dags/sanity_checks.py
[2026-06-30T13:51:11.272+0000] {logging_mixin.py:190} INFO - [2026-06-30T13:51:11.272+0000] {dag.py:3211} INFO - Sync 1 DAGs
[2026-06-30T13:51:11.312+0000] {logging_mixin.py:190} INFO - [2026-06-30T13:51:11.311+0000] {dag.py:4138} INFO - Setting next_dagrun for airflow_sanity_check to None, run_after=None
[2026-06-30T13:51:11.352+0000] {processor.py:208} INFO - Processing /opt/airflow/dags/sanity_checks.py took 0.160 seconds
[2026-06-30T13:51:41.902+0000] {processor.py:186} INFO - Started process (PID=269) to work on /opt/airflow/dags/sanity_checks.py
[2026-06-30T13:51:41.907+0000] {processor.py:914} INFO - Processing file /opt/airflow/dags/sanity_checks.py for tasks to queue
[2026-06-30T13:51:41.916+0000] {logging_mixin.py:190} INFO - [2026-06-30T13:51:41.915+0000] {dagbag.py:587} INFO - Filling up the DagBag from /opt/airflow/dags/sanity_checks.py
[2026-06-30T13:51:41.963+0000] {processor.py:925} INFO - DAG(s) 'airflow_sanity_check' retrieved from /opt/airflow/dags/sanity_checks.py
[2026-06-30T13:51:42.086+0000] {logging_mixin.py:190} INFO - [2026-06-30T13:51:42.084+0000] {dag.py:3211} INFO - Sync 1 DAGs
[2026-06-30T13:51:42.147+0000] {logging_mixin.py:190} INFO - [2026-06-30T13:51:42.147+0000] {dag.py:4138} INFO - Setting next_dagrun for airflow_sanity_check to None, run_after=None
[2026-06-30T13:51:42.190+0000] {processor.py:208} INFO - Processing /opt/airflow/dags/sanity_checks.py took 0.308 seconds
[2026-06-30T13:52:12.721+0000] {processor.py:186} INFO - Started process (PID=279) to work on /opt/airflow/dags/sanity_checks.py
[2026-06-30T13:52:12.723+0000] {processor.py:914} INFO - Processing file /opt/airflow/dags/sanity_checks.py for tasks to queue
[2026-06-30T13:52:12.728+0000] {logging_mixin.py:190} INFO - [2026-06-30T13:52:12.727+0000] {dagbag.py:587} INFO - Filling up the DagBag from /opt/airflow/dags/sanity_checks.py
[2026-06-30T13:52:12.762+0000] {processor.py:925} INFO - DAG(s) 'airflow_sanity_check' retrieved from /opt/airflow/dags/sanity_checks.py
[2026-06-30T13:52:12.832+0000] {logging_mixin.py:190} INFO - [2026-06-30T13:52:12.831+0000] {dag.py:3211} INFO - Sync 1 DAGs
[2026-06-30T13:52:12.883+0000] {logging_mixin.py:190} INFO - [2026-06-30T13:52:12.883+0000] {dag.py:4138} INFO - Setting next_dagrun for airflow_sanity_check to None, run_after=None
[2026-06-30T13:52:12.925+0000] {processor.py:208} INFO - Processing /opt/airflow/dags/sanity_checks.py took 0.213 seconds
[2026-06-30T13:52:43.495+0000] {processor.py:186} INFO - Started process (PID=289) to work on /opt/airflow/dags/sanity_checks.py
[2026-06-30T13:52:43.501+0000] {processor.py:914} INFO - Processing file /opt/airflow/dags/sanity_checks.py for tasks to queue
[2026-06-30T13:52:43.507+0000] {logging_mixin.py:190} INFO - [2026-06-30T13:52:43.506+0000] {dagbag.py:587} INFO - Filling up the DagBag from /opt/airflow/dags/sanity_checks.py
[2026-06-30T13:52:43.536+0000] {processor.py:925} INFO - DAG(s) 'airflow_sanity_check' retrieved from /opt/airflow/dags/sanity_checks.py
[2026-06-30T13:52:43.615+0000] {logging_mixin.py:190} INFO - [2026-06-30T13:52:43.614+0000] {dag.py:3211} INFO - Sync 1 DAGs
[2026-06-30T13:52:43.643+0000] {logging_mixin.py:190} INFO - [2026-06-30T13:52:43.643+0000] {dag.py:4138} INFO - Setting next_dagrun for airflow_sanity_check to None, run_after=None
[2026-06-30T13:52:43.692+0000] {processor.py:208} INFO - Processing /opt/airflow/dags/sanity_checks.py took 0.211 seconds
[2026-06-30T13:53:14.102+0000] {processor.py:186} INFO - Started process (PID=299) to work on /opt/airflow/dags/sanity_checks.py
[2026-06-30T13:53:14.105+0000] {processor.py:914} INFO - Processing file /opt/airflow/dags/sanity_checks.py for tasks to queue
[2026-06-30T13:53:14.112+0000] {logging_mixin.py:190} INFO - [2026-06-30T13:53:14.111+0000] {dagbag.py:587} INFO - Filling up the DagBag from /opt/airflow/dags/sanity_checks.py
[2026-06-30T13:53:14.148+0000] {processor.py:925} INFO - DAG(s) 'airflow_sanity_check' retrieved from /opt/airflow/dags/sanity_checks.py
[2026-06-30T13:53:14.279+0000] {logging_mixin.py:190} INFO - [2026-06-30T13:53:14.278+0000] {dag.py:3211} INFO - Sync 1 DAGs
[2026-06-30T13:53:14.322+0000] {logging_mixin.py:190} INFO - [2026-06-30T13:53:14.321+0000] {dag.py:4138} INFO - Setting next_dagrun for airflow_sanity_check to None, run_after=None
[2026-06-30T13:53:14.372+0000] {processor.py:208} INFO - Processing /opt/airflow/dags/sanity_checks.py took 0.284 seconds
[2026-06-30T13:53:44.703+0000] {processor.py:186} INFO - Started process (PID=309) to work on /opt/airflow/dags/sanity_checks.py
[2026-06-30T13:53:44.706+0000] {processor.py:914} INFO - Processing file /opt/airflow/dags/sanity_checks.py for tasks to queue
[2026-06-30T13:53:44.712+0000] {logging_mixin.py:190} INFO - [2026-06-30T13:53:44.711+0000] {dagbag.py:587} INFO - Filling up the DagBag from /opt/airflow/dags/sanity_checks.py
[2026-06-30T13:53:44.744+0000] {processor.py:925} INFO - DAG(s) 'airflow_sanity_check' retrieved from /opt/airflow/dags/sanity_checks.py
[2026-06-30T13:53:44.822+0000] {logging_mixin.py:190} INFO - [2026-06-30T13:53:44.822+0000] {dag.py:3211} INFO - Sync 1 DAGs
[2026-06-30T13:53:44.853+0000] {logging_mixin.py:190} INFO - [2026-06-30T13:53:44.852+0000] {dag.py:4138} INFO - Setting next_dagrun for airflow_sanity_check to None, run_after=None
[2026-06-30T13:53:44.900+0000] {processor.py:208} INFO - Processing /opt/airflow/dags/sanity_checks.py took 0.210 seconds
[2026-06-30T13:54:15.256+0000] {processor.py:186} INFO - Started process (PID=319) to work on /opt/airflow/dags/sanity_checks.py
[2026-06-30T13:54:15.260+0000] {processor.py:914} INFO - Processing file /opt/airflow/dags/sanity_checks.py for tasks to queue
[2026-06-30T13:54:15.284+0000] {logging_mixin.py:190} INFO - [2026-06-30T13:54:15.283+0000] {dagbag.py:587} INFO - Filling up the DagBag from /opt/airflow/dags/sanity_checks.py
[2026-06-30T13:54:15.302+0000] {processor.py:925} INFO - DAG(s) 'airflow_sanity_check' retrieved from /opt/airflow/dags/sanity_checks.py
[2026-06-30T13:54:15.360+0000] {logging_mixin.py:190} INFO - [2026-06-30T13:54:15.359+0000] {dag.py:3211} INFO - Sync 1 DAGs
[2026-06-30T13:54:15.406+0000] {logging_mixin.py:190} INFO - [2026-06-30T13:54:15.404+0000] {dag.py:4138} INFO - Setting next_dagrun for airflow_sanity_check to None, run_after=None
[2026-06-30T13:54:15.452+0000] {processor.py:208} INFO - Processing /opt/airflow/dags/sanity_checks.py took 0.210 seconds
[2026-06-30T13:54:45.801+0000] {processor.py:186} INFO - Started process (PID=329) to work on /opt/airflow/dags/sanity_checks.py
[2026-06-30T13:54:45.803+0000] {processor.py:914} INFO - Processing file /opt/airflow/dags/sanity_checks.py for tasks to queue
[2026-06-30T13:54:45.807+0000] {logging_mixin.py:190} INFO - [2026-06-30T13:54:45.806+0000] {dagbag.py:587} INFO - Filling up the DagBag from /opt/airflow/dags/sanity_checks.py
[2026-06-30T13:54:45.823+0000] {processor.py:925} INFO - DAG(s) 'airflow_sanity_check' retrieved from /opt/airflow/dags/sanity_checks.py
[2026-06-30T13:54:45.883+0000] {logging_mixin.py:190} INFO - [2026-06-30T13:54:45.883+0000] {dag.py:3211} INFO - Sync 1 DAGs
[2026-06-30T13:54:45.914+0000] {logging_mixin.py:190} INFO - [2026-06-30T13:54:45.913+0000] {dag.py:4138} INFO - Setting next_dagrun for airflow_sanity_check to None, run_after=None
[2026-06-30T13:54:45.940+0000] {processor.py:208} INFO - Processing /opt/airflow/dags/sanity_checks.py took 0.155 seconds
[2026-06-30T13:55:16.272+0000] {processor.py:186} INFO - Started process (PID=339) to work on /opt/airflow/dags/sanity_checks.py
[2026-06-30T13:55:16.274+0000] {processor.py:914} INFO - Processing file /opt/airflow/dags/sanity_checks.py for tasks to queue
[2026-06-30T13:55:16.278+0000] {logging_mixin.py:190} INFO - [2026-06-30T13:55:16.277+0000] {dagbag.py:587} INFO - Filling up the DagBag from /opt/airflow/dags/sanity_checks.py
[2026-06-30T13:55:16.304+0000] {processor.py:925} INFO - DAG(s) 'airflow_sanity_check' retrieved from /opt/airflow/dags/sanity_checks.py
[2026-06-30T13:55:16.406+0000] {logging_mixin.py:190} INFO - [2026-06-30T13:55:16.406+0000] {dag.py:3211} INFO - Sync 1 DAGs
[2026-06-30T13:55:16.473+0000] {logging_mixin.py:190} INFO - [2026-06-30T13:55:16.472+0000] {dag.py:4138} INFO - Setting next_dagrun for airflow_sanity_check to None, run_after=None
[2026-06-30T13:55:16.602+0000] {processor.py:208} INFO - Processing /opt/airflow/dags/sanity_checks.py took 0.342 seconds
[2026-06-30T13:55:47.607+0000] {processor.py:186} INFO - Started process (PID=349) to work on /opt/airflow/dags/sanity_checks.py
[2026-06-30T13:55:47.647+0000] {processor.py:914} INFO - Processing file /opt/airflow/dags/sanity_checks.py for tasks to queue
[2026-06-30T13:55:47.684+0000] {logging_mixin.py:190} INFO - [2026-06-30T13:55:47.679+0000] {dagbag.py:587} INFO - Filling up the DagBag from /opt/airflow/dags/sanity_checks.py
[2026-06-30T13:55:47.826+0000] {processor.py:925} INFO - DAG(s) 'airflow_sanity_check' retrieved from /opt/airflow/dags/sanity_checks.py
[2026-06-30T13:55:48.181+0000] {logging_mixin.py:190} INFO - [2026-06-30T13:55:48.179+0000] {dag.py:3211} INFO - Sync 1 DAGs
[2026-06-30T13:55:48.348+0000] {logging_mixin.py:190} INFO - [2026-06-30T13:55:48.344+0000] {dag.py:4138} INFO - Setting next_dagrun for airflow_sanity_check to None, run_after=None
[2026-06-30T13:55:48.475+0000] {processor.py:208} INFO - Processing /opt/airflow/dags/sanity_checks.py took 0.915 seconds
[2026-06-30T13:56:19.122+0000] {processor.py:186} INFO - Started process (PID=359) to work on /opt/airflow/dags/sanity_checks.py
[2026-06-30T13:56:19.138+0000] {processor.py:914} INFO - Processing file /opt/airflow/dags/sanity_checks.py for tasks to queue
[2026-06-30T13:56:19.147+0000] {logging_mixin.py:190} INFO - [2026-06-30T13:56:19.146+0000] {dagbag.py:587} INFO - Filling up the DagBag from /opt/airflow/dags/sanity_checks.py
[2026-06-30T13:56:19.201+0000] {processor.py:925} INFO - DAG(s) 'airflow_sanity_check' retrieved from /opt/airflow/dags/sanity_checks.py
[2026-06-30T13:56:19.342+0000] {logging_mixin.py:190} INFO - [2026-06-30T13:56:19.341+0000] {dag.py:3211} INFO - Sync 1 DAGs
[2026-06-30T13:56:19.438+0000] {logging_mixin.py:190} INFO - [2026-06-30T13:56:19.438+0000] {dag.py:4138} INFO - Setting next_dagrun for airflow_sanity_check to None, run_after=None
[2026-06-30T13:56:19.658+0000] {processor.py:208} INFO - Processing /opt/airflow/dags/sanity_checks.py took 0.557 seconds
[2026-06-30T13:56:50.111+0000] {processor.py:186} INFO - Started process (PID=369) to work on /opt/airflow/dags/sanity_checks.py
[2026-06-30T13:56:50.113+0000] {processor.py:914} INFO - Processing file /opt/airflow/dags/sanity_checks.py for tasks to queue
[2026-06-30T13:56:50.120+0000] {logging_mixin.py:190} INFO - [2026-06-30T13:56:50.119+0000] {dagbag.py:587} INFO - Filling up the DagBag from /opt/airflow/dags/sanity_checks.py
[2026-06-30T13:56:50.148+0000] {processor.py:925} INFO - DAG(s) 'airflow_sanity_check' retrieved from /opt/airflow/dags/sanity_checks.py
[2026-06-30T13:56:50.246+0000] {logging_mixin.py:190} INFO - [2026-06-30T13:56:50.245+0000] {dag.py:3211} INFO - Sync 1 DAGs
[2026-06-30T13:56:50.286+0000] {logging_mixin.py:190} INFO - [2026-06-30T13:56:50.284+0000] {dag.py:4138} INFO - Setting next_dagrun for airflow_sanity_check to None, run_after=None
[2026-06-30T13:56:50.339+0000] {processor.py:208} INFO - Processing /opt/airflow/dags/sanity_checks.py took 0.239 seconds
[2026-06-30T13:57:20.883+0000] {processor.py:186} INFO - Started process (PID=379) to work on /opt/airflow/dags/sanity_checks.py
[2026-06-30T13:57:20.885+0000] {processor.py:914} INFO - Processing file /opt/airflow/dags/sanity_checks.py for tasks to queue
[2026-06-30T13:57:20.890+0000] {logging_mixin.py:190} INFO - [2026-06-30T13:57:20.890+0000] {dagbag.py:587} INFO - Filling up the DagBag from /opt/airflow/dags/sanity_checks.py
[2026-06-30T13:57:20.911+0000] {processor.py:925} INFO - DAG(s) 'airflow_sanity_check' retrieved from /opt/airflow/dags/sanity_checks.py
[2026-06-30T13:57:20.971+0000] {logging_mixin.py:190} INFO - [2026-06-30T13:57:20.971+0000] {dag.py:3211} INFO - Sync 1 DAGs
[2026-06-30T13:57:21.008+0000] {logging_mixin.py:190} INFO - [2026-06-30T13:57:21.007+0000] {dag.py:4138} INFO - Setting next_dagrun for airflow_sanity_check to None, run_after=None
[2026-06-30T13:57:21.045+0000] {processor.py:208} INFO - Processing /opt/airflow/dags/sanity_checks.py took 0.174 seconds
[2026-06-30T13:57:51.456+0000] {processor.py:186} INFO - Started process (PID=389) to work on /opt/airflow/dags/sanity_checks.py
[2026-06-30T13:57:51.458+0000] {processor.py:914} INFO - Processing file /opt/airflow/dags/sanity_checks.py for tasks to queue
[2026-06-30T13:57:51.463+0000] {logging_mixin.py:190} INFO - [2026-06-30T13:57:51.463+0000] {dagbag.py:587} INFO - Filling up the DagBag from /opt/airflow/dags/sanity_checks.py
[2026-06-30T13:57:51.490+0000] {processor.py:925} INFO - DAG(s) 'airflow_sanity_check' retrieved from /opt/airflow/dags/sanity_checks.py
[2026-06-30T13:57:51.621+0000] {logging_mixin.py:190} INFO - [2026-06-30T13:57:51.621+0000] {dag.py:3211} INFO - Sync 1 DAGs
[2026-06-30T13:57:51.659+0000] {logging_mixin.py:190} INFO - [2026-06-30T13:57:51.658+0000] {dag.py:4138} INFO - Setting next_dagrun for airflow_sanity_check to None, run_after=None
[2026-06-30T13:57:51.715+0000] {processor.py:208} INFO - Processing /opt/airflow/dags/sanity_checks.py took 0.275 seconds
[2026-06-30T13:58:22.190+0000] {processor.py:186} INFO - Started process (PID=399) to work on /opt/airflow/dags/sanity_checks.py
[2026-06-30T13:58:22.193+0000] {processor.py:914} INFO - Processing file /opt/airflow/dags/sanity_checks.py for tasks to queue
[2026-06-30T13:58:22.201+0000] {logging_mixin.py:190} INFO - [2026-06-30T13:58:22.200+0000] {dagbag.py:587} INFO - Filling up the DagBag from /opt/airflow/dags/sanity_checks.py
[2026-06-30T13:58:22.265+0000] {processor.py:925} INFO - DAG(s) 'airflow_sanity_check' retrieved from /opt/airflow/dags/sanity_checks.py
[2026-06-30T13:58:22.334+0000] {logging_mixin.py:190} INFO - [2026-06-30T13:58:22.333+0000] {dag.py:3211} INFO - Sync 1 DAGs
[2026-06-30T13:58:22.411+0000] {logging_mixin.py:190} INFO - [2026-06-30T13:58:22.410+0000] {dag.py:4138} INFO - Setting next_dagrun for airflow_sanity_check to None, run_after=None
[2026-06-30T13:58:22.465+0000] {processor.py:208} INFO - Processing /opt/airflow/dags/sanity_checks.py took 0.294 seconds
[2026-06-30T13:58:53.029+0000] {processor.py:186} INFO - Started process (PID=409) to work on /opt/airflow/dags/sanity_checks.py
[2026-06-30T13:58:53.032+0000] {processor.py:914} INFO - Processing file /opt/airflow/dags/sanity_checks.py for tasks to queue
[2026-06-30T13:58:53.040+0000] {logging_mixin.py:190} INFO - [2026-06-30T13:58:53.039+0000] {dagbag.py:587} INFO - Filling up the DagBag from /opt/airflow/dags/sanity_checks.py
[2026-06-30T13:58:53.079+0000] {processor.py:925} INFO - DAG(s) 'airflow_sanity_check' retrieved from /opt/airflow/dags/sanity_checks.py
[2026-06-30T13:58:53.142+0000] {logging_mixin.py:190} INFO - [2026-06-30T13:58:53.142+0000] {dag.py:3211} INFO - Sync 1 DAGs
[2026-06-30T13:58:53.201+0000] {logging_mixin.py:190} INFO - [2026-06-30T13:58:53.200+0000] {dag.py:4138} INFO - Setting next_dagrun for airflow_sanity_check to None, run_after=None
[2026-06-30T13:58:53.256+0000] {processor.py:208} INFO - Processing /opt/airflow/dags/sanity_checks.py took 0.242 seconds
[2026-06-30T13:59:23.727+0000] {processor.py:186} INFO - Started process (PID=419) to work on /opt/airflow/dags/sanity_checks.py
[2026-06-30T13:59:23.730+0000] {processor.py:914} INFO - Processing file /opt/airflow/dags/sanity_checks.py for tasks to queue
[2026-06-30T13:59:23.742+0000] {logging_mixin.py:190} INFO - [2026-06-30T13:59:23.741+0000] {dagbag.py:587} INFO - Filling up the DagBag from /opt/airflow/dags/sanity_checks.py
[2026-06-30T13:59:23.793+0000] {processor.py:925} INFO - DAG(s) 'airflow_sanity_check' retrieved from /opt/airflow/dags/sanity_checks.py
[2026-06-30T13:59:23.998+0000] {logging_mixin.py:190} INFO - [2026-06-30T13:59:23.997+0000] {dag.py:3211} INFO - Sync 1 DAGs
[2026-06-30T13:59:24.050+0000] {logging_mixin.py:190} INFO - [2026-06-30T13:59:24.050+0000] {dag.py:4138} INFO - Setting next_dagrun for airflow_sanity_check to None, run_after=None
[2026-06-30T13:59:24.123+0000] {processor.py:208} INFO - Processing /opt/airflow/dags/sanity_checks.py took 0.419 seconds
[2026-06-30T13:59:54.650+0000] {processor.py:186} INFO - Started process (PID=429) to work on /opt/airflow/dags/sanity_checks.py
[2026-06-30T13:59:54.654+0000] {processor.py:914} INFO - Processing file /opt/airflow/dags/sanity_checks.py for tasks to queue
[2026-06-30T13:59:54.703+0000] {logging_mixin.py:190} INFO - [2026-06-30T13:59:54.702+0000] {dagbag.py:587} INFO - Filling up the DagBag from /opt/airflow/dags/sanity_checks.py
[2026-06-30T13:59:54.850+0000] {processor.py:925} INFO - DAG(s) 'airflow_sanity_check' retrieved from /opt/airflow/dags/sanity_checks.py
[2026-06-30T13:59:55.140+0000] {logging_mixin.py:190} INFO - [2026-06-30T13:59:55.139+0000] {dag.py:3211} INFO - Sync 1 DAGs
[2026-06-30T13:59:55.360+0000] {logging_mixin.py:190} INFO - [2026-06-30T13:59:55.359+0000] {dag.py:4138} INFO - Setting next_dagrun for airflow_sanity_check to None, run_after=None
[2026-06-30T13:59:55.624+0000] {processor.py:208} INFO - Processing /opt/airflow/dags/sanity_checks.py took 1.074 seconds
[2026-06-30T14:00:25.762+0000] {processor.py:186} INFO - Started process (PID=439) to work on /opt/airflow/dags/sanity_checks.py
[2026-06-30T14:00:25.764+0000] {processor.py:914} INFO - Processing file /opt/airflow/dags/sanity_checks.py for tasks to queue
[2026-06-30T14:00:25.768+0000] {logging_mixin.py:190} INFO - [2026-06-30T14:00:25.768+0000] {dagbag.py:587} INFO - Filling up the DagBag from /opt/airflow/dags/sanity_checks.py
[2026-06-30T14:00:25.791+0000] {processor.py:925} INFO - DAG(s) 'airflow_sanity_check' retrieved from /opt/airflow/dags/sanity_checks.py
[2026-06-30T14:00:25.883+0000] {logging_mixin.py:190} INFO - [2026-06-30T14:00:25.882+0000] {dag.py:3211} INFO - Sync 1 DAGs
[2026-06-30T14:00:25.927+0000] {logging_mixin.py:190} INFO - [2026-06-30T14:00:25.926+0000] {dag.py:4138} INFO - Setting next_dagrun for airflow_sanity_check to None, run_after=None
[2026-06-30T14:00:25.980+0000] {processor.py:208} INFO - Processing /opt/airflow/dags/sanity_checks.py took 0.232 seconds
[2026-06-30T14:00:56.472+0000] {processor.py:186} INFO - Started process (PID=449) to work on /opt/airflow/dags/sanity_checks.py
[2026-06-30T14:00:56.473+0000] {processor.py:914} INFO - Processing file /opt/airflow/dags/sanity_checks.py for tasks to queue
[2026-06-30T14:00:56.479+0000] {logging_mixin.py:190} INFO - [2026-06-30T14:00:56.478+0000] {dagbag.py:587} INFO - Filling up the DagBag from /opt/airflow/dags/sanity_checks.py
[2026-06-30T14:00:56.500+0000] {processor.py:925} INFO - DAG(s) 'airflow_sanity_check' retrieved from /opt/airflow/dags/sanity_checks.py
[2026-06-30T14:00:56.576+0000] {logging_mixin.py:190} INFO - [2026-06-30T14:00:56.574+0000] {dag.py:3211} INFO - Sync 1 DAGs
[2026-06-30T14:00:56.643+0000] {logging_mixin.py:190} INFO - [2026-06-30T14:00:56.642+0000] {dag.py:4138} INFO - Setting next_dagrun for airflow_sanity_check to None, run_after=None
[2026-06-30T14:00:56.725+0000] {processor.py:208} INFO - Processing /opt/airflow/dags/sanity_checks.py took 0.264 seconds
[2026-06-30T14:01:27.122+0000] {processor.py:186} INFO - Started process (PID=479) to work on /opt/airflow/dags/sanity_checks.py
[2026-06-30T14:01:27.127+0000] {processor.py:914} INFO - Processing file /opt/airflow/dags/sanity_checks.py for tasks to queue
[2026-06-30T14:01:27.140+0000] {logging_mixin.py:190} INFO - [2026-06-30T14:01:27.139+0000] {dagbag.py:587} INFO - Filling up the DagBag from /opt/airflow/dags/sanity_checks.py
[2026-06-30T14:01:27.177+0000] {processor.py:925} INFO - DAG(s) 'airflow_sanity_check' retrieved from /opt/airflow/dags/sanity_checks.py
[2026-06-30T14:01:27.264+0000] {logging_mixin.py:190} INFO - [2026-06-30T14:01:27.264+0000] {dag.py:3211} INFO - Sync 1 DAGs
[2026-06-30T14:01:27.301+0000] {logging_mixin.py:190} INFO - [2026-06-30T14:01:27.301+0000] {dag.py:4138} INFO - Setting next_dagrun for airflow_sanity_check to None, run_after=None
[2026-06-30T14:01:27.338+0000] {processor.py:208} INFO - Processing /opt/airflow/dags/sanity_checks.py took 0.233 seconds
[2026-06-30T14:01:57.863+0000] {processor.py:186} INFO - Started process (PID=489) to work on /opt/airflow/dags/sanity_checks.py
[2026-06-30T14:01:57.866+0000] {processor.py:914} INFO - Processing file /opt/airflow/dags/sanity_checks.py for tasks to queue
[2026-06-30T14:01:57.881+0000] {logging_mixin.py:190} INFO - [2026-06-30T14:01:57.879+0000] {dagbag.py:587} INFO - Filling up the DagBag from /opt/airflow/dags/sanity_checks.py
[2026-06-30T14:01:57.916+0000] {processor.py:925} INFO - DAG(s) 'airflow_sanity_check' retrieved from /opt/airflow/dags/sanity_checks.py
[2026-06-30T14:01:58.033+0000] {logging_mixin.py:190} INFO - [2026-06-30T14:01:58.033+0000] {dag.py:3211} INFO - Sync 1 DAGs
[2026-06-30T14:01:58.084+0000] {logging_mixin.py:190} INFO - [2026-06-30T14:01:58.084+0000] {dag.py:4138} INFO - Setting next_dagrun for airflow_sanity_check to None, run_after=None
[2026-06-30T14:01:58.140+0000] {processor.py:208} INFO - Processing /opt/airflow/dags/sanity_checks.py took 0.295 seconds
[2026-06-30T14:02:28.807+0000] {processor.py:186} INFO - Started process (PID=499) to work on /opt/airflow/dags/sanity_checks.py
[2026-06-30T14:02:28.815+0000] {processor.py:914} INFO - Processing file /opt/airflow/dags/sanity_checks.py for tasks to queue
[2026-06-30T14:02:28.824+0000] {logging_mixin.py:190} INFO - [2026-06-30T14:02:28.823+0000] {dagbag.py:587} INFO - Filling up the DagBag from /opt/airflow/dags/sanity_checks.py
[2026-06-30T14:02:28.862+0000] {processor.py:925} INFO - DAG(s) 'airflow_sanity_check' retrieved from /opt/airflow/dags/sanity_checks.py
[2026-06-30T14:02:28.954+0000] {logging_mixin.py:190} INFO - [2026-06-30T14:02:28.953+0000] {dag.py:3211} INFO - Sync 1 DAGs
[2026-06-30T14:02:29.017+0000] {logging_mixin.py:190} INFO - [2026-06-30T14:02:29.016+0000] {dag.py:4138} INFO - Setting next_dagrun for airflow_sanity_check to None, run_after=None
[2026-06-30T14:02:29.078+0000] {processor.py:208} INFO - Processing /opt/airflow/dags/sanity_checks.py took 0.320 seconds
[2026-06-30T14:03:00.070+0000] {processor.py:186} INFO - Started process (PID=509) to work on /opt/airflow/dags/sanity_checks.py
[2026-06-30T14:03:00.099+0000] {processor.py:914} INFO - Processing file /opt/airflow/dags/sanity_checks.py for tasks to queue
[2026-06-30T14:03:00.122+0000] {logging_mixin.py:190} INFO - [2026-06-30T14:03:00.120+0000] {dagbag.py:587} INFO - Filling up the DagBag from /opt/airflow/dags/sanity_checks.py
[2026-06-30T14:03:00.542+0000] {processor.py:925} INFO - DAG(s) 'airflow_sanity_check' retrieved from /opt/airflow/dags/sanity_checks.py
[2026-06-30T14:03:00.987+0000] {logging_mixin.py:190} INFO - [2026-06-30T14:03:00.976+0000] {dag.py:3211} INFO - Sync 1 DAGs
[2026-06-30T14:03:01.303+0000] {logging_mixin.py:190} INFO - [2026-06-30T14:03:01.302+0000] {dag.py:4138} INFO - Setting next_dagrun for airflow_sanity_check to None, run_after=None
[2026-06-30T14:03:01.566+0000] {processor.py:208} INFO - Processing /opt/airflow/dags/sanity_checks.py took 1.613 seconds
[2026-06-30T14:03:32.586+0000] {processor.py:186} INFO - Started process (PID=519) to work on /opt/airflow/dags/sanity_checks.py
[2026-06-30T14:03:32.593+0000] {processor.py:914} INFO - Processing file /opt/airflow/dags/sanity_checks.py for tasks to queue
[2026-06-30T14:03:32.623+0000] {logging_mixin.py:190} INFO - [2026-06-30T14:03:32.617+0000] {dagbag.py:587} INFO - Filling up the DagBag from /opt/airflow/dags/sanity_checks.py
[2026-06-30T14:03:32.961+0000] {processor.py:925} INFO - DAG(s) 'airflow_sanity_check' retrieved from /opt/airflow/dags/sanity_checks.py
[2026-06-30T14:03:33.248+0000] {logging_mixin.py:190} INFO - [2026-06-30T14:03:33.247+0000] {dag.py:3211} INFO - Sync 1 DAGs
[2026-06-30T14:03:33.410+0000] {logging_mixin.py:190} INFO - [2026-06-30T14:03:33.410+0000] {dag.py:4138} INFO - Setting next_dagrun for airflow_sanity_check to None, run_after=None
[2026-06-30T14:03:33.739+0000] {processor.py:208} INFO - Processing /opt/airflow/dags/sanity_checks.py took 1.215 seconds
[2026-06-30T14:04:04.387+0000] {processor.py:186} INFO - Started process (PID=529) to work on /opt/airflow/dags/sanity_checks.py
[2026-06-30T14:04:04.404+0000] {processor.py:914} INFO - Processing file /opt/airflow/dags/sanity_checks.py for tasks to queue
[2026-06-30T14:04:04.478+0000] {logging_mixin.py:190} INFO - [2026-06-30T14:04:04.469+0000] {dagbag.py:587} INFO - Filling up the DagBag from /opt/airflow/dags/sanity_checks.py
[2026-06-30T14:04:04.835+0000] {processor.py:925} INFO - DAG(s) 'airflow_sanity_check' retrieved from /opt/airflow/dags/sanity_checks.py
[2026-06-30T14:04:05.306+0000] {logging_mixin.py:190} INFO - [2026-06-30T14:04:05.303+0000] {dag.py:3211} INFO - Sync 1 DAGs
[2026-06-30T14:04:05.929+0000] {logging_mixin.py:190} INFO - [2026-06-30T14:04:05.920+0000] {dag.py:4138} INFO - Setting next_dagrun for airflow_sanity_check to None, run_after=None
[2026-06-30T14:04:06.508+0000] {processor.py:208} INFO - Processing /opt/airflow/dags/sanity_checks.py took 2.355 seconds
[2026-06-30T14:04:37.706+0000] {processor.py:186} INFO - Started process (PID=539) to work on /opt/airflow/dags/sanity_checks.py
[2026-06-30T14:04:37.750+0000] {processor.py:914} INFO - Processing file /opt/airflow/dags/sanity_checks.py for tasks to queue
[2026-06-30T14:04:37.828+0000] {logging_mixin.py:190} INFO - [2026-06-30T14:04:37.823+0000] {dagbag.py:587} INFO - Filling up the DagBag from /opt/airflow/dags/sanity_checks.py
[2026-06-30T14:04:38.032+0000] {processor.py:925} INFO - DAG(s) 'airflow_sanity_check' retrieved from /opt/airflow/dags/sanity_checks.py
[2026-06-30T14:04:38.369+0000] {logging_mixin.py:190} INFO - [2026-06-30T14:04:38.359+0000] {dag.py:3211} INFO - Sync 1 DAGs
[2026-06-30T14:04:38.611+0000] {logging_mixin.py:190} INFO - [2026-06-30T14:04:38.610+0000] {dag.py:4138} INFO - Setting next_dagrun for airflow_sanity_check to None, run_after=None
[2026-06-30T14:04:38.808+0000] {processor.py:208} INFO - Processing /opt/airflow/dags/sanity_checks.py took 1.257 seconds
[2026-06-30T14:05:08.975+0000] {processor.py:186} INFO - Started process (PID=549) to work on /opt/airflow/dags/sanity_checks.py
[2026-06-30T14:05:08.982+0000] {processor.py:914} INFO - Processing file /opt/airflow/dags/sanity_checks.py for tasks to queue
[2026-06-30T14:05:08.987+0000] {logging_mixin.py:190} INFO - [2026-06-30T14:05:08.986+0000] {dagbag.py:587} INFO - Filling up the DagBag from /opt/airflow/dags/sanity_checks.py
[2026-06-30T14:05:09.011+0000] {processor.py:925} INFO - DAG(s) 'airflow_sanity_check' retrieved from /opt/airflow/dags/sanity_checks.py
[2026-06-30T14:05:09.122+0000] {logging_mixin.py:190} INFO - [2026-06-30T14:05:09.121+0000] {dag.py:3211} INFO - Sync 1 DAGs
[2026-06-30T14:05:09.205+0000] {logging_mixin.py:190} INFO - [2026-06-30T14:05:09.203+0000] {dag.py:4138} INFO - Setting next_dagrun for airflow_sanity_check to None, run_after=None
[2026-06-30T14:05:09.295+0000] {processor.py:208} INFO - Processing /opt/airflow/dags/sanity_checks.py took 0.335 seconds
[2026-06-30T14:05:39.848+0000] {processor.py:186} INFO - Started process (PID=559) to work on /opt/airflow/dags/sanity_checks.py
[2026-06-30T14:05:39.854+0000] {processor.py:914} INFO - Processing file /opt/airflow/dags/sanity_checks.py for tasks to queue
[2026-06-30T14:05:39.868+0000] {logging_mixin.py:190} INFO - [2026-06-30T14:05:39.867+0000] {dagbag.py:587} INFO - Filling up the DagBag from /opt/airflow/dags/sanity_checks.py
[2026-06-30T14:05:39.896+0000] {processor.py:925} INFO - DAG(s) 'airflow_sanity_check' retrieved from /opt/airflow/dags/sanity_checks.py
[2026-06-30T14:05:40.042+0000] {logging_mixin.py:190} INFO - [2026-06-30T14:05:40.041+0000] {dag.py:3211} INFO - Sync 1 DAGs
[2026-06-30T14:05:40.102+0000] {logging_mixin.py:190} INFO - [2026-06-30T14:05:40.101+0000] {dag.py:4138} INFO - Setting next_dagrun for airflow_sanity_check to None, run_after=None
[2026-06-30T14:05:40.194+0000] {processor.py:208} INFO - Processing /opt/airflow/dags/sanity_checks.py took 0.375 seconds
[2026-06-30T14:06:10.911+0000] {processor.py:186} INFO - Started process (PID=569) to work on /opt/airflow/dags/sanity_checks.py
[2026-06-30T14:06:10.930+0000] {processor.py:914} INFO - Processing file /opt/airflow/dags/sanity_checks.py for tasks to queue
[2026-06-30T14:06:10.988+0000] {logging_mixin.py:190} INFO - [2026-06-30T14:06:10.955+0000] {dagbag.py:587} INFO - Filling up the DagBag from /opt/airflow/dags/sanity_checks.py
[2026-06-30T14:06:11.528+0000] {processor.py:925} INFO - DAG(s) 'airflow_sanity_check' retrieved from /opt/airflow/dags/sanity_checks.py
[2026-06-30T14:06:12.734+0000] {logging_mixin.py:190} INFO - [2026-06-30T14:06:12.728+0000] {dag.py:3211} INFO - Sync 1 DAGs
[2026-06-30T14:06:13.179+0000] {logging_mixin.py:190} INFO - [2026-06-30T14:06:13.155+0000] {dag.py:4138} INFO - Setting next_dagrun for airflow_sanity_check to None, run_after=None
[2026-06-30T14:06:13.537+0000] {processor.py:208} INFO - Processing /opt/airflow/dags/sanity_checks.py took 2.736 seconds
[2026-06-30T14:06:44.228+0000] {processor.py:186} INFO - Started process (PID=579) to work on /opt/airflow/dags/sanity_checks.py
[2026-06-30T14:06:44.232+0000] {processor.py:914} INFO - Processing file /opt/airflow/dags/sanity_checks.py for tasks to queue
[2026-06-30T14:06:44.238+0000] {logging_mixin.py:190} INFO - [2026-06-30T14:06:44.237+0000] {dagbag.py:587} INFO - Filling up the DagBag from /opt/airflow/dags/sanity_checks.py
[2026-06-30T14:06:44.262+0000] {processor.py:925} INFO - DAG(s) 'airflow_sanity_check' retrieved from /opt/airflow/dags/sanity_checks.py
[2026-06-30T14:06:44.330+0000] {logging_mixin.py:190} INFO - [2026-06-30T14:06:44.329+0000] {dag.py:3211} INFO - Sync 1 DAGs
[2026-06-30T14:06:44.372+0000] {logging_mixin.py:190} INFO - [2026-06-30T14:06:44.372+0000] {dag.py:4138} INFO - Setting next_dagrun for airflow_sanity_check to None, run_after=None
[2026-06-30T14:06:44.429+0000] {processor.py:208} INFO - Processing /opt/airflow/dags/sanity_checks.py took 0.216 seconds
[2026-06-30T14:07:14.930+0000] {processor.py:186} INFO - Started process (PID=589) to work on /opt/airflow/dags/sanity_checks.py
[2026-06-30T14:07:14.934+0000] {processor.py:914} INFO - Processing file /opt/airflow/dags/sanity_checks.py for tasks to queue
[2026-06-30T14:07:14.938+0000] {logging_mixin.py:190} INFO - [2026-06-30T14:07:14.937+0000] {dagbag.py:587} INFO - Filling up the DagBag from /opt/airflow/dags/sanity_checks.py
[2026-06-30T14:07:14.953+0000] {processor.py:925} INFO - DAG(s) 'airflow_sanity_check' retrieved from /opt/airflow/dags/sanity_checks.py
[2026-06-30T14:07:14.994+0000] {logging_mixin.py:190} INFO - [2026-06-30T14:07:14.994+0000] {dag.py:3211} INFO - Sync 1 DAGs
[2026-06-30T14:07:15.020+0000] {logging_mixin.py:190} INFO - [2026-06-30T14:07:15.020+0000] {dag.py:4138} INFO - Setting next_dagrun for airflow_sanity_check to None, run_after=None
[2026-06-30T14:07:15.050+0000] {processor.py:208} INFO - Processing /opt/airflow/dags/sanity_checks.py took 0.129 seconds
[2026-06-30T14:07:45.433+0000] {processor.py:186} INFO - Started process (PID=599) to work on /opt/airflow/dags/sanity_checks.py
[2026-06-30T14:07:45.435+0000] {processor.py:914} INFO - Processing file /opt/airflow/dags/sanity_checks.py for tasks to queue
[2026-06-30T14:07:45.438+0000] {logging_mixin.py:190} INFO - [2026-06-30T14:07:45.438+0000] {dagbag.py:587} INFO - Filling up the DagBag from /opt/airflow/dags/sanity_checks.py
[2026-06-30T14:07:45.457+0000] {processor.py:925} INFO - DAG(s) 'airflow_sanity_check' retrieved from /opt/airflow/dags/sanity_checks.py
[2026-06-30T14:07:45.498+0000] {logging_mixin.py:190} INFO - [2026-06-30T14:07:45.498+0000] {dag.py:3211} INFO - Sync 1 DAGs
[2026-06-30T14:07:45.522+0000] {logging_mixin.py:190} INFO - [2026-06-30T14:07:45.522+0000] {dag.py:4138} INFO - Setting next_dagrun for airflow_sanity_check to None, run_after=None
[2026-06-30T14:07:45.550+0000] {processor.py:208} INFO - Processing /opt/airflow/dags/sanity_checks.py took 0.125 seconds
[2026-06-30T14:08:15.931+0000] {processor.py:186} INFO - Started process (PID=609) to work on /opt/airflow/dags/sanity_checks.py
[2026-06-30T14:08:15.933+0000] {processor.py:914} INFO - Processing file /opt/airflow/dags/sanity_checks.py for tasks to queue
[2026-06-30T14:08:15.937+0000] {logging_mixin.py:190} INFO - [2026-06-30T14:08:15.936+0000] {dagbag.py:587} INFO - Filling up the DagBag from /opt/airflow/dags/sanity_checks.py
[2026-06-30T14:08:15.952+0000] {processor.py:925} INFO - DAG(s) 'airflow_sanity_check' retrieved from /opt/airflow/dags/sanity_checks.py
[2026-06-30T14:08:15.995+0000] {logging_mixin.py:190} INFO - [2026-06-30T14:08:15.995+0000] {dag.py:3211} INFO - Sync 1 DAGs
[2026-06-30T14:08:16.018+0000] {logging_mixin.py:190} INFO - [2026-06-30T14:08:16.017+0000] {dag.py:4138} INFO - Setting next_dagrun for airflow_sanity_check to None, run_after=None
[2026-06-30T14:08:16.047+0000] {processor.py:208} INFO - Processing /opt/airflow/dags/sanity_checks.py took 0.129 seconds
[2026-06-30T14:08:46.370+0000] {processor.py:186} INFO - Started process (PID=619) to work on /opt/airflow/dags/sanity_checks.py
[2026-06-30T14:08:46.372+0000] {processor.py:914} INFO - Processing file /opt/airflow/dags/sanity_checks.py for tasks to queue
[2026-06-30T14:08:46.375+0000] {logging_mixin.py:190} INFO - [2026-06-30T14:08:46.374+0000] {dagbag.py:587} INFO - Filling up the DagBag from /opt/airflow/dags/sanity_checks.py
[2026-06-30T14:08:46.389+0000] {processor.py:925} INFO - DAG(s) 'airflow_sanity_check' retrieved from /opt/airflow/dags/sanity_checks.py
[2026-06-30T14:08:46.429+0000] {logging_mixin.py:190} INFO - [2026-06-30T14:08:46.429+0000] {dag.py:3211} INFO - Sync 1 DAGs
[2026-06-30T14:08:46.452+0000] {logging_mixin.py:190} INFO - [2026-06-30T14:08:46.452+0000] {dag.py:4138} INFO - Setting next_dagrun for airflow_sanity_check to None, run_after=None
[2026-06-30T14:08:46.483+0000] {processor.py:208} INFO - Processing /opt/airflow/dags/sanity_checks.py took 0.121 seconds
[2026-06-30T14:09:16.807+0000] {processor.py:186} INFO - Started process (PID=629) to work on /opt/airflow/dags/sanity_checks.py
[2026-06-30T14:09:16.809+0000] {processor.py:914} INFO - Processing file /opt/airflow/dags/sanity_checks.py for tasks to queue
[2026-06-30T14:09:16.812+0000] {logging_mixin.py:190} INFO - [2026-06-30T14:09:16.812+0000] {dagbag.py:587} INFO - Filling up the DagBag from /opt/airflow/dags/sanity_checks.py
[2026-06-30T14:09:16.827+0000] {processor.py:925} INFO - DAG(s) 'airflow_sanity_check' retrieved from /opt/airflow/dags/sanity_checks.py
[2026-06-30T14:09:16.868+0000] {logging_mixin.py:190} INFO - [2026-06-30T14:09:16.867+0000] {dag.py:3211} INFO - Sync 1 DAGs
[2026-06-30T14:09:16.888+0000] {logging_mixin.py:190} INFO - [2026-06-30T14:09:16.888+0000] {dag.py:4138} INFO - Setting next_dagrun for airflow_sanity_check to None, run_after=None
[2026-06-30T14:09:16.915+0000] {processor.py:208} INFO - Processing /opt/airflow/dags/sanity_checks.py took 0.117 seconds
[2026-06-30T14:09:47.280+0000] {processor.py:186} INFO - Started process (PID=639) to work on /opt/airflow/dags/sanity_checks.py
[2026-06-30T14:09:47.281+0000] {processor.py:914} INFO - Processing file /opt/airflow/dags/sanity_checks.py for tasks to queue
[2026-06-30T14:09:47.285+0000] {logging_mixin.py:190} INFO - [2026-06-30T14:09:47.284+0000] {dagbag.py:587} INFO - Filling up the DagBag from /opt/airflow/dags/sanity_checks.py
[2026-06-30T14:09:47.299+0000] {processor.py:925} INFO - DAG(s) 'airflow_sanity_check' retrieved from /opt/airflow/dags/sanity_checks.py
[2026-06-30T14:09:47.338+0000] {logging_mixin.py:190} INFO - [2026-06-30T14:09:47.337+0000] {dag.py:3211} INFO - Sync 1 DAGs
[2026-06-30T14:09:47.358+0000] {logging_mixin.py:190} INFO - [2026-06-30T14:09:47.357+0000] {dag.py:4138} INFO - Setting next_dagrun for airflow_sanity_check to None, run_after=None
[2026-06-30T14:09:47.386+0000] {processor.py:208} INFO - Processing /opt/airflow/dags/sanity_checks.py took 0.114 seconds
[2026-06-30T14:10:17.700+0000] {processor.py:186} INFO - Started process (PID=649) to work on /opt/airflow/dags/sanity_checks.py
[2026-06-30T14:10:17.701+0000] {processor.py:914} INFO - Processing file /opt/airflow/dags/sanity_checks.py for tasks to queue
[2026-06-30T14:10:17.705+0000] {logging_mixin.py:190} INFO - [2026-06-30T14:10:17.704+0000] {dagbag.py:587} INFO - Filling up the DagBag from /opt/airflow/dags/sanity_checks.py
[2026-06-30T14:10:17.719+0000] {processor.py:925} INFO - DAG(s) 'airflow_sanity_check' retrieved from /opt/airflow/dags/sanity_checks.py
[2026-06-30T14:10:17.757+0000] {logging_mixin.py:190} INFO - [2026-06-30T14:10:17.757+0000] {dag.py:3211} INFO - Sync 1 DAGs
[2026-06-30T14:10:17.778+0000] {logging_mixin.py:190} INFO - [2026-06-30T14:10:17.778+0000] {dag.py:4138} INFO - Setting next_dagrun for airflow_sanity_check to None, run_after=None
[2026-06-30T14:10:17.807+0000] {processor.py:208} INFO - Processing /opt/airflow/dags/sanity_checks.py took 0.115 seconds
[2026-06-30T14:10:48.126+0000] {processor.py:186} INFO - Started process (PID=659) to work on /opt/airflow/dags/sanity_checks.py
[2026-06-30T14:10:48.127+0000] {processor.py:914} INFO - Processing file /opt/airflow/dags/sanity_checks.py for tasks to queue
[2026-06-30T14:10:48.131+0000] {logging_mixin.py:190} INFO - [2026-06-30T14:10:48.130+0000] {dagbag.py:587} INFO - Filling up the DagBag from /opt/airflow/dags/sanity_checks.py
[2026-06-30T14:10:48.148+0000] {processor.py:925} INFO - DAG(s) 'airflow_sanity_check' retrieved from /opt/airflow/dags/sanity_checks.py
[2026-06-30T14:10:48.191+0000] {logging_mixin.py:190} INFO - [2026-06-30T14:10:48.191+0000] {dag.py:3211} INFO - Sync 1 DAGs
[2026-06-30T14:10:48.214+0000] {logging_mixin.py:190} INFO - [2026-06-30T14:10:48.213+0000] {dag.py:4138} INFO - Setting next_dagrun for airflow_sanity_check to None, run_after=None
[2026-06-30T14:10:48.245+0000] {processor.py:208} INFO - Processing /opt/airflow/dags/sanity_checks.py took 0.127 seconds
[2026-06-30T14:11:18.641+0000] {processor.py:186} INFO - Started process (PID=669) to work on /opt/airflow/dags/sanity_checks.py
[2026-06-30T14:11:18.644+0000] {processor.py:914} INFO - Processing file /opt/airflow/dags/sanity_checks.py for tasks to queue
[2026-06-30T14:11:18.649+0000] {logging_mixin.py:190} INFO - [2026-06-30T14:11:18.649+0000] {dagbag.py:587} INFO - Filling up the DagBag from /opt/airflow/dags/sanity_checks.py
[2026-06-30T14:11:18.665+0000] {processor.py:925} INFO - DAG(s) 'airflow_sanity_check' retrieved from /opt/airflow/dags/sanity_checks.py
[2026-06-30T14:11:18.709+0000] {logging_mixin.py:190} INFO - [2026-06-30T14:11:18.709+0000] {dag.py:3211} INFO - Sync 1 DAGs
[2026-06-30T14:11:18.732+0000] {logging_mixin.py:190} INFO - [2026-06-30T14:11:18.732+0000] {dag.py:4138} INFO - Setting next_dagrun for airflow_sanity_check to None, run_after=None
[2026-06-30T14:11:18.760+0000] {processor.py:208} INFO - Processing /opt/airflow/dags/sanity_checks.py took 0.127 seconds
[2026-06-30T14:11:49.126+0000] {processor.py:186} INFO - Started process (PID=679) to work on /opt/airflow/dags/sanity_checks.py
[2026-06-30T14:11:49.127+0000] {processor.py:914} INFO - Processing file /opt/airflow/dags/sanity_checks.py for tasks to queue
[2026-06-30T14:11:49.132+0000] {logging_mixin.py:190} INFO - [2026-06-30T14:11:49.131+0000] {dagbag.py:587} INFO - Filling up the DagBag from /opt/airflow/dags/sanity_checks.py
[2026-06-30T14:11:49.149+0000] {processor.py:925} INFO - DAG(s) 'airflow_sanity_check' retrieved from /opt/airflow/dags/sanity_checks.py
[2026-06-30T14:11:49.216+0000] {logging_mixin.py:190} INFO - [2026-06-30T14:11:49.215+0000] {dag.py:3211} INFO - Sync 1 DAGs
[2026-06-30T14:11:49.237+0000] {logging_mixin.py:190} INFO - [2026-06-30T14:11:49.236+0000] {dag.py:4138} INFO - Setting next_dagrun for airflow_sanity_check to None, run_after=None
[2026-06-30T14:11:49.264+0000] {processor.py:208} INFO - Processing /opt/airflow/dags/sanity_checks.py took 0.157 seconds
[2026-06-30T14:12:19.546+0000] {processor.py:186} INFO - Started process (PID=689) to work on /opt/airflow/dags/sanity_checks.py
[2026-06-30T14:12:19.548+0000] {processor.py:914} INFO - Processing file /opt/airflow/dags/sanity_checks.py for tasks to queue
[2026-06-30T14:12:19.552+0000] {logging_mixin.py:190} INFO - [2026-06-30T14:12:19.551+0000] {dagbag.py:587} INFO - Filling up the DagBag from /opt/airflow/dags/sanity_checks.py
[2026-06-30T14:12:19.568+0000] {processor.py:925} INFO - DAG(s) 'airflow_sanity_check' retrieved from /opt/airflow/dags/sanity_checks.py
[2026-06-30T14:12:19.611+0000] {logging_mixin.py:190} INFO - [2026-06-30T14:12:19.611+0000] {dag.py:3211} INFO - Sync 1 DAGs
[2026-06-30T14:12:19.639+0000] {logging_mixin.py:190} INFO - [2026-06-30T14:12:19.638+0000] {dag.py:4138} INFO - Setting next_dagrun for airflow_sanity_check to None, run_after=None
[2026-06-30T14:12:19.672+0000] {processor.py:208} INFO - Processing /opt/airflow/dags/sanity_checks.py took 0.136 seconds
[2026-06-30T14:12:50.047+0000] {processor.py:186} INFO - Started process (PID=699) to work on /opt/airflow/dags/sanity_checks.py
[2026-06-30T14:12:50.049+0000] {processor.py:914} INFO - Processing file /opt/airflow/dags/sanity_checks.py for tasks to queue
[2026-06-30T14:12:50.053+0000] {logging_mixin.py:190} INFO - [2026-06-30T14:12:50.053+0000] {dagbag.py:587} INFO - Filling up the DagBag from /opt/airflow/dags/sanity_checks.py
[2026-06-30T14:12:50.079+0000] {processor.py:925} INFO - DAG(s) 'airflow_sanity_check' retrieved from /opt/airflow/dags/sanity_checks.py
[2026-06-30T14:12:50.160+0000] {logging_mixin.py:190} INFO - [2026-06-30T14:12:50.160+0000] {dag.py:3211} INFO - Sync 1 DAGs
[2026-06-30T14:12:50.195+0000] {logging_mixin.py:190} INFO - [2026-06-30T14:12:50.195+0000] {dag.py:4138} INFO - Setting next_dagrun for airflow_sanity_check to None, run_after=None
[2026-06-30T14:12:50.251+0000] {processor.py:208} INFO - Processing /opt/airflow/dags/sanity_checks.py took 0.214 seconds
[2026-06-30T14:13:20.644+0000] {processor.py:186} INFO - Started process (PID=709) to work on /opt/airflow/dags/sanity_checks.py
[2026-06-30T14:13:20.646+0000] {processor.py:914} INFO - Processing file /opt/airflow/dags/sanity_checks.py for tasks to queue
[2026-06-30T14:13:20.650+0000] {logging_mixin.py:190} INFO - [2026-06-30T14:13:20.649+0000] {dagbag.py:587} INFO - Filling up the DagBag from /opt/airflow/dags/sanity_checks.py
[2026-06-30T14:13:20.665+0000] {processor.py:925} INFO - DAG(s) 'airflow_sanity_check' retrieved from /opt/airflow/dags/sanity_checks.py
[2026-06-30T14:13:20.706+0000] {logging_mixin.py:190} INFO - [2026-06-30T14:13:20.705+0000] {dag.py:3211} INFO - Sync 1 DAGs
[2026-06-30T14:13:20.729+0000] {logging_mixin.py:190} INFO - [2026-06-30T14:13:20.729+0000] {dag.py:4138} INFO - Setting next_dagrun for airflow_sanity_check to None, run_after=None
[2026-06-30T14:13:20.757+0000] {processor.py:208} INFO - Processing /opt/airflow/dags/sanity_checks.py took 0.120 seconds
[2026-06-30T14:13:51.078+0000] {processor.py:186} INFO - Started process (PID=719) to work on /opt/airflow/dags/sanity_checks.py
[2026-06-30T14:13:51.079+0000] {processor.py:914} INFO - Processing file /opt/airflow/dags/sanity_checks.py for tasks to queue
[2026-06-30T14:13:51.083+0000] {logging_mixin.py:190} INFO - [2026-06-30T14:13:51.083+0000] {dagbag.py:587} INFO - Filling up the DagBag from /opt/airflow/dags/sanity_checks.py
[2026-06-30T14:13:51.099+0000] {processor.py:925} INFO - DAG(s) 'airflow_sanity_check' retrieved from /opt/airflow/dags/sanity_checks.py
[2026-06-30T14:13:51.144+0000] {logging_mixin.py:190} INFO - [2026-06-30T14:13:51.144+0000] {dag.py:3211} INFO - Sync 1 DAGs
[2026-06-30T14:13:51.165+0000] {logging_mixin.py:190} INFO - [2026-06-30T14:13:51.164+0000] {dag.py:4138} INFO - Setting next_dagrun for airflow_sanity_check to None, run_after=None
[2026-06-30T14:13:51.192+0000] {processor.py:208} INFO - Processing /opt/airflow/dags/sanity_checks.py took 0.123 seconds
[2026-06-30T14:14:21.555+0000] {processor.py:186} INFO - Started process (PID=729) to work on /opt/airflow/dags/sanity_checks.py
[2026-06-30T14:14:21.557+0000] {processor.py:914} INFO - Processing file /opt/airflow/dags/sanity_checks.py for tasks to queue
[2026-06-30T14:14:21.561+0000] {logging_mixin.py:190} INFO - [2026-06-30T14:14:21.561+0000] {dagbag.py:587} INFO - Filling up the DagBag from /opt/airflow/dags/sanity_checks.py
[2026-06-30T14:14:21.577+0000] {processor.py:925} INFO - DAG(s) 'airflow_sanity_check' retrieved from /opt/airflow/dags/sanity_checks.py
[2026-06-30T14:14:21.617+0000] {logging_mixin.py:190} INFO - [2026-06-30T14:14:21.617+0000] {dag.py:3211} INFO - Sync 1 DAGs
[2026-06-30T14:14:21.641+0000] {logging_mixin.py:190} INFO - [2026-06-30T14:14:21.641+0000] {dag.py:4138} INFO - Setting next_dagrun for airflow_sanity_check to None, run_after=None
[2026-06-30T14:14:21.670+0000] {processor.py:208} INFO - Processing /opt/airflow/dags/sanity_checks.py took 0.123 seconds
[2026-06-30T14:14:52.012+0000] {processor.py:186} INFO - Started process (PID=739) to work on /opt/airflow/dags/sanity_checks.py
[2026-06-30T14:14:52.013+0000] {processor.py:914} INFO - Processing file /opt/airflow/dags/sanity_checks.py for tasks to queue
[2026-06-30T14:14:52.017+0000] {logging_mixin.py:190} INFO - [2026-06-30T14:14:52.016+0000] {dagbag.py:587} INFO - Filling up the DagBag from /opt/airflow/dags/sanity_checks.py
[2026-06-30T14:14:52.032+0000] {processor.py:925} INFO - DAG(s) 'airflow_sanity_check' retrieved from /opt/airflow/dags/sanity_checks.py
[2026-06-30T14:14:52.072+0000] {logging_mixin.py:190} INFO - [2026-06-30T14:14:52.071+0000] {dag.py:3211} INFO - Sync 1 DAGs
[2026-06-30T14:14:52.092+0000] {logging_mixin.py:190} INFO - [2026-06-30T14:14:52.092+0000] {dag.py:4138} INFO - Setting next_dagrun for airflow_sanity_check to None, run_after=None
[2026-06-30T14:14:52.118+0000] {processor.py:208} INFO - Processing /opt/airflow/dags/sanity_checks.py took 0.114 seconds
[2026-06-30T14:15:22.493+0000] {processor.py:186} INFO - Started process (PID=749) to work on /opt/airflow/dags/sanity_checks.py
[2026-06-30T14:15:22.495+0000] {processor.py:914} INFO - Processing file /opt/airflow/dags/sanity_checks.py for tasks to queue
[2026-06-30T14:15:22.498+0000] {logging_mixin.py:190} INFO - [2026-06-30T14:15:22.498+0000] {dagbag.py:587} INFO - Filling up the DagBag from /opt/airflow/dags/sanity_checks.py
[2026-06-30T14:15:22.521+0000] {processor.py:925} INFO - DAG(s) 'airflow_sanity_check' retrieved from /opt/airflow/dags/sanity_checks.py
[2026-06-30T14:15:22.561+0000] {logging_mixin.py:190} INFO - [2026-06-30T14:15:22.560+0000] {dag.py:3211} INFO - Sync 1 DAGs
[2026-06-30T14:15:22.589+0000] {logging_mixin.py:190} INFO - [2026-06-30T14:15:22.588+0000] {dag.py:4138} INFO - Setting next_dagrun for airflow_sanity_check to None, run_after=None
[2026-06-30T14:15:22.617+0000] {processor.py:208} INFO - Processing /opt/airflow/dags/sanity_checks.py took 0.133 seconds
[2026-06-30T14:15:52.980+0000] {processor.py:186} INFO - Started process (PID=759) to work on /opt/airflow/dags/sanity_checks.py
[2026-06-30T14:15:52.982+0000] {processor.py:914} INFO - Processing file /opt/airflow/dags/sanity_checks.py for tasks to queue
[2026-06-30T14:15:52.986+0000] {logging_mixin.py:190} INFO - [2026-06-30T14:15:52.986+0000] {dagbag.py:587} INFO - Filling up the DagBag from /opt/airflow/dags/sanity_checks.py
[2026-06-30T14:15:53.005+0000] {processor.py:925} INFO - DAG(s) 'airflow_sanity_check' retrieved from /opt/airflow/dags/sanity_checks.py
[2026-06-30T14:15:53.056+0000] {logging_mixin.py:190} INFO - [2026-06-30T14:15:53.056+0000] {dag.py:3211} INFO - Sync 1 DAGs
[2026-06-30T14:15:53.084+0000] {logging_mixin.py:190} INFO - [2026-06-30T14:15:53.084+0000] {dag.py:4138} INFO - Setting next_dagrun for airflow_sanity_check to None, run_after=None
[2026-06-30T14:15:53.118+0000] {processor.py:208} INFO - Processing /opt/airflow/dags/sanity_checks.py took 0.153 seconds
[2026-06-30T14:16:23.453+0000] {processor.py:186} INFO - Started process (PID=769) to work on /opt/airflow/dags/sanity_checks.py
[2026-06-30T14:16:23.455+0000] {processor.py:914} INFO - Processing file /opt/airflow/dags/sanity_checks.py for tasks to queue
[2026-06-30T14:16:23.458+0000] {logging_mixin.py:190} INFO - [2026-06-30T14:16:23.458+0000] {dagbag.py:587} INFO - Filling up the DagBag from /opt/airflow/dags/sanity_checks.py
[2026-06-30T14:16:23.474+0000] {processor.py:925} INFO - DAG(s) 'airflow_sanity_check' retrieved from /opt/airflow/dags/sanity_checks.py
[2026-06-30T14:16:23.513+0000] {logging_mixin.py:190} INFO - [2026-06-30T14:16:23.513+0000] {dag.py:3211} INFO - Sync 1 DAGs
[2026-06-30T14:16:23.534+0000] {logging_mixin.py:190} INFO - [2026-06-30T14:16:23.533+0000] {dag.py:4138} INFO - Setting next_dagrun for airflow_sanity_check to None, run_after=None
[2026-06-30T14:16:23.561+0000] {processor.py:208} INFO - Processing /opt/airflow/dags/sanity_checks.py took 0.116 seconds
[2026-06-30T14:16:53.930+0000] {processor.py:186} INFO - Started process (PID=779) to work on /opt/airflow/dags/sanity_checks.py
[2026-06-30T14:16:53.931+0000] {processor.py:914} INFO - Processing file /opt/airflow/dags/sanity_checks.py for tasks to queue
[2026-06-30T14:16:53.936+0000] {logging_mixin.py:190} INFO - [2026-06-30T14:16:53.936+0000] {dagbag.py:587} INFO - Filling up the DagBag from /opt/airflow/dags/sanity_checks.py
[2026-06-30T14:16:53.955+0000] {processor.py:925} INFO - DAG(s) 'airflow_sanity_check' retrieved from /opt/airflow/dags/sanity_checks.py
[2026-06-30T14:16:54.010+0000] {logging_mixin.py:190} INFO - [2026-06-30T14:16:54.009+0000] {dag.py:3211} INFO - Sync 1 DAGs
[2026-06-30T14:16:54.036+0000] {logging_mixin.py:190} INFO - [2026-06-30T14:16:54.035+0000] {dag.py:4138} INFO - Setting next_dagrun for airflow_sanity_check to None, run_after=None
[2026-06-30T14:16:54.074+0000] {processor.py:208} INFO - Processing /opt/airflow/dags/sanity_checks.py took 0.155 seconds
[2026-06-30T14:17:24.428+0000] {processor.py:186} INFO - Started process (PID=789) to work on /opt/airflow/dags/sanity_checks.py
[2026-06-30T14:17:24.430+0000] {processor.py:914} INFO - Processing file /opt/airflow/dags/sanity_checks.py for tasks to queue
[2026-06-30T14:17:24.434+0000] {logging_mixin.py:190} INFO - [2026-06-30T14:17:24.433+0000] {dagbag.py:587} INFO - Filling up the DagBag from /opt/airflow/dags/sanity_checks.py
[2026-06-30T14:17:24.449+0000] {processor.py:925} INFO - DAG(s) 'airflow_sanity_check' retrieved from /opt/airflow/dags/sanity_checks.py
[2026-06-30T14:17:24.496+0000] {logging_mixin.py:190} INFO - [2026-06-30T14:17:24.496+0000] {dag.py:3211} INFO - Sync 1 DAGs
[2026-06-30T14:17:24.519+0000] {logging_mixin.py:190} INFO - [2026-06-30T14:17:24.519+0000] {dag.py:4138} INFO - Setting next_dagrun for airflow_sanity_check to None, run_after=None
[2026-06-30T14:17:24.545+0000] {processor.py:208} INFO - Processing /opt/airflow/dags/sanity_checks.py took 0.126 seconds
[2026-06-30T14:17:54.924+0000] {processor.py:186} INFO - Started process (PID=799) to work on /opt/airflow/dags/sanity_checks.py
[2026-06-30T14:17:54.926+0000] {processor.py:914} INFO - Processing file /opt/airflow/dags/sanity_checks.py for tasks to queue
[2026-06-30T14:17:54.930+0000] {logging_mixin.py:190} INFO - [2026-06-30T14:17:54.930+0000] {dagbag.py:587} INFO - Filling up the DagBag from /opt/airflow/dags/sanity_checks.py
[2026-06-30T14:17:54.946+0000] {processor.py:925} INFO - DAG(s) 'airflow_sanity_check' retrieved from /opt/airflow/dags/sanity_checks.py
[2026-06-30T14:17:54.987+0000] {logging_mixin.py:190} INFO - [2026-06-30T14:17:54.987+0000] {dag.py:3211} INFO - Sync 1 DAGs
[2026-06-30T14:17:55.008+0000] {logging_mixin.py:190} INFO - [2026-06-30T14:17:55.008+0000] {dag.py:4138} INFO - Setting next_dagrun for airflow_sanity_check to None, run_after=None
[2026-06-30T14:17:55.034+0000] {processor.py:208} INFO - Processing /opt/airflow/dags/sanity_checks.py took 0.118 seconds
[2026-06-30T14:18:25.392+0000] {processor.py:186} INFO - Started process (PID=809) to work on /opt/airflow/dags/sanity_checks.py
[2026-06-30T14:18:25.394+0000] {processor.py:914} INFO - Processing file /opt/airflow/dags/sanity_checks.py for tasks to queue
[2026-06-30T14:18:25.398+0000] {logging_mixin.py:190} INFO - [2026-06-30T14:18:25.397+0000] {dagbag.py:587} INFO - Filling up the DagBag from /opt/airflow/dags/sanity_checks.py
[2026-06-30T14:18:25.414+0000] {processor.py:925} INFO - DAG(s) 'airflow_sanity_check' retrieved from /opt/airflow/dags/sanity_checks.py
[2026-06-30T14:18:25.454+0000] {logging_mixin.py:190} INFO - [2026-06-30T14:18:25.454+0000] {dag.py:3211} INFO - Sync 1 DAGs
[2026-06-30T14:18:25.474+0000] {logging_mixin.py:190} INFO - [2026-06-30T14:18:25.474+0000] {dag.py:4138} INFO - Setting next_dagrun for airflow_sanity_check to None, run_after=None
[2026-06-30T14:18:25.502+0000] {processor.py:208} INFO - Processing /opt/airflow/dags/sanity_checks.py took 0.120 seconds
[2026-06-30T14:18:55.815+0000] {processor.py:186} INFO - Started process (PID=819) to work on /opt/airflow/dags/sanity_checks.py
[2026-06-30T14:18:55.816+0000] {processor.py:914} INFO - Processing file /opt/airflow/dags/sanity_checks.py for tasks to queue
[2026-06-30T14:18:55.819+0000] {logging_mixin.py:190} INFO - [2026-06-30T14:18:55.819+0000] {dagbag.py:587} INFO - Filling up the DagBag from /opt/airflow/dags/sanity_checks.py
[2026-06-30T14:18:55.835+0000] {processor.py:925} INFO - DAG(s) 'airflow_sanity_check' retrieved from /opt/airflow/dags/sanity_checks.py
[2026-06-30T14:18:55.875+0000] {logging_mixin.py:190} INFO - [2026-06-30T14:18:55.874+0000] {dag.py:3211} INFO - Sync 1 DAGs
[2026-06-30T14:18:55.896+0000] {logging_mixin.py:190} INFO - [2026-06-30T14:18:55.895+0000] {dag.py:4138} INFO - Setting next_dagrun for airflow_sanity_check to None, run_after=None
[2026-06-30T14:18:55.927+0000] {processor.py:208} INFO - Processing /opt/airflow/dags/sanity_checks.py took 0.121 seconds
[2026-06-30T14:19:26.338+0000] {processor.py:186} INFO - Started process (PID=829) to work on /opt/airflow/dags/sanity_checks.py
[2026-06-30T14:19:26.340+0000] {processor.py:914} INFO - Processing file /opt/airflow/dags/sanity_checks.py for tasks to queue
[2026-06-30T14:19:26.343+0000] {logging_mixin.py:190} INFO - [2026-06-30T14:19:26.343+0000] {dagbag.py:587} INFO - Filling up the DagBag from /opt/airflow/dags/sanity_checks.py
[2026-06-30T14:19:26.360+0000] {processor.py:925} INFO - DAG(s) 'airflow_sanity_check' retrieved from /opt/airflow/dags/sanity_checks.py
[2026-06-30T14:19:26.400+0000] {logging_mixin.py:190} INFO - [2026-06-30T14:19:26.399+0000] {dag.py:3211} INFO - Sync 1 DAGs
[2026-06-30T14:19:26.420+0000] {logging_mixin.py:190} INFO - [2026-06-30T14:19:26.420+0000] {dag.py:4138} INFO - Setting next_dagrun for airflow_sanity_check to None, run_after=None
[2026-06-30T14:19:26.451+0000] {processor.py:208} INFO - Processing /opt/airflow/dags/sanity_checks.py took 0.123 seconds
[2026-06-30T14:19:56.812+0000] {processor.py:186} INFO - Started process (PID=839) to work on /opt/airflow/dags/sanity_checks.py
[2026-06-30T14:19:56.813+0000] {processor.py:914} INFO - Processing file /opt/airflow/dags/sanity_checks.py for tasks to queue
[2026-06-30T14:19:56.817+0000] {logging_mixin.py:190} INFO - [2026-06-30T14:19:56.817+0000] {dagbag.py:587} INFO - Filling up the DagBag from /opt/airflow/dags/sanity_checks.py
[2026-06-30T14:19:56.831+0000] {processor.py:925} INFO - DAG(s) 'airflow_sanity_check' retrieved from /opt/airflow/dags/sanity_checks.py
[2026-06-30T14:19:56.870+0000] {logging_mixin.py:190} INFO - [2026-06-30T14:19:56.870+0000] {dag.py:3211} INFO - Sync 1 DAGs
[2026-06-30T14:19:56.891+0000] {logging_mixin.py:190} INFO - [2026-06-30T14:19:56.890+0000] {dag.py:4138} INFO - Setting next_dagrun for airflow_sanity_check to None, run_after=None
[2026-06-30T14:19:56.918+0000] {processor.py:208} INFO - Processing /opt/airflow/dags/sanity_checks.py took 0.114 seconds
[2026-06-30T14:20:27.312+0000] {processor.py:186} INFO - Started process (PID=849) to work on /opt/airflow/dags/sanity_checks.py
[2026-06-30T14:20:27.314+0000] {processor.py:914} INFO - Processing file /opt/airflow/dags/sanity_checks.py for tasks to queue
[2026-06-30T14:20:27.317+0000] {logging_mixin.py:190} INFO - [2026-06-30T14:20:27.317+0000] {dagbag.py:587} INFO - Filling up the DagBag from /opt/airflow/dags/sanity_checks.py
[2026-06-30T14:20:27.333+0000] {processor.py:925} INFO - DAG(s) 'airflow_sanity_check' retrieved from /opt/airflow/dags/sanity_checks.py
[2026-06-30T14:20:27.372+0000] {logging_mixin.py:190} INFO - [2026-06-30T14:20:27.372+0000] {dag.py:3211} INFO - Sync 1 DAGs
[2026-06-30T14:20:27.393+0000] {logging_mixin.py:190} INFO - [2026-06-30T14:20:27.392+0000] {dag.py:4138} INFO - Setting next_dagrun for airflow_sanity_check to None, run_after=None
[2026-06-30T14:20:27.420+0000] {processor.py:208} INFO - Processing /opt/airflow/dags/sanity_checks.py took 0.116 seconds
[2026-06-30T14:20:57.844+0000] {processor.py:186} INFO - Started process (PID=859) to work on /opt/airflow/dags/sanity_checks.py
[2026-06-30T14:20:57.846+0000] {processor.py:914} INFO - Processing file /opt/airflow/dags/sanity_checks.py for tasks to queue
[2026-06-30T14:20:57.849+0000] {logging_mixin.py:190} INFO - [2026-06-30T14:20:57.849+0000] {dagbag.py:587} INFO - Filling up the DagBag from /opt/airflow/dags/sanity_checks.py
[2026-06-30T14:20:57.864+0000] {processor.py:925} INFO - DAG(s) 'airflow_sanity_check' retrieved from /opt/airflow/dags/sanity_checks.py
[2026-06-30T14:20:57.905+0000] {logging_mixin.py:190} INFO - [2026-06-30T14:20:57.904+0000] {dag.py:3211} INFO - Sync 1 DAGs
[2026-06-30T14:20:57.925+0000] {logging_mixin.py:190} INFO - [2026-06-30T14:20:57.924+0000] {dag.py:4138} INFO - Setting next_dagrun for airflow_sanity_check to None, run_after=None
[2026-06-30T14:20:57.952+0000] {processor.py:208} INFO - Processing /opt/airflow/dags/sanity_checks.py took 0.115 seconds
[2026-06-30T14:21:28.295+0000] {processor.py:186} INFO - Started process (PID=869) to work on /opt/airflow/dags/sanity_checks.py
[2026-06-30T14:21:28.296+0000] {processor.py:914} INFO - Processing file /opt/airflow/dags/sanity_checks.py for tasks to queue
[2026-06-30T14:21:28.299+0000] {logging_mixin.py:190} INFO - [2026-06-30T14:21:28.299+0000] {dagbag.py:587} INFO - Filling up the DagBag from /opt/airflow/dags/sanity_checks.py
[2026-06-30T14:21:28.315+0000] {processor.py:925} INFO - DAG(s) 'airflow_sanity_check' retrieved from /opt/airflow/dags/sanity_checks.py
[2026-06-30T14:21:28.358+0000] {logging_mixin.py:190} INFO - [2026-06-30T14:21:28.358+0000] {dag.py:3211} INFO - Sync 1 DAGs
[2026-06-30T14:21:28.383+0000] {logging_mixin.py:190} INFO - [2026-06-30T14:21:28.383+0000] {dag.py:4138} INFO - Setting next_dagrun for airflow_sanity_check to None, run_after=None
[2026-06-30T14:21:28.412+0000] {processor.py:208} INFO - Processing /opt/airflow/dags/sanity_checks.py took 0.126 seconds
[2026-06-30T14:21:58.722+0000] {processor.py:186} INFO - Started process (PID=879) to work on /opt/airflow/dags/sanity_checks.py
[2026-06-30T14:21:58.723+0000] {processor.py:914} INFO - Processing file /opt/airflow/dags/sanity_checks.py for tasks to queue
[2026-06-30T14:21:58.726+0000] {logging_mixin.py:190} INFO - [2026-06-30T14:21:58.726+0000] {dagbag.py:587} INFO - Filling up the DagBag from /opt/airflow/dags/sanity_checks.py
[2026-06-30T14:21:58.741+0000] {processor.py:925} INFO - DAG(s) 'airflow_sanity_check' retrieved from /opt/airflow/dags/sanity_checks.py
[2026-06-30T14:21:58.782+0000] {logging_mixin.py:190} INFO - [2026-06-30T14:21:58.782+0000] {dag.py:3211} INFO - Sync 1 DAGs
[2026-06-30T14:21:58.803+0000] {logging_mixin.py:190} INFO - [2026-06-30T14:21:58.803+0000] {dag.py:4138} INFO - Setting next_dagrun for airflow_sanity_check to None, run_after=None
[2026-06-30T14:21:58.831+0000] {processor.py:208} INFO - Processing /opt/airflow/dags/sanity_checks.py took 0.117 seconds
[2026-06-30T14:22:29.142+0000] {processor.py:186} INFO - Started process (PID=889) to work on /opt/airflow/dags/sanity_checks.py
[2026-06-30T14:22:29.144+0000] {processor.py:914} INFO - Processing file /opt/airflow/dags/sanity_checks.py for tasks to queue
[2026-06-30T14:22:29.148+0000] {logging_mixin.py:190} INFO - [2026-06-30T14:22:29.148+0000] {dagbag.py:587} INFO - Filling up the DagBag from /opt/airflow/dags/sanity_checks.py
[2026-06-30T14:22:29.164+0000] {processor.py:925} INFO - DAG(s) 'airflow_sanity_check' retrieved from /opt/airflow/dags/sanity_checks.py
[2026-06-30T14:22:29.208+0000] {logging_mixin.py:190} INFO - [2026-06-30T14:22:29.208+0000] {dag.py:3211} INFO - Sync 1 DAGs
[2026-06-30T14:22:29.234+0000] {logging_mixin.py:190} INFO - [2026-06-30T14:22:29.233+0000] {dag.py:4138} INFO - Setting next_dagrun for airflow_sanity_check to None, run_after=None
[2026-06-30T14:22:29.263+0000] {processor.py:208} INFO - Processing /opt/airflow/dags/sanity_checks.py took 0.129 seconds
[2026-06-30T14:22:59.577+0000] {processor.py:186} INFO - Started process (PID=899) to work on /opt/airflow/dags/sanity_checks.py
[2026-06-30T14:22:59.578+0000] {processor.py:914} INFO - Processing file /opt/airflow/dags/sanity_checks.py for tasks to queue
[2026-06-30T14:22:59.582+0000] {logging_mixin.py:190} INFO - [2026-06-30T14:22:59.581+0000] {dagbag.py:587} INFO - Filling up the DagBag from /opt/airflow/dags/sanity_checks.py
[2026-06-30T14:22:59.597+0000] {processor.py:925} INFO - DAG(s) 'airflow_sanity_check' retrieved from /opt/airflow/dags/sanity_checks.py
[2026-06-30T14:22:59.637+0000] {logging_mixin.py:190} INFO - [2026-06-30T14:22:59.636+0000] {dag.py:3211} INFO - Sync 1 DAGs
[2026-06-30T14:22:59.657+0000] {logging_mixin.py:190} INFO - [2026-06-30T14:22:59.657+0000] {dag.py:4138} INFO - Setting next_dagrun for airflow_sanity_check to None, run_after=None
[2026-06-30T14:22:59.684+0000] {processor.py:208} INFO - Processing /opt/airflow/dags/sanity_checks.py took 0.115 seconds
[2026-06-30T14:23:30.045+0000] {processor.py:186} INFO - Started process (PID=909) to work on /opt/airflow/dags/sanity_checks.py
[2026-06-30T14:23:30.047+0000] {processor.py:914} INFO - Processing file /opt/airflow/dags/sanity_checks.py for tasks to queue
[2026-06-30T14:23:30.050+0000] {logging_mixin.py:190} INFO - [2026-06-30T14:23:30.050+0000] {dagbag.py:587} INFO - Filling up the DagBag from /opt/airflow/dags/sanity_checks.py
[2026-06-30T14:23:30.066+0000] {processor.py:925} INFO - DAG(s) 'airflow_sanity_check' retrieved from /opt/airflow/dags/sanity_checks.py
[2026-06-30T14:23:30.108+0000] {logging_mixin.py:190} INFO - [2026-06-30T14:23:30.108+0000] {dag.py:3211} INFO - Sync 1 DAGs
[2026-06-30T14:23:30.132+0000] {logging_mixin.py:190} INFO - [2026-06-30T14:23:30.131+0000] {dag.py:4138} INFO - Setting next_dagrun for airflow_sanity_check to None, run_after=None
[2026-06-30T14:23:30.161+0000] {processor.py:208} INFO - Processing /opt/airflow/dags/sanity_checks.py took 0.126 seconds
[2026-06-30T14:24:00.466+0000] {processor.py:186} INFO - Started process (PID=919) to work on /opt/airflow/dags/sanity_checks.py
[2026-06-30T14:24:00.467+0000] {processor.py:914} INFO - Processing file /opt/airflow/dags/sanity_checks.py for tasks to queue
[2026-06-30T14:24:00.470+0000] {logging_mixin.py:190} INFO - [2026-06-30T14:24:00.470+0000] {dagbag.py:587} INFO - Filling up the DagBag from /opt/airflow/dags/sanity_checks.py
[2026-06-30T14:24:00.488+0000] {processor.py:925} INFO - DAG(s) 'airflow_sanity_check' retrieved from /opt/airflow/dags/sanity_checks.py
[2026-06-30T14:24:00.532+0000] {logging_mixin.py:190} INFO - [2026-06-30T14:24:00.531+0000] {dag.py:3211} INFO - Sync 1 DAGs
[2026-06-30T14:24:00.554+0000] {logging_mixin.py:190} INFO - [2026-06-30T14:24:00.554+0000] {dag.py:4138} INFO - Setting next_dagrun for airflow_sanity_check to None, run_after=None
[2026-06-30T14:24:00.588+0000] {processor.py:208} INFO - Processing /opt/airflow/dags/sanity_checks.py took 0.131 seconds
[2026-06-30T14:24:30.903+0000] {processor.py:186} INFO - Started process (PID=929) to work on /opt/airflow/dags/sanity_checks.py
[2026-06-30T14:24:30.904+0000] {processor.py:914} INFO - Processing file /opt/airflow/dags/sanity_checks.py for tasks to queue
[2026-06-30T14:24:30.908+0000] {logging_mixin.py:190} INFO - [2026-06-30T14:24:30.907+0000] {dagbag.py:587} INFO - Filling up the DagBag from /opt/airflow/dags/sanity_checks.py
[2026-06-30T14:24:30.922+0000] {processor.py:925} INFO - DAG(s) 'airflow_sanity_check' retrieved from /opt/airflow/dags/sanity_checks.py
[2026-06-30T14:24:30.962+0000] {logging_mixin.py:190} INFO - [2026-06-30T14:24:30.962+0000] {dag.py:3211} INFO - Sync 1 DAGs
[2026-06-30T14:24:30.985+0000] {logging_mixin.py:190} INFO - [2026-06-30T14:24:30.985+0000] {dag.py:4138} INFO - Setting next_dagrun for airflow_sanity_check to None, run_after=None
[2026-06-30T14:24:31.014+0000] {processor.py:208} INFO - Processing /opt/airflow/dags/sanity_checks.py took 0.119 seconds
[2026-06-30T14:25:01.338+0000] {processor.py:186} INFO - Started process (PID=939) to work on /opt/airflow/dags/sanity_checks.py
[2026-06-30T14:25:01.340+0000] {processor.py:914} INFO - Processing file /opt/airflow/dags/sanity_checks.py for tasks to queue
[2026-06-30T14:25:01.343+0000] {logging_mixin.py:190} INFO - [2026-06-30T14:25:01.342+0000] {dagbag.py:587} INFO - Filling up the DagBag from /opt/airflow/dags/sanity_checks.py
[2026-06-30T14:25:01.357+0000] {processor.py:925} INFO - DAG(s) 'airflow_sanity_check' retrieved from /opt/airflow/dags/sanity_checks.py
[2026-06-30T14:25:01.397+0000] {logging_mixin.py:190} INFO - [2026-06-30T14:25:01.397+0000] {dag.py:3211} INFO - Sync 1 DAGs
[2026-06-30T14:25:01.418+0000] {logging_mixin.py:190} INFO - [2026-06-30T14:25:01.418+0000] {dag.py:4138} INFO - Setting next_dagrun for airflow_sanity_check to None, run_after=None
[2026-06-30T14:25:01.445+0000] {processor.py:208} INFO - Processing /opt/airflow/dags/sanity_checks.py took 0.115 seconds
[2026-06-30T14:25:31.789+0000] {processor.py:186} INFO - Started process (PID=949) to work on /opt/airflow/dags/sanity_checks.py
[2026-06-30T14:25:31.790+0000] {processor.py:914} INFO - Processing file /opt/airflow/dags/sanity_checks.py for tasks to queue
[2026-06-30T14:25:31.794+0000] {logging_mixin.py:190} INFO - [2026-06-30T14:25:31.793+0000] {dagbag.py:587} INFO - Filling up the DagBag from /opt/airflow/dags/sanity_checks.py
[2026-06-30T14:25:31.810+0000] {processor.py:925} INFO - DAG(s) 'airflow_sanity_check' retrieved from /opt/airflow/dags/sanity_checks.py
[2026-06-30T14:25:31.852+0000] {logging_mixin.py:190} INFO - [2026-06-30T14:25:31.851+0000] {dag.py:3211} INFO - Sync 1 DAGs
[2026-06-30T14:25:31.874+0000] {logging_mixin.py:190} INFO - [2026-06-30T14:25:31.873+0000] {dag.py:4138} INFO - Setting next_dagrun for airflow_sanity_check to None, run_after=None
[2026-06-30T14:25:31.905+0000] {processor.py:208} INFO - Processing /opt/airflow/dags/sanity_checks.py took 0.124 seconds
[2026-06-30T14:26:02.266+0000] {processor.py:186} INFO - Started process (PID=959) to work on /opt/airflow/dags/sanity_checks.py
[2026-06-30T14:26:02.267+0000] {processor.py:914} INFO - Processing file /opt/airflow/dags/sanity_checks.py for tasks to queue
[2026-06-30T14:26:02.270+0000] {logging_mixin.py:190} INFO - [2026-06-30T14:26:02.270+0000] {dagbag.py:587} INFO - Filling up the DagBag from /opt/airflow/dags/sanity_checks.py
[2026-06-30T14:26:02.285+0000] {processor.py:925} INFO - DAG(s) 'airflow_sanity_check' retrieved from /opt/airflow/dags/sanity_checks.py
[2026-06-30T14:26:02.324+0000] {logging_mixin.py:190} INFO - [2026-06-30T14:26:02.324+0000] {dag.py:3211} INFO - Sync 1 DAGs
[2026-06-30T14:26:02.345+0000] {logging_mixin.py:190} INFO - [2026-06-30T14:26:02.345+0000] {dag.py:4138} INFO - Setting next_dagrun for airflow_sanity_check to None, run_after=None
[2026-06-30T14:26:02.373+0000] {processor.py:208} INFO - Processing /opt/airflow/dags/sanity_checks.py took 0.115 seconds
[2026-06-30T14:26:32.692+0000] {processor.py:186} INFO - Started process (PID=969) to work on /opt/airflow/dags/sanity_checks.py
[2026-06-30T14:26:32.693+0000] {processor.py:914} INFO - Processing file /opt/airflow/dags/sanity_checks.py for tasks to queue
[2026-06-30T14:26:32.697+0000] {logging_mixin.py:190} INFO - [2026-06-30T14:26:32.697+0000] {dagbag.py:587} INFO - Filling up the DagBag from /opt/airflow/dags/sanity_checks.py
[2026-06-30T14:26:32.711+0000] {processor.py:925} INFO - DAG(s) 'airflow_sanity_check' retrieved from /opt/airflow/dags/sanity_checks.py
[2026-06-30T14:26:32.750+0000] {logging_mixin.py:190} INFO - [2026-06-30T14:26:32.750+0000] {dag.py:3211} INFO - Sync 1 DAGs
[2026-06-30T14:26:32.770+0000] {logging_mixin.py:190} INFO - [2026-06-30T14:26:32.770+0000] {dag.py:4138} INFO - Setting next_dagrun for airflow_sanity_check to None, run_after=None
[2026-06-30T14:26:32.798+0000] {processor.py:208} INFO - Processing /opt/airflow/dags/sanity_checks.py took 0.114 seconds
[2026-06-30T14:27:03.208+0000] {processor.py:186} INFO - Started process (PID=979) to work on /opt/airflow/dags/sanity_checks.py
[2026-06-30T14:27:03.210+0000] {processor.py:914} INFO - Processing file /opt/airflow/dags/sanity_checks.py for tasks to queue
[2026-06-30T14:27:03.214+0000] {logging_mixin.py:190} INFO - [2026-06-30T14:27:03.213+0000] {dagbag.py:587} INFO - Filling up the DagBag from /opt/airflow/dags/sanity_checks.py
[2026-06-30T14:27:03.230+0000] {processor.py:925} INFO - DAG(s) 'airflow_sanity_check' retrieved from /opt/airflow/dags/sanity_checks.py
[2026-06-30T14:27:03.268+0000] {logging_mixin.py:190} INFO - [2026-06-30T14:27:03.268+0000] {dag.py:3211} INFO - Sync 1 DAGs
[2026-06-30T14:27:03.290+0000] {logging_mixin.py:190} INFO - [2026-06-30T14:27:03.290+0000] {dag.py:4138} INFO - Setting next_dagrun for airflow_sanity_check to None, run_after=None
[2026-06-30T14:27:03.318+0000] {processor.py:208} INFO - Processing /opt/airflow/dags/sanity_checks.py took 0.120 seconds
[2026-06-30T14:27:33.578+0000] {processor.py:186} INFO - Started process (PID=989) to work on /opt/airflow/dags/sanity_checks.py
[2026-06-30T14:27:33.579+0000] {processor.py:914} INFO - Processing file /opt/airflow/dags/sanity_checks.py for tasks to queue
[2026-06-30T14:27:33.583+0000] {logging_mixin.py:190} INFO - [2026-06-30T14:27:33.583+0000] {dagbag.py:587} INFO - Filling up the DagBag from /opt/airflow/dags/sanity_checks.py
[2026-06-30T14:27:33.598+0000] {processor.py:925} INFO - DAG(s) 'airflow_sanity_check' retrieved from /opt/airflow/dags/sanity_checks.py
[2026-06-30T14:27:33.638+0000] {logging_mixin.py:190} INFO - [2026-06-30T14:27:33.637+0000] {dag.py:3211} INFO - Sync 1 DAGs
[2026-06-30T14:27:33.658+0000] {logging_mixin.py:190} INFO - [2026-06-30T14:27:33.658+0000] {dag.py:4138} INFO - Setting next_dagrun for airflow_sanity_check to None, run_after=None
[2026-06-30T14:27:33.687+0000] {processor.py:208} INFO - Processing /opt/airflow/dags/sanity_checks.py took 0.117 seconds
[2026-06-30T14:28:03.974+0000] {processor.py:186} INFO - Started process (PID=999) to work on /opt/airflow/dags/sanity_checks.py
[2026-06-30T14:28:03.976+0000] {processor.py:914} INFO - Processing file /opt/airflow/dags/sanity_checks.py for tasks to queue
[2026-06-30T14:28:03.980+0000] {logging_mixin.py:190} INFO - [2026-06-30T14:28:03.980+0000] {dagbag.py:587} INFO - Filling up the DagBag from /opt/airflow/dags/sanity_checks.py
[2026-06-30T14:28:03.995+0000] {processor.py:925} INFO - DAG(s) 'airflow_sanity_check' retrieved from /opt/airflow/dags/sanity_checks.py
[2026-06-30T14:28:04.035+0000] {logging_mixin.py:190} INFO - [2026-06-30T14:28:04.035+0000] {dag.py:3211} INFO - Sync 1 DAGs
[2026-06-30T14:28:04.056+0000] {logging_mixin.py:190} INFO - [2026-06-30T14:28:04.055+0000] {dag.py:4138} INFO - Setting next_dagrun for airflow_sanity_check to None, run_after=None
[2026-06-30T14:28:04.083+0000] {processor.py:208} INFO - Processing /opt/airflow/dags/sanity_checks.py took 0.117 seconds
[2026-06-30T14:29:05.291+0000] {processor.py:186} INFO - Started process (PID=1009) to work on /opt/airflow/dags/sanity_checks.py
[2026-06-30T14:29:05.293+0000] {processor.py:914} INFO - Processing file /opt/airflow/dags/sanity_checks.py for tasks to queue
[2026-06-30T14:29:05.297+0000] {logging_mixin.py:190} INFO - [2026-06-30T14:29:05.296+0000] {dagbag.py:587} INFO - Filling up the DagBag from /opt/airflow/dags/sanity_checks.py
[2026-06-30T14:29:05.313+0000] {processor.py:925} INFO - DAG(s) 'airflow_sanity_check' retrieved from /opt/airflow/dags/sanity_checks.py
[2026-06-30T14:29:05.353+0000] {logging_mixin.py:190} INFO - [2026-06-30T14:29:05.353+0000] {dag.py:3211} INFO - Sync 1 DAGs
[2026-06-30T14:29:05.375+0000] {logging_mixin.py:190} INFO - [2026-06-30T14:29:05.375+0000] {dag.py:4138} INFO - Setting next_dagrun for airflow_sanity_check to None, run_after=None
[2026-06-30T14:29:05.404+0000] {processor.py:208} INFO - Processing /opt/airflow/dags/sanity_checks.py took 0.121 seconds
[2026-06-30T14:43:15.611+0000] {processor.py:186} INFO - Started process (PID=1019) to work on /opt/airflow/dags/sanity_checks.py
[2026-06-30T14:43:15.614+0000] {processor.py:914} INFO - Processing file /opt/airflow/dags/sanity_checks.py for tasks to queue
[2026-06-30T14:43:15.618+0000] {logging_mixin.py:190} INFO - [2026-06-30T14:43:15.617+0000] {dagbag.py:587} INFO - Filling up the DagBag from /opt/airflow/dags/sanity_checks.py
[2026-06-30T14:43:15.633+0000] {processor.py:925} INFO - DAG(s) 'airflow_sanity_check' retrieved from /opt/airflow/dags/sanity_checks.py
[2026-06-30T14:43:15.674+0000] {logging_mixin.py:190} INFO - [2026-06-30T14:43:15.674+0000] {dag.py:3211} INFO - Sync 1 DAGs
[2026-06-30T14:43:15.696+0000] {logging_mixin.py:190} INFO - [2026-06-30T14:43:15.696+0000] {dag.py:4138} INFO - Setting next_dagrun for airflow_sanity_check to None, run_after=None
[2026-06-30T14:43:15.724+0000] {processor.py:208} INFO - Processing /opt/airflow/dags/sanity_checks.py took 0.123 seconds
[2026-06-30T14:49:43.703+0000] {processor.py:186} INFO - Started process (PID=1029) to work on /opt/airflow/dags/sanity_checks.py
[2026-06-30T14:49:43.706+0000] {processor.py:914} INFO - Processing file /opt/airflow/dags/sanity_checks.py for tasks to queue
[2026-06-30T14:49:43.715+0000] {logging_mixin.py:190} INFO - [2026-06-30T14:49:43.714+0000] {dagbag.py:587} INFO - Filling up the DagBag from /opt/airflow/dags/sanity_checks.py
[2026-06-30T14:49:43.747+0000] {processor.py:925} INFO - DAG(s) 'airflow_sanity_check' retrieved from /opt/airflow/dags/sanity_checks.py
[2026-06-30T14:49:43.829+0000] {logging_mixin.py:190} INFO - [2026-06-30T14:49:43.828+0000] {dag.py:3211} INFO - Sync 1 DAGs
[2026-06-30T14:49:43.875+0000] {logging_mixin.py:190} INFO - [2026-06-30T14:49:43.874+0000] {dag.py:4138} INFO - Setting next_dagrun for airflow_sanity_check to None, run_after=None
[2026-06-30T14:49:43.926+0000] {processor.py:208} INFO - Processing /opt/airflow/dags/sanity_checks.py took 0.241 seconds
[2026-06-30T14:54:28.845+0000] {processor.py:186} INFO - Started process (PID=1039) to work on /opt/airflow/dags/sanity_checks.py
[2026-06-30T14:54:28.848+0000] {processor.py:914} INFO - Processing file /opt/airflow/dags/sanity_checks.py for tasks to queue
[2026-06-30T14:54:28.853+0000] {logging_mixin.py:190} INFO - [2026-06-30T14:54:28.853+0000] {dagbag.py:587} INFO - Filling up the DagBag from /opt/airflow/dags/sanity_checks.py
[2026-06-30T14:54:28.875+0000] {processor.py:925} INFO - DAG(s) 'airflow_sanity_check' retrieved from /opt/airflow/dags/sanity_checks.py
[2026-06-30T14:54:28.935+0000] {logging_mixin.py:190} INFO - [2026-06-30T14:54:28.935+0000] {dag.py:3211} INFO - Sync 1 DAGs
[2026-06-30T14:54:28.966+0000] {logging_mixin.py:190} INFO - [2026-06-30T14:54:28.966+0000] {dag.py:4138} INFO - Setting next_dagrun for airflow_sanity_check to None, run_after=None
[2026-06-30T14:54:29.005+0000] {processor.py:208} INFO - Processing /opt/airflow/dags/sanity_checks.py took 0.171 seconds
[2026-06-30T14:58:40.274+0000] {processor.py:186} INFO - Started process (PID=1049) to work on /opt/airflow/dags/sanity_checks.py
[2026-06-30T14:58:40.275+0000] {processor.py:914} INFO - Processing file /opt/airflow/dags/sanity_checks.py for tasks to queue
[2026-06-30T14:58:40.279+0000] {logging_mixin.py:190} INFO - [2026-06-30T14:58:40.279+0000] {dagbag.py:587} INFO - Filling up the DagBag from /opt/airflow/dags/sanity_checks.py
[2026-06-30T14:58:40.295+0000] {processor.py:925} INFO - DAG(s) 'airflow_sanity_check' retrieved from /opt/airflow/dags/sanity_checks.py
[2026-06-30T14:58:40.336+0000] {logging_mixin.py:190} INFO - [2026-06-30T14:58:40.336+0000] {dag.py:3211} INFO - Sync 1 DAGs
[2026-06-30T14:58:40.362+0000] {logging_mixin.py:190} INFO - [2026-06-30T14:58:40.361+0000] {dag.py:4138} INFO - Setting next_dagrun for airflow_sanity_check to None, run_after=None
[2026-06-30T14:58:40.411+0000] {processor.py:208} INFO - Processing /opt/airflow/dags/sanity_checks.py took 0.146 seconds
[2026-06-30T15:09:34.840+0000] {processor.py:186} INFO - Started process (PID=1059) to work on /opt/airflow/dags/sanity_checks.py
[2026-06-30T15:09:34.846+0000] {processor.py:914} INFO - Processing file /opt/airflow/dags/sanity_checks.py for tasks to queue
[2026-06-30T15:09:34.872+0000] {logging_mixin.py:190} INFO - [2026-06-30T15:09:34.869+0000] {dagbag.py:587} INFO - Filling up the DagBag from /opt/airflow/dags/sanity_checks.py
[2026-06-30T15:09:34.982+0000] {processor.py:925} INFO - DAG(s) 'airflow_sanity_check' retrieved from /opt/airflow/dags/sanity_checks.py
[2026-06-30T15:09:35.191+0000] {logging_mixin.py:190} INFO - [2026-06-30T15:09:35.189+0000] {dag.py:3211} INFO - Sync 1 DAGs
[2026-06-30T15:09:35.298+0000] {logging_mixin.py:190} INFO - [2026-06-30T15:09:35.296+0000] {dag.py:4138} INFO - Setting next_dagrun for airflow_sanity_check to None, run_after=None
[2026-06-30T15:09:35.446+0000] {processor.py:208} INFO - Processing /opt/airflow/dags/sanity_checks.py took 0.657 seconds
[2026-06-30T16:59:00.503+0000] {processor.py:186} INFO - Started process (PID=1069) to work on /opt/airflow/dags/sanity_checks.py
[2026-06-30T16:59:00.509+0000] {processor.py:914} INFO - Processing file /opt/airflow/dags/sanity_checks.py for tasks to queue
[2026-06-30T16:59:00.525+0000] {logging_mixin.py:190} INFO - [2026-06-30T16:59:00.523+0000] {dagbag.py:587} INFO - Filling up the DagBag from /opt/airflow/dags/sanity_checks.py
[2026-06-30T16:59:00.595+0000] {processor.py:925} INFO - DAG(s) 'airflow_sanity_check' retrieved from /opt/airflow/dags/sanity_checks.py
[2026-06-30T16:59:00.865+0000] {logging_mixin.py:190} INFO - [2026-06-30T16:59:00.864+0000] {dag.py:3211} INFO - Sync 1 DAGs
[2026-06-30T16:59:00.994+0000] {logging_mixin.py:190} INFO - [2026-06-30T16:59:00.993+0000] {dag.py:4138} INFO - Setting next_dagrun for airflow_sanity_check to None, run_after=None
[2026-06-30T16:59:01.242+0000] {processor.py:208} INFO - Processing /opt/airflow/dags/sanity_checks.py took 0.792 seconds
[2026-06-30T16:59:32.276+0000] {processor.py:186} INFO - Started process (PID=1079) to work on /opt/airflow/dags/sanity_checks.py
[2026-06-30T16:59:32.337+0000] {processor.py:914} INFO - Processing file /opt/airflow/dags/sanity_checks.py for tasks to queue
[2026-06-30T16:59:32.386+0000] {logging_mixin.py:190} INFO - [2026-06-30T16:59:32.383+0000] {dagbag.py:587} INFO - Filling up the DagBag from /opt/airflow/dags/sanity_checks.py
[2026-06-30T16:59:32.806+0000] {processor.py:925} INFO - DAG(s) 'airflow_sanity_check' retrieved from /opt/airflow/dags/sanity_checks.py
[2026-06-30T16:59:33.632+0000] {logging_mixin.py:190} INFO - [2026-06-30T16:59:33.630+0000] {dag.py:3211} INFO - Sync 1 DAGs
[2026-06-30T16:59:34.260+0000] {logging_mixin.py:190} INFO - [2026-06-30T16:59:34.253+0000] {dag.py:4138} INFO - Setting next_dagrun for airflow_sanity_check to None, run_after=None
[2026-06-30T16:59:34.846+0000] {processor.py:208} INFO - Processing /opt/airflow/dags/sanity_checks.py took 2.686 seconds
[2026-06-30T18:45:05.197+0000] {processor.py:186} INFO - Started process (PID=1089) to work on /opt/airflow/dags/sanity_checks.py
[2026-06-30T18:45:05.208+0000] {processor.py:914} INFO - Processing file /opt/airflow/dags/sanity_checks.py for tasks to queue
[2026-06-30T18:45:05.237+0000] {logging_mixin.py:190} INFO - [2026-06-30T18:45:05.233+0000] {dagbag.py:587} INFO - Filling up the DagBag from /opt/airflow/dags/sanity_checks.py
[2026-06-30T18:45:05.356+0000] {processor.py:925} INFO - DAG(s) 'airflow_sanity_check' retrieved from /opt/airflow/dags/sanity_checks.py
[2026-06-30T18:45:05.865+0000] {logging_mixin.py:190} INFO - [2026-06-30T18:45:05.864+0000] {dag.py:3211} INFO - Sync 1 DAGs
[2026-06-30T18:45:06.053+0000] {logging_mixin.py:190} INFO - [2026-06-30T18:45:06.052+0000] {dag.py:4138} INFO - Setting next_dagrun for airflow_sanity_check to None, run_after=None
[2026-06-30T18:45:06.348+0000] {processor.py:208} INFO - Processing /opt/airflow/dags/sanity_checks.py took 1.201 seconds
[2026-06-30T19:01:00.100+0000] {processor.py:186} INFO - Started process (PID=1099) to work on /opt/airflow/dags/sanity_checks.py
[2026-06-30T19:01:00.107+0000] {processor.py:914} INFO - Processing file /opt/airflow/dags/sanity_checks.py for tasks to queue
[2026-06-30T19:01:00.119+0000] {logging_mixin.py:190} INFO - [2026-06-30T19:01:00.118+0000] {dagbag.py:587} INFO - Filling up the DagBag from /opt/airflow/dags/sanity_checks.py
[2026-06-30T19:01:00.165+0000] {processor.py:925} INFO - DAG(s) 'airflow_sanity_check' retrieved from /opt/airflow/dags/sanity_checks.py
[2026-06-30T19:01:00.275+0000] {logging_mixin.py:190} INFO - [2026-06-30T19:01:00.274+0000] {dag.py:3211} INFO - Sync 1 DAGs
[2026-06-30T19:01:00.335+0000] {logging_mixin.py:190} INFO - [2026-06-30T19:01:00.334+0000] {dag.py:4138} INFO - Setting next_dagrun for airflow_sanity_check to None, run_after=None
[2026-06-30T19:01:00.406+0000] {processor.py:208} INFO - Processing /opt/airflow/dags/sanity_checks.py took 0.332 seconds
[2026-06-30T19:39:47.099+0000] {processor.py:186} INFO - Started process (PID=1109) to work on /opt/airflow/dags/sanity_checks.py
[2026-06-30T19:39:47.109+0000] {processor.py:914} INFO - Processing file /opt/airflow/dags/sanity_checks.py for tasks to queue
[2026-06-30T19:39:47.128+0000] {logging_mixin.py:190} INFO - [2026-06-30T19:39:47.126+0000] {dagbag.py:587} INFO - Filling up the DagBag from /opt/airflow/dags/sanity_checks.py
[2026-06-30T19:39:47.199+0000] {processor.py:925} INFO - DAG(s) 'airflow_sanity_check' retrieved from /opt/airflow/dags/sanity_checks.py
[2026-06-30T19:39:47.432+0000] {logging_mixin.py:190} INFO - [2026-06-30T19:39:47.431+0000] {dag.py:3211} INFO - Sync 1 DAGs
[2026-06-30T19:39:47.633+0000] {logging_mixin.py:190} INFO - [2026-06-30T19:39:47.626+0000] {dag.py:4138} INFO - Setting next_dagrun for airflow_sanity_check to None, run_after=None
[2026-06-30T19:39:47.883+0000] {processor.py:208} INFO - Processing /opt/airflow/dags/sanity_checks.py took 0.842 seconds
[2026-06-30T20:01:14.324+0000] {processor.py:186} INFO - Started process (PID=1119) to work on /opt/airflow/dags/sanity_checks.py
[2026-06-30T20:01:14.368+0000] {processor.py:914} INFO - Processing file /opt/airflow/dags/sanity_checks.py for tasks to queue
[2026-06-30T20:01:14.450+0000] {logging_mixin.py:190} INFO - [2026-06-30T20:01:14.438+0000] {dagbag.py:587} INFO - Filling up the DagBag from /opt/airflow/dags/sanity_checks.py
[2026-06-30T20:01:14.543+0000] {processor.py:925} INFO - DAG(s) 'airflow_sanity_check' retrieved from /opt/airflow/dags/sanity_checks.py
[2026-06-30T20:01:14.738+0000] {logging_mixin.py:190} INFO - [2026-06-30T20:01:14.737+0000] {dag.py:3211} INFO - Sync 1 DAGs
[2026-06-30T20:01:14.840+0000] {logging_mixin.py:190} INFO - [2026-06-30T20:01:14.839+0000] {dag.py:4138} INFO - Setting next_dagrun for airflow_sanity_check to None, run_after=None
[2026-06-30T20:01:15.006+0000] {processor.py:208} INFO - Processing /opt/airflow/dags/sanity_checks.py took 0.809 seconds
