[2026-06-30T13:48:06.913+0000] {processor.py:186} INFO - Started process (PID=175) to work on /opt/airflow/dags/tmdb_incremental_sync.py
[2026-06-30T13:48:06.917+0000] {processor.py:914} INFO - Processing file /opt/airflow/dags/tmdb_incremental_sync.py for tasks to queue
[2026-06-30T13:48:06.930+0000] {logging_mixin.py:190} INFO - [2026-06-30T13:48:06.929+0000] {dagbag.py:587} INFO - Filling up the DagBag from /opt/airflow/dags/tmdb_incremental_sync.py
[2026-06-30T13:48:07.091+0000] {processor.py:925} INFO - DAG(s) 'tmdb_incremental_sync' retrieved from /opt/airflow/dags/tmdb_incremental_sync.py
[2026-06-30T13:48:07.524+0000] {logging_mixin.py:190} INFO - [2026-06-30T13:48:07.523+0000] {dag.py:3211} INFO - Sync 1 DAGs
[2026-06-30T13:48:07.689+0000] {logging_mixin.py:190} INFO - [2026-06-30T13:48:07.688+0000] {dag.py:4138} INFO - Setting next_dagrun for tmdb_incremental_sync to 2026-06-30 00:00:00+00:00, run_after=2026-07-01 00:00:00+00:00
[2026-06-30T13:48:07.757+0000] {processor.py:208} INFO - Processing /opt/airflow/dags/tmdb_incremental_sync.py took 0.867 seconds
[2026-06-30T13:48:37.961+0000] {processor.py:186} INFO - Started process (PID=192) to work on /opt/airflow/dags/tmdb_incremental_sync.py
[2026-06-30T13:48:37.964+0000] {processor.py:914} INFO - Processing file /opt/airflow/dags/tmdb_incremental_sync.py for tasks to queue
[2026-06-30T13:48:37.981+0000] {logging_mixin.py:190} INFO - [2026-06-30T13:48:37.980+0000] {dagbag.py:587} INFO - Filling up the DagBag from /opt/airflow/dags/tmdb_incremental_sync.py
[2026-06-30T13:48:38.025+0000] {processor.py:925} INFO - DAG(s) 'tmdb_incremental_sync' retrieved from /opt/airflow/dags/tmdb_incremental_sync.py
[2026-06-30T13:48:38.081+0000] {logging_mixin.py:190} INFO - [2026-06-30T13:48:38.081+0000] {dag.py:3211} INFO - Sync 1 DAGs
[2026-06-30T13:48:38.132+0000] {logging_mixin.py:190} INFO - [2026-06-30T13:48:38.132+0000] {dag.py:4138} INFO - Setting next_dagrun for tmdb_incremental_sync to 2026-06-30 00:00:00+00:00, run_after=2026-07-01 00:00:00+00:00
[2026-06-30T13:48:38.158+0000] {processor.py:208} INFO - Processing /opt/airflow/dags/tmdb_incremental_sync.py took 0.210 seconds
[2026-06-30T13:49:08.557+0000] {processor.py:186} INFO - Started process (PID=222) to work on /opt/airflow/dags/tmdb_incremental_sync.py
[2026-06-30T13:49:08.561+0000] {processor.py:914} INFO - Processing file /opt/airflow/dags/tmdb_incremental_sync.py for tasks to queue
[2026-06-30T13:49:08.570+0000] {logging_mixin.py:190} INFO - [2026-06-30T13:49:08.569+0000] {dagbag.py:587} INFO - Filling up the DagBag from /opt/airflow/dags/tmdb_incremental_sync.py
[2026-06-30T13:49:08.662+0000] {processor.py:925} INFO - DAG(s) 'tmdb_incremental_sync' retrieved from /opt/airflow/dags/tmdb_incremental_sync.py
[2026-06-30T13:49:08.854+0000] {logging_mixin.py:190} INFO - [2026-06-30T13:49:08.853+0000] {dag.py:3211} INFO - Sync 1 DAGs
[2026-06-30T13:49:09.014+0000] {logging_mixin.py:190} INFO - [2026-06-30T13:49:09.014+0000] {dag.py:4138} INFO - Setting next_dagrun for tmdb_incremental_sync to 2026-06-30 00:00:00+00:00, run_after=2026-07-01 00:00:00+00:00
[2026-06-30T13:49:09.078+0000] {processor.py:208} INFO - Processing /opt/airflow/dags/tmdb_incremental_sync.py took 0.561 seconds
[2026-06-30T13:49:39.500+0000] {processor.py:186} INFO - Started process (PID=232) to work on /opt/airflow/dags/tmdb_incremental_sync.py
[2026-06-30T13:49:39.517+0000] {processor.py:914} INFO - Processing file /opt/airflow/dags/tmdb_incremental_sync.py for tasks to queue
[2026-06-30T13:49:39.540+0000] {logging_mixin.py:190} INFO - [2026-06-30T13:49:39.539+0000] {dagbag.py:587} INFO - Filling up the DagBag from /opt/airflow/dags/tmdb_incremental_sync.py
[2026-06-30T13:49:39.628+0000] {processor.py:925} INFO - DAG(s) 'tmdb_incremental_sync' retrieved from /opt/airflow/dags/tmdb_incremental_sync.py
[2026-06-30T13:49:39.729+0000] {logging_mixin.py:190} INFO - [2026-06-30T13:49:39.728+0000] {dag.py:3211} INFO - Sync 1 DAGs
[2026-06-30T13:49:39.824+0000] {logging_mixin.py:190} INFO - [2026-06-30T13:49:39.823+0000] {dag.py:4138} INFO - Setting next_dagrun for tmdb_incremental_sync to 2026-06-30 00:00:00+00:00, run_after=2026-07-01 00:00:00+00:00
[2026-06-30T13:49:39.870+0000] {processor.py:208} INFO - Processing /opt/airflow/dags/tmdb_incremental_sync.py took 0.384 seconds
[2026-06-30T13:50:10.119+0000] {processor.py:186} INFO - Started process (PID=242) to work on /opt/airflow/dags/tmdb_incremental_sync.py
[2026-06-30T13:50:10.124+0000] {processor.py:914} INFO - Processing file /opt/airflow/dags/tmdb_incremental_sync.py for tasks to queue
[2026-06-30T13:50:10.132+0000] {logging_mixin.py:190} INFO - [2026-06-30T13:50:10.130+0000] {dagbag.py:587} INFO - Filling up the DagBag from /opt/airflow/dags/tmdb_incremental_sync.py
[2026-06-30T13:50:10.235+0000] {processor.py:925} INFO - DAG(s) 'tmdb_incremental_sync' retrieved from /opt/airflow/dags/tmdb_incremental_sync.py
[2026-06-30T13:50:10.328+0000] {logging_mixin.py:190} INFO - [2026-06-30T13:50:10.328+0000] {dag.py:3211} INFO - Sync 1 DAGs
[2026-06-30T13:50:10.378+0000] {logging_mixin.py:190} INFO - [2026-06-30T13:50:10.377+0000] {dag.py:4138} INFO - Setting next_dagrun for tmdb_incremental_sync to 2026-06-30 00:00:00+00:00, run_after=2026-07-01 00:00:00+00:00
[2026-06-30T13:50:10.403+0000] {processor.py:208} INFO - Processing /opt/airflow/dags/tmdb_incremental_sync.py took 0.301 seconds
[2026-06-30T13:50:40.702+0000] {processor.py:186} INFO - Started process (PID=252) to work on /opt/airflow/dags/tmdb_incremental_sync.py
[2026-06-30T13:50:40.706+0000] {processor.py:914} INFO - Processing file /opt/airflow/dags/tmdb_incremental_sync.py for tasks to queue
[2026-06-30T13:50:40.711+0000] {logging_mixin.py:190} INFO - [2026-06-30T13:50:40.711+0000] {dagbag.py:587} INFO - Filling up the DagBag from /opt/airflow/dags/tmdb_incremental_sync.py
[2026-06-30T13:50:40.780+0000] {processor.py:925} INFO - DAG(s) 'tmdb_incremental_sync' retrieved from /opt/airflow/dags/tmdb_incremental_sync.py
[2026-06-30T13:50:40.839+0000] {logging_mixin.py:190} INFO - [2026-06-30T13:50:40.838+0000] {dag.py:3211} INFO - Sync 1 DAGs
[2026-06-30T13:50:40.889+0000] {logging_mixin.py:190} INFO - [2026-06-30T13:50:40.889+0000] {dag.py:4138} INFO - Setting next_dagrun for tmdb_incremental_sync to 2026-06-30 00:00:00+00:00, run_after=2026-07-01 00:00:00+00:00
[2026-06-30T13:50:40.924+0000] {processor.py:208} INFO - Processing /opt/airflow/dags/tmdb_incremental_sync.py took 0.237 seconds
[2026-06-30T13:51:11.209+0000] {processor.py:186} INFO - Started process (PID=262) to work on /opt/airflow/dags/tmdb_incremental_sync.py
[2026-06-30T13:51:11.211+0000] {processor.py:914} INFO - Processing file /opt/airflow/dags/tmdb_incremental_sync.py for tasks to queue
[2026-06-30T13:51:11.215+0000] {logging_mixin.py:190} INFO - [2026-06-30T13:51:11.215+0000] {dagbag.py:587} INFO - Filling up the DagBag from /opt/airflow/dags/tmdb_incremental_sync.py
[2026-06-30T13:51:11.251+0000] {processor.py:925} INFO - DAG(s) 'tmdb_incremental_sync' retrieved from /opt/airflow/dags/tmdb_incremental_sync.py
[2026-06-30T13:51:11.308+0000] {logging_mixin.py:190} INFO - [2026-06-30T13:51:11.307+0000] {dag.py:3211} INFO - Sync 1 DAGs
[2026-06-30T13:51:11.366+0000] {logging_mixin.py:190} INFO - [2026-06-30T13:51:11.366+0000] {dag.py:4138} INFO - Setting next_dagrun for tmdb_incremental_sync to 2026-06-30 00:00:00+00:00, run_after=2026-07-01 00:00:00+00:00
[2026-06-30T13:51:11.393+0000] {processor.py:208} INFO - Processing /opt/airflow/dags/tmdb_incremental_sync.py took 0.191 seconds
[2026-06-30T13:51:41.912+0000] {processor.py:186} INFO - Started process (PID=272) to work on /opt/airflow/dags/tmdb_incremental_sync.py
[2026-06-30T13:51:41.915+0000] {processor.py:914} INFO - Processing file /opt/airflow/dags/tmdb_incremental_sync.py for tasks to queue
[2026-06-30T13:51:41.925+0000] {logging_mixin.py:190} INFO - [2026-06-30T13:51:41.924+0000] {dagbag.py:587} INFO - Filling up the DagBag from /opt/airflow/dags/tmdb_incremental_sync.py
[2026-06-30T13:51:42.005+0000] {processor.py:925} INFO - DAG(s) 'tmdb_incremental_sync' retrieved from /opt/airflow/dags/tmdb_incremental_sync.py
[2026-06-30T13:51:42.123+0000] {logging_mixin.py:190} INFO - [2026-06-30T13:51:42.123+0000] {dag.py:3211} INFO - Sync 1 DAGs
[2026-06-30T13:51:42.183+0000] {logging_mixin.py:190} INFO - [2026-06-30T13:51:42.182+0000] {dag.py:4138} INFO - Setting next_dagrun for tmdb_incremental_sync to 2026-06-30 00:00:00+00:00, run_after=2026-07-01 00:00:00+00:00
[2026-06-30T13:51:42.216+0000] {processor.py:208} INFO - Processing /opt/airflow/dags/tmdb_incremental_sync.py took 0.324 seconds
[2026-06-30T13:52:12.733+0000] {processor.py:186} INFO - Started process (PID=282) to work on /opt/airflow/dags/tmdb_incremental_sync.py
[2026-06-30T13:52:12.736+0000] {processor.py:914} INFO - Processing file /opt/airflow/dags/tmdb_incremental_sync.py for tasks to queue
[2026-06-30T13:52:12.747+0000] {logging_mixin.py:190} INFO - [2026-06-30T13:52:12.744+0000] {dagbag.py:587} INFO - Filling up the DagBag from /opt/airflow/dags/tmdb_incremental_sync.py
[2026-06-30T13:52:12.807+0000] {processor.py:925} INFO - DAG(s) 'tmdb_incremental_sync' retrieved from /opt/airflow/dags/tmdb_incremental_sync.py
[2026-06-30T13:52:12.881+0000] {logging_mixin.py:190} INFO - [2026-06-30T13:52:12.880+0000] {dag.py:3211} INFO - Sync 1 DAGs
[2026-06-30T13:52:12.943+0000] {logging_mixin.py:190} INFO - [2026-06-30T13:52:12.943+0000] {dag.py:4138} INFO - Setting next_dagrun for tmdb_incremental_sync to 2026-06-30 00:00:00+00:00, run_after=2026-07-01 00:00:00+00:00
[2026-06-30T13:52:12.974+0000] {processor.py:208} INFO - Processing /opt/airflow/dags/tmdb_incremental_sync.py took 0.254 seconds
[2026-06-30T13:52:43.508+0000] {processor.py:186} INFO - Started process (PID=292) to work on /opt/airflow/dags/tmdb_incremental_sync.py
[2026-06-30T13:52:43.510+0000] {processor.py:914} INFO - Processing file /opt/airflow/dags/tmdb_incremental_sync.py for tasks to queue
[2026-06-30T13:52:43.515+0000] {logging_mixin.py:190} INFO - [2026-06-30T13:52:43.514+0000] {dagbag.py:587} INFO - Filling up the DagBag from /opt/airflow/dags/tmdb_incremental_sync.py
[2026-06-30T13:52:43.575+0000] {processor.py:925} INFO - DAG(s) 'tmdb_incremental_sync' retrieved from /opt/airflow/dags/tmdb_incremental_sync.py
[2026-06-30T13:52:43.629+0000] {logging_mixin.py:190} INFO - [2026-06-30T13:52:43.629+0000] {dag.py:3211} INFO - Sync 1 DAGs
[2026-06-30T13:52:43.696+0000] {logging_mixin.py:190} INFO - [2026-06-30T13:52:43.695+0000] {dag.py:4138} INFO - Setting next_dagrun for tmdb_incremental_sync to 2026-06-30 00:00:00+00:00, run_after=2026-07-01 00:00:00+00:00
[2026-06-30T13:52:43.746+0000] {processor.py:208} INFO - Processing /opt/airflow/dags/tmdb_incremental_sync.py took 0.257 seconds
[2026-06-30T13:53:14.119+0000] {processor.py:186} INFO - Started process (PID=302) to work on /opt/airflow/dags/tmdb_incremental_sync.py
[2026-06-30T13:53:14.122+0000] {processor.py:914} INFO - Processing file /opt/airflow/dags/tmdb_incremental_sync.py for tasks to queue
[2026-06-30T13:53:14.130+0000] {logging_mixin.py:190} INFO - [2026-06-30T13:53:14.129+0000] {dagbag.py:587} INFO - Filling up the DagBag from /opt/airflow/dags/tmdb_incremental_sync.py
[2026-06-30T13:53:14.209+0000] {processor.py:925} INFO - DAG(s) 'tmdb_incremental_sync' retrieved from /opt/airflow/dags/tmdb_incremental_sync.py
[2026-06-30T13:53:14.316+0000] {logging_mixin.py:190} INFO - [2026-06-30T13:53:14.316+0000] {dag.py:3211} INFO - Sync 1 DAGs
[2026-06-30T13:53:14.394+0000] {logging_mixin.py:190} INFO - [2026-06-30T13:53:14.393+0000] {dag.py:4138} INFO - Setting next_dagrun for tmdb_incremental_sync to 2026-06-30 00:00:00+00:00, run_after=2026-07-01 00:00:00+00:00
[2026-06-30T13:53:14.450+0000] {processor.py:208} INFO - Processing /opt/airflow/dags/tmdb_incremental_sync.py took 0.349 seconds
[2026-06-30T13:53:44.717+0000] {processor.py:186} INFO - Started process (PID=312) to work on /opt/airflow/dags/tmdb_incremental_sync.py
[2026-06-30T13:53:44.720+0000] {processor.py:914} INFO - Processing file /opt/airflow/dags/tmdb_incremental_sync.py for tasks to queue
[2026-06-30T13:53:44.725+0000] {logging_mixin.py:190} INFO - [2026-06-30T13:53:44.724+0000] {dagbag.py:587} INFO - Filling up the DagBag from /opt/airflow/dags/tmdb_incremental_sync.py
[2026-06-30T13:53:44.779+0000] {processor.py:925} INFO - DAG(s) 'tmdb_incremental_sync' retrieved from /opt/airflow/dags/tmdb_incremental_sync.py
[2026-06-30T13:53:44.856+0000] {logging_mixin.py:190} INFO - [2026-06-30T13:53:44.855+0000] {dag.py:3211} INFO - Sync 1 DAGs
[2026-06-30T13:53:44.938+0000] {logging_mixin.py:190} INFO - [2026-06-30T13:53:44.938+0000] {dag.py:4138} INFO - Setting next_dagrun for tmdb_incremental_sync to 2026-06-30 00:00:00+00:00, run_after=2026-07-01 00:00:00+00:00
[2026-06-30T13:53:44.971+0000] {processor.py:208} INFO - Processing /opt/airflow/dags/tmdb_incremental_sync.py took 0.270 seconds
[2026-06-30T13:54:15.287+0000] {processor.py:186} INFO - Started process (PID=322) to work on /opt/airflow/dags/tmdb_incremental_sync.py
[2026-06-30T13:54:15.289+0000] {processor.py:914} INFO - Processing file /opt/airflow/dags/tmdb_incremental_sync.py for tasks to queue
[2026-06-30T13:54:15.293+0000] {logging_mixin.py:190} INFO - [2026-06-30T13:54:15.292+0000] {dagbag.py:587} INFO - Filling up the DagBag from /opt/airflow/dags/tmdb_incremental_sync.py
[2026-06-30T13:54:15.334+0000] {processor.py:925} INFO - DAG(s) 'tmdb_incremental_sync' retrieved from /opt/airflow/dags/tmdb_incremental_sync.py
[2026-06-30T13:54:15.393+0000] {logging_mixin.py:190} INFO - [2026-06-30T13:54:15.393+0000] {dag.py:3211} INFO - Sync 1 DAGs
[2026-06-30T13:54:15.457+0000] {logging_mixin.py:190} INFO - [2026-06-30T13:54:15.456+0000] {dag.py:4138} INFO - Setting next_dagrun for tmdb_incremental_sync to 2026-06-30 00:00:00+00:00, run_after=2026-07-01 00:00:00+00:00
[2026-06-30T13:54:15.499+0000] {processor.py:208} INFO - Processing /opt/airflow/dags/tmdb_incremental_sync.py took 0.244 seconds
[2026-06-30T13:54:45.809+0000] {processor.py:186} INFO - Started process (PID=332) to work on /opt/airflow/dags/tmdb_incremental_sync.py
[2026-06-30T13:54:45.810+0000] {processor.py:914} INFO - Processing file /opt/airflow/dags/tmdb_incremental_sync.py for tasks to queue
[2026-06-30T13:54:45.815+0000] {logging_mixin.py:190} INFO - [2026-06-30T13:54:45.814+0000] {dagbag.py:587} INFO - Filling up the DagBag from /opt/airflow/dags/tmdb_incremental_sync.py
[2026-06-30T13:54:45.857+0000] {processor.py:925} INFO - DAG(s) 'tmdb_incremental_sync' retrieved from /opt/airflow/dags/tmdb_incremental_sync.py
[2026-06-30T13:54:45.916+0000] {logging_mixin.py:190} INFO - [2026-06-30T13:54:45.916+0000] {dag.py:3211} INFO - Sync 1 DAGs
[2026-06-30T13:54:45.954+0000] {logging_mixin.py:190} INFO - [2026-06-30T13:54:45.954+0000] {dag.py:4138} INFO - Setting next_dagrun for tmdb_incremental_sync to 2026-06-30 00:00:00+00:00, run_after=2026-07-01 00:00:00+00:00
[2026-06-30T13:54:45.992+0000] {processor.py:208} INFO - Processing /opt/airflow/dags/tmdb_incremental_sync.py took 0.194 seconds
[2026-06-30T13:55:16.279+0000] {processor.py:186} INFO - Started process (PID=342) to work on /opt/airflow/dags/tmdb_incremental_sync.py
[2026-06-30T13:55:16.281+0000] {processor.py:914} INFO - Processing file /opt/airflow/dags/tmdb_incremental_sync.py for tasks to queue
[2026-06-30T13:55:16.285+0000] {logging_mixin.py:190} INFO - [2026-06-30T13:55:16.284+0000] {dagbag.py:587} INFO - Filling up the DagBag from /opt/airflow/dags/tmdb_incremental_sync.py
[2026-06-30T13:55:16.342+0000] {processor.py:925} INFO - DAG(s) 'tmdb_incremental_sync' retrieved from /opt/airflow/dags/tmdb_incremental_sync.py
[2026-06-30T13:55:16.438+0000] {logging_mixin.py:190} INFO - [2026-06-30T13:55:16.437+0000] {dag.py:3211} INFO - Sync 1 DAGs
[2026-06-30T13:55:16.613+0000] {logging_mixin.py:190} INFO - [2026-06-30T13:55:16.613+0000] {dag.py:4138} INFO - Setting next_dagrun for tmdb_incremental_sync to 2026-06-30 00:00:00+00:00, run_after=2026-07-01 00:00:00+00:00
[2026-06-30T13:55:16.652+0000] {processor.py:208} INFO - Processing /opt/airflow/dags/tmdb_incremental_sync.py took 0.381 seconds
[2026-06-30T13:55:47.726+0000] {processor.py:186} INFO - Started process (PID=352) to work on /opt/airflow/dags/tmdb_incremental_sync.py
[2026-06-30T13:55:47.731+0000] {processor.py:914} INFO - Processing file /opt/airflow/dags/tmdb_incremental_sync.py for tasks to queue
[2026-06-30T13:55:47.745+0000] {logging_mixin.py:190} INFO - [2026-06-30T13:55:47.744+0000] {dagbag.py:587} INFO - Filling up the DagBag from /opt/airflow/dags/tmdb_incremental_sync.py
[2026-06-30T13:55:48.109+0000] {processor.py:925} INFO - DAG(s) 'tmdb_incremental_sync' retrieved from /opt/airflow/dags/tmdb_incremental_sync.py
[2026-06-30T13:55:48.380+0000] {logging_mixin.py:190} INFO - [2026-06-30T13:55:48.379+0000] {dag.py:3211} INFO - Sync 1 DAGs
[2026-06-30T13:55:48.566+0000] {logging_mixin.py:190} INFO - [2026-06-30T13:55:48.561+0000] {dag.py:4138} INFO - Setting next_dagrun for tmdb_incremental_sync to 2026-06-30 00:00:00+00:00, run_after=2026-07-01 00:00:00+00:00
[2026-06-30T13:55:48.793+0000] {processor.py:208} INFO - Processing /opt/airflow/dags/tmdb_incremental_sync.py took 1.136 seconds
[2026-06-30T13:56:19.147+0000] {processor.py:186} INFO - Started process (PID=362) to work on /opt/airflow/dags/tmdb_incremental_sync.py
[2026-06-30T13:56:19.150+0000] {processor.py:914} INFO - Processing file /opt/airflow/dags/tmdb_incremental_sync.py for tasks to queue
[2026-06-30T13:56:19.160+0000] {logging_mixin.py:190} INFO - [2026-06-30T13:56:19.158+0000] {dagbag.py:587} INFO - Filling up the DagBag from /opt/airflow/dags/tmdb_incremental_sync.py
[2026-06-30T13:56:19.271+0000] {processor.py:925} INFO - DAG(s) 'tmdb_incremental_sync' retrieved from /opt/airflow/dags/tmdb_incremental_sync.py
[2026-06-30T13:56:19.412+0000] {logging_mixin.py:190} INFO - [2026-06-30T13:56:19.411+0000] {dag.py:3211} INFO - Sync 1 DAGs
[2026-06-30T13:56:19.528+0000] {logging_mixin.py:190} INFO - [2026-06-30T13:56:19.527+0000] {dag.py:4138} INFO - Setting next_dagrun for tmdb_incremental_sync to 2026-06-30 00:00:00+00:00, run_after=2026-07-01 00:00:00+00:00
[2026-06-30T13:56:19.688+0000] {processor.py:208} INFO - Processing /opt/airflow/dags/tmdb_incremental_sync.py took 0.566 seconds
[2026-06-30T13:56:50.123+0000] {processor.py:186} INFO - Started process (PID=372) to work on /opt/airflow/dags/tmdb_incremental_sync.py
[2026-06-30T13:56:50.124+0000] {processor.py:914} INFO - Processing file /opt/airflow/dags/tmdb_incremental_sync.py for tasks to queue
[2026-06-30T13:56:50.130+0000] {logging_mixin.py:190} INFO - [2026-06-30T13:56:50.129+0000] {dagbag.py:587} INFO - Filling up the DagBag from /opt/airflow/dags/tmdb_incremental_sync.py
[2026-06-30T13:56:50.214+0000] {processor.py:925} INFO - DAG(s) 'tmdb_incremental_sync' retrieved from /opt/airflow/dags/tmdb_incremental_sync.py
[2026-06-30T13:56:50.291+0000] {logging_mixin.py:190} INFO - [2026-06-30T13:56:50.291+0000] {dag.py:3211} INFO - Sync 1 DAGs
[2026-06-30T13:56:50.357+0000] {logging_mixin.py:190} INFO - [2026-06-30T13:56:50.357+0000] {dag.py:4138} INFO - Setting next_dagrun for tmdb_incremental_sync to 2026-06-30 00:00:00+00:00, run_after=2026-07-01 00:00:00+00:00
[2026-06-30T13:56:50.394+0000] {processor.py:208} INFO - Processing /opt/airflow/dags/tmdb_incremental_sync.py took 0.285 seconds
[2026-06-30T13:57:20.894+0000] {processor.py:186} INFO - Started process (PID=382) to work on /opt/airflow/dags/tmdb_incremental_sync.py
[2026-06-30T13:57:20.896+0000] {processor.py:914} INFO - Processing file /opt/airflow/dags/tmdb_incremental_sync.py for tasks to queue
[2026-06-30T13:57:20.901+0000] {logging_mixin.py:190} INFO - [2026-06-30T13:57:20.900+0000] {dagbag.py:587} INFO - Filling up the DagBag from /opt/airflow/dags/tmdb_incremental_sync.py
[2026-06-30T13:57:20.942+0000] {processor.py:925} INFO - DAG(s) 'tmdb_incremental_sync' retrieved from /opt/airflow/dags/tmdb_incremental_sync.py
[2026-06-30T13:57:21.004+0000] {logging_mixin.py:190} INFO - [2026-06-30T13:57:21.003+0000] {dag.py:3211} INFO - Sync 1 DAGs
[2026-06-30T13:57:21.058+0000] {logging_mixin.py:190} INFO - [2026-06-30T13:57:21.058+0000] {dag.py:4138} INFO - Setting next_dagrun for tmdb_incremental_sync to 2026-06-30 00:00:00+00:00, run_after=2026-07-01 00:00:00+00:00
[2026-06-30T13:57:21.092+0000] {processor.py:208} INFO - Processing /opt/airflow/dags/tmdb_incremental_sync.py took 0.210 seconds
[2026-06-30T13:57:51.464+0000] {processor.py:186} INFO - Started process (PID=392) to work on /opt/airflow/dags/tmdb_incremental_sync.py
[2026-06-30T13:57:51.467+0000] {processor.py:914} INFO - Processing file /opt/airflow/dags/tmdb_incremental_sync.py for tasks to queue
[2026-06-30T13:57:51.477+0000] {logging_mixin.py:190} INFO - [2026-06-30T13:57:51.476+0000] {dagbag.py:587} INFO - Filling up the DagBag from /opt/airflow/dags/tmdb_incremental_sync.py
[2026-06-30T13:57:51.530+0000] {processor.py:925} INFO - DAG(s) 'tmdb_incremental_sync' retrieved from /opt/airflow/dags/tmdb_incremental_sync.py
[2026-06-30T13:57:51.642+0000] {logging_mixin.py:190} INFO - [2026-06-30T13:57:51.641+0000] {dag.py:3211} INFO - Sync 1 DAGs
[2026-06-30T13:57:51.712+0000] {logging_mixin.py:190} INFO - [2026-06-30T13:57:51.711+0000] {dag.py:4138} INFO - Setting next_dagrun for tmdb_incremental_sync to 2026-06-30 00:00:00+00:00, run_after=2026-07-01 00:00:00+00:00
[2026-06-30T13:57:51.770+0000] {processor.py:208} INFO - Processing /opt/airflow/dags/tmdb_incremental_sync.py took 0.318 seconds
[2026-06-30T13:58:22.204+0000] {processor.py:186} INFO - Started process (PID=402) to work on /opt/airflow/dags/tmdb_incremental_sync.py
[2026-06-30T13:58:22.214+0000] {processor.py:914} INFO - Processing file /opt/airflow/dags/tmdb_incremental_sync.py for tasks to queue
[2026-06-30T13:58:22.233+0000] {logging_mixin.py:190} INFO - [2026-06-30T13:58:22.232+0000] {dagbag.py:587} INFO - Filling up the DagBag from /opt/airflow/dags/tmdb_incremental_sync.py
[2026-06-30T13:58:22.301+0000] {processor.py:925} INFO - DAG(s) 'tmdb_incremental_sync' retrieved from /opt/airflow/dags/tmdb_incremental_sync.py
[2026-06-30T13:58:22.393+0000] {logging_mixin.py:190} INFO - [2026-06-30T13:58:22.391+0000] {dag.py:3211} INFO - Sync 1 DAGs
[2026-06-30T13:58:22.474+0000] {logging_mixin.py:190} INFO - [2026-06-30T13:58:22.474+0000] {dag.py:4138} INFO - Setting next_dagrun for tmdb_incremental_sync to 2026-06-30 00:00:00+00:00, run_after=2026-07-01 00:00:00+00:00
[2026-06-30T13:58:22.521+0000] {processor.py:208} INFO - Processing /opt/airflow/dags/tmdb_incremental_sync.py took 0.337 seconds
[2026-06-30T13:58:53.042+0000] {processor.py:186} INFO - Started process (PID=412) to work on /opt/airflow/dags/tmdb_incremental_sync.py
[2026-06-30T13:58:53.045+0000] {processor.py:914} INFO - Processing file /opt/airflow/dags/tmdb_incremental_sync.py for tasks to queue
[2026-06-30T13:58:53.050+0000] {logging_mixin.py:190} INFO - [2026-06-30T13:58:53.049+0000] {dagbag.py:587} INFO - Filling up the DagBag from /opt/airflow/dags/tmdb_incremental_sync.py
[2026-06-30T13:58:53.109+0000] {processor.py:925} INFO - DAG(s) 'tmdb_incremental_sync' retrieved from /opt/airflow/dags/tmdb_incremental_sync.py
[2026-06-30T13:58:53.195+0000] {logging_mixin.py:190} INFO - [2026-06-30T13:58:53.195+0000] {dag.py:3211} INFO - Sync 1 DAGs
[2026-06-30T13:58:53.295+0000] {logging_mixin.py:190} INFO - [2026-06-30T13:58:53.295+0000] {dag.py:4138} INFO - Setting next_dagrun for tmdb_incremental_sync to 2026-06-30 00:00:00+00:00, run_after=2026-07-01 00:00:00+00:00
[2026-06-30T13:58:53.396+0000] {processor.py:208} INFO - Processing /opt/airflow/dags/tmdb_incremental_sync.py took 0.371 seconds
[2026-06-30T13:59:23.755+0000] {processor.py:186} INFO - Started process (PID=422) to work on /opt/airflow/dags/tmdb_incremental_sync.py
[2026-06-30T13:59:23.760+0000] {processor.py:914} INFO - Processing file /opt/airflow/dags/tmdb_incremental_sync.py for tasks to queue
[2026-06-30T13:59:23.776+0000] {logging_mixin.py:190} INFO - [2026-06-30T13:59:23.773+0000] {dagbag.py:587} INFO - Filling up the DagBag from /opt/airflow/dags/tmdb_incremental_sync.py
[2026-06-30T13:59:24.002+0000] {processor.py:925} INFO - DAG(s) 'tmdb_incremental_sync' retrieved from /opt/airflow/dags/tmdb_incremental_sync.py
[2026-06-30T13:59:24.102+0000] {logging_mixin.py:190} INFO - [2026-06-30T13:59:24.101+0000] {dag.py:3211} INFO - Sync 1 DAGs
[2026-06-30T13:59:24.296+0000] {logging_mixin.py:190} INFO - [2026-06-30T13:59:24.295+0000] {dag.py:4138} INFO - Setting next_dagrun for tmdb_incremental_sync to 2026-06-30 00:00:00+00:00, run_after=2026-07-01 00:00:00+00:00
[2026-06-30T13:59:24.357+0000] {processor.py:208} INFO - Processing /opt/airflow/dags/tmdb_incremental_sync.py took 0.628 seconds
[2026-06-30T13:59:54.751+0000] {processor.py:186} INFO - Started process (PID=432) to work on /opt/airflow/dags/tmdb_incremental_sync.py
[2026-06-30T13:59:54.760+0000] {processor.py:914} INFO - Processing file /opt/airflow/dags/tmdb_incremental_sync.py for tasks to queue
[2026-06-30T13:59:54.802+0000] {logging_mixin.py:190} INFO - [2026-06-30T13:59:54.801+0000] {dagbag.py:587} INFO - Filling up the DagBag from /opt/airflow/dags/tmdb_incremental_sync.py
[2026-06-30T13:59:55.139+0000] {processor.py:925} INFO - DAG(s) 'tmdb_incremental_sync' retrieved from /opt/airflow/dags/tmdb_incremental_sync.py
[2026-06-30T13:59:55.537+0000] {logging_mixin.py:190} INFO - [2026-06-30T13:59:55.532+0000] {dag.py:3211} INFO - Sync 1 DAGs
[2026-06-30T13:59:55.712+0000] {logging_mixin.py:190} INFO - [2026-06-30T13:59:55.711+0000] {dag.py:4138} INFO - Setting next_dagrun for tmdb_incremental_sync to 2026-06-30 00:00:00+00:00, run_after=2026-07-01 00:00:00+00:00
[2026-06-30T13:59:55.828+0000] {processor.py:208} INFO - Processing /opt/airflow/dags/tmdb_incremental_sync.py took 1.146 seconds
[2026-06-30T14:00:26.066+0000] {processor.py:186} INFO - Started process (PID=444) to work on /opt/airflow/dags/tmdb_incremental_sync.py
[2026-06-30T14:00:26.068+0000] {processor.py:914} INFO - Processing file /opt/airflow/dags/tmdb_incremental_sync.py for tasks to queue
[2026-06-30T14:00:26.074+0000] {logging_mixin.py:190} INFO - [2026-06-30T14:00:26.073+0000] {dagbag.py:587} INFO - Filling up the DagBag from /opt/airflow/dags/tmdb_incremental_sync.py
[2026-06-30T14:00:26.124+0000] {processor.py:925} INFO - DAG(s) 'tmdb_incremental_sync' retrieved from /opt/airflow/dags/tmdb_incremental_sync.py
[2026-06-30T14:00:26.210+0000] {logging_mixin.py:190} INFO - [2026-06-30T14:00:26.210+0000] {dag.py:3211} INFO - Sync 1 DAGs
[2026-06-30T14:00:26.296+0000] {logging_mixin.py:190} INFO - [2026-06-30T14:00:26.296+0000] {dag.py:4138} INFO - Setting next_dagrun for tmdb_incremental_sync to 2026-06-30 00:00:00+00:00, run_after=2026-07-01 00:00:00+00:00
[2026-06-30T14:00:26.351+0000] {processor.py:208} INFO - Processing /opt/airflow/dags/tmdb_incremental_sync.py took 0.298 seconds
[2026-06-30T14:00:56.483+0000] {processor.py:186} INFO - Started process (PID=452) to work on /opt/airflow/dags/tmdb_incremental_sync.py
[2026-06-30T14:00:56.485+0000] {processor.py:914} INFO - Processing file /opt/airflow/dags/tmdb_incremental_sync.py for tasks to queue
[2026-06-30T14:00:56.490+0000] {logging_mixin.py:190} INFO - [2026-06-30T14:00:56.489+0000] {dagbag.py:587} INFO - Filling up the DagBag from /opt/airflow/dags/tmdb_incremental_sync.py
[2026-06-30T14:00:56.546+0000] {processor.py:925} INFO - DAG(s) 'tmdb_incremental_sync' retrieved from /opt/airflow/dags/tmdb_incremental_sync.py
[2026-06-30T14:00:56.628+0000] {logging_mixin.py:190} INFO - [2026-06-30T14:00:56.627+0000] {dag.py:3211} INFO - Sync 1 DAGs
[2026-06-30T14:00:56.753+0000] {logging_mixin.py:190} INFO - [2026-06-30T14:00:56.752+0000] {dag.py:4138} INFO - Setting next_dagrun for tmdb_incremental_sync to 2026-06-30 00:00:00+00:00, run_after=2026-07-01 00:00:00+00:00
[2026-06-30T14:00:56.793+0000] {processor.py:208} INFO - Processing /opt/airflow/dags/tmdb_incremental_sync.py took 0.323 seconds
[2026-06-30T14:01:27.140+0000] {processor.py:186} INFO - Started process (PID=482) to work on /opt/airflow/dags/tmdb_incremental_sync.py
[2026-06-30T14:01:27.144+0000] {processor.py:914} INFO - Processing file /opt/airflow/dags/tmdb_incremental_sync.py for tasks to queue
[2026-06-30T14:01:27.153+0000] {logging_mixin.py:190} INFO - [2026-06-30T14:01:27.152+0000] {dagbag.py:587} INFO - Filling up the DagBag from /opt/airflow/dags/tmdb_incremental_sync.py
[2026-06-30T14:01:27.224+0000] {processor.py:925} INFO - DAG(s) 'tmdb_incremental_sync' retrieved from /opt/airflow/dags/tmdb_incremental_sync.py
[2026-06-30T14:01:27.298+0000] {logging_mixin.py:190} INFO - [2026-06-30T14:01:27.297+0000] {dag.py:3211} INFO - Sync 1 DAGs
[2026-06-30T14:01:27.364+0000] {logging_mixin.py:190} INFO - [2026-06-30T14:01:27.363+0000] {dag.py:4138} INFO - Setting next_dagrun for tmdb_incremental_sync to 2026-06-30 00:00:00+00:00, run_after=2026-07-01 00:00:00+00:00
[2026-06-30T14:01:27.400+0000] {processor.py:208} INFO - Processing /opt/airflow/dags/tmdb_incremental_sync.py took 0.282 seconds
[2026-06-30T14:01:57.884+0000] {processor.py:186} INFO - Started process (PID=492) to work on /opt/airflow/dags/tmdb_incremental_sync.py
[2026-06-30T14:01:57.888+0000] {processor.py:914} INFO - Processing file /opt/airflow/dags/tmdb_incremental_sync.py for tasks to queue
[2026-06-30T14:01:57.895+0000] {logging_mixin.py:190} INFO - [2026-06-30T14:01:57.894+0000] {dagbag.py:587} INFO - Filling up the DagBag from /opt/airflow/dags/tmdb_incremental_sync.py
[2026-06-30T14:01:57.987+0000] {processor.py:925} INFO - DAG(s) 'tmdb_incremental_sync' retrieved from /opt/airflow/dags/tmdb_incremental_sync.py
[2026-06-30T14:01:58.082+0000] {logging_mixin.py:190} INFO - [2026-06-30T14:01:58.082+0000] {dag.py:3211} INFO - Sync 1 DAGs
[2026-06-30T14:01:58.170+0000] {logging_mixin.py:190} INFO - [2026-06-30T14:01:58.169+0000] {dag.py:4138} INFO - Setting next_dagrun for tmdb_incremental_sync to 2026-06-30 00:00:00+00:00, run_after=2026-07-01 00:00:00+00:00
[2026-06-30T14:01:58.221+0000] {processor.py:208} INFO - Processing /opt/airflow/dags/tmdb_incremental_sync.py took 0.360 seconds
[2026-06-30T14:02:28.819+0000] {processor.py:186} INFO - Started process (PID=502) to work on /opt/airflow/dags/tmdb_incremental_sync.py
[2026-06-30T14:02:28.825+0000] {processor.py:914} INFO - Processing file /opt/airflow/dags/tmdb_incremental_sync.py for tasks to queue
[2026-06-30T14:02:28.834+0000] {logging_mixin.py:190} INFO - [2026-06-30T14:02:28.834+0000] {dagbag.py:587} INFO - Filling up the DagBag from /opt/airflow/dags/tmdb_incremental_sync.py
[2026-06-30T14:02:28.905+0000] {processor.py:925} INFO - DAG(s) 'tmdb_incremental_sync' retrieved from /opt/airflow/dags/tmdb_incremental_sync.py
[2026-06-30T14:02:28.991+0000] {logging_mixin.py:190} INFO - [2026-06-30T14:02:28.990+0000] {dag.py:3211} INFO - Sync 1 DAGs
[2026-06-30T14:02:29.084+0000] {logging_mixin.py:190} INFO - [2026-06-30T14:02:29.083+0000] {dag.py:4138} INFO - Setting next_dagrun for tmdb_incremental_sync to 2026-06-30 00:00:00+00:00, run_after=2026-07-01 00:00:00+00:00
[2026-06-30T14:02:29.137+0000] {processor.py:208} INFO - Processing /opt/airflow/dags/tmdb_incremental_sync.py took 0.357 seconds
[2026-06-30T14:03:00.262+0000] {processor.py:186} INFO - Started process (PID=512) to work on /opt/airflow/dags/tmdb_incremental_sync.py
[2026-06-30T14:03:00.283+0000] {processor.py:914} INFO - Processing file /opt/airflow/dags/tmdb_incremental_sync.py for tasks to queue
[2026-06-30T14:03:00.359+0000] {logging_mixin.py:190} INFO - [2026-06-30T14:03:00.343+0000] {dagbag.py:587} INFO - Filling up the DagBag from /opt/airflow/dags/tmdb_incremental_sync.py
[2026-06-30T14:03:00.921+0000] {processor.py:925} INFO - DAG(s) 'tmdb_incremental_sync' retrieved from /opt/airflow/dags/tmdb_incremental_sync.py
[2026-06-30T14:03:01.413+0000] {logging_mixin.py:190} INFO - [2026-06-30T14:03:01.386+0000] {dag.py:3211} INFO - Sync 1 DAGs
[2026-06-30T14:03:01.666+0000] {logging_mixin.py:190} INFO - [2026-06-30T14:03:01.665+0000] {dag.py:4138} INFO - Setting next_dagrun for tmdb_incremental_sync to 2026-06-30 00:00:00+00:00, run_after=2026-07-01 00:00:00+00:00
[2026-06-30T14:03:01.822+0000] {processor.py:208} INFO - Processing /opt/airflow/dags/tmdb_incremental_sync.py took 1.703 seconds
[2026-06-30T14:03:32.586+0000] {processor.py:186} INFO - Started process (PID=522) to work on /opt/airflow/dags/tmdb_incremental_sync.py
[2026-06-30T14:03:32.595+0000] {processor.py:914} INFO - Processing file /opt/airflow/dags/tmdb_incremental_sync.py for tasks to queue
[2026-06-30T14:03:32.620+0000] {logging_mixin.py:190} INFO - [2026-06-30T14:03:32.613+0000] {dagbag.py:587} INFO - Filling up the DagBag from /opt/airflow/dags/tmdb_incremental_sync.py
[2026-06-30T14:03:33.181+0000] {processor.py:925} INFO - DAG(s) 'tmdb_incremental_sync' retrieved from /opt/airflow/dags/tmdb_incremental_sync.py
[2026-06-30T14:03:33.450+0000] {logging_mixin.py:190} INFO - [2026-06-30T14:03:33.449+0000] {dag.py:3211} INFO - Sync 1 DAGs
[2026-06-30T14:03:33.906+0000] {logging_mixin.py:190} INFO - [2026-06-30T14:03:33.904+0000] {dag.py:4138} INFO - Setting next_dagrun for tmdb_incremental_sync to 2026-06-30 00:00:00+00:00, run_after=2026-07-01 00:00:00+00:00
[2026-06-30T14:03:34.195+0000] {processor.py:208} INFO - Processing /opt/airflow/dags/tmdb_incremental_sync.py took 1.649 seconds
[2026-06-30T14:04:05.152+0000] {processor.py:186} INFO - Started process (PID=532) to work on /opt/airflow/dags/tmdb_incremental_sync.py
[2026-06-30T14:04:05.170+0000] {processor.py:914} INFO - Processing file /opt/airflow/dags/tmdb_incremental_sync.py for tasks to queue
[2026-06-30T14:04:05.248+0000] {logging_mixin.py:190} INFO - [2026-06-30T14:04:05.232+0000] {dagbag.py:587} INFO - Filling up the DagBag from /opt/airflow/dags/tmdb_incremental_sync.py
[2026-06-30T14:04:05.915+0000] {processor.py:925} INFO - DAG(s) 'tmdb_incremental_sync' retrieved from /opt/airflow/dags/tmdb_incremental_sync.py
[2026-06-30T14:04:06.642+0000] {logging_mixin.py:190} INFO - [2026-06-30T14:04:06.637+0000] {dag.py:3211} INFO - Sync 1 DAGs
[2026-06-30T14:04:07.402+0000] {logging_mixin.py:190} INFO - [2026-06-30T14:04:07.400+0000] {dag.py:4138} INFO - Setting next_dagrun for tmdb_incremental_sync to 2026-06-30 00:00:00+00:00, run_after=2026-07-01 00:00:00+00:00
[2026-06-30T14:04:07.928+0000] {processor.py:208} INFO - Processing /opt/airflow/dags/tmdb_incremental_sync.py took 2.954 seconds
[2026-06-30T14:04:38.650+0000] {processor.py:186} INFO - Started process (PID=542) to work on /opt/airflow/dags/tmdb_incremental_sync.py
[2026-06-30T14:04:38.657+0000] {processor.py:914} INFO - Processing file /opt/airflow/dags/tmdb_incremental_sync.py for tasks to queue
[2026-06-30T14:04:38.681+0000] {logging_mixin.py:190} INFO - [2026-06-30T14:04:38.676+0000] {dagbag.py:587} INFO - Filling up the DagBag from /opt/airflow/dags/tmdb_incremental_sync.py
[2026-06-30T14:04:39.035+0000] {processor.py:925} INFO - DAG(s) 'tmdb_incremental_sync' retrieved from /opt/airflow/dags/tmdb_incremental_sync.py
[2026-06-30T14:04:39.438+0000] {logging_mixin.py:190} INFO - [2026-06-30T14:04:39.358+0000] {dag.py:3211} INFO - Sync 1 DAGs
[2026-06-30T14:04:39.829+0000] {logging_mixin.py:190} INFO - [2026-06-30T14:04:39.828+0000] {dag.py:4138} INFO - Setting next_dagrun for tmdb_incremental_sync to 2026-06-30 00:00:00+00:00, run_after=2026-07-01 00:00:00+00:00
[2026-06-30T14:04:40.124+0000] {processor.py:208} INFO - Processing /opt/airflow/dags/tmdb_incremental_sync.py took 1.526 seconds
[2026-06-30T14:05:10.442+0000] {processor.py:186} INFO - Started process (PID=554) to work on /opt/airflow/dags/tmdb_incremental_sync.py
[2026-06-30T14:05:10.446+0000] {processor.py:914} INFO - Processing file /opt/airflow/dags/tmdb_incremental_sync.py for tasks to queue
[2026-06-30T14:05:10.453+0000] {logging_mixin.py:190} INFO - [2026-06-30T14:05:10.452+0000] {dagbag.py:587} INFO - Filling up the DagBag from /opt/airflow/dags/tmdb_incremental_sync.py
[2026-06-30T14:05:10.517+0000] {processor.py:925} INFO - DAG(s) 'tmdb_incremental_sync' retrieved from /opt/airflow/dags/tmdb_incremental_sync.py
[2026-06-30T14:05:10.643+0000] {logging_mixin.py:190} INFO - [2026-06-30T14:05:10.642+0000] {dag.py:3211} INFO - Sync 1 DAGs
[2026-06-30T14:05:10.746+0000] {logging_mixin.py:190} INFO - [2026-06-30T14:05:10.745+0000] {dag.py:4138} INFO - Setting next_dagrun for tmdb_incremental_sync to 2026-06-30 00:00:00+00:00, run_after=2026-07-01 00:00:00+00:00
[2026-06-30T14:05:10.799+0000] {processor.py:208} INFO - Processing /opt/airflow/dags/tmdb_incremental_sync.py took 0.394 seconds
[2026-06-30T14:05:41.238+0000] {processor.py:186} INFO - Started process (PID=564) to work on /opt/airflow/dags/tmdb_incremental_sync.py
[2026-06-30T14:05:41.259+0000] {processor.py:914} INFO - Processing file /opt/airflow/dags/tmdb_incremental_sync.py for tasks to queue
[2026-06-30T14:05:41.281+0000] {logging_mixin.py:190} INFO - [2026-06-30T14:05:41.279+0000] {dagbag.py:587} INFO - Filling up the DagBag from /opt/airflow/dags/tmdb_incremental_sync.py
[2026-06-30T14:05:41.726+0000] {processor.py:925} INFO - DAG(s) 'tmdb_incremental_sync' retrieved from /opt/airflow/dags/tmdb_incremental_sync.py
[2026-06-30T14:05:41.943+0000] {logging_mixin.py:190} INFO - [2026-06-30T14:05:41.940+0000] {dag.py:3211} INFO - Sync 1 DAGs
[2026-06-30T14:05:42.302+0000] {logging_mixin.py:190} INFO - [2026-06-30T14:05:42.301+0000] {dag.py:4138} INFO - Setting next_dagrun for tmdb_incremental_sync to 2026-06-30 00:00:00+00:00, run_after=2026-07-01 00:00:00+00:00
[2026-06-30T14:05:42.468+0000] {processor.py:208} INFO - Processing /opt/airflow/dags/tmdb_incremental_sync.py took 1.299 seconds
[2026-06-30T14:06:13.396+0000] {processor.py:186} INFO - Started process (PID=572) to work on /opt/airflow/dags/tmdb_incremental_sync.py
[2026-06-30T14:06:13.450+0000] {processor.py:914} INFO - Processing file /opt/airflow/dags/tmdb_incremental_sync.py for tasks to queue
[2026-06-30T14:06:13.546+0000] {logging_mixin.py:190} INFO - [2026-06-30T14:06:13.515+0000] {dagbag.py:587} INFO - Filling up the DagBag from /opt/airflow/dags/tmdb_incremental_sync.py
[2026-06-30T14:06:14.219+0000] {processor.py:925} INFO - DAG(s) 'tmdb_incremental_sync' retrieved from /opt/airflow/dags/tmdb_incremental_sync.py
[2026-06-30T14:06:14.750+0000] {logging_mixin.py:190} INFO - [2026-06-30T14:06:14.737+0000] {dag.py:3211} INFO - Sync 1 DAGs
[2026-06-30T14:06:15.119+0000] {logging_mixin.py:190} INFO - [2026-06-30T14:06:15.118+0000] {dag.py:4138} INFO - Setting next_dagrun for tmdb_incremental_sync to 2026-06-30 00:00:00+00:00, run_after=2026-07-01 00:00:00+00:00
[2026-06-30T14:06:15.281+0000] {processor.py:208} INFO - Processing /opt/airflow/dags/tmdb_incremental_sync.py took 2.022 seconds
[2026-06-30T14:06:45.559+0000] {processor.py:186} INFO - Started process (PID=584) to work on /opt/airflow/dags/tmdb_incremental_sync.py
[2026-06-30T14:06:45.562+0000] {processor.py:914} INFO - Processing file /opt/airflow/dags/tmdb_incremental_sync.py for tasks to queue
[2026-06-30T14:06:45.569+0000] {logging_mixin.py:190} INFO - [2026-06-30T14:06:45.567+0000] {dagbag.py:587} INFO - Filling up the DagBag from /opt/airflow/dags/tmdb_incremental_sync.py
[2026-06-30T14:06:45.623+0000] {processor.py:925} INFO - DAG(s) 'tmdb_incremental_sync' retrieved from /opt/airflow/dags/tmdb_incremental_sync.py
[2026-06-30T14:06:45.700+0000] {logging_mixin.py:190} INFO - [2026-06-30T14:06:45.699+0000] {dag.py:3211} INFO - Sync 1 DAGs
[2026-06-30T14:06:45.753+0000] {logging_mixin.py:190} INFO - [2026-06-30T14:06:45.753+0000] {dag.py:4138} INFO - Setting next_dagrun for tmdb_incremental_sync to 2026-06-30 00:00:00+00:00, run_after=2026-07-01 00:00:00+00:00
[2026-06-30T14:06:45.791+0000] {processor.py:208} INFO - Processing /opt/airflow/dags/tmdb_incremental_sync.py took 0.252 seconds
[2026-06-30T14:07:15.946+0000] {processor.py:186} INFO - Started process (PID=594) to work on /opt/airflow/dags/tmdb_incremental_sync.py
[2026-06-30T14:07:15.949+0000] {processor.py:914} INFO - Processing file /opt/airflow/dags/tmdb_incremental_sync.py for tasks to queue
[2026-06-30T14:07:15.954+0000] {logging_mixin.py:190} INFO - [2026-06-30T14:07:15.953+0000] {dagbag.py:587} INFO - Filling up the DagBag from /opt/airflow/dags/tmdb_incremental_sync.py
[2026-06-30T14:07:15.983+0000] {processor.py:925} INFO - DAG(s) 'tmdb_incremental_sync' retrieved from /opt/airflow/dags/tmdb_incremental_sync.py
[2026-06-30T14:07:16.024+0000] {logging_mixin.py:190} INFO - [2026-06-30T14:07:16.023+0000] {dag.py:3211} INFO - Sync 1 DAGs
[2026-06-30T14:07:16.061+0000] {logging_mixin.py:190} INFO - [2026-06-30T14:07:16.060+0000] {dag.py:4138} INFO - Setting next_dagrun for tmdb_incremental_sync to 2026-06-30 00:00:00+00:00, run_after=2026-07-01 00:00:00+00:00
[2026-06-30T14:07:16.086+0000] {processor.py:208} INFO - Processing /opt/airflow/dags/tmdb_incremental_sync.py took 0.148 seconds
[2026-06-30T14:07:46.458+0000] {processor.py:186} INFO - Started process (PID=604) to work on /opt/airflow/dags/tmdb_incremental_sync.py
[2026-06-30T14:07:46.462+0000] {processor.py:914} INFO - Processing file /opt/airflow/dags/tmdb_incremental_sync.py for tasks to queue
[2026-06-30T14:07:46.466+0000] {logging_mixin.py:190} INFO - [2026-06-30T14:07:46.466+0000] {dagbag.py:587} INFO - Filling up the DagBag from /opt/airflow/dags/tmdb_incremental_sync.py
[2026-06-30T14:07:46.497+0000] {processor.py:925} INFO - DAG(s) 'tmdb_incremental_sync' retrieved from /opt/airflow/dags/tmdb_incremental_sync.py
[2026-06-30T14:07:46.541+0000] {logging_mixin.py:190} INFO - [2026-06-30T14:07:46.540+0000] {dag.py:3211} INFO - Sync 1 DAGs
[2026-06-30T14:07:46.577+0000] {logging_mixin.py:190} INFO - [2026-06-30T14:07:46.577+0000] {dag.py:4138} INFO - Setting next_dagrun for tmdb_incremental_sync to 2026-06-30 00:00:00+00:00, run_after=2026-07-01 00:00:00+00:00
[2026-06-30T14:07:46.604+0000] {processor.py:208} INFO - Processing /opt/airflow/dags/tmdb_incremental_sync.py took 0.154 seconds
[2026-06-30T14:08:16.956+0000] {processor.py:186} INFO - Started process (PID=614) to work on /opt/airflow/dags/tmdb_incremental_sync.py
[2026-06-30T14:08:16.957+0000] {processor.py:914} INFO - Processing file /opt/airflow/dags/tmdb_incremental_sync.py for tasks to queue
[2026-06-30T14:08:16.960+0000] {logging_mixin.py:190} INFO - [2026-06-30T14:08:16.960+0000] {dagbag.py:587} INFO - Filling up the DagBag from /opt/airflow/dags/tmdb_incremental_sync.py
[2026-06-30T14:08:16.996+0000] {processor.py:925} INFO - DAG(s) 'tmdb_incremental_sync' retrieved from /opt/airflow/dags/tmdb_incremental_sync.py
[2026-06-30T14:08:17.048+0000] {logging_mixin.py:190} INFO - [2026-06-30T14:08:17.047+0000] {dag.py:3211} INFO - Sync 1 DAGs
[2026-06-30T14:08:17.108+0000] {logging_mixin.py:190} INFO - [2026-06-30T14:08:17.107+0000] {dag.py:4138} INFO - Setting next_dagrun for tmdb_incremental_sync to 2026-06-30 00:00:00+00:00, run_after=2026-07-01 00:00:00+00:00
[2026-06-30T14:08:17.137+0000] {processor.py:208} INFO - Processing /opt/airflow/dags/tmdb_incremental_sync.py took 0.192 seconds
[2026-06-30T14:08:47.407+0000] {processor.py:186} INFO - Started process (PID=624) to work on /opt/airflow/dags/tmdb_incremental_sync.py
[2026-06-30T14:08:47.409+0000] {processor.py:914} INFO - Processing file /opt/airflow/dags/tmdb_incremental_sync.py for tasks to queue
[2026-06-30T14:08:47.412+0000] {logging_mixin.py:190} INFO - [2026-06-30T14:08:47.412+0000] {dagbag.py:587} INFO - Filling up the DagBag from /opt/airflow/dags/tmdb_incremental_sync.py
[2026-06-30T14:08:47.452+0000] {processor.py:925} INFO - DAG(s) 'tmdb_incremental_sync' retrieved from /opt/airflow/dags/tmdb_incremental_sync.py
[2026-06-30T14:08:47.493+0000] {logging_mixin.py:190} INFO - [2026-06-30T14:08:47.493+0000] {dag.py:3211} INFO - Sync 1 DAGs
[2026-06-30T14:08:47.530+0000] {logging_mixin.py:190} INFO - [2026-06-30T14:08:47.530+0000] {dag.py:4138} INFO - Setting next_dagrun for tmdb_incremental_sync to 2026-06-30 00:00:00+00:00, run_after=2026-07-01 00:00:00+00:00
[2026-06-30T14:08:47.558+0000] {processor.py:208} INFO - Processing /opt/airflow/dags/tmdb_incremental_sync.py took 0.161 seconds
[2026-06-30T14:09:17.843+0000] {processor.py:186} INFO - Started process (PID=634) to work on /opt/airflow/dags/tmdb_incremental_sync.py
[2026-06-30T14:09:17.844+0000] {processor.py:914} INFO - Processing file /opt/airflow/dags/tmdb_incremental_sync.py for tasks to queue
[2026-06-30T14:09:17.847+0000] {logging_mixin.py:190} INFO - [2026-06-30T14:09:17.847+0000] {dagbag.py:587} INFO - Filling up the DagBag from /opt/airflow/dags/tmdb_incremental_sync.py
[2026-06-30T14:09:17.877+0000] {processor.py:925} INFO - DAG(s) 'tmdb_incremental_sync' retrieved from /opt/airflow/dags/tmdb_incremental_sync.py
[2026-06-30T14:09:17.917+0000] {logging_mixin.py:190} INFO - [2026-06-30T14:09:17.917+0000] {dag.py:3211} INFO - Sync 1 DAGs
[2026-06-30T14:09:17.952+0000] {logging_mixin.py:190} INFO - [2026-06-30T14:09:17.952+0000] {dag.py:4138} INFO - Setting next_dagrun for tmdb_incremental_sync to 2026-06-30 00:00:00+00:00, run_after=2026-07-01 00:00:00+00:00
[2026-06-30T14:09:17.983+0000] {processor.py:208} INFO - Processing /opt/airflow/dags/tmdb_incremental_sync.py took 0.148 seconds
[2026-06-30T14:09:48.309+0000] {processor.py:186} INFO - Started process (PID=644) to work on /opt/airflow/dags/tmdb_incremental_sync.py
[2026-06-30T14:09:48.310+0000] {processor.py:914} INFO - Processing file /opt/airflow/dags/tmdb_incremental_sync.py for tasks to queue
[2026-06-30T14:09:48.314+0000] {logging_mixin.py:190} INFO - [2026-06-30T14:09:48.313+0000] {dagbag.py:587} INFO - Filling up the DagBag from /opt/airflow/dags/tmdb_incremental_sync.py
[2026-06-30T14:09:48.342+0000] {processor.py:925} INFO - DAG(s) 'tmdb_incremental_sync' retrieved from /opt/airflow/dags/tmdb_incremental_sync.py
[2026-06-30T14:09:48.382+0000] {logging_mixin.py:190} INFO - [2026-06-30T14:09:48.381+0000] {dag.py:3211} INFO - Sync 1 DAGs
[2026-06-30T14:09:48.418+0000] {logging_mixin.py:190} INFO - [2026-06-30T14:09:48.418+0000] {dag.py:4138} INFO - Setting next_dagrun for tmdb_incremental_sync to 2026-06-30 00:00:00+00:00, run_after=2026-07-01 00:00:00+00:00
[2026-06-30T14:09:48.445+0000] {processor.py:208} INFO - Processing /opt/airflow/dags/tmdb_incremental_sync.py took 0.144 seconds
[2026-06-30T14:10:18.724+0000] {processor.py:186} INFO - Started process (PID=654) to work on /opt/airflow/dags/tmdb_incremental_sync.py
[2026-06-30T14:10:18.726+0000] {processor.py:914} INFO - Processing file /opt/airflow/dags/tmdb_incremental_sync.py for tasks to queue
[2026-06-30T14:10:18.730+0000] {logging_mixin.py:190} INFO - [2026-06-30T14:10:18.729+0000] {dagbag.py:587} INFO - Filling up the DagBag from /opt/airflow/dags/tmdb_incremental_sync.py
[2026-06-30T14:10:18.758+0000] {processor.py:925} INFO - DAG(s) 'tmdb_incremental_sync' retrieved from /opt/airflow/dags/tmdb_incremental_sync.py
[2026-06-30T14:10:18.798+0000] {logging_mixin.py:190} INFO - [2026-06-30T14:10:18.798+0000] {dag.py:3211} INFO - Sync 1 DAGs
[2026-06-30T14:10:18.835+0000] {logging_mixin.py:190} INFO - [2026-06-30T14:10:18.834+0000] {dag.py:4138} INFO - Setting next_dagrun for tmdb_incremental_sync to 2026-06-30 00:00:00+00:00, run_after=2026-07-01 00:00:00+00:00
[2026-06-30T14:10:18.862+0000] {processor.py:208} INFO - Processing /opt/airflow/dags/tmdb_incremental_sync.py took 0.146 seconds
[2026-06-30T14:10:49.155+0000] {processor.py:186} INFO - Started process (PID=664) to work on /opt/airflow/dags/tmdb_incremental_sync.py
[2026-06-30T14:10:49.159+0000] {processor.py:914} INFO - Processing file /opt/airflow/dags/tmdb_incremental_sync.py for tasks to queue
[2026-06-30T14:10:49.167+0000] {logging_mixin.py:190} INFO - [2026-06-30T14:10:49.166+0000] {dagbag.py:587} INFO - Filling up the DagBag from /opt/airflow/dags/tmdb_incremental_sync.py
[2026-06-30T14:10:49.201+0000] {processor.py:925} INFO - DAG(s) 'tmdb_incremental_sync' retrieved from /opt/airflow/dags/tmdb_incremental_sync.py
[2026-06-30T14:10:49.244+0000] {logging_mixin.py:190} INFO - [2026-06-30T14:10:49.244+0000] {dag.py:3211} INFO - Sync 1 DAGs
[2026-06-30T14:10:49.338+0000] {logging_mixin.py:190} INFO - [2026-06-30T14:10:49.337+0000] {dag.py:4138} INFO - Setting next_dagrun for tmdb_incremental_sync to 2026-06-30 00:00:00+00:00, run_after=2026-07-01 00:00:00+00:00
[2026-06-30T14:10:49.374+0000] {processor.py:208} INFO - Processing /opt/airflow/dags/tmdb_incremental_sync.py took 0.228 seconds
[2026-06-30T14:11:19.684+0000] {processor.py:186} INFO - Started process (PID=674) to work on /opt/airflow/dags/tmdb_incremental_sync.py
[2026-06-30T14:11:19.686+0000] {processor.py:914} INFO - Processing file /opt/airflow/dags/tmdb_incremental_sync.py for tasks to queue
[2026-06-30T14:11:19.689+0000] {logging_mixin.py:190} INFO - [2026-06-30T14:11:19.689+0000] {dagbag.py:587} INFO - Filling up the DagBag from /opt/airflow/dags/tmdb_incremental_sync.py
[2026-06-30T14:11:19.739+0000] {processor.py:925} INFO - DAG(s) 'tmdb_incremental_sync' retrieved from /opt/airflow/dags/tmdb_incremental_sync.py
[2026-06-30T14:11:19.810+0000] {logging_mixin.py:190} INFO - [2026-06-30T14:11:19.808+0000] {dag.py:3211} INFO - Sync 1 DAGs
[2026-06-30T14:11:19.905+0000] {logging_mixin.py:190} INFO - [2026-06-30T14:11:19.904+0000] {dag.py:4138} INFO - Setting next_dagrun for tmdb_incremental_sync to 2026-06-30 00:00:00+00:00, run_after=2026-07-01 00:00:00+00:00
[2026-06-30T14:11:19.965+0000] {processor.py:208} INFO - Processing /opt/airflow/dags/tmdb_incremental_sync.py took 0.294 seconds
[2026-06-30T14:11:50.253+0000] {processor.py:186} INFO - Started process (PID=684) to work on /opt/airflow/dags/tmdb_incremental_sync.py
[2026-06-30T14:11:50.255+0000] {processor.py:914} INFO - Processing file /opt/airflow/dags/tmdb_incremental_sync.py for tasks to queue
[2026-06-30T14:11:50.258+0000] {logging_mixin.py:190} INFO - [2026-06-30T14:11:50.258+0000] {dagbag.py:587} INFO - Filling up the DagBag from /opt/airflow/dags/tmdb_incremental_sync.py
[2026-06-30T14:11:50.297+0000] {processor.py:925} INFO - DAG(s) 'tmdb_incremental_sync' retrieved from /opt/airflow/dags/tmdb_incremental_sync.py
[2026-06-30T14:11:50.344+0000] {logging_mixin.py:190} INFO - [2026-06-30T14:11:50.344+0000] {dag.py:3211} INFO - Sync 1 DAGs
[2026-06-30T14:11:50.381+0000] {logging_mixin.py:190} INFO - [2026-06-30T14:11:50.380+0000] {dag.py:4138} INFO - Setting next_dagrun for tmdb_incremental_sync to 2026-06-30 00:00:00+00:00, run_after=2026-07-01 00:00:00+00:00
[2026-06-30T14:11:50.407+0000] {processor.py:208} INFO - Processing /opt/airflow/dags/tmdb_incremental_sync.py took 0.165 seconds
[2026-06-30T14:12:20.624+0000] {processor.py:186} INFO - Started process (PID=694) to work on /opt/airflow/dags/tmdb_incremental_sync.py
[2026-06-30T14:12:20.625+0000] {processor.py:914} INFO - Processing file /opt/airflow/dags/tmdb_incremental_sync.py for tasks to queue
[2026-06-30T14:12:20.628+0000] {logging_mixin.py:190} INFO - [2026-06-30T14:12:20.628+0000] {dagbag.py:587} INFO - Filling up the DagBag from /opt/airflow/dags/tmdb_incremental_sync.py
[2026-06-30T14:12:20.660+0000] {processor.py:925} INFO - DAG(s) 'tmdb_incremental_sync' retrieved from /opt/airflow/dags/tmdb_incremental_sync.py
[2026-06-30T14:12:20.709+0000] {logging_mixin.py:190} INFO - [2026-06-30T14:12:20.708+0000] {dag.py:3211} INFO - Sync 1 DAGs
[2026-06-30T14:12:20.745+0000] {logging_mixin.py:190} INFO - [2026-06-30T14:12:20.745+0000] {dag.py:4138} INFO - Setting next_dagrun for tmdb_incremental_sync to 2026-06-30 00:00:00+00:00, run_after=2026-07-01 00:00:00+00:00
[2026-06-30T14:12:20.775+0000] {processor.py:208} INFO - Processing /opt/airflow/dags/tmdb_incremental_sync.py took 0.160 seconds
[2026-06-30T14:12:51.145+0000] {processor.py:186} INFO - Started process (PID=704) to work on /opt/airflow/dags/tmdb_incremental_sync.py
[2026-06-30T14:12:51.147+0000] {processor.py:914} INFO - Processing file /opt/airflow/dags/tmdb_incremental_sync.py for tasks to queue
[2026-06-30T14:12:51.151+0000] {logging_mixin.py:190} INFO - [2026-06-30T14:12:51.150+0000] {dagbag.py:587} INFO - Filling up the DagBag from /opt/airflow/dags/tmdb_incremental_sync.py
[2026-06-30T14:12:51.191+0000] {processor.py:925} INFO - DAG(s) 'tmdb_incremental_sync' retrieved from /opt/airflow/dags/tmdb_incremental_sync.py
[2026-06-30T14:12:51.239+0000] {logging_mixin.py:190} INFO - [2026-06-30T14:12:51.239+0000] {dag.py:3211} INFO - Sync 1 DAGs
[2026-06-30T14:12:51.283+0000] {logging_mixin.py:190} INFO - [2026-06-30T14:12:51.283+0000] {dag.py:4138} INFO - Setting next_dagrun for tmdb_incremental_sync to 2026-06-30 00:00:00+00:00, run_after=2026-07-01 00:00:00+00:00
[2026-06-30T14:12:51.315+0000] {processor.py:208} INFO - Processing /opt/airflow/dags/tmdb_incremental_sync.py took 0.178 seconds
[2026-06-30T14:13:21.671+0000] {processor.py:186} INFO - Started process (PID=714) to work on /opt/airflow/dags/tmdb_incremental_sync.py
[2026-06-30T14:13:21.673+0000] {processor.py:914} INFO - Processing file /opt/airflow/dags/tmdb_incremental_sync.py for tasks to queue
[2026-06-30T14:13:21.677+0000] {logging_mixin.py:190} INFO - [2026-06-30T14:13:21.677+0000] {dagbag.py:587} INFO - Filling up the DagBag from /opt/airflow/dags/tmdb_incremental_sync.py
[2026-06-30T14:13:21.707+0000] {processor.py:925} INFO - DAG(s) 'tmdb_incremental_sync' retrieved from /opt/airflow/dags/tmdb_incremental_sync.py
[2026-06-30T14:13:21.749+0000] {logging_mixin.py:190} INFO - [2026-06-30T14:13:21.749+0000] {dag.py:3211} INFO - Sync 1 DAGs
[2026-06-30T14:13:21.785+0000] {logging_mixin.py:190} INFO - [2026-06-30T14:13:21.784+0000] {dag.py:4138} INFO - Setting next_dagrun for tmdb_incremental_sync to 2026-06-30 00:00:00+00:00, run_after=2026-07-01 00:00:00+00:00
[2026-06-30T14:13:21.815+0000] {processor.py:208} INFO - Processing /opt/airflow/dags/tmdb_incremental_sync.py took 0.152 seconds
[2026-06-30T14:13:52.105+0000] {processor.py:186} INFO - Started process (PID=724) to work on /opt/airflow/dags/tmdb_incremental_sync.py
[2026-06-30T14:13:52.106+0000] {processor.py:914} INFO - Processing file /opt/airflow/dags/tmdb_incremental_sync.py for tasks to queue
[2026-06-30T14:13:52.110+0000] {logging_mixin.py:190} INFO - [2026-06-30T14:13:52.110+0000] {dagbag.py:587} INFO - Filling up the DagBag from /opt/airflow/dags/tmdb_incremental_sync.py
[2026-06-30T14:13:52.143+0000] {processor.py:925} INFO - DAG(s) 'tmdb_incremental_sync' retrieved from /opt/airflow/dags/tmdb_incremental_sync.py
[2026-06-30T14:13:52.183+0000] {logging_mixin.py:190} INFO - [2026-06-30T14:13:52.183+0000] {dag.py:3211} INFO - Sync 1 DAGs
[2026-06-30T14:13:52.219+0000] {logging_mixin.py:190} INFO - [2026-06-30T14:13:52.218+0000] {dag.py:4138} INFO - Setting next_dagrun for tmdb_incremental_sync to 2026-06-30 00:00:00+00:00, run_after=2026-07-01 00:00:00+00:00
[2026-06-30T14:13:52.246+0000] {processor.py:208} INFO - Processing /opt/airflow/dags/tmdb_incremental_sync.py took 0.150 seconds
[2026-06-30T14:14:22.589+0000] {processor.py:186} INFO - Started process (PID=734) to work on /opt/airflow/dags/tmdb_incremental_sync.py
[2026-06-30T14:14:22.590+0000] {processor.py:914} INFO - Processing file /opt/airflow/dags/tmdb_incremental_sync.py for tasks to queue
[2026-06-30T14:14:22.594+0000] {logging_mixin.py:190} INFO - [2026-06-30T14:14:22.593+0000] {dagbag.py:587} INFO - Filling up the DagBag from /opt/airflow/dags/tmdb_incremental_sync.py
[2026-06-30T14:14:22.625+0000] {processor.py:925} INFO - DAG(s) 'tmdb_incremental_sync' retrieved from /opt/airflow/dags/tmdb_incremental_sync.py
[2026-06-30T14:14:22.666+0000] {logging_mixin.py:190} INFO - [2026-06-30T14:14:22.665+0000] {dag.py:3211} INFO - Sync 1 DAGs
[2026-06-30T14:14:22.702+0000] {logging_mixin.py:190} INFO - [2026-06-30T14:14:22.702+0000] {dag.py:4138} INFO - Setting next_dagrun for tmdb_incremental_sync to 2026-06-30 00:00:00+00:00, run_after=2026-07-01 00:00:00+00:00
[2026-06-30T14:14:22.731+0000] {processor.py:208} INFO - Processing /opt/airflow/dags/tmdb_incremental_sync.py took 0.152 seconds
[2026-06-30T14:14:53.046+0000] {processor.py:186} INFO - Started process (PID=744) to work on /opt/airflow/dags/tmdb_incremental_sync.py
[2026-06-30T14:14:53.047+0000] {processor.py:914} INFO - Processing file /opt/airflow/dags/tmdb_incremental_sync.py for tasks to queue
[2026-06-30T14:14:53.050+0000] {logging_mixin.py:190} INFO - [2026-06-30T14:14:53.050+0000] {dagbag.py:587} INFO - Filling up the DagBag from /opt/airflow/dags/tmdb_incremental_sync.py
[2026-06-30T14:14:53.081+0000] {processor.py:925} INFO - DAG(s) 'tmdb_incremental_sync' retrieved from /opt/airflow/dags/tmdb_incremental_sync.py
[2026-06-30T14:14:53.122+0000] {logging_mixin.py:190} INFO - [2026-06-30T14:14:53.122+0000] {dag.py:3211} INFO - Sync 1 DAGs
[2026-06-30T14:14:53.158+0000] {logging_mixin.py:190} INFO - [2026-06-30T14:14:53.157+0000] {dag.py:4138} INFO - Setting next_dagrun for tmdb_incremental_sync to 2026-06-30 00:00:00+00:00, run_after=2026-07-01 00:00:00+00:00
[2026-06-30T14:14:53.184+0000] {processor.py:208} INFO - Processing /opt/airflow/dags/tmdb_incremental_sync.py took 0.148 seconds
[2026-06-30T14:15:23.528+0000] {processor.py:186} INFO - Started process (PID=754) to work on /opt/airflow/dags/tmdb_incremental_sync.py
[2026-06-30T14:15:23.530+0000] {processor.py:914} INFO - Processing file /opt/airflow/dags/tmdb_incremental_sync.py for tasks to queue
[2026-06-30T14:15:23.533+0000] {logging_mixin.py:190} INFO - [2026-06-30T14:15:23.532+0000] {dagbag.py:587} INFO - Filling up the DagBag from /opt/airflow/dags/tmdb_incremental_sync.py
[2026-06-30T14:15:23.566+0000] {processor.py:925} INFO - DAG(s) 'tmdb_incremental_sync' retrieved from /opt/airflow/dags/tmdb_incremental_sync.py
[2026-06-30T14:15:23.614+0000] {logging_mixin.py:190} INFO - [2026-06-30T14:15:23.614+0000] {dag.py:3211} INFO - Sync 1 DAGs
[2026-06-30T14:15:23.658+0000] {logging_mixin.py:190} INFO - [2026-06-30T14:15:23.658+0000] {dag.py:4138} INFO - Setting next_dagrun for tmdb_incremental_sync to 2026-06-30 00:00:00+00:00, run_after=2026-07-01 00:00:00+00:00
[2026-06-30T14:15:23.685+0000] {processor.py:208} INFO - Processing /opt/airflow/dags/tmdb_incremental_sync.py took 0.166 seconds
[2026-06-30T14:15:54.037+0000] {processor.py:186} INFO - Started process (PID=764) to work on /opt/airflow/dags/tmdb_incremental_sync.py
[2026-06-30T14:15:54.039+0000] {processor.py:914} INFO - Processing file /opt/airflow/dags/tmdb_incremental_sync.py for tasks to queue
[2026-06-30T14:15:54.043+0000] {logging_mixin.py:190} INFO - [2026-06-30T14:15:54.043+0000] {dagbag.py:587} INFO - Filling up the DagBag from /opt/airflow/dags/tmdb_incremental_sync.py
[2026-06-30T14:15:54.089+0000] {processor.py:925} INFO - DAG(s) 'tmdb_incremental_sync' retrieved from /opt/airflow/dags/tmdb_incremental_sync.py
[2026-06-30T14:15:54.142+0000] {logging_mixin.py:190} INFO - [2026-06-30T14:15:54.141+0000] {dag.py:3211} INFO - Sync 1 DAGs
[2026-06-30T14:15:54.194+0000] {logging_mixin.py:190} INFO - [2026-06-30T14:15:54.194+0000] {dag.py:4138} INFO - Setting next_dagrun for tmdb_incremental_sync to 2026-06-30 00:00:00+00:00, run_after=2026-07-01 00:00:00+00:00
[2026-06-30T14:15:54.221+0000] {processor.py:208} INFO - Processing /opt/airflow/dags/tmdb_incremental_sync.py took 0.197 seconds
[2026-06-30T14:16:24.527+0000] {processor.py:186} INFO - Started process (PID=774) to work on /opt/airflow/dags/tmdb_incremental_sync.py
[2026-06-30T14:16:24.529+0000] {processor.py:914} INFO - Processing file /opt/airflow/dags/tmdb_incremental_sync.py for tasks to queue
[2026-06-30T14:16:24.533+0000] {logging_mixin.py:190} INFO - [2026-06-30T14:16:24.533+0000] {dagbag.py:587} INFO - Filling up the DagBag from /opt/airflow/dags/tmdb_incremental_sync.py
[2026-06-30T14:16:24.577+0000] {processor.py:925} INFO - DAG(s) 'tmdb_incremental_sync' retrieved from /opt/airflow/dags/tmdb_incremental_sync.py
[2026-06-30T14:16:24.625+0000] {logging_mixin.py:190} INFO - [2026-06-30T14:16:24.624+0000] {dag.py:3211} INFO - Sync 1 DAGs
[2026-06-30T14:16:24.673+0000] {logging_mixin.py:190} INFO - [2026-06-30T14:16:24.673+0000] {dag.py:4138} INFO - Setting next_dagrun for tmdb_incremental_sync to 2026-06-30 00:00:00+00:00, run_after=2026-07-01 00:00:00+00:00
[2026-06-30T14:16:24.697+0000] {processor.py:208} INFO - Processing /opt/airflow/dags/tmdb_incremental_sync.py took 0.178 seconds
[2026-06-30T14:16:55.041+0000] {processor.py:186} INFO - Started process (PID=784) to work on /opt/airflow/dags/tmdb_incremental_sync.py
[2026-06-30T14:16:55.042+0000] {processor.py:914} INFO - Processing file /opt/airflow/dags/tmdb_incremental_sync.py for tasks to queue
[2026-06-30T14:16:55.048+0000] {logging_mixin.py:190} INFO - [2026-06-30T14:16:55.047+0000] {dagbag.py:587} INFO - Filling up the DagBag from /opt/airflow/dags/tmdb_incremental_sync.py
[2026-06-30T14:16:55.094+0000] {processor.py:925} INFO - DAG(s) 'tmdb_incremental_sync' retrieved from /opt/airflow/dags/tmdb_incremental_sync.py
[2026-06-30T14:16:55.148+0000] {logging_mixin.py:190} INFO - [2026-06-30T14:16:55.148+0000] {dag.py:3211} INFO - Sync 1 DAGs
[2026-06-30T14:16:55.187+0000] {logging_mixin.py:190} INFO - [2026-06-30T14:16:55.186+0000] {dag.py:4138} INFO - Setting next_dagrun for tmdb_incremental_sync to 2026-06-30 00:00:00+00:00, run_after=2026-07-01 00:00:00+00:00
[2026-06-30T14:16:55.216+0000] {processor.py:208} INFO - Processing /opt/airflow/dags/tmdb_incremental_sync.py took 0.187 seconds
[2026-06-30T14:17:25.531+0000] {processor.py:186} INFO - Started process (PID=794) to work on /opt/airflow/dags/tmdb_incremental_sync.py
[2026-06-30T14:17:25.533+0000] {processor.py:914} INFO - Processing file /opt/airflow/dags/tmdb_incremental_sync.py for tasks to queue
[2026-06-30T14:17:25.537+0000] {logging_mixin.py:190} INFO - [2026-06-30T14:17:25.537+0000] {dagbag.py:587} INFO - Filling up the DagBag from /opt/airflow/dags/tmdb_incremental_sync.py
[2026-06-30T14:17:25.571+0000] {processor.py:925} INFO - DAG(s) 'tmdb_incremental_sync' retrieved from /opt/airflow/dags/tmdb_incremental_sync.py
[2026-06-30T14:17:25.618+0000] {logging_mixin.py:190} INFO - [2026-06-30T14:17:25.618+0000] {dag.py:3211} INFO - Sync 1 DAGs
[2026-06-30T14:17:25.657+0000] {logging_mixin.py:190} INFO - [2026-06-30T14:17:25.656+0000] {dag.py:4138} INFO - Setting next_dagrun for tmdb_incremental_sync to 2026-06-30 00:00:00+00:00, run_after=2026-07-01 00:00:00+00:00
[2026-06-30T14:17:25.692+0000] {processor.py:208} INFO - Processing /opt/airflow/dags/tmdb_incremental_sync.py took 0.170 seconds
[2026-06-30T14:17:56.000+0000] {processor.py:186} INFO - Started process (PID=804) to work on /opt/airflow/dags/tmdb_incremental_sync.py
[2026-06-30T14:17:56.002+0000] {processor.py:914} INFO - Processing file /opt/airflow/dags/tmdb_incremental_sync.py for tasks to queue
[2026-06-30T14:17:56.005+0000] {logging_mixin.py:190} INFO - [2026-06-30T14:17:56.004+0000] {dagbag.py:587} INFO - Filling up the DagBag from /opt/airflow/dags/tmdb_incremental_sync.py
[2026-06-30T14:17:56.036+0000] {processor.py:925} INFO - DAG(s) 'tmdb_incremental_sync' retrieved from /opt/airflow/dags/tmdb_incremental_sync.py
[2026-06-30T14:17:56.077+0000] {logging_mixin.py:190} INFO - [2026-06-30T14:17:56.076+0000] {dag.py:3211} INFO - Sync 1 DAGs
[2026-06-30T14:17:56.112+0000] {logging_mixin.py:190} INFO - [2026-06-30T14:17:56.111+0000] {dag.py:4138} INFO - Setting next_dagrun for tmdb_incremental_sync to 2026-06-30 00:00:00+00:00, run_after=2026-07-01 00:00:00+00:00
[2026-06-30T14:17:56.140+0000] {processor.py:208} INFO - Processing /opt/airflow/dags/tmdb_incremental_sync.py took 0.149 seconds
[2026-06-30T14:18:26.455+0000] {processor.py:186} INFO - Started process (PID=814) to work on /opt/airflow/dags/tmdb_incremental_sync.py
[2026-06-30T14:18:26.456+0000] {processor.py:914} INFO - Processing file /opt/airflow/dags/tmdb_incremental_sync.py for tasks to queue
[2026-06-30T14:18:26.459+0000] {logging_mixin.py:190} INFO - [2026-06-30T14:18:26.459+0000] {dagbag.py:587} INFO - Filling up the DagBag from /opt/airflow/dags/tmdb_incremental_sync.py
[2026-06-30T14:18:26.489+0000] {processor.py:925} INFO - DAG(s) 'tmdb_incremental_sync' retrieved from /opt/airflow/dags/tmdb_incremental_sync.py
[2026-06-30T14:18:26.530+0000] {logging_mixin.py:190} INFO - [2026-06-30T14:18:26.529+0000] {dag.py:3211} INFO - Sync 1 DAGs
[2026-06-30T14:18:26.568+0000] {logging_mixin.py:190} INFO - [2026-06-30T14:18:26.568+0000] {dag.py:4138} INFO - Setting next_dagrun for tmdb_incremental_sync to 2026-06-30 00:00:00+00:00, run_after=2026-07-01 00:00:00+00:00
[2026-06-30T14:18:26.595+0000] {processor.py:208} INFO - Processing /opt/airflow/dags/tmdb_incremental_sync.py took 0.150 seconds
[2026-06-30T14:18:56.878+0000] {processor.py:186} INFO - Started process (PID=824) to work on /opt/airflow/dags/tmdb_incremental_sync.py
[2026-06-30T14:18:56.879+0000] {processor.py:914} INFO - Processing file /opt/airflow/dags/tmdb_incremental_sync.py for tasks to queue
[2026-06-30T14:18:56.883+0000] {logging_mixin.py:190} INFO - [2026-06-30T14:18:56.882+0000] {dagbag.py:587} INFO - Filling up the DagBag from /opt/airflow/dags/tmdb_incremental_sync.py
[2026-06-30T14:18:56.916+0000] {processor.py:925} INFO - DAG(s) 'tmdb_incremental_sync' retrieved from /opt/airflow/dags/tmdb_incremental_sync.py
[2026-06-30T14:18:56.957+0000] {logging_mixin.py:190} INFO - [2026-06-30T14:18:56.956+0000] {dag.py:3211} INFO - Sync 1 DAGs
[2026-06-30T14:18:56.994+0000] {logging_mixin.py:190} INFO - [2026-06-30T14:18:56.994+0000] {dag.py:4138} INFO - Setting next_dagrun for tmdb_incremental_sync to 2026-06-30 00:00:00+00:00, run_after=2026-07-01 00:00:00+00:00
[2026-06-30T14:18:57.022+0000] {processor.py:208} INFO - Processing /opt/airflow/dags/tmdb_incremental_sync.py took 0.153 seconds
[2026-06-30T14:19:27.365+0000] {processor.py:186} INFO - Started process (PID=834) to work on /opt/airflow/dags/tmdb_incremental_sync.py
[2026-06-30T14:19:27.367+0000] {processor.py:914} INFO - Processing file /opt/airflow/dags/tmdb_incremental_sync.py for tasks to queue
[2026-06-30T14:19:27.370+0000] {logging_mixin.py:190} INFO - [2026-06-30T14:19:27.370+0000] {dagbag.py:587} INFO - Filling up the DagBag from /opt/airflow/dags/tmdb_incremental_sync.py
[2026-06-30T14:19:27.401+0000] {processor.py:925} INFO - DAG(s) 'tmdb_incremental_sync' retrieved from /opt/airflow/dags/tmdb_incremental_sync.py
[2026-06-30T14:19:27.441+0000] {logging_mixin.py:190} INFO - [2026-06-30T14:19:27.441+0000] {dag.py:3211} INFO - Sync 1 DAGs
[2026-06-30T14:19:27.478+0000] {logging_mixin.py:190} INFO - [2026-06-30T14:19:27.478+0000] {dag.py:4138} INFO - Setting next_dagrun for tmdb_incremental_sync to 2026-06-30 00:00:00+00:00, run_after=2026-07-01 00:00:00+00:00
[2026-06-30T14:19:27.508+0000] {processor.py:208} INFO - Processing /opt/airflow/dags/tmdb_incremental_sync.py took 0.151 seconds
[2026-06-30T14:19:57.841+0000] {processor.py:186} INFO - Started process (PID=844) to work on /opt/airflow/dags/tmdb_incremental_sync.py
[2026-06-30T14:19:57.843+0000] {processor.py:914} INFO - Processing file /opt/airflow/dags/tmdb_incremental_sync.py for tasks to queue
[2026-06-30T14:19:57.847+0000] {logging_mixin.py:190} INFO - [2026-06-30T14:19:57.846+0000] {dagbag.py:587} INFO - Filling up the DagBag from /opt/airflow/dags/tmdb_incremental_sync.py
[2026-06-30T14:19:57.875+0000] {processor.py:925} INFO - DAG(s) 'tmdb_incremental_sync' retrieved from /opt/airflow/dags/tmdb_incremental_sync.py
[2026-06-30T14:19:57.916+0000] {logging_mixin.py:190} INFO - [2026-06-30T14:19:57.916+0000] {dag.py:3211} INFO - Sync 1 DAGs
[2026-06-30T14:19:57.952+0000] {logging_mixin.py:190} INFO - [2026-06-30T14:19:57.951+0000] {dag.py:4138} INFO - Setting next_dagrun for tmdb_incremental_sync to 2026-06-30 00:00:00+00:00, run_after=2026-07-01 00:00:00+00:00
[2026-06-30T14:19:57.980+0000] {processor.py:208} INFO - Processing /opt/airflow/dags/tmdb_incremental_sync.py took 0.148 seconds
[2026-06-30T14:20:28.369+0000] {processor.py:186} INFO - Started process (PID=854) to work on /opt/airflow/dags/tmdb_incremental_sync.py
[2026-06-30T14:20:28.371+0000] {processor.py:914} INFO - Processing file /opt/airflow/dags/tmdb_incremental_sync.py for tasks to queue
[2026-06-30T14:20:28.375+0000] {logging_mixin.py:190} INFO - [2026-06-30T14:20:28.374+0000] {dagbag.py:587} INFO - Filling up the DagBag from /opt/airflow/dags/tmdb_incremental_sync.py
[2026-06-30T14:20:28.404+0000] {processor.py:925} INFO - DAG(s) 'tmdb_incremental_sync' retrieved from /opt/airflow/dags/tmdb_incremental_sync.py
[2026-06-30T14:20:28.444+0000] {logging_mixin.py:190} INFO - [2026-06-30T14:20:28.444+0000] {dag.py:3211} INFO - Sync 1 DAGs
[2026-06-30T14:20:28.478+0000] {logging_mixin.py:190} INFO - [2026-06-30T14:20:28.478+0000] {dag.py:4138} INFO - Setting next_dagrun for tmdb_incremental_sync to 2026-06-30 00:00:00+00:00, run_after=2026-07-01 00:00:00+00:00
[2026-06-30T14:20:28.508+0000] {processor.py:208} INFO - Processing /opt/airflow/dags/tmdb_incremental_sync.py took 0.147 seconds
[2026-06-30T14:20:58.873+0000] {processor.py:186} INFO - Started process (PID=864) to work on /opt/airflow/dags/tmdb_incremental_sync.py
[2026-06-30T14:20:58.874+0000] {processor.py:914} INFO - Processing file /opt/airflow/dags/tmdb_incremental_sync.py for tasks to queue
[2026-06-30T14:20:58.877+0000] {logging_mixin.py:190} INFO - [2026-06-30T14:20:58.877+0000] {dagbag.py:587} INFO - Filling up the DagBag from /opt/airflow/dags/tmdb_incremental_sync.py
[2026-06-30T14:20:58.906+0000] {processor.py:925} INFO - DAG(s) 'tmdb_incremental_sync' retrieved from /opt/airflow/dags/tmdb_incremental_sync.py
[2026-06-30T14:20:58.946+0000] {logging_mixin.py:190} INFO - [2026-06-30T14:20:58.946+0000] {dag.py:3211} INFO - Sync 1 DAGs
[2026-06-30T14:20:58.984+0000] {logging_mixin.py:190} INFO - [2026-06-30T14:20:58.983+0000] {dag.py:4138} INFO - Setting next_dagrun for tmdb_incremental_sync to 2026-06-30 00:00:00+00:00, run_after=2026-07-01 00:00:00+00:00
[2026-06-30T14:20:59.011+0000] {processor.py:208} INFO - Processing /opt/airflow/dags/tmdb_incremental_sync.py took 0.148 seconds
[2026-06-30T14:21:29.319+0000] {processor.py:186} INFO - Started process (PID=874) to work on /opt/airflow/dags/tmdb_incremental_sync.py
[2026-06-30T14:21:29.321+0000] {processor.py:914} INFO - Processing file /opt/airflow/dags/tmdb_incremental_sync.py for tasks to queue
[2026-06-30T14:21:29.324+0000] {logging_mixin.py:190} INFO - [2026-06-30T14:21:29.324+0000] {dagbag.py:587} INFO - Filling up the DagBag from /opt/airflow/dags/tmdb_incremental_sync.py
[2026-06-30T14:21:29.353+0000] {processor.py:925} INFO - DAG(s) 'tmdb_incremental_sync' retrieved from /opt/airflow/dags/tmdb_incremental_sync.py
[2026-06-30T14:21:29.397+0000] {logging_mixin.py:190} INFO - [2026-06-30T14:21:29.397+0000] {dag.py:3211} INFO - Sync 1 DAGs
[2026-06-30T14:21:29.437+0000] {logging_mixin.py:190} INFO - [2026-06-30T14:21:29.437+0000] {dag.py:4138} INFO - Setting next_dagrun for tmdb_incremental_sync to 2026-06-30 00:00:00+00:00, run_after=2026-07-01 00:00:00+00:00
[2026-06-30T14:21:29.467+0000] {processor.py:208} INFO - Processing /opt/airflow/dags/tmdb_incremental_sync.py took 0.156 seconds
[2026-06-30T14:21:59.753+0000] {processor.py:186} INFO - Started process (PID=884) to work on /opt/airflow/dags/tmdb_incremental_sync.py
[2026-06-30T14:21:59.755+0000] {processor.py:914} INFO - Processing file /opt/airflow/dags/tmdb_incremental_sync.py for tasks to queue
[2026-06-30T14:21:59.758+0000] {logging_mixin.py:190} INFO - [2026-06-30T14:21:59.758+0000] {dagbag.py:587} INFO - Filling up the DagBag from /opt/airflow/dags/tmdb_incremental_sync.py
[2026-06-30T14:21:59.790+0000] {processor.py:925} INFO - DAG(s) 'tmdb_incremental_sync' retrieved from /opt/airflow/dags/tmdb_incremental_sync.py
[2026-06-30T14:21:59.835+0000] {logging_mixin.py:190} INFO - [2026-06-30T14:21:59.835+0000] {dag.py:3211} INFO - Sync 1 DAGs
[2026-06-30T14:21:59.874+0000] {logging_mixin.py:190} INFO - [2026-06-30T14:21:59.874+0000] {dag.py:4138} INFO - Setting next_dagrun for tmdb_incremental_sync to 2026-06-30 00:00:00+00:00, run_after=2026-07-01 00:00:00+00:00
[2026-06-30T14:21:59.904+0000] {processor.py:208} INFO - Processing /opt/airflow/dags/tmdb_incremental_sync.py took 0.161 seconds
[2026-06-30T14:22:30.182+0000] {processor.py:186} INFO - Started process (PID=894) to work on /opt/airflow/dags/tmdb_incremental_sync.py
[2026-06-30T14:22:30.184+0000] {processor.py:914} INFO - Processing file /opt/airflow/dags/tmdb_incremental_sync.py for tasks to queue
[2026-06-30T14:22:30.187+0000] {logging_mixin.py:190} INFO - [2026-06-30T14:22:30.186+0000] {dagbag.py:587} INFO - Filling up the DagBag from /opt/airflow/dags/tmdb_incremental_sync.py
[2026-06-30T14:22:30.216+0000] {processor.py:925} INFO - DAG(s) 'tmdb_incremental_sync' retrieved from /opt/airflow/dags/tmdb_incremental_sync.py
[2026-06-30T14:22:30.257+0000] {logging_mixin.py:190} INFO - [2026-06-30T14:22:30.256+0000] {dag.py:3211} INFO - Sync 1 DAGs
[2026-06-30T14:22:30.292+0000] {logging_mixin.py:190} INFO - [2026-06-30T14:22:30.291+0000] {dag.py:4138} INFO - Setting next_dagrun for tmdb_incremental_sync to 2026-06-30 00:00:00+00:00, run_after=2026-07-01 00:00:00+00:00
[2026-06-30T14:22:30.318+0000] {processor.py:208} INFO - Processing /opt/airflow/dags/tmdb_incremental_sync.py took 0.144 seconds
[2026-06-30T14:23:00.605+0000] {processor.py:186} INFO - Started process (PID=904) to work on /opt/airflow/dags/tmdb_incremental_sync.py
[2026-06-30T14:23:00.607+0000] {processor.py:914} INFO - Processing file /opt/airflow/dags/tmdb_incremental_sync.py for tasks to queue
[2026-06-30T14:23:00.611+0000] {logging_mixin.py:190} INFO - [2026-06-30T14:23:00.610+0000] {dagbag.py:587} INFO - Filling up the DagBag from /opt/airflow/dags/tmdb_incremental_sync.py
[2026-06-30T14:23:00.640+0000] {processor.py:925} INFO - DAG(s) 'tmdb_incremental_sync' retrieved from /opt/airflow/dags/tmdb_incremental_sync.py
[2026-06-30T14:23:00.681+0000] {logging_mixin.py:190} INFO - [2026-06-30T14:23:00.680+0000] {dag.py:3211} INFO - Sync 1 DAGs
[2026-06-30T14:23:00.717+0000] {logging_mixin.py:190} INFO - [2026-06-30T14:23:00.717+0000] {dag.py:4138} INFO - Setting next_dagrun for tmdb_incremental_sync to 2026-06-30 00:00:00+00:00, run_after=2026-07-01 00:00:00+00:00
[2026-06-30T14:23:00.745+0000] {processor.py:208} INFO - Processing /opt/airflow/dags/tmdb_incremental_sync.py took 0.148 seconds
[2026-06-30T14:23:31.072+0000] {processor.py:186} INFO - Started process (PID=914) to work on /opt/airflow/dags/tmdb_incremental_sync.py
[2026-06-30T14:23:31.074+0000] {processor.py:914} INFO - Processing file /opt/airflow/dags/tmdb_incremental_sync.py for tasks to queue
[2026-06-30T14:23:31.079+0000] {logging_mixin.py:190} INFO - [2026-06-30T14:23:31.078+0000] {dagbag.py:587} INFO - Filling up the DagBag from /opt/airflow/dags/tmdb_incremental_sync.py
[2026-06-30T14:23:31.108+0000] {processor.py:925} INFO - DAG(s) 'tmdb_incremental_sync' retrieved from /opt/airflow/dags/tmdb_incremental_sync.py
[2026-06-30T14:23:31.149+0000] {logging_mixin.py:190} INFO - [2026-06-30T14:23:31.149+0000] {dag.py:3211} INFO - Sync 1 DAGs
[2026-06-30T14:23:31.185+0000] {logging_mixin.py:190} INFO - [2026-06-30T14:23:31.185+0000] {dag.py:4138} INFO - Setting next_dagrun for tmdb_incremental_sync to 2026-06-30 00:00:00+00:00, run_after=2026-07-01 00:00:00+00:00
[2026-06-30T14:23:31.215+0000] {processor.py:208} INFO - Processing /opt/airflow/dags/tmdb_incremental_sync.py took 0.151 seconds
[2026-06-30T14:24:01.493+0000] {processor.py:186} INFO - Started process (PID=924) to work on /opt/airflow/dags/tmdb_incremental_sync.py
[2026-06-30T14:24:01.494+0000] {processor.py:914} INFO - Processing file /opt/airflow/dags/tmdb_incremental_sync.py for tasks to queue
[2026-06-30T14:24:01.498+0000] {logging_mixin.py:190} INFO - [2026-06-30T14:24:01.497+0000] {dagbag.py:587} INFO - Filling up the DagBag from /opt/airflow/dags/tmdb_incremental_sync.py
[2026-06-30T14:24:01.528+0000] {processor.py:925} INFO - DAG(s) 'tmdb_incremental_sync' retrieved from /opt/airflow/dags/tmdb_incremental_sync.py
[2026-06-30T14:24:01.571+0000] {logging_mixin.py:190} INFO - [2026-06-30T14:24:01.570+0000] {dag.py:3211} INFO - Sync 1 DAGs
[2026-06-30T14:24:01.607+0000] {logging_mixin.py:190} INFO - [2026-06-30T14:24:01.606+0000] {dag.py:4138} INFO - Setting next_dagrun for tmdb_incremental_sync to 2026-06-30 00:00:00+00:00, run_after=2026-07-01 00:00:00+00:00
[2026-06-30T14:24:01.633+0000] {processor.py:208} INFO - Processing /opt/airflow/dags/tmdb_incremental_sync.py took 0.149 seconds
[2026-06-30T14:24:31.931+0000] {processor.py:186} INFO - Started process (PID=934) to work on /opt/airflow/dags/tmdb_incremental_sync.py
[2026-06-30T14:24:31.933+0000] {processor.py:914} INFO - Processing file /opt/airflow/dags/tmdb_incremental_sync.py for tasks to queue
[2026-06-30T14:24:31.937+0000] {logging_mixin.py:190} INFO - [2026-06-30T14:24:31.937+0000] {dagbag.py:587} INFO - Filling up the DagBag from /opt/airflow/dags/tmdb_incremental_sync.py
[2026-06-30T14:24:31.969+0000] {processor.py:925} INFO - DAG(s) 'tmdb_incremental_sync' retrieved from /opt/airflow/dags/tmdb_incremental_sync.py
[2026-06-30T14:24:32.014+0000] {logging_mixin.py:190} INFO - [2026-06-30T14:24:32.013+0000] {dag.py:3211} INFO - Sync 1 DAGs
[2026-06-30T14:24:32.054+0000] {logging_mixin.py:190} INFO - [2026-06-30T14:24:32.054+0000] {dag.py:4138} INFO - Setting next_dagrun for tmdb_incremental_sync to 2026-06-30 00:00:00+00:00, run_after=2026-07-01 00:00:00+00:00
[2026-06-30T14:24:32.086+0000] {processor.py:208} INFO - Processing /opt/airflow/dags/tmdb_incremental_sync.py took 0.163 seconds
[2026-06-30T14:25:02.372+0000] {processor.py:186} INFO - Started process (PID=944) to work on /opt/airflow/dags/tmdb_incremental_sync.py
[2026-06-30T14:25:02.374+0000] {processor.py:914} INFO - Processing file /opt/airflow/dags/tmdb_incremental_sync.py for tasks to queue
[2026-06-30T14:25:02.378+0000] {logging_mixin.py:190} INFO - [2026-06-30T14:25:02.377+0000] {dagbag.py:587} INFO - Filling up the DagBag from /opt/airflow/dags/tmdb_incremental_sync.py
[2026-06-30T14:25:02.412+0000] {processor.py:925} INFO - DAG(s) 'tmdb_incremental_sync' retrieved from /opt/airflow/dags/tmdb_incremental_sync.py
[2026-06-30T14:25:02.460+0000] {logging_mixin.py:190} INFO - [2026-06-30T14:25:02.460+0000] {dag.py:3211} INFO - Sync 1 DAGs
[2026-06-30T14:25:02.502+0000] {logging_mixin.py:190} INFO - [2026-06-30T14:25:02.502+0000] {dag.py:4138} INFO - Setting next_dagrun for tmdb_incremental_sync to 2026-06-30 00:00:00+00:00, run_after=2026-07-01 00:00:00+00:00
[2026-06-30T14:25:02.530+0000] {processor.py:208} INFO - Processing /opt/airflow/dags/tmdb_incremental_sync.py took 0.167 seconds
[2026-06-30T14:25:32.815+0000] {processor.py:186} INFO - Started process (PID=954) to work on /opt/airflow/dags/tmdb_incremental_sync.py
[2026-06-30T14:25:32.817+0000] {processor.py:914} INFO - Processing file /opt/airflow/dags/tmdb_incremental_sync.py for tasks to queue
[2026-06-30T14:25:32.820+0000] {logging_mixin.py:190} INFO - [2026-06-30T14:25:32.820+0000] {dagbag.py:587} INFO - Filling up the DagBag from /opt/airflow/dags/tmdb_incremental_sync.py
[2026-06-30T14:25:32.854+0000] {processor.py:925} INFO - DAG(s) 'tmdb_incremental_sync' retrieved from /opt/airflow/dags/tmdb_incremental_sync.py
[2026-06-30T14:25:32.899+0000] {logging_mixin.py:190} INFO - [2026-06-30T14:25:32.898+0000] {dag.py:3211} INFO - Sync 1 DAGs
[2026-06-30T14:25:32.939+0000] {logging_mixin.py:190} INFO - [2026-06-30T14:25:32.938+0000] {dag.py:4138} INFO - Setting next_dagrun for tmdb_incremental_sync to 2026-06-30 00:00:00+00:00, run_after=2026-07-01 00:00:00+00:00
[2026-06-30T14:25:32.969+0000] {processor.py:208} INFO - Processing /opt/airflow/dags/tmdb_incremental_sync.py took 0.163 seconds
[2026-06-30T14:26:03.294+0000] {processor.py:186} INFO - Started process (PID=964) to work on /opt/airflow/dags/tmdb_incremental_sync.py
[2026-06-30T14:26:03.296+0000] {processor.py:914} INFO - Processing file /opt/airflow/dags/tmdb_incremental_sync.py for tasks to queue
[2026-06-30T14:26:03.300+0000] {logging_mixin.py:190} INFO - [2026-06-30T14:26:03.299+0000] {dagbag.py:587} INFO - Filling up the DagBag from /opt/airflow/dags/tmdb_incremental_sync.py
[2026-06-30T14:26:03.330+0000] {processor.py:925} INFO - DAG(s) 'tmdb_incremental_sync' retrieved from /opt/airflow/dags/tmdb_incremental_sync.py
[2026-06-30T14:26:03.371+0000] {logging_mixin.py:190} INFO - [2026-06-30T14:26:03.371+0000] {dag.py:3211} INFO - Sync 1 DAGs
[2026-06-30T14:26:03.406+0000] {logging_mixin.py:190} INFO - [2026-06-30T14:26:03.406+0000] {dag.py:4138} INFO - Setting next_dagrun for tmdb_incremental_sync to 2026-06-30 00:00:00+00:00, run_after=2026-07-01 00:00:00+00:00
[2026-06-30T14:26:03.434+0000] {processor.py:208} INFO - Processing /opt/airflow/dags/tmdb_incremental_sync.py took 0.148 seconds
[2026-06-30T14:26:33.723+0000] {processor.py:186} INFO - Started process (PID=974) to work on /opt/airflow/dags/tmdb_incremental_sync.py
[2026-06-30T14:26:33.725+0000] {processor.py:914} INFO - Processing file /opt/airflow/dags/tmdb_incremental_sync.py for tasks to queue
[2026-06-30T14:26:33.729+0000] {logging_mixin.py:190} INFO - [2026-06-30T14:26:33.728+0000] {dagbag.py:587} INFO - Filling up the DagBag from /opt/airflow/dags/tmdb_incremental_sync.py
[2026-06-30T14:26:33.760+0000] {processor.py:925} INFO - DAG(s) 'tmdb_incremental_sync' retrieved from /opt/airflow/dags/tmdb_incremental_sync.py
[2026-06-30T14:26:33.800+0000] {logging_mixin.py:190} INFO - [2026-06-30T14:26:33.800+0000] {dag.py:3211} INFO - Sync 1 DAGs
[2026-06-30T14:26:33.837+0000] {logging_mixin.py:190} INFO - [2026-06-30T14:26:33.836+0000] {dag.py:4138} INFO - Setting next_dagrun for tmdb_incremental_sync to 2026-06-30 00:00:00+00:00, run_after=2026-07-01 00:00:00+00:00
[2026-06-30T14:26:33.867+0000] {processor.py:208} INFO - Processing /opt/airflow/dags/tmdb_incremental_sync.py took 0.153 seconds
[2026-06-30T14:27:04.257+0000] {processor.py:186} INFO - Started process (PID=984) to work on /opt/airflow/dags/tmdb_incremental_sync.py
[2026-06-30T14:27:04.259+0000] {processor.py:914} INFO - Processing file /opt/airflow/dags/tmdb_incremental_sync.py for tasks to queue
[2026-06-30T14:27:04.263+0000] {logging_mixin.py:190} INFO - [2026-06-30T14:27:04.262+0000] {dagbag.py:587} INFO - Filling up the DagBag from /opt/airflow/dags/tmdb_incremental_sync.py
[2026-06-30T14:27:04.292+0000] {processor.py:925} INFO - DAG(s) 'tmdb_incremental_sync' retrieved from /opt/airflow/dags/tmdb_incremental_sync.py
[2026-06-30T14:27:04.334+0000] {logging_mixin.py:190} INFO - [2026-06-30T14:27:04.333+0000] {dag.py:3211} INFO - Sync 1 DAGs
[2026-06-30T14:27:04.371+0000] {logging_mixin.py:190} INFO - [2026-06-30T14:27:04.370+0000] {dag.py:4138} INFO - Setting next_dagrun for tmdb_incremental_sync to 2026-06-30 00:00:00+00:00, run_after=2026-07-01 00:00:00+00:00
[2026-06-30T14:27:04.398+0000] {processor.py:208} INFO - Processing /opt/airflow/dags/tmdb_incremental_sync.py took 0.149 seconds
[2026-06-30T14:27:34.757+0000] {processor.py:186} INFO - Started process (PID=994) to work on /opt/airflow/dags/tmdb_incremental_sync.py
[2026-06-30T14:27:34.764+0000] {processor.py:914} INFO - Processing file /opt/airflow/dags/tmdb_incremental_sync.py for tasks to queue
[2026-06-30T14:27:34.798+0000] {logging_mixin.py:190} INFO - [2026-06-30T14:27:34.798+0000] {dagbag.py:587} INFO - Filling up the DagBag from /opt/airflow/dags/tmdb_incremental_sync.py
[2026-06-30T14:27:34.871+0000] {processor.py:925} INFO - DAG(s) 'tmdb_incremental_sync' retrieved from /opt/airflow/dags/tmdb_incremental_sync.py
[2026-06-30T14:27:34.940+0000] {logging_mixin.py:190} INFO - [2026-06-30T14:27:34.940+0000] {dag.py:3211} INFO - Sync 1 DAGs
[2026-06-30T14:27:35.022+0000] {logging_mixin.py:190} INFO - [2026-06-30T14:27:35.021+0000] {dag.py:4138} INFO - Setting next_dagrun for tmdb_incremental_sync to 2026-06-30 00:00:00+00:00, run_after=2026-07-01 00:00:00+00:00
[2026-06-30T14:27:35.057+0000] {processor.py:208} INFO - Processing /opt/airflow/dags/tmdb_incremental_sync.py took 0.334 seconds
[2026-06-30T14:28:05.135+0000] {processor.py:186} INFO - Started process (PID=1004) to work on /opt/airflow/dags/tmdb_incremental_sync.py
[2026-06-30T14:28:05.137+0000] {processor.py:914} INFO - Processing file /opt/airflow/dags/tmdb_incremental_sync.py for tasks to queue
[2026-06-30T14:28:05.140+0000] {logging_mixin.py:190} INFO - [2026-06-30T14:28:05.140+0000] {dagbag.py:587} INFO - Filling up the DagBag from /opt/airflow/dags/tmdb_incremental_sync.py
[2026-06-30T14:28:05.170+0000] {processor.py:925} INFO - DAG(s) 'tmdb_incremental_sync' retrieved from /opt/airflow/dags/tmdb_incremental_sync.py
[2026-06-30T14:28:05.210+0000] {logging_mixin.py:190} INFO - [2026-06-30T14:28:05.210+0000] {dag.py:3211} INFO - Sync 1 DAGs
[2026-06-30T14:28:05.245+0000] {logging_mixin.py:190} INFO - [2026-06-30T14:28:05.244+0000] {dag.py:4138} INFO - Setting next_dagrun for tmdb_incremental_sync to 2026-06-30 00:00:00+00:00, run_after=2026-07-01 00:00:00+00:00
[2026-06-30T14:28:05.271+0000] {processor.py:208} INFO - Processing /opt/airflow/dags/tmdb_incremental_sync.py took 0.145 seconds
[2026-06-30T14:29:05.299+0000] {processor.py:186} INFO - Started process (PID=1012) to work on /opt/airflow/dags/tmdb_incremental_sync.py
[2026-06-30T14:29:05.301+0000] {processor.py:914} INFO - Processing file /opt/airflow/dags/tmdb_incremental_sync.py for tasks to queue
[2026-06-30T14:29:05.305+0000] {logging_mixin.py:190} INFO - [2026-06-30T14:29:05.304+0000] {dagbag.py:587} INFO - Filling up the DagBag from /opt/airflow/dags/tmdb_incremental_sync.py
[2026-06-30T14:29:05.333+0000] {processor.py:925} INFO - DAG(s) 'tmdb_incremental_sync' retrieved from /opt/airflow/dags/tmdb_incremental_sync.py
[2026-06-30T14:29:05.374+0000] {logging_mixin.py:190} INFO - [2026-06-30T14:29:05.374+0000] {dag.py:3211} INFO - Sync 1 DAGs
[2026-06-30T14:29:05.413+0000] {logging_mixin.py:190} INFO - [2026-06-30T14:29:05.413+0000] {dag.py:4138} INFO - Setting next_dagrun for tmdb_incremental_sync to 2026-06-30 00:00:00+00:00, run_after=2026-07-01 00:00:00+00:00
[2026-06-30T14:29:05.439+0000] {processor.py:208} INFO - Processing /opt/airflow/dags/tmdb_incremental_sync.py took 0.148 seconds
[2026-06-30T14:43:15.615+0000] {processor.py:186} INFO - Started process (PID=1022) to work on /opt/airflow/dags/tmdb_incremental_sync.py
[2026-06-30T14:43:15.617+0000] {processor.py:914} INFO - Processing file /opt/airflow/dags/tmdb_incremental_sync.py for tasks to queue
[2026-06-30T14:43:15.620+0000] {logging_mixin.py:190} INFO - [2026-06-30T14:43:15.619+0000] {dagbag.py:587} INFO - Filling up the DagBag from /opt/airflow/dags/tmdb_incremental_sync.py
[2026-06-30T14:43:15.652+0000] {processor.py:925} INFO - DAG(s) 'tmdb_incremental_sync' retrieved from /opt/airflow/dags/tmdb_incremental_sync.py
[2026-06-30T14:43:15.691+0000] {logging_mixin.py:190} INFO - [2026-06-30T14:43:15.691+0000] {dag.py:3211} INFO - Sync 1 DAGs
[2026-06-30T14:43:15.730+0000] {logging_mixin.py:190} INFO - [2026-06-30T14:43:15.729+0000] {dag.py:4138} INFO - Setting next_dagrun for tmdb_incremental_sync to 2026-06-30 00:00:00+00:00, run_after=2026-07-01 00:00:00+00:00
[2026-06-30T14:43:15.758+0000] {processor.py:208} INFO - Processing /opt/airflow/dags/tmdb_incremental_sync.py took 0.150 seconds
[2026-06-30T14:49:43.718+0000] {processor.py:186} INFO - Started process (PID=1032) to work on /opt/airflow/dags/tmdb_incremental_sync.py
[2026-06-30T14:49:43.721+0000] {processor.py:914} INFO - Processing file /opt/airflow/dags/tmdb_incremental_sync.py for tasks to queue
[2026-06-30T14:49:43.729+0000] {logging_mixin.py:190} INFO - [2026-06-30T14:49:43.727+0000] {dagbag.py:587} INFO - Filling up the DagBag from /opt/airflow/dags/tmdb_incremental_sync.py
[2026-06-30T14:49:43.793+0000] {processor.py:925} INFO - DAG(s) 'tmdb_incremental_sync' retrieved from /opt/airflow/dags/tmdb_incremental_sync.py
[2026-06-30T14:49:43.871+0000] {logging_mixin.py:190} INFO - [2026-06-30T14:49:43.870+0000] {dag.py:3211} INFO - Sync 1 DAGs
[2026-06-30T14:49:43.945+0000] {logging_mixin.py:190} INFO - [2026-06-30T14:49:43.945+0000] {dag.py:4138} INFO - Setting next_dagrun for tmdb_incremental_sync to 2026-06-30 00:00:00+00:00, run_after=2026-07-01 00:00:00+00:00
[2026-06-30T14:49:43.995+0000] {processor.py:208} INFO - Processing /opt/airflow/dags/tmdb_incremental_sync.py took 0.295 seconds
[2026-06-30T14:54:28.856+0000] {processor.py:186} INFO - Started process (PID=1042) to work on /opt/airflow/dags/tmdb_incremental_sync.py
[2026-06-30T14:54:28.858+0000] {processor.py:914} INFO - Processing file /opt/airflow/dags/tmdb_incremental_sync.py for tasks to queue
[2026-06-30T14:54:28.863+0000] {logging_mixin.py:190} INFO - [2026-06-30T14:54:28.862+0000] {dagbag.py:587} INFO - Filling up the DagBag from /opt/airflow/dags/tmdb_incremental_sync.py
[2026-06-30T14:54:28.908+0000] {processor.py:925} INFO - DAG(s) 'tmdb_incremental_sync' retrieved from /opt/airflow/dags/tmdb_incremental_sync.py
[2026-06-30T14:54:28.964+0000] {logging_mixin.py:190} INFO - [2026-06-30T14:54:28.963+0000] {dag.py:3211} INFO - Sync 1 DAGs
[2026-06-30T14:54:29.019+0000] {logging_mixin.py:190} INFO - [2026-06-30T14:54:29.018+0000] {dag.py:4138} INFO - Setting next_dagrun for tmdb_incremental_sync to 2026-06-30 00:00:00+00:00, run_after=2026-07-01 00:00:00+00:00
[2026-06-30T14:54:29.053+0000] {processor.py:208} INFO - Processing /opt/airflow/dags/tmdb_incremental_sync.py took 0.209 seconds
[2026-06-30T14:58:40.280+0000] {processor.py:186} INFO - Started process (PID=1052) to work on /opt/airflow/dags/tmdb_incremental_sync.py
[2026-06-30T14:58:40.281+0000] {processor.py:914} INFO - Processing file /opt/airflow/dags/tmdb_incremental_sync.py for tasks to queue
[2026-06-30T14:58:40.286+0000] {logging_mixin.py:190} INFO - [2026-06-30T14:58:40.285+0000] {dagbag.py:587} INFO - Filling up the DagBag from /opt/airflow/dags/tmdb_incremental_sync.py
[2026-06-30T14:58:40.317+0000] {processor.py:925} INFO - DAG(s) 'tmdb_incremental_sync' retrieved from /opt/airflow/dags/tmdb_incremental_sync.py
[2026-06-30T14:58:40.362+0000] {logging_mixin.py:190} INFO - [2026-06-30T14:58:40.362+0000] {dag.py:3211} INFO - Sync 1 DAGs
[2026-06-30T14:58:40.413+0000] {logging_mixin.py:190} INFO - [2026-06-30T14:58:40.413+0000] {dag.py:4138} INFO - Setting next_dagrun for tmdb_incremental_sync to 2026-06-30 00:00:00+00:00, run_after=2026-07-01 00:00:00+00:00
[2026-06-30T14:58:40.530+0000] {processor.py:208} INFO - Processing /opt/airflow/dags/tmdb_incremental_sync.py took 0.259 seconds
[2026-06-30T15:09:34.885+0000] {processor.py:186} INFO - Started process (PID=1062) to work on /opt/airflow/dags/tmdb_incremental_sync.py
[2026-06-30T15:09:34.896+0000] {processor.py:914} INFO - Processing file /opt/airflow/dags/tmdb_incremental_sync.py for tasks to queue
[2026-06-30T15:09:34.925+0000] {logging_mixin.py:190} INFO - [2026-06-30T15:09:34.921+0000] {dagbag.py:587} INFO - Filling up the DagBag from /opt/airflow/dags/tmdb_incremental_sync.py
[2026-06-30T15:09:35.098+0000] {processor.py:925} INFO - DAG(s) 'tmdb_incremental_sync' retrieved from /opt/airflow/dags/tmdb_incremental_sync.py
[2026-06-30T15:09:35.281+0000] {logging_mixin.py:190} INFO - [2026-06-30T15:09:35.280+0000] {dag.py:3211} INFO - Sync 1 DAGs
[2026-06-30T15:09:35.537+0000] {logging_mixin.py:190} INFO - [2026-06-30T15:09:35.535+0000] {dag.py:4138} INFO - Setting next_dagrun for tmdb_incremental_sync to 2026-06-30 00:00:00+00:00, run_after=2026-07-01 00:00:00+00:00
[2026-06-30T15:09:35.673+0000] {processor.py:208} INFO - Processing /opt/airflow/dags/tmdb_incremental_sync.py took 0.841 seconds
[2026-06-30T16:59:00.530+0000] {processor.py:186} INFO - Started process (PID=1072) to work on /opt/airflow/dags/tmdb_incremental_sync.py
[2026-06-30T16:59:00.536+0000] {processor.py:914} INFO - Processing file /opt/airflow/dags/tmdb_incremental_sync.py for tasks to queue
[2026-06-30T16:59:00.553+0000] {logging_mixin.py:190} INFO - [2026-06-30T16:59:00.549+0000] {dagbag.py:587} INFO - Filling up the DagBag from /opt/airflow/dags/tmdb_incremental_sync.py
[2026-06-30T16:59:00.693+0000] {processor.py:925} INFO - DAG(s) 'tmdb_incremental_sync' retrieved from /opt/airflow/dags/tmdb_incremental_sync.py
[2026-06-30T16:59:00.975+0000] {logging_mixin.py:190} INFO - [2026-06-30T16:59:00.974+0000] {dag.py:3211} INFO - Sync 1 DAGs
[2026-06-30T16:59:01.394+0000] {logging_mixin.py:190} INFO - [2026-06-30T16:59:01.392+0000] {dag.py:4138} INFO - Setting next_dagrun for tmdb_incremental_sync to 2026-06-30 00:00:00+00:00, run_after=2026-07-01 00:00:00+00:00
[2026-06-30T16:59:01.544+0000] {processor.py:208} INFO - Processing /opt/airflow/dags/tmdb_incremental_sync.py took 1.052 seconds
[2026-06-30T16:59:32.450+0000] {processor.py:186} INFO - Started process (PID=1082) to work on /opt/airflow/dags/tmdb_incremental_sync.py
[2026-06-30T16:59:32.519+0000] {processor.py:914} INFO - Processing file /opt/airflow/dags/tmdb_incremental_sync.py for tasks to queue
[2026-06-30T16:59:32.642+0000] {logging_mixin.py:190} INFO - [2026-06-30T16:59:32.639+0000] {dagbag.py:587} INFO - Filling up the DagBag from /opt/airflow/dags/tmdb_incremental_sync.py
[2026-06-30T16:59:33.597+0000] {processor.py:925} INFO - DAG(s) 'tmdb_incremental_sync' retrieved from /opt/airflow/dags/tmdb_incremental_sync.py
[2026-06-30T16:59:34.703+0000] {logging_mixin.py:190} INFO - [2026-06-30T16:59:34.691+0000] {dag.py:3211} INFO - Sync 1 DAGs
[2026-06-30T16:59:35.443+0000] {logging_mixin.py:190} INFO - [2026-06-30T16:59:35.439+0000] {dag.py:4138} INFO - Setting next_dagrun for tmdb_incremental_sync to 2026-06-30 00:00:00+00:00, run_after=2026-07-01 00:00:00+00:00
[2026-06-30T16:59:36.073+0000] {processor.py:208} INFO - Processing /opt/airflow/dags/tmdb_incremental_sync.py took 3.810 seconds
[2026-06-30T18:45:05.239+0000] {processor.py:186} INFO - Started process (PID=1092) to work on /opt/airflow/dags/tmdb_incremental_sync.py
[2026-06-30T18:45:05.247+0000] {processor.py:914} INFO - Processing file /opt/airflow/dags/tmdb_incremental_sync.py for tasks to queue
[2026-06-30T18:45:05.281+0000] {logging_mixin.py:190} INFO - [2026-06-30T18:45:05.272+0000] {dagbag.py:587} INFO - Filling up the DagBag from /opt/airflow/dags/tmdb_incremental_sync.py
[2026-06-30T18:45:05.551+0000] {processor.py:925} INFO - DAG(s) 'tmdb_incremental_sync' retrieved from /opt/airflow/dags/tmdb_incremental_sync.py
[2026-06-30T18:45:06.011+0000] {logging_mixin.py:190} INFO - [2026-06-30T18:45:06.009+0000] {dag.py:3211} INFO - Sync 1 DAGs
[2026-06-30T18:45:06.430+0000] {logging_mixin.py:190} INFO - [2026-06-30T18:45:06.428+0000] {dag.py:4138} INFO - Setting next_dagrun for tmdb_incremental_sync to 2026-06-30 00:00:00+00:00, run_after=2026-07-01 00:00:00+00:00
[2026-06-30T18:45:06.631+0000] {processor.py:208} INFO - Processing /opt/airflow/dags/tmdb_incremental_sync.py took 1.448 seconds
[2026-06-30T19:01:00.118+0000] {processor.py:186} INFO - Started process (PID=1102) to work on /opt/airflow/dags/tmdb_incremental_sync.py
[2026-06-30T19:01:00.126+0000] {processor.py:914} INFO - Processing file /opt/airflow/dags/tmdb_incremental_sync.py for tasks to queue
[2026-06-30T19:01:00.135+0000] {logging_mixin.py:190} INFO - [2026-06-30T19:01:00.134+0000] {dagbag.py:587} INFO - Filling up the DagBag from /opt/airflow/dags/tmdb_incremental_sync.py
[2026-06-30T19:01:00.221+0000] {processor.py:925} INFO - DAG(s) 'tmdb_incremental_sync' retrieved from /opt/airflow/dags/tmdb_incremental_sync.py
[2026-06-30T19:01:00.328+0000] {logging_mixin.py:190} INFO - [2026-06-30T19:01:00.327+0000] {dag.py:3211} INFO - Sync 1 DAGs
[2026-06-30T19:01:00.435+0000] {logging_mixin.py:190} INFO - [2026-06-30T19:01:00.434+0000] {dag.py:4138} INFO - Setting next_dagrun for tmdb_incremental_sync to 2026-06-30 00:00:00+00:00, run_after=2026-07-01 00:00:00+00:00
[2026-06-30T19:01:00.499+0000] {processor.py:208} INFO - Processing /opt/airflow/dags/tmdb_incremental_sync.py took 0.406 seconds
[2026-06-30T19:39:47.116+0000] {processor.py:186} INFO - Started process (PID=1112) to work on /opt/airflow/dags/tmdb_incremental_sync.py
[2026-06-30T19:39:47.125+0000] {processor.py:914} INFO - Processing file /opt/airflow/dags/tmdb_incremental_sync.py for tasks to queue
[2026-06-30T19:39:47.140+0000] {logging_mixin.py:190} INFO - [2026-06-30T19:39:47.138+0000] {dagbag.py:587} INFO - Filling up the DagBag from /opt/airflow/dags/tmdb_incremental_sync.py
[2026-06-30T19:39:47.297+0000] {processor.py:925} INFO - DAG(s) 'tmdb_incremental_sync' retrieved from /opt/airflow/dags/tmdb_incremental_sync.py
[2026-06-30T19:39:47.561+0000] {logging_mixin.py:190} INFO - [2026-06-30T19:39:47.552+0000] {dag.py:3211} INFO - Sync 1 DAGs
[2026-06-30T19:39:47.956+0000] {logging_mixin.py:190} INFO - [2026-06-30T19:39:47.954+0000] {dag.py:4138} INFO - Setting next_dagrun for tmdb_incremental_sync to 2026-06-30 00:00:00+00:00, run_after=2026-07-01 00:00:00+00:00
[2026-06-30T19:39:48.110+0000] {processor.py:208} INFO - Processing /opt/airflow/dags/tmdb_incremental_sync.py took 1.038 seconds
[2026-06-30T20:01:14.437+0000] {processor.py:186} INFO - Started process (PID=1122) to work on /opt/airflow/dags/tmdb_incremental_sync.py
[2026-06-30T20:01:14.465+0000] {processor.py:914} INFO - Processing file /opt/airflow/dags/tmdb_incremental_sync.py for tasks to queue
[2026-06-30T20:01:14.481+0000] {logging_mixin.py:190} INFO - [2026-06-30T20:01:14.479+0000] {dagbag.py:587} INFO - Filling up the DagBag from /opt/airflow/dags/tmdb_incremental_sync.py
[2026-06-30T20:01:14.629+0000] {processor.py:925} INFO - DAG(s) 'tmdb_incremental_sync' retrieved from /opt/airflow/dags/tmdb_incremental_sync.py
[2026-06-30T20:01:14.811+0000] {logging_mixin.py:190} INFO - [2026-06-30T20:01:14.809+0000] {dag.py:3211} INFO - Sync 1 DAGs
[2026-06-30T20:01:15.048+0000] {logging_mixin.py:190} INFO - [2026-06-30T20:01:15.045+0000] {dag.py:4138} INFO - Setting next_dagrun for tmdb_incremental_sync to 2026-06-30 00:00:00+00:00, run_after=2026-07-01 00:00:00+00:00
[2026-06-30T20:01:15.271+0000] {processor.py:208} INFO - Processing /opt/airflow/dags/tmdb_incremental_sync.py took 0.989 seconds
