[2026-06-17T10:29:45.073+0000] {local_task_job_runner.py:123} INFO - ::group::Pre task execution logs
[2026-06-17T10:29:45.103+0000] {taskinstance.py:2603} INFO - Dependencies all met for dep_context=non-requeueable deps ti=<TaskInstance: tmdb_incremental_sync.incremental_sync_pipeline manual__2026-06-17T10:29:43.491344+00:00 [queued]>
[2026-06-17T10:29:45.114+0000] {taskinstance.py:2603} INFO - Dependencies all met for dep_context=requeueable deps ti=<TaskInstance: tmdb_incremental_sync.incremental_sync_pipeline manual__2026-06-17T10:29:43.491344+00:00 [queued]>
[2026-06-17T10:29:45.115+0000] {taskinstance.py:2856} INFO - Starting attempt 1 of 3
[2026-06-17T10:29:45.136+0000] {taskinstance.py:2879} INFO - Executing <Task(PythonOperator): incremental_sync_pipeline> on 2026-06-17 10:29:43.491344+00:00
[2026-06-17T10:29:45.154+0000] {logging_mixin.py:190} WARNING - /home/***/.local/lib/python3.12/site-packages/***/task/task_runner/standard_task_runner.py:70 DeprecationWarning: This process (pid=2518) is multi-threaded, use of fork() may lead to deadlocks in the child.
[2026-06-17T10:29:45.153+0000] {standard_task_runner.py:104} INFO - Running: ['***', 'tasks', 'run', 'tmdb_incremental_sync', 'incremental_sync_pipeline', 'manual__2026-06-17T10:29:43.491344+00:00', '--job-id', '16', '--raw', '--subdir', 'DAGS_FOLDER/tmdb_incremental_sync.py', '--cfg-path', '/tmp/tmpx36haeip']
[2026-06-17T10:29:45.156+0000] {standard_task_runner.py:72} INFO - Started process 2521 to run task
[2026-06-17T10:29:45.156+0000] {standard_task_runner.py:105} INFO - Job 16: Subtask incremental_sync_pipeline
[2026-06-17T10:29:45.250+0000] {task_command.py:467} INFO - Running <TaskInstance: tmdb_incremental_sync.incremental_sync_pipeline manual__2026-06-17T10:29:43.491344+00:00 [running]> on host d8c53ec118ae
[2026-06-17T10:29:45.411+0000] {taskinstance.py:3122} INFO - Exporting env vars: AIRFLOW_CTX_DAG_OWNER='***' AIRFLOW_CTX_DAG_ID='tmdb_incremental_sync' AIRFLOW_CTX_TASK_ID='incremental_sync_pipeline' AIRFLOW_CTX_EXECUTION_DATE='2026-06-17T10:29:43.491344+00:00' AIRFLOW_CTX_TRY_NUMBER='1' AIRFLOW_CTX_DAG_RUN_ID='manual__2026-06-17T10:29:43.491344+00:00'
[2026-06-17T10:29:45.413+0000] {taskinstance.py:731} INFO - ::endgroup::
[2026-06-17T10:29:45.458+0000] {logging_mixin.py:190} INFO - Starting incremental sync for 2026-05-15 → 2026-06-17...
[2026-06-17T10:29:45.469+0000] {logging_mixin.py:190} INFO - Fetching changes: 2026-05-15 -> 2026-05-21
[2026-06-17T10:30:27.652+0000] {logging_mixin.py:190} INFO - Fetching changes: 2026-05-22 -> 2026-05-28
[2026-06-17T10:31:11.863+0000] {logging_mixin.py:190} INFO - Fetching changes: 2026-05-29 -> 2026-06-04
[2026-06-17T10:31:50.495+0000] {logging_mixin.py:190} INFO - Fetching changes: 2026-06-05 -> 2026-06-11
[2026-06-17T10:32:32.562+0000] {logging_mixin.py:190} INFO - Fetching changes: 2026-06-12 -> 2026-06-17
[2026-06-17T10:33:01.968+0000] {logging_mixin.py:190} INFO - Found 103331 changed IDs. Syncing metadata...
[2026-06-17T10:33:16.344+0000] {logging_mixin.py:190} INFO - Skipping movie 1573274: could not fetch metadata.
[2026-06-17T10:33:18.205+0000] {logging_mixin.py:190} INFO - Skipping movie 1573319: could not fetch metadata.
[2026-06-17T10:33:26.280+0000] {logging_mixin.py:190} INFO - Skipping movie 1311416: could not fetch metadata.
[2026-06-17T10:33:27.741+0000] {logging_mixin.py:190} INFO - Skipping movie 1573613: could not fetch metadata.
[2026-06-17T10:33:29.236+0000] {logging_mixin.py:190} INFO - Skipping movie 1311502: could not fetch metadata.
[2026-06-17T10:33:30.360+0000] {logging_mixin.py:190} INFO - Skipping movie 1311527: could not fetch metadata.
[2026-06-17T10:33:37.345+0000] {logging_mixin.py:190} INFO - Skipping movie 1573839: could not fetch metadata.
[2026-06-17T10:33:38.524+0000] {logging_mixin.py:190} INFO - Skipping movie 1573907: could not fetch metadata.
[2026-06-17T10:33:38.683+0000] {logging_mixin.py:190} INFO - Skipping movie 1049629: could not fetch metadata.
[2026-06-17T10:33:41.041+0000] {logging_mixin.py:190} INFO - Skipping movie 1574071: could not fetch metadata.
[2026-06-17T10:34:00.665+0000] {logging_mixin.py:190} INFO - Skipping movie 1574874: could not fetch metadata.
[2026-06-17T10:34:01.665+0000] {logging_mixin.py:190} INFO - Skipping movie 1574917: could not fetch metadata.
[2026-06-17T10:34:03.316+0000] {logging_mixin.py:190} INFO - Skipping movie 1574995: could not fetch metadata.
[2026-06-17T10:34:06.391+0000] {logging_mixin.py:190} INFO - Skipping movie 1313007: could not fetch metadata.
[2026-06-17T10:34:13.735+0000] {logging_mixin.py:190} INFO - Skipping movie 1313430: could not fetch metadata.
[2026-06-17T10:34:15.011+0000] {logging_mixin.py:190} INFO - Skipping movie 1051358: could not fetch metadata.
[2026-06-17T10:34:17.566+0000] {logging_mixin.py:190} INFO - Skipping movie 1575795: could not fetch metadata.
[2026-06-17T10:34:17.642+0000] {logging_mixin.py:190} INFO - Skipping movie 1575802: could not fetch metadata.
[2026-06-17T10:34:17.662+0000] {logging_mixin.py:190} INFO - Skipping movie 1575805: could not fetch metadata.
[2026-06-17T10:34:21.617+0000] {logging_mixin.py:190} INFO - Skipping movie 527397: could not fetch metadata.
[2026-06-17T10:34:23.771+0000] {logging_mixin.py:190} INFO - Skipping movie 1313946: could not fetch metadata.
[2026-06-17T10:34:29.419+0000] {logging_mixin.py:190} INFO - Skipping movie 1314343: could not fetch metadata.
[2026-06-17T10:34:30.882+0000] {logging_mixin.py:190} INFO - Skipping movie 1576677: could not fetch metadata.
[2026-06-17T10:34:31.172+0000] {logging_mixin.py:190} INFO - Skipping movie 1314569: could not fetch metadata.
[2026-06-17T10:34:33.581+0000] {logging_mixin.py:190} INFO - Skipping movie 1576901: could not fetch metadata.
[2026-06-17T10:34:35.230+0000] {logging_mixin.py:190} INFO - Skipping movie 790606: could not fetch metadata.
[2026-06-17T10:34:38.682+0000] {logging_mixin.py:190} INFO - Skipping movie 1052983: could not fetch metadata.
[2026-06-17T10:34:39.226+0000] {logging_mixin.py:190} INFO - Skipping movie 528718: could not fetch metadata.
[2026-06-17T10:34:44.899+0000] {logging_mixin.py:190} INFO - Skipping movie 529035: could not fetch metadata.
[2026-06-17T10:34:45.432+0000] {logging_mixin.py:190} INFO - Skipping movie 1577665: could not fetch metadata.
[2026-06-17T10:34:53.370+0000] {logging_mixin.py:190} INFO - Skipping movie 1578103: could not fetch metadata.
[2026-06-17T10:34:57.434+0000] {logging_mixin.py:190} INFO - Skipping movie 1578417: could not fetch metadata.
[2026-06-17T10:34:57.871+0000] {logging_mixin.py:190} INFO - Skipping movie 1578444: could not fetch metadata.
[2026-06-17T10:34:58.416+0000] {logging_mixin.py:190} INFO - Skipping movie 1578514: could not fetch metadata.
[2026-06-17T10:34:59.805+0000] {logging_mixin.py:190} INFO - Skipping movie 1054307: could not fetch metadata.
[2026-06-17T10:35:00.517+0000] {logging_mixin.py:190} INFO - Skipping movie 1316515: could not fetch metadata.
[2026-06-17T10:35:01.895+0000] {logging_mixin.py:190} INFO - Skipping movie 1054470: could not fetch metadata.
[2026-06-17T10:35:04.098+0000] {logging_mixin.py:190} INFO - Skipping movie 1578919: could not fetch metadata.
[2026-06-17T10:35:06.061+0000] {logging_mixin.py:190} INFO - Skipping movie 1054755: could not fetch metadata.
[2026-06-17T10:35:10.623+0000] {logging_mixin.py:190} INFO - Skipping movie 1055097: could not fetch metadata.
[2026-06-17T10:35:11.386+0000] {logging_mixin.py:190} INFO - Skipping movie 1055129: could not fetch metadata.
[2026-06-17T10:35:13.981+0000] {logging_mixin.py:190} INFO - Skipping movie 1579546: could not fetch metadata.
[2026-06-17T10:35:17.062+0000] {logging_mixin.py:190} INFO - Skipping movie 269081: could not fetch metadata.
[2026-06-17T10:35:19.070+0000] {logging_mixin.py:190} INFO - Skipping movie 1579911: could not fetch metadata.
[2026-06-17T10:35:20.222+0000] {logging_mixin.py:190} INFO - Skipping movie 1579992: could not fetch metadata.
[2026-06-17T10:35:24.800+0000] {logging_mixin.py:190} INFO - Skipping movie 1580321: could not fetch metadata.
[2026-06-17T10:35:26.790+0000] {logging_mixin.py:190} INFO - Skipping movie 1580463: could not fetch metadata.
[2026-06-17T10:35:26.864+0000] {logging_mixin.py:190} INFO - Skipping movie 1318324: could not fetch metadata.
[2026-06-17T10:35:27.072+0000] {logging_mixin.py:190} INFO - Skipping movie 1318338: could not fetch metadata.
[2026-06-17T10:35:28.930+0000] {logging_mixin.py:190} INFO - Skipping movie 269889: could not fetch metadata.
[2026-06-17T10:35:29.826+0000] {logging_mixin.py:190} INFO - Skipping movie 1580708: could not fetch metadata.
[2026-06-17T10:35:34.742+0000] {logging_mixin.py:190} INFO - Skipping movie 1580970: could not fetch metadata.
[2026-06-17T10:35:35.283+0000] {logging_mixin.py:190} INFO - Skipping movie 1581013: could not fetch metadata.
[2026-06-17T10:35:35.369+0000] {logging_mixin.py:190} INFO - Skipping movie 1581018: could not fetch metadata.
[2026-06-17T10:35:35.415+0000] {logging_mixin.py:190} INFO - Skipping movie 1581021: could not fetch metadata.
[2026-06-17T10:35:37.492+0000] {logging_mixin.py:190} INFO - Skipping movie 1318999: could not fetch metadata.
[2026-06-17T10:35:42.413+0000] {logging_mixin.py:190} INFO - Skipping movie 794984: could not fetch metadata.
[2026-06-17T10:35:43.320+0000] {logging_mixin.py:190} INFO - Skipping movie 795077: could not fetch metadata.
[2026-06-17T10:35:44.929+0000] {logging_mixin.py:190} INFO - Skipping movie 1319463: could not fetch metadata.
[2026-06-17T10:35:46.290+0000] {logging_mixin.py:190} INFO - Skipping movie 1319545: could not fetch metadata.
[2026-06-17T10:35:48.566+0000] {logging_mixin.py:190} INFO - Skipping movie 1319616: could not fetch metadata.
[2026-06-17T10:35:49.412+0000] {logging_mixin.py:190} INFO - Skipping movie 1319674: could not fetch metadata.
[2026-06-17T10:35:49.483+0000] {logging_mixin.py:190} INFO - Skipping movie 1319678: could not fetch metadata.
[2026-06-17T10:35:49.732+0000] {logging_mixin.py:190} INFO - Skipping movie 1319684: could not fetch metadata.
[2026-06-17T10:35:53.961+0000] {logging_mixin.py:190} INFO - Skipping movie 1581969: could not fetch metadata.
[2026-06-17T10:35:54.101+0000] {logging_mixin.py:190} INFO - Skipping movie 1319836: could not fetch metadata.
[2026-06-17T10:35:54.184+0000] {logging_mixin.py:190} INFO - Skipping movie 1319851: could not fetch metadata.
[2026-06-17T10:35:54.245+0000] {logging_mixin.py:190} INFO - Skipping movie 1319859: could not fetch metadata.
[2026-06-17T10:35:54.368+0000] {logging_mixin.py:190} INFO - Skipping movie 1319862: could not fetch metadata.
[2026-06-17T10:35:54.378+0000] {logging_mixin.py:190} INFO - Skipping movie 1319866: could not fetch metadata.
[2026-06-17T10:35:54.405+0000] {logging_mixin.py:190} INFO - Skipping movie 1319868: could not fetch metadata.
[2026-06-17T10:36:11.819+0000] {logging_mixin.py:190} INFO - Skipping movie 1582615: could not fetch metadata.
[2026-06-17T10:36:16.305+0000] {logging_mixin.py:190} INFO - Skipping movie 1582773: could not fetch metadata.
[2026-06-17T10:36:16.408+0000] {logging_mixin.py:190} INFO - Skipping movie 1582778: could not fetch metadata.
[2026-06-17T10:36:16.491+0000] {logging_mixin.py:190} INFO - Skipping movie 1582779: could not fetch metadata.
[2026-06-17T10:36:16.784+0000] {logging_mixin.py:190} INFO - Skipping movie 1582785: could not fetch metadata.
[2026-06-17T10:36:19.026+0000] {logging_mixin.py:190} INFO - Skipping movie 1582881: could not fetch metadata.
[2026-06-17T10:36:22.077+0000] {logging_mixin.py:190} INFO - Skipping movie 1320844: could not fetch metadata.
[2026-06-17T10:36:52.492+0000] {logging_mixin.py:190} INFO - Skipping movie 1584036: could not fetch metadata.
[2026-06-17T10:36:52.634+0000] {logging_mixin.py:190} INFO - Skipping movie 1584038: could not fetch metadata.
[2026-06-17T10:36:52.699+0000] {logging_mixin.py:190} INFO - Skipping movie 1584040: could not fetch metadata.
[2026-06-17T10:36:52.740+0000] {logging_mixin.py:190} INFO - Skipping movie 1584043: could not fetch metadata.
[2026-06-17T10:36:53.090+0000] {logging_mixin.py:190} INFO - Skipping movie 1584058: could not fetch metadata.
[2026-06-17T10:36:53.359+0000] {logging_mixin.py:190} INFO - Skipping movie 1584066: could not fetch metadata.
[2026-06-17T10:36:53.755+0000] {logging_mixin.py:190} INFO - Skipping movie 1584080: could not fetch metadata.
[2026-06-17T10:37:15.584+0000] {logging_mixin.py:190} INFO - Skipping movie 1584851: could not fetch metadata.
[2026-06-17T10:37:18.146+0000] {logging_mixin.py:190} INFO - Skipping movie 1584997: could not fetch metadata.
[2026-06-17T10:37:24.407+0000] {logging_mixin.py:190} INFO - Skipping movie 1585302: could not fetch metadata.
[2026-06-17T10:37:24.780+0000] {logging_mixin.py:190} INFO - Skipping movie 1585338: could not fetch metadata.
[2026-06-17T10:37:25.079+0000] {logging_mixin.py:190} INFO - Skipping movie 1585348: could not fetch metadata.
[2026-06-17T10:37:25.311+0000] {logging_mixin.py:190} INFO - Skipping movie 1585355: could not fetch metadata.
[2026-06-17T10:37:25.575+0000] {logging_mixin.py:190} INFO - Skipping movie 1585365: could not fetch metadata.
[2026-06-17T10:37:25.629+0000] {logging_mixin.py:190} INFO - Skipping movie 1585369: could not fetch metadata.
[2026-06-17T10:37:27.975+0000] {logging_mixin.py:190} INFO - Skipping movie 1323308: could not fetch metadata.
[2026-06-17T10:37:29.374+0000] {logging_mixin.py:190} INFO - Skipping movie 1061225: could not fetch metadata.
[2026-06-17T10:37:35.026+0000] {logging_mixin.py:190} INFO - Skipping movie 1585796: could not fetch metadata.
[2026-06-17T10:37:35.181+0000] {logging_mixin.py:190} INFO - Skipping movie 1585810: could not fetch metadata.
[2026-06-17T10:37:46.308+0000] {logging_mixin.py:190} INFO - Skipping movie 1586360: could not fetch metadata.
[2026-06-17T10:37:46.339+0000] {logging_mixin.py:190} INFO - Skipping movie 1586358: could not fetch metadata.
[2026-06-17T10:37:46.935+0000] {logging_mixin.py:190} INFO - Skipping movie 1324242: could not fetch metadata.
[2026-06-17T10:37:53.530+0000] {logging_mixin.py:190} INFO - Skipping movie 1586728: could not fetch metadata.
[2026-06-17T10:37:57.685+0000] {logging_mixin.py:190} INFO - Skipping movie 1324829: could not fetch metadata.
[2026-06-17T10:37:59.411+0000] {logging_mixin.py:190} INFO - Skipping movie 1587071: could not fetch metadata.
[2026-06-17T10:37:59.700+0000] {logging_mixin.py:190} INFO - Skipping movie 538501: could not fetch metadata.
[2026-06-17T10:38:00.354+0000] {logging_mixin.py:190} INFO - Skipping movie 1587128: could not fetch metadata.
[2026-06-17T10:38:08.095+0000] {logging_mixin.py:190} INFO - Skipping movie 276775: could not fetch metadata.
[2026-06-17T10:38:25.219+0000] {logging_mixin.py:190} INFO - Skipping movie 1588362: could not fetch metadata.
[2026-06-17T10:38:30.147+0000] {logging_mixin.py:190} INFO - Skipping movie 1588667: could not fetch metadata.
[2026-06-17T10:38:38.545+0000] {logging_mixin.py:190} INFO - Skipping movie 1589059: could not fetch metadata.
[2026-06-17T10:38:38.563+0000] {logging_mixin.py:190} INFO - Skipping movie 1589054: could not fetch metadata.
[2026-06-17T10:38:38.616+0000] {logging_mixin.py:190} INFO - Skipping movie 1589060: could not fetch metadata.
[2026-06-17T10:38:38.810+0000] {logging_mixin.py:190} INFO - Skipping movie 1589066: could not fetch metadata.
[2026-06-17T10:38:45.388+0000] {logging_mixin.py:190} INFO - Skipping movie 1589470: could not fetch metadata.
[2026-06-17T10:38:49.349+0000] {logging_mixin.py:190} INFO - Skipping movie 1589732: could not fetch metadata.
[2026-06-17T10:38:51.281+0000] {logging_mixin.py:190} INFO - Skipping movie 1589847: could not fetch metadata.
[2026-06-17T10:38:52.697+0000] {logging_mixin.py:190} INFO - Skipping movie 1589899: could not fetch metadata.
[2026-06-17T10:38:53.087+0000] {logging_mixin.py:190} INFO - Skipping movie 1589916: could not fetch metadata.
[2026-06-17T10:38:53.766+0000] {logging_mixin.py:190} INFO - Skipping movie 1589972: could not fetch metadata.
[2026-06-17T10:38:53.886+0000] {logging_mixin.py:190} INFO - Skipping movie 1589980: could not fetch metadata.
[2026-06-17T10:38:59.995+0000] {logging_mixin.py:190} INFO - Skipping movie 1590286: could not fetch metadata.
[2026-06-17T10:39:00.087+0000] {logging_mixin.py:190} INFO - Skipping movie 1590289: could not fetch metadata.
[2026-06-17T10:39:03.046+0000] {logging_mixin.py:190} INFO - Skipping movie 1590460: could not fetch metadata.
[2026-06-17T10:39:03.065+0000] {logging_mixin.py:190} INFO - Skipping movie 1590465: could not fetch metadata.
[2026-06-17T10:39:03.150+0000] {logging_mixin.py:190} INFO - Skipping movie 1590471: could not fetch metadata.
[2026-06-17T10:39:03.316+0000] {logging_mixin.py:190} INFO - Skipping movie 1590480: could not fetch metadata.
[2026-06-17T10:39:03.615+0000] {logging_mixin.py:190} INFO - Skipping movie 1590501: could not fetch metadata.
[2026-06-17T10:39:03.623+0000] {logging_mixin.py:190} INFO - Skipping movie 1590503: could not fetch metadata.
[2026-06-17T10:39:06.859+0000] {logging_mixin.py:190} INFO - Skipping movie 279954: could not fetch metadata.
[2026-06-17T10:39:08.648+0000] {logging_mixin.py:190} INFO - Skipping movie 1328625: could not fetch metadata.
[2026-06-17T10:39:10.543+0000] {logging_mixin.py:190} INFO - Skipping movie 1590835: could not fetch metadata.
[2026-06-17T10:39:11.063+0000] {logging_mixin.py:190} INFO - Skipping movie 1590915: could not fetch metadata.
[2026-06-17T10:39:13.248+0000] {logging_mixin.py:190} INFO - Skipping movie 804585: could not fetch metadata.
[2026-06-17T10:39:17.485+0000] {logging_mixin.py:190} INFO - Skipping movie 1591215: could not fetch metadata.
[2026-06-17T10:39:21.775+0000] {logging_mixin.py:190} INFO - Skipping movie 1329284: could not fetch metadata.
[2026-06-17T10:39:26.391+0000] {logging_mixin.py:190} INFO - Skipping movie 1591612: could not fetch metadata.
[2026-06-17T10:39:28.461+0000] {logging_mixin.py:190} INFO - Skipping movie 1329649: could not fetch metadata.
[2026-06-17T10:39:29.031+0000] {logging_mixin.py:190} INFO - Skipping movie 1591835: could not fetch metadata.
[2026-06-17T10:39:31.994+0000] {logging_mixin.py:190} INFO - Skipping movie 1592006: could not fetch metadata.
[2026-06-17T10:39:34.551+0000] {logging_mixin.py:190} INFO - Skipping movie 1329999: could not fetch metadata.
[2026-06-17T10:39:37.099+0000] {logging_mixin.py:190} INFO - Skipping movie 1592303: could not fetch metadata.
[2026-06-17T10:39:41.140+0000] {logging_mixin.py:190} INFO - Skipping movie 1592523: could not fetch metadata.
[2026-06-17T10:39:45.056+0000] {logging_mixin.py:190} INFO - Skipping movie 806295: could not fetch metadata.
[2026-06-17T10:39:45.229+0000] {logging_mixin.py:190} INFO - Skipping movie 1592758: could not fetch metadata.
[2026-06-17T10:39:50.077+0000] {logging_mixin.py:190} INFO - Skipping movie 1593058: could not fetch metadata.
[2026-06-17T10:39:51.462+0000] {logging_mixin.py:190} INFO - Skipping movie 1593150: could not fetch metadata.
[2026-06-17T10:39:51.466+0000] {logging_mixin.py:190} INFO - Skipping movie 1593147: could not fetch metadata.
[2026-06-17T10:39:51.611+0000] {logging_mixin.py:190} INFO - Skipping movie 1593158: could not fetch metadata.
[2026-06-17T10:39:51.749+0000] {logging_mixin.py:190} INFO - Skipping movie 1068884: could not fetch metadata.
[2026-06-17T10:39:53.734+0000] {logging_mixin.py:190} INFO - Skipping movie 20370: could not fetch metadata.
[2026-06-17T10:39:54.136+0000] {logging_mixin.py:190} INFO - Skipping movie 1593318: could not fetch metadata.
[2026-06-17T10:39:54.563+0000] {logging_mixin.py:190} INFO - Skipping movie 1331207: could not fetch metadata.
[2026-06-17T10:39:56.037+0000] {logging_mixin.py:190} INFO - Skipping movie 1593439: could not fetch metadata.
[2026-06-17T10:40:11.161+0000] {logging_mixin.py:190} INFO - Skipping movie 1594415: could not fetch metadata.
[2026-06-17T10:40:11.286+0000] {logging_mixin.py:190} INFO - Skipping movie 1594423: could not fetch metadata.
[2026-06-17T10:40:13.363+0000] {logging_mixin.py:190} INFO - Skipping movie 1594558: could not fetch metadata.
[2026-06-17T10:40:16.418+0000] {logging_mixin.py:190} INFO - Skipping movie 1594717: could not fetch metadata.
[2026-06-17T10:40:18.259+0000] {logging_mixin.py:190} INFO - Skipping movie 1594879: could not fetch metadata.
[2026-06-17T10:40:23.590+0000] {logging_mixin.py:190} INFO - Skipping movie 1595209: could not fetch metadata.
[2026-06-17T10:40:24.524+0000] {logging_mixin.py:190} INFO - Skipping movie 1595245: could not fetch metadata.
[2026-06-17T10:40:25.106+0000] {logging_mixin.py:190} INFO - Skipping movie 1595254: could not fetch metadata.
[2026-06-17T10:40:26.327+0000] {logging_mixin.py:190} INFO - Skipping movie 284606: could not fetch metadata.
[2026-06-17T10:40:27.113+0000] {logging_mixin.py:190} INFO - Skipping movie 808958: could not fetch metadata.
[2026-06-17T10:40:27.126+0000] {logging_mixin.py:190} INFO - Skipping movie 808961: could not fetch metadata.
[2026-06-17T10:40:27.375+0000] {logging_mixin.py:190} INFO - Skipping movie 808963: could not fetch metadata.
[2026-06-17T10:40:27.389+0000] {logging_mixin.py:190} INFO - Skipping movie 808967: could not fetch metadata.
[2026-06-17T10:40:27.395+0000] {logging_mixin.py:190} INFO - Skipping movie 808968: could not fetch metadata.
[2026-06-17T10:40:27.504+0000] {logging_mixin.py:190} INFO - Skipping movie 808970: could not fetch metadata.
[2026-06-17T10:40:27.728+0000] {logging_mixin.py:190} INFO - Skipping movie 808974: could not fetch metadata.
[2026-06-17T10:40:30.904+0000] {logging_mixin.py:190} INFO - Skipping movie 1595611: could not fetch metadata.
[2026-06-17T10:40:31.956+0000] {logging_mixin.py:190} INFO - Skipping movie 1595673: could not fetch metadata.
[2026-06-17T10:40:39.372+0000] {logging_mixin.py:190} INFO - Skipping movie 1596126: could not fetch metadata.
[2026-06-17T10:40:45.360+0000] {logging_mixin.py:190} INFO - Skipping movie 1596425: could not fetch metadata.
[2026-06-17T10:40:47.839+0000] {logging_mixin.py:190} INFO - Skipping movie 1072321: could not fetch metadata.
[2026-06-17T10:40:50.298+0000] {logging_mixin.py:190} INFO - Skipping movie 1596817: could not fetch metadata.
[2026-06-17T10:40:55.567+0000] {logging_mixin.py:190} INFO - Skipping movie 810684: could not fetch metadata.
[2026-06-17T10:40:57.216+0000] {logging_mixin.py:190} INFO - Skipping movie 1597215: could not fetch metadata.
[2026-06-17T10:41:00.197+0000] {logging_mixin.py:190} INFO - Skipping movie 1597383: could not fetch metadata.
[2026-06-17T10:41:02.150+0000] {logging_mixin.py:190} INFO - Skipping movie 811134: could not fetch metadata.
[2026-06-17T10:41:03.530+0000] {logging_mixin.py:190} INFO - Skipping movie 1073352: could not fetch metadata.
[2026-06-17T10:41:05.348+0000] {logging_mixin.py:190} INFO - Skipping movie 1597709: could not fetch metadata.
[2026-06-17T10:41:06.061+0000] {logging_mixin.py:190} INFO - Skipping movie 1597786: could not fetch metadata.
[2026-06-17T10:41:07.679+0000] {logging_mixin.py:190} INFO - Skipping movie 1597909: could not fetch metadata.
[2026-06-17T10:41:08.856+0000] {logging_mixin.py:190} INFO - Skipping movie 1597966: could not fetch metadata.
[2026-06-17T10:41:10.423+0000] {logging_mixin.py:190} INFO - Skipping movie 287314: could not fetch metadata.
[2026-06-17T10:41:10.640+0000] {logging_mixin.py:190} INFO - Skipping movie 1598055: could not fetch metadata.
[2026-06-17T10:41:11.373+0000] {logging_mixin.py:190} INFO - Skipping movie 1598114: could not fetch metadata.
[2026-06-17T10:41:12.882+0000] {logging_mixin.py:190} INFO - Skipping movie 1073921: could not fetch metadata.
[2026-06-17T10:41:12.928+0000] {logging_mixin.py:190} INFO - Skipping movie 1598167: could not fetch metadata.
[2026-06-17T10:41:15.225+0000] {logging_mixin.py:190} INFO - Skipping movie 1598330: could not fetch metadata.
[2026-06-17T10:41:22.385+0000] {logging_mixin.py:190} INFO - Skipping movie 550152: could not fetch metadata.
[2026-06-17T10:41:31.176+0000] {logging_mixin.py:190} INFO - Skipping movie 1599219: could not fetch metadata.
[2026-06-17T10:41:32.556+0000] {logging_mixin.py:190} INFO - Skipping movie 1599325: could not fetch metadata.
[2026-06-17T10:41:32.657+0000] {logging_mixin.py:190} INFO - Skipping movie 550760: could not fetch metadata.
[2026-06-17T10:41:35.009+0000] {logging_mixin.py:190} INFO - Skipping movie 1599424: could not fetch metadata.
[2026-06-17T10:41:45.570+0000] {logging_mixin.py:190} INFO - Skipping movie 1599951: could not fetch metadata.
[2026-06-17T10:41:46.799+0000] {logging_mixin.py:190} INFO - Skipping movie 1600000: could not fetch metadata.
[2026-06-17T10:41:56.344+0000] {logging_mixin.py:190} INFO - Skipping movie 1600441: could not fetch metadata.
[2026-06-17T10:41:59.608+0000] {logging_mixin.py:190} INFO - Skipping movie 1600596: could not fetch metadata.
[2026-06-17T10:42:01.767+0000] {logging_mixin.py:190} INFO - Skipping movie 1600729: could not fetch metadata.
[2026-06-17T10:42:15.822+0000] {logging_mixin.py:190} INFO - Skipping movie 814973: could not fetch metadata.
[2026-06-17T10:42:22.742+0000] {logging_mixin.py:190} INFO - Skipping movie 1077524: could not fetch metadata.
[2026-06-17T10:42:23.242+0000] {logging_mixin.py:190} INFO - Skipping movie 1339685: could not fetch metadata.
[2026-06-17T10:42:26.157+0000] {logging_mixin.py:190} INFO - Skipping movie 1602008: could not fetch metadata.
[2026-06-17T10:42:28.146+0000] {logging_mixin.py:190} INFO - Skipping movie 1602146: could not fetch metadata.
[2026-06-17T10:42:30.368+0000] {logging_mixin.py:190} INFO - Skipping movie 1602284: could not fetch metadata.
[2026-06-17T10:42:33.789+0000] {logging_mixin.py:190} INFO - Skipping movie 1602452: could not fetch metadata.
[2026-06-17T10:42:34.436+0000] {logging_mixin.py:190} INFO - Skipping movie 1602476: could not fetch metadata.
[2026-06-17T10:42:34.468+0000] {logging_mixin.py:190} INFO - Skipping movie 1602444: could not fetch metadata.
[2026-06-17T10:42:36.058+0000] {logging_mixin.py:190} INFO - Skipping movie 1602587: could not fetch metadata.
[2026-06-17T10:42:36.325+0000] {logging_mixin.py:190} INFO - Skipping movie 291876: could not fetch metadata.
[2026-06-17T10:42:40.817+0000] {logging_mixin.py:190} INFO - Skipping movie 1602845: could not fetch metadata.
[2026-06-17T10:42:52.049+0000] {logging_mixin.py:190} INFO - Skipping movie 1603521: could not fetch metadata.
[2026-06-17T10:42:54.836+0000] {logging_mixin.py:190} INFO - Skipping movie 1603702: could not fetch metadata.
[2026-06-17T10:43:01.648+0000] {logging_mixin.py:190} INFO - Skipping movie 1342004: could not fetch metadata.
[2026-06-17T10:43:02.837+0000] {logging_mixin.py:190} INFO - Skipping movie 1342063: could not fetch metadata.
[2026-06-17T10:43:03.074+0000] {logging_mixin.py:190} INFO - Skipping movie 1342087: could not fetch metadata.
[2026-06-17T10:43:07.339+0000] {logging_mixin.py:190} INFO - Skipping movie 1080206: could not fetch metadata.
[2026-06-17T10:43:07.976+0000] {logging_mixin.py:190} INFO - Skipping movie 1342355: could not fetch metadata.
[2026-06-17T10:43:13.431+0000] {logging_mixin.py:190} INFO - Skipping movie 1604858: could not fetch metadata.
[2026-06-17T10:43:13.457+0000] {logging_mixin.py:190} INFO - Skipping movie 1604864: could not fetch metadata.
[2026-06-17T10:43:17.886+0000] {logging_mixin.py:190} INFO - Skipping movie 1080790: could not fetch metadata.
[2026-06-17T10:43:19.689+0000] {logging_mixin.py:190} INFO - Skipping movie 1605186: could not fetch metadata.
[2026-06-17T10:43:23.122+0000] {logging_mixin.py:190} INFO - Skipping movie 1343279: could not fetch metadata.
[2026-06-17T10:43:25.836+0000] {logging_mixin.py:190} INFO - Skipping movie 1605538: could not fetch metadata.
[2026-06-17T10:43:26.281+0000] {logging_mixin.py:190} INFO - Skipping movie 1605553: could not fetch metadata.
[2026-06-17T10:43:27.167+0000] {logging_mixin.py:190} INFO - Skipping movie 1605565: could not fetch metadata.
[2026-06-17T10:43:31.113+0000] {logging_mixin.py:190} INFO - Skipping movie 1605909: could not fetch metadata.
[2026-06-17T10:43:32.832+0000] {logging_mixin.py:190} INFO - Skipping movie 1606046: could not fetch metadata.
[2026-06-17T10:43:40.375+0000] {logging_mixin.py:190} INFO - Skipping movie 1606631: could not fetch metadata.
[2026-06-17T10:43:40.651+0000] {logging_mixin.py:190} INFO - Skipping movie 558082: could not fetch metadata.
[2026-06-17T10:43:43.647+0000] {logging_mixin.py:190} INFO - Skipping movie 1606888: could not fetch metadata.
[2026-06-17T10:43:53.197+0000] {logging_mixin.py:190} INFO - Skipping movie 1083307: could not fetch metadata.
[2026-06-17T10:43:53.654+0000] {logging_mixin.py:190} INFO - Skipping movie 1607631: could not fetch metadata.
[2026-06-17T10:43:55.379+0000] {logging_mixin.py:190} INFO - Skipping movie 1607796: could not fetch metadata.
[2026-06-17T10:44:05.138+0000] {logging_mixin.py:190} INFO - Skipping movie 1083741: could not fetch metadata.
[2026-06-17T10:44:07.029+0000] {logging_mixin.py:190} INFO - Skipping movie 1608110: could not fetch metadata.
[2026-06-17T10:44:07.713+0000] {logging_mixin.py:190} INFO - Skipping movie 1608194: could not fetch metadata.
[2026-06-17T10:44:07.896+0000] {logging_mixin.py:190} INFO - Skipping movie 1608207: could not fetch metadata.
[2026-06-17T10:44:08.194+0000] {logging_mixin.py:190} INFO - Skipping movie 1608215: could not fetch metadata.
[2026-06-17T10:44:09.263+0000] {logging_mixin.py:190} INFO - Skipping movie 1608280: could not fetch metadata.
[2026-06-17T10:44:09.828+0000] {logging_mixin.py:190} INFO - Skipping movie 1084036: could not fetch metadata.
[2026-06-17T10:44:09.885+0000] {logging_mixin.py:190} INFO - Skipping movie 1084039: could not fetch metadata.
[2026-06-17T10:44:14.090+0000] {logging_mixin.py:190} INFO - Skipping movie 1608526: could not fetch metadata.
[2026-06-17T10:44:16.655+0000] {logging_mixin.py:190} INFO - Skipping movie 1346484: could not fetch metadata.
[2026-06-17T10:44:17.500+0000] {logging_mixin.py:190} INFO - Skipping movie 1346504: could not fetch metadata.
[2026-06-17T10:44:18.255+0000] {logging_mixin.py:190} INFO - Skipping movie 1346521: could not fetch metadata.
[2026-06-17T10:44:22.781+0000] {logging_mixin.py:190} INFO - Skipping movie 1608749: could not fetch metadata.
[2026-06-17T10:44:23.931+0000] {logging_mixin.py:190} INFO - Skipping movie 1608815: could not fetch metadata.
[2026-06-17T10:44:24.064+0000] {logging_mixin.py:190} INFO - Skipping movie 1608830: could not fetch metadata.
[2026-06-17T10:44:24.343+0000] {logging_mixin.py:190} INFO - Skipping movie 1608840: could not fetch metadata.
[2026-06-17T10:44:24.888+0000] {logging_mixin.py:190} INFO - Skipping movie 1608867: could not fetch metadata.
[2026-06-17T10:44:25.030+0000] {logging_mixin.py:190} INFO - Skipping movie 1608889: could not fetch metadata.
[2026-06-17T10:44:25.120+0000] {logging_mixin.py:190} INFO - Skipping movie 1608851: could not fetch metadata.
[2026-06-17T10:44:33.645+0000] {logging_mixin.py:190} INFO - Skipping movie 1609464: could not fetch metadata.
[2026-06-17T10:44:38.344+0000] {logging_mixin.py:190} INFO - Skipping movie 1609781: could not fetch metadata.
[2026-06-17T10:44:41.016+0000] {logging_mixin.py:190} INFO - Skipping movie 1609939: could not fetch metadata.
[2026-06-17T10:44:41.132+0000] {logging_mixin.py:190} INFO - Skipping movie 1609952: could not fetch metadata.
[2026-06-17T10:44:50.334+0000] {logging_mixin.py:190} INFO - Skipping movie 1610526: could not fetch metadata.
[2026-06-17T10:44:56.447+0000] {logging_mixin.py:190} INFO - Skipping movie 1610843: could not fetch metadata.
[2026-06-17T10:45:03.323+0000] {logging_mixin.py:190} INFO - Skipping movie 1611281: could not fetch metadata.
[2026-06-17T10:45:05.274+0000] {logging_mixin.py:190} INFO - Skipping movie 1611386: could not fetch metadata.
[2026-06-17T10:45:05.553+0000] {logging_mixin.py:190} INFO - Skipping movie 1611395: could not fetch metadata.
[2026-06-17T10:45:06.579+0000] {logging_mixin.py:190} INFO - Skipping movie 1611462: could not fetch metadata.
[2026-06-17T10:45:08.081+0000] {logging_mixin.py:190} INFO - SSL error on attempt 1/3 for https://api.themoviedb.org/3/movie/37719: HTTPSConnectionPool(host='api.themoviedb.org', port=443): Max retries exceeded with url: /3/movie/37719?api_key=6f73ac85d32f789d075631f40192f5ab (Caused by SSLError(SSLZeroReturnError(6, 'TLS/SSL connection has been closed (EOF) (_ssl.c:1000)')))
[2026-06-17T10:45:08.160+0000] {logging_mixin.py:190} INFO - Skipping movie 1611549: could not fetch metadata.
[2026-06-17T10:45:08.904+0000] {logging_mixin.py:190} INFO - Skipping movie 1611580: could not fetch metadata.
[2026-06-17T10:45:10.546+0000] {logging_mixin.py:190} INFO - Skipping movie 1611682: could not fetch metadata.
[2026-06-17T10:45:21.130+0000] {logging_mixin.py:190} INFO - Skipping movie 1612386: could not fetch metadata.
[2026-06-17T10:45:21.831+0000] {logging_mixin.py:190} INFO - Skipping movie 1088108: could not fetch metadata.
[2026-06-17T10:45:22.596+0000] {logging_mixin.py:190} INFO - Skipping movie 1612517: could not fetch metadata.
[2026-06-17T10:45:32.063+0000] {logging_mixin.py:190} INFO - Skipping movie 1613170: could not fetch metadata.
[2026-06-17T10:45:32.516+0000] {logging_mixin.py:190} INFO - Skipping movie 1613219: could not fetch metadata.
[2026-06-17T10:45:32.553+0000] {logging_mixin.py:190} INFO - Skipping movie 1613225: could not fetch metadata.
[2026-06-17T10:45:33.853+0000] {logging_mixin.py:190} INFO - Skipping movie 564754: could not fetch metadata.
[2026-06-17T10:45:34.395+0000] {logging_mixin.py:190} INFO - Skipping movie 1089066: could not fetch metadata.
[2026-06-17T10:45:36.422+0000] {logging_mixin.py:190} INFO - Skipping movie 1613505: could not fetch metadata.
[2026-06-17T10:45:37.923+0000] {logging_mixin.py:190} INFO - Skipping movie 1613627: could not fetch metadata.
[2026-06-17T10:45:38.639+0000] {logging_mixin.py:190} INFO - Skipping movie 1613697: could not fetch metadata.
[2026-06-17T10:45:43.846+0000] {logging_mixin.py:190} INFO - Skipping movie 1614039: could not fetch metadata.
[2026-06-17T10:45:46.338+0000] {logging_mixin.py:190} INFO - Skipping movie 1614153: could not fetch metadata.
[2026-06-17T10:45:48.445+0000] {logging_mixin.py:190} INFO - Skipping movie 827840: could not fetch metadata.
[2026-06-17T10:45:53.500+0000] {logging_mixin.py:190} INFO - Skipping movie 1614582: could not fetch metadata.
[2026-06-17T10:45:55.975+0000] {logging_mixin.py:190} INFO - Skipping movie 1614719: could not fetch metadata.
[2026-06-17T10:45:56.634+0000] {logging_mixin.py:190} INFO - Skipping movie 1614742: could not fetch metadata.
[2026-06-17T10:46:00.209+0000] {logging_mixin.py:190} INFO - Skipping movie 1614925: could not fetch metadata.
[2026-06-17T10:46:00.789+0000] {logging_mixin.py:190} INFO - Skipping movie 1614982: could not fetch metadata.
[2026-06-17T10:46:05.174+0000] {logging_mixin.py:190} INFO - Skipping movie 828755: could not fetch metadata.
[2026-06-17T10:46:15.364+0000] {logging_mixin.py:190} INFO - Skipping movie 829250: could not fetch metadata.
[2026-06-17T10:46:18.352+0000] {logging_mixin.py:190} INFO - Skipping movie 1353713: could not fetch metadata.
[2026-06-17T10:46:18.540+0000] {logging_mixin.py:190} INFO - Skipping movie 1353732: could not fetch metadata.
[2026-06-17T10:46:18.719+0000] {logging_mixin.py:190} INFO - Skipping movie 1353739: could not fetch metadata.
[2026-06-17T10:46:18.840+0000] {logging_mixin.py:190} INFO - Skipping movie 1353741: could not fetch metadata.
[2026-06-17T10:46:19.395+0000] {logging_mixin.py:190} INFO - Skipping movie 1615924: could not fetch metadata.
[2026-06-17T10:46:21.437+0000] {logging_mixin.py:190} INFO - Skipping movie 1353866: could not fetch metadata.
[2026-06-17T10:46:23.729+0000] {logging_mixin.py:190} INFO - Skipping movie 1353987: could not fetch metadata.
[2026-06-17T10:46:24.607+0000] {logging_mixin.py:190} INFO - Skipping movie 1616168: could not fetch metadata.
[2026-06-17T10:46:27.253+0000] {logging_mixin.py:190} INFO - Skipping movie 1354164: could not fetch metadata.
[2026-06-17T10:46:29.685+0000] {logging_mixin.py:190} INFO - Skipping movie 1354271: could not fetch metadata.
[2026-06-17T10:46:31.305+0000] {logging_mixin.py:190} INFO - Skipping movie 1354379: could not fetch metadata.
[2026-06-17T10:46:37.606+0000] {logging_mixin.py:190} INFO - Skipping movie 1092501: could not fetch metadata.
[2026-06-17T10:46:53.001+0000] {logging_mixin.py:190} INFO - Skipping movie 1617030: could not fetch metadata.
[2026-06-17T10:46:53.080+0000] {logging_mixin.py:190} INFO - Skipping movie 1617035: could not fetch metadata.
[2026-06-17T10:46:53.087+0000] {logging_mixin.py:190} INFO - Skipping movie 1354872: could not fetch metadata.
[2026-06-17T10:46:53.120+0000] {logging_mixin.py:190} INFO - Skipping movie 1617043: could not fetch metadata.
[2026-06-17T10:46:53.298+0000] {logging_mixin.py:190} INFO - Skipping movie 1617054: could not fetch metadata.
[2026-06-17T10:46:57.489+0000] {logging_mixin.py:190} INFO - Skipping movie 1617175: could not fetch metadata.
[2026-06-17T10:47:01.664+0000] {logging_mixin.py:190} INFO - Skipping movie 1617254: could not fetch metadata.
[2026-06-17T10:47:03.148+0000] {logging_mixin.py:190} INFO - Skipping movie 568734: could not fetch metadata.
[2026-06-17T10:47:06.018+0000] {logging_mixin.py:190} INFO - Skipping movie 1617384: could not fetch metadata.
[2026-06-17T10:47:16.791+0000] {logging_mixin.py:190} INFO - Skipping movie 1618001: could not fetch metadata.
[2026-06-17T10:47:17.310+0000] {logging_mixin.py:190} INFO - Skipping movie 1093753: could not fetch metadata.
[2026-06-17T10:47:17.478+0000] {logging_mixin.py:190} INFO - Skipping movie 1093762: could not fetch metadata.
[2026-06-17T10:47:18.592+0000] {logging_mixin.py:190} INFO - Skipping movie 831661: could not fetch metadata.
[2026-06-17T10:47:18.652+0000] {logging_mixin.py:190} INFO - Skipping movie 1618103: could not fetch metadata.
[2026-06-17T10:47:19.376+0000] {logging_mixin.py:190} INFO - Skipping movie 1093851: could not fetch metadata.
[2026-06-17T10:47:23.263+0000] {logging_mixin.py:190} INFO - Skipping movie 307732: could not fetch metadata.
[2026-06-17T10:47:24.917+0000] {logging_mixin.py:190} INFO - Skipping movie 1356344: could not fetch metadata.
[2026-06-17T10:47:25.423+0000] {logging_mixin.py:190} INFO - Skipping movie 1356479: could not fetch metadata.
[2026-06-17T10:47:26.426+0000] {logging_mixin.py:190} INFO - Skipping movie 1311684: could not fetch metadata.
[2026-06-17T10:47:27.821+0000] {logging_mixin.py:190} INFO - Skipping movie 1356623: could not fetch metadata.
[2026-06-17T10:47:29.368+0000] {logging_mixin.py:190} INFO - Skipping movie 1618818: could not fetch metadata.
[2026-06-17T10:47:29.670+0000] {logging_mixin.py:190} INFO - Skipping movie 832396: could not fetch metadata.
[2026-06-17T10:47:29.827+0000] {logging_mixin.py:190} INFO - Skipping movie 1618823: could not fetch metadata.
[2026-06-17T10:47:36.490+0000] {logging_mixin.py:190} INFO - Skipping movie 1357168: could not fetch metadata.
[2026-06-17T10:47:38.620+0000] {logging_mixin.py:190} INFO - Skipping movie 1357321: could not fetch metadata.
[2026-06-17T10:47:41.976+0000] {logging_mixin.py:190} INFO - Skipping movie 1619686: could not fetch metadata.
[2026-06-17T10:47:49.326+0000] {logging_mixin.py:190} INFO - Skipping movie 571315: could not fetch metadata.
[2026-06-17T10:48:05.421+0000] {logging_mixin.py:190} INFO - Skipping movie 1620192: could not fetch metadata.
[2026-06-17T10:48:05.854+0000] {logging_mixin.py:190} INFO - Skipping movie 571633: could not fetch metadata.
[2026-06-17T10:48:07.221+0000] {logging_mixin.py:190} INFO - Skipping movie 1358105: could not fetch metadata.
[2026-06-17T10:48:13.820+0000] {logging_mixin.py:190} INFO - Skipping movie 1620430: could not fetch metadata.
[2026-06-17T10:48:17.473+0000] {logging_mixin.py:190} INFO - Skipping movie 1096373: could not fetch metadata.
[2026-06-17T10:48:18.529+0000] {logging_mixin.py:190} INFO - Skipping movie 1096428: could not fetch metadata.
[2026-06-17T10:48:25.593+0000] {logging_mixin.py:190} INFO - Skipping movie 1621091: could not fetch metadata.
[2026-06-17T10:48:27.029+0000] {logging_mixin.py:190} INFO - Skipping movie 572603: could not fetch metadata.
[2026-06-17T10:48:29.754+0000] {logging_mixin.py:190} INFO - Skipping movie 1621322: could not fetch metadata.
[2026-06-17T10:48:31.005+0000] {logging_mixin.py:190} INFO - Skipping movie 1621372: could not fetch metadata.
[2026-06-17T10:48:32.611+0000] {logging_mixin.py:190} INFO - Skipping movie 1359284: could not fetch metadata.
[2026-06-17T10:48:36.148+0000] {logging_mixin.py:190} INFO - Skipping movie 573120: could not fetch metadata.
[2026-06-17T10:48:39.475+0000] {logging_mixin.py:190} INFO - Skipping movie 1359695: could not fetch metadata.
[2026-06-17T10:48:40.407+0000] {logging_mixin.py:190} INFO - Skipping movie 1621912: could not fetch metadata.
[2026-06-17T10:48:41.694+0000] {logging_mixin.py:190} INFO - Skipping movie 1621992: could not fetch metadata.
[2026-06-17T10:48:43.588+0000] {logging_mixin.py:190} INFO - Skipping movie 1622129: could not fetch metadata.
[2026-06-17T10:48:51.018+0000] {logging_mixin.py:190} INFO - Skipping movie 1622566: could not fetch metadata.
[2026-06-17T10:48:53.492+0000] {logging_mixin.py:190} INFO - Skipping movie 1360632: could not fetch metadata.
[2026-06-17T10:48:54.341+0000] {logging_mixin.py:190} INFO - Skipping movie 1622824: could not fetch metadata.
[2026-06-17T10:48:54.651+0000] {logging_mixin.py:190} INFO - Skipping movie 1622817: could not fetch metadata.
[2026-06-17T10:49:00.667+0000] {logging_mixin.py:190} INFO - Skipping movie 1098931: could not fetch metadata.
[2026-06-17T10:49:01.226+0000] {logging_mixin.py:190} INFO - Skipping movie 1623254: could not fetch metadata.
[2026-06-17T10:49:03.259+0000] {logging_mixin.py:190} INFO - Skipping movie 1623390: could not fetch metadata.
[2026-06-17T10:49:04.853+0000] {logging_mixin.py:190} INFO - Skipping movie 1623521: could not fetch metadata.
[2026-06-17T10:49:05.209+0000] {logging_mixin.py:190} INFO - Skipping movie 1623525: could not fetch metadata.
[2026-06-17T10:49:05.402+0000] {logging_mixin.py:190} INFO - Skipping movie 1623586: could not fetch metadata.
[2026-06-17T10:49:06.327+0000] {logging_mixin.py:190} INFO - Skipping movie 1623657: could not fetch metadata.
[2026-06-17T10:49:06.591+0000] {logging_mixin.py:190} INFO - Skipping movie 1623661: could not fetch metadata.
[2026-06-17T10:49:11.549+0000] {logging_mixin.py:190} INFO - Skipping movie 1623883: could not fetch metadata.
[2026-06-17T10:49:13.016+0000] {logging_mixin.py:190} INFO - Skipping movie 1624019: could not fetch metadata.
[2026-06-17T10:49:13.348+0000] {logging_mixin.py:190} INFO - Skipping movie 1624026: could not fetch metadata.
[2026-06-17T10:49:13.551+0000] {logging_mixin.py:190} INFO - Skipping movie 1624038: could not fetch metadata.
[2026-06-17T10:49:13.648+0000] {logging_mixin.py:190} INFO - Skipping movie 1624043: could not fetch metadata.
[2026-06-17T10:49:16.911+0000] {logging_mixin.py:190} INFO - Skipping movie 1624298: could not fetch metadata.
[2026-06-17T10:49:17.148+0000] {logging_mixin.py:190} INFO - Skipping movie 1624307: could not fetch metadata.
[2026-06-17T10:49:17.290+0000] {logging_mixin.py:190} INFO - Skipping movie 1624325: could not fetch metadata.
[2026-06-17T10:49:21.847+0000] {logging_mixin.py:190} INFO - Skipping movie 1624606: could not fetch metadata.
[2026-06-17T10:49:22.056+0000] {logging_mixin.py:190} INFO - Skipping movie 1362474: could not fetch metadata.
[2026-06-17T10:49:25.253+0000] {logging_mixin.py:190} INFO - Skipping movie 1624800: could not fetch metadata.
[2026-06-17T10:49:27.259+0000] {logging_mixin.py:190} INFO - Skipping movie 1624918: could not fetch metadata.
[2026-06-17T10:49:28.532+0000] {logging_mixin.py:190} INFO - Skipping movie 838570: could not fetch metadata.
[2026-06-17T10:49:28.647+0000] {logging_mixin.py:190} INFO - Skipping movie 838577: could not fetch metadata.
[2026-06-17T10:49:28.660+0000] {logging_mixin.py:190} INFO - Skipping movie 838579: could not fetch metadata.
[2026-06-17T10:49:28.662+0000] {logging_mixin.py:190} INFO - Skipping movie 838574: could not fetch metadata.
[2026-06-17T10:49:28.795+0000] {logging_mixin.py:190} INFO - Skipping movie 838581: could not fetch metadata.
[2026-06-17T10:49:31.494+0000] {logging_mixin.py:190} INFO - Skipping movie 838725: could not fetch metadata.
[2026-06-17T10:49:32.639+0000] {logging_mixin.py:190} INFO - Skipping movie 1625253: could not fetch metadata.
[2026-06-17T10:49:33.261+0000] {logging_mixin.py:190} INFO - Skipping movie 1625288: could not fetch metadata.
[2026-06-17T10:49:39.575+0000] {logging_mixin.py:190} INFO - Skipping movie 1625718: could not fetch metadata.
[2026-06-17T10:49:41.016+0000] {logging_mixin.py:190} INFO - Skipping movie 1625797: could not fetch metadata.
[2026-06-17T10:49:42.720+0000] {logging_mixin.py:190} INFO - Skipping movie 1363761: could not fetch metadata.
[2026-06-17T10:49:48.221+0000] {logging_mixin.py:190} INFO - Skipping movie 315501: could not fetch metadata.
[2026-06-17T10:49:49.192+0000] {logging_mixin.py:190} INFO - Skipping movie 1626209: could not fetch metadata.
[2026-06-17T10:49:51.794+0000] {logging_mixin.py:190} INFO - Skipping movie 1626410: could not fetch metadata.
[2026-06-17T10:49:52.232+0000] {logging_mixin.py:190} INFO - Skipping movie 1364269: could not fetch metadata.
[2026-06-17T10:49:53.437+0000] {logging_mixin.py:190} INFO - Skipping movie 1626507: could not fetch metadata.
[2026-06-17T10:49:53.959+0000] {logging_mixin.py:190} INFO - Skipping movie 53676: could not fetch metadata.
[2026-06-17T10:49:56.840+0000] {logging_mixin.py:190} INFO - Skipping movie 1102464: could not fetch metadata.
[2026-06-17T10:49:58.798+0000] {logging_mixin.py:190} INFO - Skipping movie 1626811: could not fetch metadata.
[2026-06-17T10:49:59.179+0000] {logging_mixin.py:190} INFO - Skipping movie 1626857: could not fetch metadata.
[2026-06-17T10:49:59.650+0000] {logging_mixin.py:190} INFO - Skipping movie 1626880: could not fetch metadata.
[2026-06-17T10:50:00.545+0000] {logging_mixin.py:190} INFO - Skipping movie 1364762: could not fetch metadata.
[2026-06-17T10:50:03.361+0000] {logging_mixin.py:190} INFO - Skipping movie 1627106: could not fetch metadata.
[2026-06-17T10:50:03.363+0000] {logging_mixin.py:190} INFO - Skipping movie 1627097: could not fetch metadata.
[2026-06-17T10:50:03.474+0000] {logging_mixin.py:190} INFO - Skipping movie 1627148: could not fetch metadata.
[2026-06-17T10:50:03.879+0000] {logging_mixin.py:190} INFO - Skipping movie 1627173: could not fetch metadata.
[2026-06-17T10:50:03.931+0000] {logging_mixin.py:190} INFO - Skipping movie 1627174: could not fetch metadata.
[2026-06-17T10:50:03.967+0000] {logging_mixin.py:190} INFO - Skipping movie 1627172: could not fetch metadata.
[2026-06-17T10:50:04.195+0000] {logging_mixin.py:190} INFO - Skipping movie 1627179: could not fetch metadata.
[2026-06-17T10:50:04.225+0000] {logging_mixin.py:190} INFO - Skipping movie 1627180: could not fetch metadata.
[2026-06-17T10:50:04.386+0000] {logging_mixin.py:190} INFO - Skipping movie 1627184: could not fetch metadata.
[2026-06-17T10:50:04.422+0000] {logging_mixin.py:190} INFO - Skipping movie 1627183: could not fetch metadata.
[2026-06-17T10:50:04.508+0000] {logging_mixin.py:190} INFO - Skipping movie 1627188: could not fetch metadata.
[2026-06-17T10:50:08.875+0000] {logging_mixin.py:190} INFO - Skipping movie 1627492: could not fetch metadata.
[2026-06-17T10:50:14.509+0000] {logging_mixin.py:190} INFO - Skipping movie 1103512: could not fetch metadata.
[2026-06-17T10:50:15.840+0000] {logging_mixin.py:190} INFO - Skipping movie 1627877: could not fetch metadata.
[2026-06-17T10:50:16.732+0000] {logging_mixin.py:190} INFO - Skipping movie 1365778: could not fetch metadata.
[2026-06-17T10:50:19.304+0000] {logging_mixin.py:190} INFO - Skipping movie 1365945: could not fetch metadata.
[2026-06-17T10:50:29.704+0000] {logging_mixin.py:190} INFO - Skipping movie 1103890: could not fetch metadata.
[2026-06-17T10:50:31.571+0000] {logging_mixin.py:190} INFO - Skipping movie 1366117: could not fetch metadata.
[2026-06-17T10:50:34.432+0000] {logging_mixin.py:190} INFO - Skipping movie 1628478: could not fetch metadata.
[2026-06-17T10:50:35.272+0000] {logging_mixin.py:190} INFO - Skipping movie 1628537: could not fetch metadata.
[2026-06-17T10:50:38.525+0000] {logging_mixin.py:190} INFO - Skipping movie 1628660: could not fetch metadata.
[2026-06-17T10:50:46.423+0000] {logging_mixin.py:190} INFO - Skipping movie 1628763: could not fetch metadata.
[2026-06-17T10:50:50.326+0000] {logging_mixin.py:190} INFO - Skipping movie 1104708: could not fetch metadata.
[2026-06-17T10:50:50.570+0000] {logging_mixin.py:190} INFO - Skipping movie 1104723: could not fetch metadata.
[2026-06-17T10:50:51.549+0000] {logging_mixin.py:190} INFO - Skipping movie 1104741: could not fetch metadata.
[2026-06-17T10:50:51.786+0000] {logging_mixin.py:190} INFO - Skipping movie 1104769: could not fetch metadata.
[2026-06-17T10:50:51.823+0000] {logging_mixin.py:190} INFO - Skipping movie 1104774: could not fetch metadata.
[2026-06-17T10:50:52.005+0000] {logging_mixin.py:190} INFO - Skipping movie 1104778: could not fetch metadata.
[2026-06-17T10:50:52.063+0000] {logging_mixin.py:190} INFO - Skipping movie 1104789: could not fetch metadata.
[2026-06-17T10:50:52.086+0000] {logging_mixin.py:190} INFO - Skipping movie 1104794: could not fetch metadata.
[2026-06-17T10:50:52.174+0000] {logging_mixin.py:190} INFO - Skipping movie 1104801: could not fetch metadata.
[2026-06-17T10:50:52.359+0000] {logging_mixin.py:190} INFO - Skipping movie 1104812: could not fetch metadata.
[2026-06-17T10:50:52.455+0000] {logging_mixin.py:190} INFO - Skipping movie 1104816: could not fetch metadata.
[2026-06-17T10:50:52.578+0000] {logging_mixin.py:190} INFO - Skipping movie 1104821: could not fetch metadata.
[2026-06-17T10:50:52.582+0000] {logging_mixin.py:190} INFO - Skipping movie 1104819: could not fetch metadata.
[2026-06-17T10:50:52.610+0000] {logging_mixin.py:190} INFO - Skipping movie 1104823: could not fetch metadata.
[2026-06-17T10:50:52.845+0000] {logging_mixin.py:190} INFO - Skipping movie 1104835: could not fetch metadata.
[2026-06-17T10:50:53.563+0000] {logging_mixin.py:190} INFO - Skipping movie 1104828: could not fetch metadata.
[2026-06-17T10:50:54.059+0000] {logging_mixin.py:190} INFO - Skipping movie 1629189: could not fetch metadata.
[2026-06-17T10:50:55.001+0000] {logging_mixin.py:190} INFO - Skipping movie 1105007: could not fetch metadata.
[2026-06-17T10:50:56.299+0000] {logging_mixin.py:190} INFO - Skipping movie 1105081: could not fetch metadata.
[2026-06-17T10:50:56.595+0000] {logging_mixin.py:190} INFO - Skipping movie 1105087: could not fetch metadata.
[2026-06-17T10:50:57.115+0000] {logging_mixin.py:190} INFO - Skipping movie 1105073: could not fetch metadata.
[2026-06-17T10:50:57.193+0000] {logging_mixin.py:190} INFO - Skipping movie 1105118: could not fetch metadata.
[2026-06-17T10:50:57.652+0000] {logging_mixin.py:190} INFO - Skipping movie 1105127: could not fetch metadata.
[2026-06-17T10:50:57.703+0000] {logging_mixin.py:190} INFO - Skipping movie 1105134: could not fetch metadata.
[2026-06-17T10:50:57.725+0000] {logging_mixin.py:190} INFO - Skipping movie 1105140: could not fetch metadata.
[2026-06-17T10:50:57.745+0000] {logging_mixin.py:190} INFO - Skipping movie 1105146: could not fetch metadata.
[2026-06-17T10:50:57.977+0000] {logging_mixin.py:190} INFO - Skipping movie 1105161: could not fetch metadata.
[2026-06-17T10:50:57.985+0000] {logging_mixin.py:190} INFO - Skipping movie 1367309: could not fetch metadata.
[2026-06-17T10:50:58.017+0000] {logging_mixin.py:190} INFO - Skipping movie 1105171: could not fetch metadata.
[2026-06-17T10:50:58.121+0000] {logging_mixin.py:190} INFO - Skipping movie 1105149: could not fetch metadata.
[2026-06-17T10:50:58.136+0000] {logging_mixin.py:190} INFO - Skipping movie 1629462: could not fetch metadata.
[2026-06-17T10:50:58.260+0000] {logging_mixin.py:190} INFO - Skipping movie 1105182: could not fetch metadata.
[2026-06-17T10:50:58.334+0000] {logging_mixin.py:190} INFO - Skipping movie 1105196: could not fetch metadata.
[2026-06-17T10:50:59.616+0000] {logging_mixin.py:190} INFO - Skipping movie 1629603: could not fetch metadata.
[2026-06-17T10:51:02.137+0000] {logging_mixin.py:190} INFO - Skipping movie 1105510: could not fetch metadata.
[2026-06-17T10:51:03.553+0000] {logging_mixin.py:190} INFO - Skipping movie 1105576: could not fetch metadata.
[2026-06-17T10:51:06.056+0000] {logging_mixin.py:190} INFO - Skipping movie 1630027: could not fetch metadata.
[2026-06-17T10:51:06.974+0000] {logging_mixin.py:190} INFO - Skipping movie 1630080: could not fetch metadata.
[2026-06-17T10:51:07.621+0000] {logging_mixin.py:190} INFO - Skipping movie 1630066: could not fetch metadata.
[2026-06-17T10:51:07.710+0000] {logging_mixin.py:190} INFO - Skipping movie 1630069: could not fetch metadata.
[2026-06-17T10:51:07.848+0000] {logging_mixin.py:190} INFO - Skipping movie 1630128: could not fetch metadata.
