[2026-08-01T04:48:20.846+0000] {processor.py:186} INFO - Started process (PID=27504) to work on /opt/airflow/dags/dbt_pipeline.py
[2026-08-01T04:48:20.856+0000] {processor.py:914} INFO - Processing file /opt/airflow/dags/dbt_pipeline.py for tasks to queue
[2026-08-01T04:48:20.871+0000] {logging_mixin.py:190} INFO - [2026-08-01T04:48:20.864+0000] {dagbag.py:587} INFO - Filling up the DagBag from /opt/airflow/dags/dbt_pipeline.py
[2026-08-01T04:48:20.971+0000] {processor.py:925} INFO - DAG(s) 'dbt_pipeline' retrieved from /opt/airflow/dags/dbt_pipeline.py
[2026-08-01T04:48:21.240+0000] {logging_mixin.py:190} INFO - [2026-08-01T04:48:21.238+0000] {dag.py:3211} INFO - Sync 1 DAGs
[2026-08-01T04:48:21.484+0000] {logging_mixin.py:190} INFO - [2026-08-01T04:48:21.481+0000] {dag.py:4138} INFO - Setting next_dagrun for dbt_pipeline to 2026-08-01 00:00:00+00:00, run_after=2026-08-02 00:00:00+00:00
[2026-08-01T04:48:21.690+0000] {processor.py:208} INFO - Processing /opt/airflow/dags/dbt_pipeline.py took 0.908 seconds
[2026-08-01T05:28:29.359+0000] {processor.py:186} INFO - Started process (PID=27523) to work on /opt/airflow/dags/dbt_pipeline.py
[2026-08-01T05:28:29.377+0000] {processor.py:914} INFO - Processing file /opt/airflow/dags/dbt_pipeline.py for tasks to queue
[2026-08-01T05:28:29.402+0000] {logging_mixin.py:190} INFO - [2026-08-01T05:28:29.395+0000] {dagbag.py:587} INFO - Filling up the DagBag from /opt/airflow/dags/dbt_pipeline.py
[2026-08-01T05:28:29.717+0000] {processor.py:925} INFO - DAG(s) 'dbt_pipeline' retrieved from /opt/airflow/dags/dbt_pipeline.py
[2026-08-01T05:28:30.433+0000] {logging_mixin.py:190} INFO - [2026-08-01T05:28:30.427+0000] {dag.py:3211} INFO - Sync 1 DAGs
[2026-08-01T05:28:31.131+0000] {logging_mixin.py:190} INFO - [2026-08-01T05:28:31.128+0000] {dag.py:4138} INFO - Setting next_dagrun for dbt_pipeline to 2026-08-01 00:00:00+00:00, run_after=2026-08-02 00:00:00+00:00
[2026-08-01T05:28:31.376+0000] {processor.py:208} INFO - Processing /opt/airflow/dags/dbt_pipeline.py took 2.218 seconds
[2026-08-01T07:28:56.625+0000] {processor.py:186} INFO - Started process (PID=27546) to work on /opt/airflow/dags/dbt_pipeline.py
[2026-08-01T07:28:56.642+0000] {processor.py:914} INFO - Processing file /opt/airflow/dags/dbt_pipeline.py for tasks to queue
[2026-08-01T07:28:56.666+0000] {logging_mixin.py:190} INFO - [2026-08-01T07:28:56.660+0000] {dagbag.py:587} INFO - Filling up the DagBag from /opt/airflow/dags/dbt_pipeline.py
[2026-08-01T07:28:56.922+0000] {processor.py:925} INFO - DAG(s) 'dbt_pipeline' retrieved from /opt/airflow/dags/dbt_pipeline.py
[2026-08-01T07:28:57.423+0000] {logging_mixin.py:190} INFO - [2026-08-01T07:28:57.421+0000] {dag.py:3211} INFO - Sync 1 DAGs
[2026-08-01T07:28:57.902+0000] {logging_mixin.py:190} INFO - [2026-08-01T07:28:57.899+0000] {dag.py:4138} INFO - Setting next_dagrun for dbt_pipeline to 2026-08-01 00:00:00+00:00, run_after=2026-08-02 00:00:00+00:00
[2026-08-01T07:28:58.214+0000] {processor.py:208} INFO - Processing /opt/airflow/dags/dbt_pipeline.py took 1.703 seconds
[2026-08-01T08:31:43.318+0000] {processor.py:186} INFO - Started process (PID=27564) to work on /opt/airflow/dags/dbt_pipeline.py
[2026-08-01T08:31:43.337+0000] {processor.py:914} INFO - Processing file /opt/airflow/dags/dbt_pipeline.py for tasks to queue
[2026-08-01T08:31:43.373+0000] {logging_mixin.py:190} INFO - [2026-08-01T08:31:43.360+0000] {dagbag.py:587} INFO - Filling up the DagBag from /opt/airflow/dags/dbt_pipeline.py
[2026-08-01T08:31:43.728+0000] {processor.py:925} INFO - DAG(s) 'dbt_pipeline' retrieved from /opt/airflow/dags/dbt_pipeline.py
[2026-08-01T08:31:44.588+0000] {logging_mixin.py:190} INFO - [2026-08-01T08:31:44.587+0000] {dag.py:3211} INFO - Sync 1 DAGs
[2026-08-01T08:31:45.339+0000] {logging_mixin.py:190} INFO - [2026-08-01T08:31:45.334+0000] {dag.py:4138} INFO - Setting next_dagrun for dbt_pipeline to 2026-08-01 00:00:00+00:00, run_after=2026-08-02 00:00:00+00:00
[2026-08-01T08:31:45.670+0000] {processor.py:208} INFO - Processing /opt/airflow/dags/dbt_pipeline.py took 2.545 seconds
[2026-08-01T09:18:01.337+0000] {processor.py:186} INFO - Started process (PID=27579) to work on /opt/airflow/dags/dbt_pipeline.py
[2026-08-01T09:18:01.373+0000] {processor.py:914} INFO - Processing file /opt/airflow/dags/dbt_pipeline.py for tasks to queue
[2026-08-01T09:18:01.410+0000] {logging_mixin.py:190} INFO - [2026-08-01T09:18:01.398+0000] {dagbag.py:587} INFO - Filling up the DagBag from /opt/airflow/dags/dbt_pipeline.py
[2026-08-01T09:18:01.715+0000] {processor.py:925} INFO - DAG(s) 'dbt_pipeline' retrieved from /opt/airflow/dags/dbt_pipeline.py
[2026-08-01T09:18:02.289+0000] {logging_mixin.py:190} INFO - [2026-08-01T09:18:02.287+0000] {dag.py:3211} INFO - Sync 1 DAGs
[2026-08-01T09:18:03.175+0000] {logging_mixin.py:190} INFO - [2026-08-01T09:18:03.171+0000] {dag.py:4138} INFO - Setting next_dagrun for dbt_pipeline to 2026-08-01 00:00:00+00:00, run_after=2026-08-02 00:00:00+00:00
[2026-08-01T09:18:03.648+0000] {processor.py:208} INFO - Processing /opt/airflow/dags/dbt_pipeline.py took 2.636 seconds
[2026-08-01T10:04:57.744+0000] {processor.py:186} INFO - Started process (PID=27594) to work on /opt/airflow/dags/dbt_pipeline.py
[2026-08-01T10:04:57.746+0000] {processor.py:914} INFO - Processing file /opt/airflow/dags/dbt_pipeline.py for tasks to queue
[2026-08-01T10:04:57.751+0000] {logging_mixin.py:190} INFO - [2026-08-01T10:04:57.749+0000] {dagbag.py:587} INFO - Filling up the DagBag from /opt/airflow/dags/dbt_pipeline.py
[2026-08-01T10:04:57.795+0000] {processor.py:925} INFO - DAG(s) 'dbt_pipeline' retrieved from /opt/airflow/dags/dbt_pipeline.py
[2026-08-01T10:04:57.913+0000] {logging_mixin.py:190} INFO - [2026-08-01T10:04:57.913+0000] {dag.py:3211} INFO - Sync 1 DAGs
[2026-08-01T10:04:57.994+0000] {logging_mixin.py:190} INFO - [2026-08-01T10:04:57.994+0000] {dag.py:4138} INFO - Setting next_dagrun for dbt_pipeline to 2026-08-01 00:00:00+00:00, run_after=2026-08-02 00:00:00+00:00
[2026-08-01T10:04:58.031+0000] {processor.py:208} INFO - Processing /opt/airflow/dags/dbt_pipeline.py took 0.313 seconds
[2026-08-01T10:05:28.480+0000] {processor.py:186} INFO - Started process (PID=27609) to work on /opt/airflow/dags/dbt_pipeline.py
[2026-08-01T10:05:28.482+0000] {processor.py:914} INFO - Processing file /opt/airflow/dags/dbt_pipeline.py for tasks to queue
[2026-08-01T10:05:28.485+0000] {logging_mixin.py:190} INFO - [2026-08-01T10:05:28.484+0000] {dagbag.py:587} INFO - Filling up the DagBag from /opt/airflow/dags/dbt_pipeline.py
[2026-08-01T10:05:28.511+0000] {processor.py:925} INFO - DAG(s) 'dbt_pipeline' retrieved from /opt/airflow/dags/dbt_pipeline.py
[2026-08-01T10:05:28.580+0000] {logging_mixin.py:190} INFO - [2026-08-01T10:05:28.580+0000] {dag.py:3211} INFO - Sync 1 DAGs
[2026-08-01T10:05:28.626+0000] {logging_mixin.py:190} INFO - [2026-08-01T10:05:28.625+0000] {dag.py:4138} INFO - Setting next_dagrun for dbt_pipeline to 2026-08-01 00:00:00+00:00, run_after=2026-08-02 00:00:00+00:00
[2026-08-01T10:05:28.660+0000] {processor.py:208} INFO - Processing /opt/airflow/dags/dbt_pipeline.py took 0.191 seconds
[2026-08-01T10:05:59.108+0000] {processor.py:186} INFO - Started process (PID=27624) to work on /opt/airflow/dags/dbt_pipeline.py
[2026-08-01T10:05:59.116+0000] {processor.py:914} INFO - Processing file /opt/airflow/dags/dbt_pipeline.py for tasks to queue
[2026-08-01T10:05:59.124+0000] {logging_mixin.py:190} INFO - [2026-08-01T10:05:59.122+0000] {dagbag.py:587} INFO - Filling up the DagBag from /opt/airflow/dags/dbt_pipeline.py
[2026-08-01T10:05:59.182+0000] {processor.py:925} INFO - DAG(s) 'dbt_pipeline' retrieved from /opt/airflow/dags/dbt_pipeline.py
[2026-08-01T10:05:59.254+0000] {logging_mixin.py:190} INFO - [2026-08-01T10:05:59.253+0000] {dag.py:3211} INFO - Sync 1 DAGs
[2026-08-01T10:05:59.348+0000] {logging_mixin.py:190} INFO - [2026-08-01T10:05:59.347+0000] {dag.py:4138} INFO - Setting next_dagrun for dbt_pipeline to 2026-08-01 00:00:00+00:00, run_after=2026-08-02 00:00:00+00:00
[2026-08-01T10:05:59.400+0000] {processor.py:208} INFO - Processing /opt/airflow/dags/dbt_pipeline.py took 0.309 seconds
[2026-08-01T10:06:29.868+0000] {processor.py:186} INFO - Started process (PID=27639) to work on /opt/airflow/dags/dbt_pipeline.py
[2026-08-01T10:06:29.870+0000] {processor.py:914} INFO - Processing file /opt/airflow/dags/dbt_pipeline.py for tasks to queue
[2026-08-01T10:06:29.872+0000] {logging_mixin.py:190} INFO - [2026-08-01T10:06:29.872+0000] {dagbag.py:587} INFO - Filling up the DagBag from /opt/airflow/dags/dbt_pipeline.py
[2026-08-01T10:06:29.894+0000] {processor.py:925} INFO - DAG(s) 'dbt_pipeline' retrieved from /opt/airflow/dags/dbt_pipeline.py
[2026-08-01T10:06:29.946+0000] {logging_mixin.py:190} INFO - [2026-08-01T10:06:29.946+0000] {dag.py:3211} INFO - Sync 1 DAGs
[2026-08-01T10:06:30.029+0000] {logging_mixin.py:190} INFO - [2026-08-01T10:06:30.029+0000] {dag.py:4138} INFO - Setting next_dagrun for dbt_pipeline to 2026-08-01 00:00:00+00:00, run_after=2026-08-02 00:00:00+00:00
[2026-08-01T10:06:30.073+0000] {processor.py:208} INFO - Processing /opt/airflow/dags/dbt_pipeline.py took 0.215 seconds
[2026-08-01T10:07:00.516+0000] {processor.py:186} INFO - Started process (PID=27654) to work on /opt/airflow/dags/dbt_pipeline.py
[2026-08-01T10:07:00.520+0000] {processor.py:914} INFO - Processing file /opt/airflow/dags/dbt_pipeline.py for tasks to queue
[2026-08-01T10:07:00.527+0000] {logging_mixin.py:190} INFO - [2026-08-01T10:07:00.524+0000] {dagbag.py:587} INFO - Filling up the DagBag from /opt/airflow/dags/dbt_pipeline.py
[2026-08-01T10:07:00.575+0000] {processor.py:925} INFO - DAG(s) 'dbt_pipeline' retrieved from /opt/airflow/dags/dbt_pipeline.py
[2026-08-01T10:07:00.729+0000] {logging_mixin.py:190} INFO - [2026-08-01T10:07:00.729+0000] {dag.py:3211} INFO - Sync 1 DAGs
[2026-08-01T10:07:00.799+0000] {logging_mixin.py:190} INFO - [2026-08-01T10:07:00.799+0000] {dag.py:4138} INFO - Setting next_dagrun for dbt_pipeline to 2026-08-01 00:00:00+00:00, run_after=2026-08-02 00:00:00+00:00
[2026-08-01T10:07:00.859+0000] {processor.py:208} INFO - Processing /opt/airflow/dags/dbt_pipeline.py took 0.375 seconds
[2026-08-01T10:07:31.240+0000] {processor.py:186} INFO - Started process (PID=27669) to work on /opt/airflow/dags/dbt_pipeline.py
[2026-08-01T10:07:31.242+0000] {processor.py:914} INFO - Processing file /opt/airflow/dags/dbt_pipeline.py for tasks to queue
[2026-08-01T10:07:31.244+0000] {logging_mixin.py:190} INFO - [2026-08-01T10:07:31.243+0000] {dagbag.py:587} INFO - Filling up the DagBag from /opt/airflow/dags/dbt_pipeline.py
[2026-08-01T10:07:31.266+0000] {processor.py:925} INFO - DAG(s) 'dbt_pipeline' retrieved from /opt/airflow/dags/dbt_pipeline.py
[2026-08-01T10:07:31.337+0000] {logging_mixin.py:190} INFO - [2026-08-01T10:07:31.336+0000] {dag.py:3211} INFO - Sync 1 DAGs
[2026-08-01T10:07:31.380+0000] {logging_mixin.py:190} INFO - [2026-08-01T10:07:31.380+0000] {dag.py:4138} INFO - Setting next_dagrun for dbt_pipeline to 2026-08-01 00:00:00+00:00, run_after=2026-08-02 00:00:00+00:00
[2026-08-01T10:07:31.412+0000] {processor.py:208} INFO - Processing /opt/airflow/dags/dbt_pipeline.py took 0.185 seconds
[2026-08-01T10:08:01.768+0000] {processor.py:186} INFO - Started process (PID=27684) to work on /opt/airflow/dags/dbt_pipeline.py
[2026-08-01T10:08:01.770+0000] {processor.py:914} INFO - Processing file /opt/airflow/dags/dbt_pipeline.py for tasks to queue
[2026-08-01T10:08:01.772+0000] {logging_mixin.py:190} INFO - [2026-08-01T10:08:01.771+0000] {dagbag.py:587} INFO - Filling up the DagBag from /opt/airflow/dags/dbt_pipeline.py
[2026-08-01T10:08:01.796+0000] {processor.py:925} INFO - DAG(s) 'dbt_pipeline' retrieved from /opt/airflow/dags/dbt_pipeline.py
[2026-08-01T10:08:01.860+0000] {logging_mixin.py:190} INFO - [2026-08-01T10:08:01.859+0000] {dag.py:3211} INFO - Sync 1 DAGs
[2026-08-01T10:08:01.906+0000] {logging_mixin.py:190} INFO - [2026-08-01T10:08:01.905+0000] {dag.py:4138} INFO - Setting next_dagrun for dbt_pipeline to 2026-08-01 00:00:00+00:00, run_after=2026-08-02 00:00:00+00:00
[2026-08-01T10:08:01.934+0000] {processor.py:208} INFO - Processing /opt/airflow/dags/dbt_pipeline.py took 0.180 seconds
[2026-08-01T10:08:32.296+0000] {processor.py:186} INFO - Started process (PID=27699) to work on /opt/airflow/dags/dbt_pipeline.py
[2026-08-01T10:08:32.298+0000] {processor.py:914} INFO - Processing file /opt/airflow/dags/dbt_pipeline.py for tasks to queue
[2026-08-01T10:08:32.301+0000] {logging_mixin.py:190} INFO - [2026-08-01T10:08:32.300+0000] {dagbag.py:587} INFO - Filling up the DagBag from /opt/airflow/dags/dbt_pipeline.py
[2026-08-01T10:08:32.325+0000] {processor.py:925} INFO - DAG(s) 'dbt_pipeline' retrieved from /opt/airflow/dags/dbt_pipeline.py
[2026-08-01T10:08:32.392+0000] {logging_mixin.py:190} INFO - [2026-08-01T10:08:32.391+0000] {dag.py:3211} INFO - Sync 1 DAGs
[2026-08-01T10:08:32.458+0000] {logging_mixin.py:190} INFO - [2026-08-01T10:08:32.458+0000] {dag.py:4138} INFO - Setting next_dagrun for dbt_pipeline to 2026-08-01 00:00:00+00:00, run_after=2026-08-02 00:00:00+00:00
[2026-08-01T10:08:32.490+0000] {processor.py:208} INFO - Processing /opt/airflow/dags/dbt_pipeline.py took 0.205 seconds
[2026-08-01T10:09:02.938+0000] {processor.py:186} INFO - Started process (PID=27714) to work on /opt/airflow/dags/dbt_pipeline.py
[2026-08-01T10:09:02.940+0000] {processor.py:914} INFO - Processing file /opt/airflow/dags/dbt_pipeline.py for tasks to queue
[2026-08-01T10:09:02.942+0000] {logging_mixin.py:190} INFO - [2026-08-01T10:09:02.942+0000] {dagbag.py:587} INFO - Filling up the DagBag from /opt/airflow/dags/dbt_pipeline.py
[2026-08-01T10:09:02.963+0000] {processor.py:925} INFO - DAG(s) 'dbt_pipeline' retrieved from /opt/airflow/dags/dbt_pipeline.py
[2026-08-01T10:09:03.022+0000] {logging_mixin.py:190} INFO - [2026-08-01T10:09:03.021+0000] {dag.py:3211} INFO - Sync 1 DAGs
[2026-08-01T10:09:03.064+0000] {logging_mixin.py:190} INFO - [2026-08-01T10:09:03.064+0000] {dag.py:4138} INFO - Setting next_dagrun for dbt_pipeline to 2026-08-01 00:00:00+00:00, run_after=2026-08-02 00:00:00+00:00
[2026-08-01T10:09:03.092+0000] {processor.py:208} INFO - Processing /opt/airflow/dags/dbt_pipeline.py took 0.165 seconds
[2026-08-01T10:09:33.444+0000] {processor.py:186} INFO - Started process (PID=27729) to work on /opt/airflow/dags/dbt_pipeline.py
[2026-08-01T10:09:33.448+0000] {processor.py:914} INFO - Processing file /opt/airflow/dags/dbt_pipeline.py for tasks to queue
[2026-08-01T10:09:33.451+0000] {logging_mixin.py:190} INFO - [2026-08-01T10:09:33.450+0000] {dagbag.py:587} INFO - Filling up the DagBag from /opt/airflow/dags/dbt_pipeline.py
[2026-08-01T10:09:33.491+0000] {processor.py:925} INFO - DAG(s) 'dbt_pipeline' retrieved from /opt/airflow/dags/dbt_pipeline.py
[2026-08-01T10:09:33.555+0000] {logging_mixin.py:190} INFO - [2026-08-01T10:09:33.554+0000] {dag.py:3211} INFO - Sync 1 DAGs
[2026-08-01T10:09:33.596+0000] {logging_mixin.py:190} INFO - [2026-08-01T10:09:33.596+0000] {dag.py:4138} INFO - Setting next_dagrun for dbt_pipeline to 2026-08-01 00:00:00+00:00, run_after=2026-08-02 00:00:00+00:00
[2026-08-01T10:09:33.753+0000] {processor.py:208} INFO - Processing /opt/airflow/dags/dbt_pipeline.py took 0.318 seconds
[2026-08-01T10:10:04.238+0000] {processor.py:186} INFO - Started process (PID=27744) to work on /opt/airflow/dags/dbt_pipeline.py
[2026-08-01T10:10:04.239+0000] {processor.py:914} INFO - Processing file /opt/airflow/dags/dbt_pipeline.py for tasks to queue
[2026-08-01T10:10:04.242+0000] {logging_mixin.py:190} INFO - [2026-08-01T10:10:04.242+0000] {dagbag.py:587} INFO - Filling up the DagBag from /opt/airflow/dags/dbt_pipeline.py
[2026-08-01T10:10:04.264+0000] {processor.py:925} INFO - DAG(s) 'dbt_pipeline' retrieved from /opt/airflow/dags/dbt_pipeline.py
[2026-08-01T10:10:04.317+0000] {logging_mixin.py:190} INFO - [2026-08-01T10:10:04.316+0000] {dag.py:3211} INFO - Sync 1 DAGs
[2026-08-01T10:10:04.365+0000] {logging_mixin.py:190} INFO - [2026-08-01T10:10:04.364+0000] {dag.py:4138} INFO - Setting next_dagrun for dbt_pipeline to 2026-08-01 00:00:00+00:00, run_after=2026-08-02 00:00:00+00:00
[2026-08-01T10:10:04.397+0000] {processor.py:208} INFO - Processing /opt/airflow/dags/dbt_pipeline.py took 0.170 seconds
[2026-08-01T10:10:34.897+0000] {processor.py:186} INFO - Started process (PID=27759) to work on /opt/airflow/dags/dbt_pipeline.py
[2026-08-01T10:10:34.899+0000] {processor.py:914} INFO - Processing file /opt/airflow/dags/dbt_pipeline.py for tasks to queue
[2026-08-01T10:10:34.901+0000] {logging_mixin.py:190} INFO - [2026-08-01T10:10:34.901+0000] {dagbag.py:587} INFO - Filling up the DagBag from /opt/airflow/dags/dbt_pipeline.py
[2026-08-01T10:10:34.926+0000] {processor.py:925} INFO - DAG(s) 'dbt_pipeline' retrieved from /opt/airflow/dags/dbt_pipeline.py
[2026-08-01T10:10:34.976+0000] {logging_mixin.py:190} INFO - [2026-08-01T10:10:34.976+0000] {dag.py:3211} INFO - Sync 1 DAGs
[2026-08-01T10:10:35.020+0000] {logging_mixin.py:190} INFO - [2026-08-01T10:10:35.020+0000] {dag.py:4138} INFO - Setting next_dagrun for dbt_pipeline to 2026-08-01 00:00:00+00:00, run_after=2026-08-02 00:00:00+00:00
[2026-08-01T10:10:35.046+0000] {processor.py:208} INFO - Processing /opt/airflow/dags/dbt_pipeline.py took 0.161 seconds
[2026-08-01T10:11:05.422+0000] {processor.py:186} INFO - Started process (PID=27774) to work on /opt/airflow/dags/dbt_pipeline.py
[2026-08-01T10:11:05.424+0000] {processor.py:914} INFO - Processing file /opt/airflow/dags/dbt_pipeline.py for tasks to queue
[2026-08-01T10:11:05.427+0000] {logging_mixin.py:190} INFO - [2026-08-01T10:11:05.427+0000] {dagbag.py:587} INFO - Filling up the DagBag from /opt/airflow/dags/dbt_pipeline.py
[2026-08-01T10:11:05.448+0000] {processor.py:925} INFO - DAG(s) 'dbt_pipeline' retrieved from /opt/airflow/dags/dbt_pipeline.py
[2026-08-01T10:11:05.502+0000] {logging_mixin.py:190} INFO - [2026-08-01T10:11:05.501+0000] {dag.py:3211} INFO - Sync 1 DAGs
[2026-08-01T10:11:05.543+0000] {logging_mixin.py:190} INFO - [2026-08-01T10:11:05.543+0000] {dag.py:4138} INFO - Setting next_dagrun for dbt_pipeline to 2026-08-01 00:00:00+00:00, run_after=2026-08-02 00:00:00+00:00
[2026-08-01T10:11:05.572+0000] {processor.py:208} INFO - Processing /opt/airflow/dags/dbt_pipeline.py took 0.162 seconds
[2026-08-01T10:11:35.913+0000] {processor.py:186} INFO - Started process (PID=27789) to work on /opt/airflow/dags/dbt_pipeline.py
[2026-08-01T10:11:35.915+0000] {processor.py:914} INFO - Processing file /opt/airflow/dags/dbt_pipeline.py for tasks to queue
[2026-08-01T10:11:35.917+0000] {logging_mixin.py:190} INFO - [2026-08-01T10:11:35.916+0000] {dagbag.py:587} INFO - Filling up the DagBag from /opt/airflow/dags/dbt_pipeline.py
[2026-08-01T10:11:35.940+0000] {processor.py:925} INFO - DAG(s) 'dbt_pipeline' retrieved from /opt/airflow/dags/dbt_pipeline.py
[2026-08-01T10:11:35.990+0000] {logging_mixin.py:190} INFO - [2026-08-01T10:11:35.990+0000] {dag.py:3211} INFO - Sync 1 DAGs
[2026-08-01T10:11:36.034+0000] {logging_mixin.py:190} INFO - [2026-08-01T10:11:36.033+0000] {dag.py:4138} INFO - Setting next_dagrun for dbt_pipeline to 2026-08-01 00:00:00+00:00, run_after=2026-08-02 00:00:00+00:00
[2026-08-01T10:11:36.062+0000] {processor.py:208} INFO - Processing /opt/airflow/dags/dbt_pipeline.py took 0.158 seconds
[2026-08-01T10:12:06.443+0000] {processor.py:186} INFO - Started process (PID=27804) to work on /opt/airflow/dags/dbt_pipeline.py
[2026-08-01T10:12:06.445+0000] {processor.py:914} INFO - Processing file /opt/airflow/dags/dbt_pipeline.py for tasks to queue
[2026-08-01T10:12:06.447+0000] {logging_mixin.py:190} INFO - [2026-08-01T10:12:06.447+0000] {dagbag.py:587} INFO - Filling up the DagBag from /opt/airflow/dags/dbt_pipeline.py
[2026-08-01T10:12:06.471+0000] {processor.py:925} INFO - DAG(s) 'dbt_pipeline' retrieved from /opt/airflow/dags/dbt_pipeline.py
[2026-08-01T10:12:06.520+0000] {logging_mixin.py:190} INFO - [2026-08-01T10:12:06.520+0000] {dag.py:3211} INFO - Sync 1 DAGs
[2026-08-01T10:12:06.559+0000] {logging_mixin.py:190} INFO - [2026-08-01T10:12:06.559+0000] {dag.py:4138} INFO - Setting next_dagrun for dbt_pipeline to 2026-08-01 00:00:00+00:00, run_after=2026-08-02 00:00:00+00:00
[2026-08-01T10:12:06.599+0000] {processor.py:208} INFO - Processing /opt/airflow/dags/dbt_pipeline.py took 0.167 seconds
[2026-08-01T10:12:36.990+0000] {processor.py:186} INFO - Started process (PID=27819) to work on /opt/airflow/dags/dbt_pipeline.py
[2026-08-01T10:12:36.992+0000] {processor.py:914} INFO - Processing file /opt/airflow/dags/dbt_pipeline.py for tasks to queue
[2026-08-01T10:12:36.994+0000] {logging_mixin.py:190} INFO - [2026-08-01T10:12:36.993+0000] {dagbag.py:587} INFO - Filling up the DagBag from /opt/airflow/dags/dbt_pipeline.py
[2026-08-01T10:12:37.016+0000] {processor.py:925} INFO - DAG(s) 'dbt_pipeline' retrieved from /opt/airflow/dags/dbt_pipeline.py
[2026-08-01T10:12:37.066+0000] {logging_mixin.py:190} INFO - [2026-08-01T10:12:37.065+0000] {dag.py:3211} INFO - Sync 1 DAGs
[2026-08-01T10:12:37.108+0000] {logging_mixin.py:190} INFO - [2026-08-01T10:12:37.108+0000] {dag.py:4138} INFO - Setting next_dagrun for dbt_pipeline to 2026-08-01 00:00:00+00:00, run_after=2026-08-02 00:00:00+00:00
[2026-08-01T10:12:37.137+0000] {processor.py:208} INFO - Processing /opt/airflow/dags/dbt_pipeline.py took 0.157 seconds
[2026-08-01T10:13:07.482+0000] {processor.py:186} INFO - Started process (PID=27834) to work on /opt/airflow/dags/dbt_pipeline.py
[2026-08-01T10:13:07.484+0000] {processor.py:914} INFO - Processing file /opt/airflow/dags/dbt_pipeline.py for tasks to queue
[2026-08-01T10:13:07.486+0000] {logging_mixin.py:190} INFO - [2026-08-01T10:13:07.485+0000] {dagbag.py:587} INFO - Filling up the DagBag from /opt/airflow/dags/dbt_pipeline.py
[2026-08-01T10:13:07.508+0000] {processor.py:925} INFO - DAG(s) 'dbt_pipeline' retrieved from /opt/airflow/dags/dbt_pipeline.py
[2026-08-01T10:13:07.569+0000] {logging_mixin.py:190} INFO - [2026-08-01T10:13:07.569+0000] {dag.py:3211} INFO - Sync 1 DAGs
[2026-08-01T10:13:07.613+0000] {logging_mixin.py:190} INFO - [2026-08-01T10:13:07.613+0000] {dag.py:4138} INFO - Setting next_dagrun for dbt_pipeline to 2026-08-01 00:00:00+00:00, run_after=2026-08-02 00:00:00+00:00
[2026-08-01T10:13:07.640+0000] {processor.py:208} INFO - Processing /opt/airflow/dags/dbt_pipeline.py took 0.168 seconds
[2026-08-01T10:13:37.992+0000] {processor.py:186} INFO - Started process (PID=27849) to work on /opt/airflow/dags/dbt_pipeline.py
[2026-08-01T10:13:37.994+0000] {processor.py:914} INFO - Processing file /opt/airflow/dags/dbt_pipeline.py for tasks to queue
[2026-08-01T10:13:37.997+0000] {logging_mixin.py:190} INFO - [2026-08-01T10:13:37.997+0000] {dagbag.py:587} INFO - Filling up the DagBag from /opt/airflow/dags/dbt_pipeline.py
[2026-08-01T10:13:38.021+0000] {processor.py:925} INFO - DAG(s) 'dbt_pipeline' retrieved from /opt/airflow/dags/dbt_pipeline.py
[2026-08-01T10:13:38.072+0000] {logging_mixin.py:190} INFO - [2026-08-01T10:13:38.072+0000] {dag.py:3211} INFO - Sync 1 DAGs
[2026-08-01T10:13:38.115+0000] {logging_mixin.py:190} INFO - [2026-08-01T10:13:38.114+0000] {dag.py:4138} INFO - Setting next_dagrun for dbt_pipeline to 2026-08-01 00:00:00+00:00, run_after=2026-08-02 00:00:00+00:00
[2026-08-01T10:13:38.140+0000] {processor.py:208} INFO - Processing /opt/airflow/dags/dbt_pipeline.py took 0.157 seconds
[2026-08-01T10:14:08.515+0000] {processor.py:186} INFO - Started process (PID=27864) to work on /opt/airflow/dags/dbt_pipeline.py
[2026-08-01T10:14:08.519+0000] {processor.py:914} INFO - Processing file /opt/airflow/dags/dbt_pipeline.py for tasks to queue
[2026-08-01T10:14:08.521+0000] {logging_mixin.py:190} INFO - [2026-08-01T10:14:08.521+0000] {dagbag.py:587} INFO - Filling up the DagBag from /opt/airflow/dags/dbt_pipeline.py
[2026-08-01T10:14:08.542+0000] {processor.py:925} INFO - DAG(s) 'dbt_pipeline' retrieved from /opt/airflow/dags/dbt_pipeline.py
[2026-08-01T10:14:08.596+0000] {logging_mixin.py:190} INFO - [2026-08-01T10:14:08.596+0000] {dag.py:3211} INFO - Sync 1 DAGs
[2026-08-01T10:14:08.636+0000] {logging_mixin.py:190} INFO - [2026-08-01T10:14:08.636+0000] {dag.py:4138} INFO - Setting next_dagrun for dbt_pipeline to 2026-08-01 00:00:00+00:00, run_after=2026-08-02 00:00:00+00:00
[2026-08-01T10:14:08.666+0000] {processor.py:208} INFO - Processing /opt/airflow/dags/dbt_pipeline.py took 0.162 seconds
[2026-08-01T10:14:39.029+0000] {processor.py:186} INFO - Started process (PID=27879) to work on /opt/airflow/dags/dbt_pipeline.py
[2026-08-01T10:14:39.033+0000] {processor.py:914} INFO - Processing file /opt/airflow/dags/dbt_pipeline.py for tasks to queue
[2026-08-01T10:14:39.038+0000] {logging_mixin.py:190} INFO - [2026-08-01T10:14:39.037+0000] {dagbag.py:587} INFO - Filling up the DagBag from /opt/airflow/dags/dbt_pipeline.py
[2026-08-01T10:14:39.064+0000] {processor.py:925} INFO - DAG(s) 'dbt_pipeline' retrieved from /opt/airflow/dags/dbt_pipeline.py
[2026-08-01T10:14:39.119+0000] {logging_mixin.py:190} INFO - [2026-08-01T10:14:39.118+0000] {dag.py:3211} INFO - Sync 1 DAGs
[2026-08-01T10:14:39.164+0000] {logging_mixin.py:190} INFO - [2026-08-01T10:14:39.164+0000] {dag.py:4138} INFO - Setting next_dagrun for dbt_pipeline to 2026-08-01 00:00:00+00:00, run_after=2026-08-02 00:00:00+00:00
[2026-08-01T10:14:39.195+0000] {processor.py:208} INFO - Processing /opt/airflow/dags/dbt_pipeline.py took 0.184 seconds
[2026-08-01T10:15:09.579+0000] {processor.py:186} INFO - Started process (PID=27894) to work on /opt/airflow/dags/dbt_pipeline.py
[2026-08-01T10:15:09.581+0000] {processor.py:914} INFO - Processing file /opt/airflow/dags/dbt_pipeline.py for tasks to queue
[2026-08-01T10:15:09.584+0000] {logging_mixin.py:190} INFO - [2026-08-01T10:15:09.583+0000] {dagbag.py:587} INFO - Filling up the DagBag from /opt/airflow/dags/dbt_pipeline.py
[2026-08-01T10:15:09.605+0000] {processor.py:925} INFO - DAG(s) 'dbt_pipeline' retrieved from /opt/airflow/dags/dbt_pipeline.py
[2026-08-01T10:15:09.661+0000] {logging_mixin.py:190} INFO - [2026-08-01T10:15:09.661+0000] {dag.py:3211} INFO - Sync 1 DAGs
[2026-08-01T10:15:09.702+0000] {logging_mixin.py:190} INFO - [2026-08-01T10:15:09.702+0000] {dag.py:4138} INFO - Setting next_dagrun for dbt_pipeline to 2026-08-01 00:00:00+00:00, run_after=2026-08-02 00:00:00+00:00
[2026-08-01T10:15:09.730+0000] {processor.py:208} INFO - Processing /opt/airflow/dags/dbt_pipeline.py took 0.164 seconds
[2026-08-01T10:15:40.228+0000] {processor.py:186} INFO - Started process (PID=27909) to work on /opt/airflow/dags/dbt_pipeline.py
[2026-08-01T10:15:40.229+0000] {processor.py:914} INFO - Processing file /opt/airflow/dags/dbt_pipeline.py for tasks to queue
[2026-08-01T10:15:40.232+0000] {logging_mixin.py:190} INFO - [2026-08-01T10:15:40.231+0000] {dagbag.py:587} INFO - Filling up the DagBag from /opt/airflow/dags/dbt_pipeline.py
[2026-08-01T10:15:40.255+0000] {processor.py:925} INFO - DAG(s) 'dbt_pipeline' retrieved from /opt/airflow/dags/dbt_pipeline.py
[2026-08-01T10:15:40.303+0000] {logging_mixin.py:190} INFO - [2026-08-01T10:15:40.302+0000] {dag.py:3211} INFO - Sync 1 DAGs
[2026-08-01T10:15:40.344+0000] {logging_mixin.py:190} INFO - [2026-08-01T10:15:40.343+0000] {dag.py:4138} INFO - Setting next_dagrun for dbt_pipeline to 2026-08-01 00:00:00+00:00, run_after=2026-08-02 00:00:00+00:00
[2026-08-01T10:15:40.372+0000] {processor.py:208} INFO - Processing /opt/airflow/dags/dbt_pipeline.py took 0.154 seconds
[2026-08-01T10:16:10.737+0000] {processor.py:186} INFO - Started process (PID=27924) to work on /opt/airflow/dags/dbt_pipeline.py
[2026-08-01T10:16:10.739+0000] {processor.py:914} INFO - Processing file /opt/airflow/dags/dbt_pipeline.py for tasks to queue
[2026-08-01T10:16:10.743+0000] {logging_mixin.py:190} INFO - [2026-08-01T10:16:10.741+0000] {dagbag.py:587} INFO - Filling up the DagBag from /opt/airflow/dags/dbt_pipeline.py
[2026-08-01T10:16:10.763+0000] {processor.py:925} INFO - DAG(s) 'dbt_pipeline' retrieved from /opt/airflow/dags/dbt_pipeline.py
[2026-08-01T10:16:10.813+0000] {logging_mixin.py:190} INFO - [2026-08-01T10:16:10.813+0000] {dag.py:3211} INFO - Sync 1 DAGs
[2026-08-01T10:16:10.855+0000] {logging_mixin.py:190} INFO - [2026-08-01T10:16:10.854+0000] {dag.py:4138} INFO - Setting next_dagrun for dbt_pipeline to 2026-08-01 00:00:00+00:00, run_after=2026-08-02 00:00:00+00:00
[2026-08-01T10:16:10.884+0000] {processor.py:208} INFO - Processing /opt/airflow/dags/dbt_pipeline.py took 0.156 seconds
[2026-08-01T10:16:41.228+0000] {processor.py:186} INFO - Started process (PID=27939) to work on /opt/airflow/dags/dbt_pipeline.py
[2026-08-01T10:16:41.230+0000] {processor.py:914} INFO - Processing file /opt/airflow/dags/dbt_pipeline.py for tasks to queue
[2026-08-01T10:16:41.232+0000] {logging_mixin.py:190} INFO - [2026-08-01T10:16:41.231+0000] {dagbag.py:587} INFO - Filling up the DagBag from /opt/airflow/dags/dbt_pipeline.py
[2026-08-01T10:16:41.254+0000] {processor.py:925} INFO - DAG(s) 'dbt_pipeline' retrieved from /opt/airflow/dags/dbt_pipeline.py
[2026-08-01T10:16:41.303+0000] {logging_mixin.py:190} INFO - [2026-08-01T10:16:41.303+0000] {dag.py:3211} INFO - Sync 1 DAGs
[2026-08-01T10:16:41.360+0000] {logging_mixin.py:190} INFO - [2026-08-01T10:16:41.360+0000] {dag.py:4138} INFO - Setting next_dagrun for dbt_pipeline to 2026-08-01 00:00:00+00:00, run_after=2026-08-02 00:00:00+00:00
[2026-08-01T10:16:41.389+0000] {processor.py:208} INFO - Processing /opt/airflow/dags/dbt_pipeline.py took 0.171 seconds
[2026-08-01T10:17:11.726+0000] {processor.py:186} INFO - Started process (PID=27954) to work on /opt/airflow/dags/dbt_pipeline.py
[2026-08-01T10:17:11.728+0000] {processor.py:914} INFO - Processing file /opt/airflow/dags/dbt_pipeline.py for tasks to queue
[2026-08-01T10:17:11.730+0000] {logging_mixin.py:190} INFO - [2026-08-01T10:17:11.729+0000] {dagbag.py:587} INFO - Filling up the DagBag from /opt/airflow/dags/dbt_pipeline.py
[2026-08-01T10:17:11.750+0000] {processor.py:925} INFO - DAG(s) 'dbt_pipeline' retrieved from /opt/airflow/dags/dbt_pipeline.py
[2026-08-01T10:17:11.798+0000] {logging_mixin.py:190} INFO - [2026-08-01T10:17:11.798+0000] {dag.py:3211} INFO - Sync 1 DAGs
[2026-08-01T10:17:11.836+0000] {logging_mixin.py:190} INFO - [2026-08-01T10:17:11.836+0000] {dag.py:4138} INFO - Setting next_dagrun for dbt_pipeline to 2026-08-01 00:00:00+00:00, run_after=2026-08-02 00:00:00+00:00
[2026-08-01T10:17:11.879+0000] {processor.py:208} INFO - Processing /opt/airflow/dags/dbt_pipeline.py took 0.163 seconds
[2026-08-01T10:17:42.229+0000] {processor.py:186} INFO - Started process (PID=27969) to work on /opt/airflow/dags/dbt_pipeline.py
[2026-08-01T10:17:42.231+0000] {processor.py:914} INFO - Processing file /opt/airflow/dags/dbt_pipeline.py for tasks to queue
[2026-08-01T10:17:42.233+0000] {logging_mixin.py:190} INFO - [2026-08-01T10:17:42.233+0000] {dagbag.py:587} INFO - Filling up the DagBag from /opt/airflow/dags/dbt_pipeline.py
[2026-08-01T10:17:42.256+0000] {processor.py:925} INFO - DAG(s) 'dbt_pipeline' retrieved from /opt/airflow/dags/dbt_pipeline.py
[2026-08-01T10:17:42.303+0000] {logging_mixin.py:190} INFO - [2026-08-01T10:17:42.303+0000] {dag.py:3211} INFO - Sync 1 DAGs
[2026-08-01T10:17:42.342+0000] {logging_mixin.py:190} INFO - [2026-08-01T10:17:42.341+0000] {dag.py:4138} INFO - Setting next_dagrun for dbt_pipeline to 2026-08-01 00:00:00+00:00, run_after=2026-08-02 00:00:00+00:00
[2026-08-01T10:17:42.370+0000] {processor.py:208} INFO - Processing /opt/airflow/dags/dbt_pipeline.py took 0.151 seconds
[2026-08-01T10:18:12.706+0000] {processor.py:186} INFO - Started process (PID=27984) to work on /opt/airflow/dags/dbt_pipeline.py
[2026-08-01T10:18:12.708+0000] {processor.py:914} INFO - Processing file /opt/airflow/dags/dbt_pipeline.py for tasks to queue
[2026-08-01T10:18:12.710+0000] {logging_mixin.py:190} INFO - [2026-08-01T10:18:12.709+0000] {dagbag.py:587} INFO - Filling up the DagBag from /opt/airflow/dags/dbt_pipeline.py
[2026-08-01T10:18:12.732+0000] {processor.py:925} INFO - DAG(s) 'dbt_pipeline' retrieved from /opt/airflow/dags/dbt_pipeline.py
[2026-08-01T10:18:12.783+0000] {logging_mixin.py:190} INFO - [2026-08-01T10:18:12.782+0000] {dag.py:3211} INFO - Sync 1 DAGs
[2026-08-01T10:18:12.829+0000] {logging_mixin.py:190} INFO - [2026-08-01T10:18:12.828+0000] {dag.py:4138} INFO - Setting next_dagrun for dbt_pipeline to 2026-08-01 00:00:00+00:00, run_after=2026-08-02 00:00:00+00:00
[2026-08-01T10:18:12.856+0000] {processor.py:208} INFO - Processing /opt/airflow/dags/dbt_pipeline.py took 0.160 seconds
[2026-08-01T10:18:43.202+0000] {processor.py:186} INFO - Started process (PID=27999) to work on /opt/airflow/dags/dbt_pipeline.py
[2026-08-01T10:18:43.203+0000] {processor.py:914} INFO - Processing file /opt/airflow/dags/dbt_pipeline.py for tasks to queue
[2026-08-01T10:18:43.205+0000] {logging_mixin.py:190} INFO - [2026-08-01T10:18:43.205+0000] {dagbag.py:587} INFO - Filling up the DagBag from /opt/airflow/dags/dbt_pipeline.py
[2026-08-01T10:18:43.231+0000] {processor.py:925} INFO - DAG(s) 'dbt_pipeline' retrieved from /opt/airflow/dags/dbt_pipeline.py
[2026-08-01T10:18:43.291+0000] {logging_mixin.py:190} INFO - [2026-08-01T10:18:43.290+0000] {dag.py:3211} INFO - Sync 1 DAGs
[2026-08-01T10:18:43.335+0000] {logging_mixin.py:190} INFO - [2026-08-01T10:18:43.335+0000] {dag.py:4138} INFO - Setting next_dagrun for dbt_pipeline to 2026-08-01 00:00:00+00:00, run_after=2026-08-02 00:00:00+00:00
[2026-08-01T10:18:43.368+0000] {processor.py:208} INFO - Processing /opt/airflow/dags/dbt_pipeline.py took 0.176 seconds
[2026-08-01T10:19:13.716+0000] {processor.py:186} INFO - Started process (PID=28014) to work on /opt/airflow/dags/dbt_pipeline.py
[2026-08-01T10:19:13.718+0000] {processor.py:914} INFO - Processing file /opt/airflow/dags/dbt_pipeline.py for tasks to queue
[2026-08-01T10:19:13.720+0000] {logging_mixin.py:190} INFO - [2026-08-01T10:19:13.720+0000] {dagbag.py:587} INFO - Filling up the DagBag from /opt/airflow/dags/dbt_pipeline.py
[2026-08-01T10:19:13.744+0000] {processor.py:925} INFO - DAG(s) 'dbt_pipeline' retrieved from /opt/airflow/dags/dbt_pipeline.py
[2026-08-01T10:19:13.794+0000] {logging_mixin.py:190} INFO - [2026-08-01T10:19:13.794+0000] {dag.py:3211} INFO - Sync 1 DAGs
[2026-08-01T10:19:13.835+0000] {logging_mixin.py:190} INFO - [2026-08-01T10:19:13.834+0000] {dag.py:4138} INFO - Setting next_dagrun for dbt_pipeline to 2026-08-01 00:00:00+00:00, run_after=2026-08-02 00:00:00+00:00
[2026-08-01T10:19:13.900+0000] {processor.py:208} INFO - Processing /opt/airflow/dags/dbt_pipeline.py took 0.195 seconds
[2026-08-01T10:19:44.280+0000] {processor.py:186} INFO - Started process (PID=28029) to work on /opt/airflow/dags/dbt_pipeline.py
[2026-08-01T10:19:44.282+0000] {processor.py:914} INFO - Processing file /opt/airflow/dags/dbt_pipeline.py for tasks to queue
[2026-08-01T10:19:44.285+0000] {logging_mixin.py:190} INFO - [2026-08-01T10:19:44.285+0000] {dagbag.py:587} INFO - Filling up the DagBag from /opt/airflow/dags/dbt_pipeline.py
[2026-08-01T10:19:44.306+0000] {processor.py:925} INFO - DAG(s) 'dbt_pipeline' retrieved from /opt/airflow/dags/dbt_pipeline.py
[2026-08-01T10:19:44.356+0000] {logging_mixin.py:190} INFO - [2026-08-01T10:19:44.356+0000] {dag.py:3211} INFO - Sync 1 DAGs
[2026-08-01T10:19:44.396+0000] {logging_mixin.py:190} INFO - [2026-08-01T10:19:44.395+0000] {dag.py:4138} INFO - Setting next_dagrun for dbt_pipeline to 2026-08-01 00:00:00+00:00, run_after=2026-08-02 00:00:00+00:00
[2026-08-01T10:19:44.436+0000] {processor.py:208} INFO - Processing /opt/airflow/dags/dbt_pipeline.py took 0.166 seconds
[2026-08-01T10:20:14.950+0000] {processor.py:186} INFO - Started process (PID=28044) to work on /opt/airflow/dags/dbt_pipeline.py
[2026-08-01T10:20:14.952+0000] {processor.py:914} INFO - Processing file /opt/airflow/dags/dbt_pipeline.py for tasks to queue
[2026-08-01T10:20:14.956+0000] {logging_mixin.py:190} INFO - [2026-08-01T10:20:14.955+0000] {dagbag.py:587} INFO - Filling up the DagBag from /opt/airflow/dags/dbt_pipeline.py
[2026-08-01T10:20:14.983+0000] {processor.py:925} INFO - DAG(s) 'dbt_pipeline' retrieved from /opt/airflow/dags/dbt_pipeline.py
[2026-08-01T10:20:15.043+0000] {logging_mixin.py:190} INFO - [2026-08-01T10:20:15.043+0000] {dag.py:3211} INFO - Sync 1 DAGs
[2026-08-01T10:20:15.088+0000] {logging_mixin.py:190} INFO - [2026-08-01T10:20:15.087+0000] {dag.py:4138} INFO - Setting next_dagrun for dbt_pipeline to 2026-08-01 00:00:00+00:00, run_after=2026-08-02 00:00:00+00:00
[2026-08-01T10:20:15.128+0000] {processor.py:208} INFO - Processing /opt/airflow/dags/dbt_pipeline.py took 0.193 seconds
[2026-08-01T10:20:45.553+0000] {processor.py:186} INFO - Started process (PID=28059) to work on /opt/airflow/dags/dbt_pipeline.py
[2026-08-01T10:20:45.555+0000] {processor.py:914} INFO - Processing file /opt/airflow/dags/dbt_pipeline.py for tasks to queue
[2026-08-01T10:20:45.557+0000] {logging_mixin.py:190} INFO - [2026-08-01T10:20:45.556+0000] {dagbag.py:587} INFO - Filling up the DagBag from /opt/airflow/dags/dbt_pipeline.py
[2026-08-01T10:20:45.579+0000] {processor.py:925} INFO - DAG(s) 'dbt_pipeline' retrieved from /opt/airflow/dags/dbt_pipeline.py
[2026-08-01T10:20:45.630+0000] {logging_mixin.py:190} INFO - [2026-08-01T10:20:45.630+0000] {dag.py:3211} INFO - Sync 1 DAGs
[2026-08-01T10:20:45.677+0000] {logging_mixin.py:190} INFO - [2026-08-01T10:20:45.676+0000] {dag.py:4138} INFO - Setting next_dagrun for dbt_pipeline to 2026-08-01 00:00:00+00:00, run_after=2026-08-02 00:00:00+00:00
[2026-08-01T10:20:45.729+0000] {processor.py:208} INFO - Processing /opt/airflow/dags/dbt_pipeline.py took 0.186 seconds
[2026-08-01T10:21:16.128+0000] {processor.py:186} INFO - Started process (PID=28074) to work on /opt/airflow/dags/dbt_pipeline.py
[2026-08-01T10:21:16.130+0000] {processor.py:914} INFO - Processing file /opt/airflow/dags/dbt_pipeline.py for tasks to queue
[2026-08-01T10:21:16.132+0000] {logging_mixin.py:190} INFO - [2026-08-01T10:21:16.132+0000] {dagbag.py:587} INFO - Filling up the DagBag from /opt/airflow/dags/dbt_pipeline.py
[2026-08-01T10:21:16.175+0000] {processor.py:925} INFO - DAG(s) 'dbt_pipeline' retrieved from /opt/airflow/dags/dbt_pipeline.py
[2026-08-01T10:21:16.263+0000] {logging_mixin.py:190} INFO - [2026-08-01T10:21:16.262+0000] {dag.py:3211} INFO - Sync 1 DAGs
[2026-08-01T10:21:16.344+0000] {logging_mixin.py:190} INFO - [2026-08-01T10:21:16.344+0000] {dag.py:4138} INFO - Setting next_dagrun for dbt_pipeline to 2026-08-01 00:00:00+00:00, run_after=2026-08-02 00:00:00+00:00
[2026-08-01T10:21:16.371+0000] {processor.py:208} INFO - Processing /opt/airflow/dags/dbt_pipeline.py took 0.257 seconds
[2026-08-01T10:21:46.735+0000] {processor.py:186} INFO - Started process (PID=28089) to work on /opt/airflow/dags/dbt_pipeline.py
[2026-08-01T10:21:46.736+0000] {processor.py:914} INFO - Processing file /opt/airflow/dags/dbt_pipeline.py for tasks to queue
[2026-08-01T10:21:46.738+0000] {logging_mixin.py:190} INFO - [2026-08-01T10:21:46.738+0000] {dagbag.py:587} INFO - Filling up the DagBag from /opt/airflow/dags/dbt_pipeline.py
[2026-08-01T10:21:46.764+0000] {processor.py:925} INFO - DAG(s) 'dbt_pipeline' retrieved from /opt/airflow/dags/dbt_pipeline.py
[2026-08-01T10:21:46.814+0000] {logging_mixin.py:190} INFO - [2026-08-01T10:21:46.814+0000] {dag.py:3211} INFO - Sync 1 DAGs
[2026-08-01T10:21:46.853+0000] {logging_mixin.py:190} INFO - [2026-08-01T10:21:46.852+0000] {dag.py:4138} INFO - Setting next_dagrun for dbt_pipeline to 2026-08-01 00:00:00+00:00, run_after=2026-08-02 00:00:00+00:00
[2026-08-01T10:21:46.880+0000] {processor.py:208} INFO - Processing /opt/airflow/dags/dbt_pipeline.py took 0.156 seconds
[2026-08-01T10:22:17.247+0000] {processor.py:186} INFO - Started process (PID=28104) to work on /opt/airflow/dags/dbt_pipeline.py
[2026-08-01T10:22:17.249+0000] {processor.py:914} INFO - Processing file /opt/airflow/dags/dbt_pipeline.py for tasks to queue
[2026-08-01T10:22:17.253+0000] {logging_mixin.py:190} INFO - [2026-08-01T10:22:17.252+0000] {dagbag.py:587} INFO - Filling up the DagBag from /opt/airflow/dags/dbt_pipeline.py
[2026-08-01T10:22:17.275+0000] {processor.py:925} INFO - DAG(s) 'dbt_pipeline' retrieved from /opt/airflow/dags/dbt_pipeline.py
[2026-08-01T10:22:17.330+0000] {logging_mixin.py:190} INFO - [2026-08-01T10:22:17.330+0000] {dag.py:3211} INFO - Sync 1 DAGs
[2026-08-01T10:22:17.375+0000] {logging_mixin.py:190} INFO - [2026-08-01T10:22:17.374+0000] {dag.py:4138} INFO - Setting next_dagrun for dbt_pipeline to 2026-08-01 00:00:00+00:00, run_after=2026-08-02 00:00:00+00:00
[2026-08-01T10:22:17.424+0000] {processor.py:208} INFO - Processing /opt/airflow/dags/dbt_pipeline.py took 0.198 seconds
[2026-08-01T10:22:47.794+0000] {processor.py:186} INFO - Started process (PID=28119) to work on /opt/airflow/dags/dbt_pipeline.py
[2026-08-01T10:22:47.795+0000] {processor.py:914} INFO - Processing file /opt/airflow/dags/dbt_pipeline.py for tasks to queue
[2026-08-01T10:22:47.798+0000] {logging_mixin.py:190} INFO - [2026-08-01T10:22:47.798+0000] {dagbag.py:587} INFO - Filling up the DagBag from /opt/airflow/dags/dbt_pipeline.py
[2026-08-01T10:22:47.819+0000] {processor.py:925} INFO - DAG(s) 'dbt_pipeline' retrieved from /opt/airflow/dags/dbt_pipeline.py
[2026-08-01T10:22:47.871+0000] {logging_mixin.py:190} INFO - [2026-08-01T10:22:47.871+0000] {dag.py:3211} INFO - Sync 1 DAGs
[2026-08-01T10:22:47.911+0000] {logging_mixin.py:190} INFO - [2026-08-01T10:22:47.910+0000] {dag.py:4138} INFO - Setting next_dagrun for dbt_pipeline to 2026-08-01 00:00:00+00:00, run_after=2026-08-02 00:00:00+00:00
[2026-08-01T10:22:47.940+0000] {processor.py:208} INFO - Processing /opt/airflow/dags/dbt_pipeline.py took 0.159 seconds
[2026-08-01T10:23:18.422+0000] {processor.py:186} INFO - Started process (PID=28134) to work on /opt/airflow/dags/dbt_pipeline.py
[2026-08-01T10:23:18.423+0000] {processor.py:914} INFO - Processing file /opt/airflow/dags/dbt_pipeline.py for tasks to queue
[2026-08-01T10:23:18.425+0000] {logging_mixin.py:190} INFO - [2026-08-01T10:23:18.425+0000] {dagbag.py:587} INFO - Filling up the DagBag from /opt/airflow/dags/dbt_pipeline.py
[2026-08-01T10:23:18.446+0000] {processor.py:925} INFO - DAG(s) 'dbt_pipeline' retrieved from /opt/airflow/dags/dbt_pipeline.py
[2026-08-01T10:23:18.502+0000] {logging_mixin.py:190} INFO - [2026-08-01T10:23:18.502+0000] {dag.py:3211} INFO - Sync 1 DAGs
[2026-08-01T10:23:18.541+0000] {logging_mixin.py:190} INFO - [2026-08-01T10:23:18.541+0000] {dag.py:4138} INFO - Setting next_dagrun for dbt_pipeline to 2026-08-01 00:00:00+00:00, run_after=2026-08-02 00:00:00+00:00
[2026-08-01T10:23:18.570+0000] {processor.py:208} INFO - Processing /opt/airflow/dags/dbt_pipeline.py took 0.158 seconds
[2026-08-01T10:23:48.911+0000] {processor.py:186} INFO - Started process (PID=28149) to work on /opt/airflow/dags/dbt_pipeline.py
[2026-08-01T10:23:48.913+0000] {processor.py:914} INFO - Processing file /opt/airflow/dags/dbt_pipeline.py for tasks to queue
[2026-08-01T10:23:48.915+0000] {logging_mixin.py:190} INFO - [2026-08-01T10:23:48.914+0000] {dagbag.py:587} INFO - Filling up the DagBag from /opt/airflow/dags/dbt_pipeline.py
[2026-08-01T10:23:48.937+0000] {processor.py:925} INFO - DAG(s) 'dbt_pipeline' retrieved from /opt/airflow/dags/dbt_pipeline.py
[2026-08-01T10:23:48.986+0000] {logging_mixin.py:190} INFO - [2026-08-01T10:23:48.985+0000] {dag.py:3211} INFO - Sync 1 DAGs
[2026-08-01T10:23:49.025+0000] {logging_mixin.py:190} INFO - [2026-08-01T10:23:49.025+0000] {dag.py:4138} INFO - Setting next_dagrun for dbt_pipeline to 2026-08-01 00:00:00+00:00, run_after=2026-08-02 00:00:00+00:00
[2026-08-01T10:23:49.054+0000] {processor.py:208} INFO - Processing /opt/airflow/dags/dbt_pipeline.py took 0.153 seconds
[2026-08-01T10:24:19.704+0000] {processor.py:186} INFO - Started process (PID=28164) to work on /opt/airflow/dags/dbt_pipeline.py
[2026-08-01T10:24:19.725+0000] {processor.py:914} INFO - Processing file /opt/airflow/dags/dbt_pipeline.py for tasks to queue
[2026-08-01T10:24:19.758+0000] {logging_mixin.py:190} INFO - [2026-08-01T10:24:19.757+0000] {dagbag.py:587} INFO - Filling up the DagBag from /opt/airflow/dags/dbt_pipeline.py
[2026-08-01T10:24:19.922+0000] {processor.py:925} INFO - DAG(s) 'dbt_pipeline' retrieved from /opt/airflow/dags/dbt_pipeline.py
[2026-08-01T10:24:20.156+0000] {logging_mixin.py:190} INFO - [2026-08-01T10:24:20.155+0000] {dag.py:3211} INFO - Sync 1 DAGs
[2026-08-01T10:24:20.234+0000] {logging_mixin.py:190} INFO - [2026-08-01T10:24:20.232+0000] {dag.py:4138} INFO - Setting next_dagrun for dbt_pipeline to 2026-08-01 00:00:00+00:00, run_after=2026-08-02 00:00:00+00:00
[2026-08-01T10:24:20.402+0000] {processor.py:208} INFO - Processing /opt/airflow/dags/dbt_pipeline.py took 0.767 seconds
