[2026-06-20T04:43:32.546+0000] {processor.py:186} INFO - Started process (PID=18144) to work on /opt/airflow/dags/sanity_checks.py
[2026-06-20T04:43:32.571+0000] {processor.py:914} INFO - Processing file /opt/airflow/dags/sanity_checks.py for tasks to queue
[2026-06-20T04:43:32.801+0000] {logging_mixin.py:190} INFO - [2026-06-20T04:43:32.790+0000] {dagbag.py:587} INFO - Filling up the DagBag from /opt/airflow/dags/sanity_checks.py
[2026-06-20T04:43:33.395+0000] {processor.py:925} INFO - DAG(s) 'airflow_sanity_check' retrieved from /opt/airflow/dags/sanity_checks.py
[2026-06-20T04:43:34.566+0000] {logging_mixin.py:190} INFO - [2026-06-20T04:43:34.564+0000] {dag.py:3211} INFO - Sync 1 DAGs
[2026-06-20T04:43:35.106+0000] {logging_mixin.py:190} INFO - [2026-06-20T04:43:35.105+0000] {dag.py:4138} INFO - Setting next_dagrun for airflow_sanity_check to None, run_after=None
[2026-06-20T04:43:35.879+0000] {processor.py:208} INFO - Processing /opt/airflow/dags/sanity_checks.py took 3.580 seconds
[2026-06-20T04:50:07.264+0000] {processor.py:186} INFO - Started process (PID=18157) to work on /opt/airflow/dags/sanity_checks.py
[2026-06-20T04:50:07.302+0000] {processor.py:914} INFO - Processing file /opt/airflow/dags/sanity_checks.py for tasks to queue
[2026-06-20T04:50:07.426+0000] {logging_mixin.py:190} INFO - [2026-06-20T04:50:07.410+0000] {dagbag.py:587} INFO - Filling up the DagBag from /opt/airflow/dags/sanity_checks.py
[2026-06-20T04:50:08.199+0000] {processor.py:925} INFO - DAG(s) 'airflow_sanity_check' retrieved from /opt/airflow/dags/sanity_checks.py
[2026-06-20T04:50:10.213+0000] {logging_mixin.py:190} INFO - [2026-06-20T04:50:10.213+0000] {dag.py:3211} INFO - Sync 1 DAGs
[2026-06-20T04:50:10.213+0000] {logging_mixin.py:190} INFO - [2026-06-20T04:50:10.213+0000] {dag.py:4138} INFO - Setting next_dagrun for airflow_sanity_check to None, run_after=None
[2026-06-20T04:50:10.213+0000] {processor.py:208} INFO - Processing /opt/airflow/dags/sanity_checks.py took 3.218 seconds
[2026-06-20T07:02:00.796+0000] {processor.py:186} INFO - Started process (PID=18167) to work on /opt/airflow/dags/sanity_checks.py
[2026-06-20T07:02:00.811+0000] {processor.py:914} INFO - Processing file /opt/airflow/dags/sanity_checks.py for tasks to queue
[2026-06-20T07:02:00.861+0000] {logging_mixin.py:190} INFO - [2026-06-20T07:02:00.856+0000] {dagbag.py:587} INFO - Filling up the DagBag from /opt/airflow/dags/sanity_checks.py
[2026-06-20T07:02:01.165+0000] {processor.py:925} INFO - DAG(s) 'airflow_sanity_check' retrieved from /opt/airflow/dags/sanity_checks.py
[2026-06-20T07:02:01.656+0000] {logging_mixin.py:190} INFO - [2026-06-20T07:02:01.654+0000] {dag.py:3211} INFO - Sync 1 DAGs
[2026-06-20T07:02:01.912+0000] {logging_mixin.py:190} INFO - [2026-06-20T07:02:01.908+0000] {dag.py:4138} INFO - Setting next_dagrun for airflow_sanity_check to None, run_after=None
[2026-06-20T07:02:02.167+0000] {processor.py:208} INFO - Processing /opt/airflow/dags/sanity_checks.py took 1.540 seconds
[2026-06-20T07:43:59.811+0000] {processor.py:186} INFO - Started process (PID=18177) to work on /opt/airflow/dags/sanity_checks.py
[2026-06-20T07:43:59.872+0000] {processor.py:914} INFO - Processing file /opt/airflow/dags/sanity_checks.py for tasks to queue
[2026-06-20T07:43:59.957+0000] {logging_mixin.py:190} INFO - [2026-06-20T07:43:59.948+0000] {dagbag.py:587} INFO - Filling up the DagBag from /opt/airflow/dags/sanity_checks.py
[2026-06-20T07:44:00.571+0000] {processor.py:925} INFO - DAG(s) 'airflow_sanity_check' retrieved from /opt/airflow/dags/sanity_checks.py
[2026-06-20T07:44:02.374+0000] {logging_mixin.py:190} INFO - [2026-06-20T07:44:02.362+0000] {dag.py:3211} INFO - Sync 1 DAGs
[2026-06-20T07:44:02.964+0000] {logging_mixin.py:190} INFO - [2026-06-20T07:44:02.963+0000] {dag.py:4138} INFO - Setting next_dagrun for airflow_sanity_check to None, run_after=None
[2026-06-20T07:44:03.688+0000] {processor.py:208} INFO - Processing /opt/airflow/dags/sanity_checks.py took 4.209 seconds
[2026-06-20T11:33:16.001+0000] {processor.py:186} INFO - Started process (PID=18197) to work on /opt/airflow/dags/sanity_checks.py
[2026-06-20T11:33:16.014+0000] {processor.py:914} INFO - Processing file /opt/airflow/dags/sanity_checks.py for tasks to queue
[2026-06-20T11:33:16.107+0000] {logging_mixin.py:190} INFO - [2026-06-20T11:33:16.106+0000] {dagbag.py:587} INFO - Filling up the DagBag from /opt/airflow/dags/sanity_checks.py
[2026-06-20T11:33:16.268+0000] {processor.py:925} INFO - DAG(s) 'airflow_sanity_check' retrieved from /opt/airflow/dags/sanity_checks.py
[2026-06-20T11:33:16.521+0000] {logging_mixin.py:190} INFO - [2026-06-20T11:33:16.520+0000] {dag.py:3211} INFO - Sync 1 DAGs
[2026-06-20T11:33:16.636+0000] {logging_mixin.py:190} INFO - [2026-06-20T11:33:16.635+0000] {dag.py:4138} INFO - Setting next_dagrun for airflow_sanity_check to None, run_after=None
[2026-06-20T11:33:16.703+0000] {processor.py:208} INFO - Processing /opt/airflow/dags/sanity_checks.py took 0.733 seconds
[2026-06-20T11:33:47.588+0000] {processor.py:186} INFO - Started process (PID=18207) to work on /opt/airflow/dags/sanity_checks.py
[2026-06-20T11:33:47.722+0000] {processor.py:914} INFO - Processing file /opt/airflow/dags/sanity_checks.py for tasks to queue
[2026-06-20T11:33:47.793+0000] {logging_mixin.py:190} INFO - [2026-06-20T11:33:47.791+0000] {dagbag.py:587} INFO - Filling up the DagBag from /opt/airflow/dags/sanity_checks.py
[2026-06-20T11:33:47.996+0000] {processor.py:925} INFO - DAG(s) 'airflow_sanity_check' retrieved from /opt/airflow/dags/sanity_checks.py
[2026-06-20T11:33:48.260+0000] {logging_mixin.py:190} INFO - [2026-06-20T11:33:48.259+0000] {dag.py:3211} INFO - Sync 1 DAGs
[2026-06-20T11:33:48.350+0000] {logging_mixin.py:190} INFO - [2026-06-20T11:33:48.349+0000] {dag.py:4138} INFO - Setting next_dagrun for airflow_sanity_check to None, run_after=None
[2026-06-20T11:33:48.407+0000] {processor.py:208} INFO - Processing /opt/airflow/dags/sanity_checks.py took 0.979 seconds
[2026-06-20T11:34:18.851+0000] {processor.py:186} INFO - Started process (PID=18217) to work on /opt/airflow/dags/sanity_checks.py
[2026-06-20T11:34:18.852+0000] {processor.py:914} INFO - Processing file /opt/airflow/dags/sanity_checks.py for tasks to queue
[2026-06-20T11:34:18.856+0000] {logging_mixin.py:190} INFO - [2026-06-20T11:34:18.855+0000] {dagbag.py:587} INFO - Filling up the DagBag from /opt/airflow/dags/sanity_checks.py
[2026-06-20T11:34:18.872+0000] {processor.py:925} INFO - DAG(s) 'airflow_sanity_check' retrieved from /opt/airflow/dags/sanity_checks.py
[2026-06-20T11:34:18.919+0000] {logging_mixin.py:190} INFO - [2026-06-20T11:34:18.918+0000] {dag.py:3211} INFO - Sync 1 DAGs
[2026-06-20T11:34:18.950+0000] {logging_mixin.py:190} INFO - [2026-06-20T11:34:18.950+0000] {dag.py:4138} INFO - Setting next_dagrun for airflow_sanity_check to None, run_after=None
[2026-06-20T11:34:18.986+0000] {processor.py:208} INFO - Processing /opt/airflow/dags/sanity_checks.py took 0.147 seconds
[2026-06-20T11:34:49.295+0000] {processor.py:186} INFO - Started process (PID=18227) to work on /opt/airflow/dags/sanity_checks.py
[2026-06-20T11:34:49.297+0000] {processor.py:914} INFO - Processing file /opt/airflow/dags/sanity_checks.py for tasks to queue
[2026-06-20T11:34:49.301+0000] {logging_mixin.py:190} INFO - [2026-06-20T11:34:49.300+0000] {dagbag.py:587} INFO - Filling up the DagBag from /opt/airflow/dags/sanity_checks.py
[2026-06-20T11:34:49.317+0000] {processor.py:925} INFO - DAG(s) 'airflow_sanity_check' retrieved from /opt/airflow/dags/sanity_checks.py
[2026-06-20T11:34:49.395+0000] {logging_mixin.py:190} INFO - [2026-06-20T11:34:49.395+0000] {dag.py:3211} INFO - Sync 1 DAGs
[2026-06-20T11:34:49.451+0000] {logging_mixin.py:190} INFO - [2026-06-20T11:34:49.451+0000] {dag.py:4138} INFO - Setting next_dagrun for airflow_sanity_check to None, run_after=None
[2026-06-20T11:34:49.499+0000] {processor.py:208} INFO - Processing /opt/airflow/dags/sanity_checks.py took 0.212 seconds
[2026-06-20T11:35:19.860+0000] {processor.py:186} INFO - Started process (PID=18237) to work on /opt/airflow/dags/sanity_checks.py
[2026-06-20T11:35:19.866+0000] {processor.py:914} INFO - Processing file /opt/airflow/dags/sanity_checks.py for tasks to queue
[2026-06-20T11:35:19.871+0000] {logging_mixin.py:190} INFO - [2026-06-20T11:35:19.871+0000] {dagbag.py:587} INFO - Filling up the DagBag from /opt/airflow/dags/sanity_checks.py
[2026-06-20T11:35:19.905+0000] {processor.py:925} INFO - DAG(s) 'airflow_sanity_check' retrieved from /opt/airflow/dags/sanity_checks.py
[2026-06-20T11:35:20.112+0000] {logging_mixin.py:190} INFO - [2026-06-20T11:35:20.112+0000] {dag.py:3211} INFO - Sync 1 DAGs
[2026-06-20T11:35:20.189+0000] {logging_mixin.py:190} INFO - [2026-06-20T11:35:20.188+0000] {dag.py:4138} INFO - Setting next_dagrun for airflow_sanity_check to None, run_after=None
[2026-06-20T11:35:20.366+0000] {processor.py:208} INFO - Processing /opt/airflow/dags/sanity_checks.py took 0.521 seconds
[2026-06-20T11:35:50.727+0000] {processor.py:186} INFO - Started process (PID=18247) to work on /opt/airflow/dags/sanity_checks.py
[2026-06-20T11:35:50.734+0000] {processor.py:914} INFO - Processing file /opt/airflow/dags/sanity_checks.py for tasks to queue
[2026-06-20T11:35:50.811+0000] {logging_mixin.py:190} INFO - [2026-06-20T11:35:50.810+0000] {dagbag.py:587} INFO - Filling up the DagBag from /opt/airflow/dags/sanity_checks.py
[2026-06-20T11:35:50.942+0000] {processor.py:925} INFO - DAG(s) 'airflow_sanity_check' retrieved from /opt/airflow/dags/sanity_checks.py
[2026-06-20T11:35:52.273+0000] {logging_mixin.py:190} INFO - [2026-06-20T11:35:52.273+0000] {dag.py:3211} INFO - Sync 1 DAGs
[2026-06-20T11:35:52.305+0000] {logging_mixin.py:190} INFO - [2026-06-20T11:35:52.305+0000] {dag.py:4138} INFO - Setting next_dagrun for airflow_sanity_check to None, run_after=None
[2026-06-20T11:35:52.337+0000] {processor.py:208} INFO - Processing /opt/airflow/dags/sanity_checks.py took 1.627 seconds
