[2026-08-04T00:00:03.868+0000] {local_task_job_runner.py:123} INFO - ::group::Pre task execution logs
[2026-08-04T00:00:04.055+0000] {taskinstance.py:2603} INFO - Dependencies all met for dep_context=non-requeueable deps ti=<TaskInstance: tmdb_incremental_sync.incremental_sync_pipeline scheduled__2026-08-03T00:00:00+00:00 [queued]>
[2026-08-04T00:00:04.155+0000] {taskinstance.py:2603} INFO - Dependencies all met for dep_context=requeueable deps ti=<TaskInstance: tmdb_incremental_sync.incremental_sync_pipeline scheduled__2026-08-03T00:00:00+00:00 [queued]>
[2026-08-04T00:00:04.160+0000] {taskinstance.py:2856} INFO - Starting attempt 1 of 3
[2026-08-04T00:00:04.290+0000] {taskinstance.py:2879} INFO - Executing <Task(PythonOperator): incremental_sync_pipeline> on 2026-08-03 00:00:00+00:00
[2026-08-04T00:00:04.360+0000] {logging_mixin.py:190} WARNING - /home/***/.local/lib/python3.12/site-packages/***/task/task_runner/standard_task_runner.py:70 DeprecationWarning: This process (pid=1944) is multi-threaded, use of fork() may lead to deadlocks in the child.
[2026-08-04T00:00:04.349+0000] {standard_task_runner.py:104} INFO - Running: ['***', 'tasks', 'run', 'tmdb_incremental_sync', 'incremental_sync_pipeline', 'scheduled__2026-08-03T00:00:00+00:00', '--job-id', '154', '--raw', '--subdir', 'DAGS_FOLDER/tmdb_incremental_sync.py', '--cfg-path', '/tmp/tmpatagok26']
[2026-08-04T00:00:04.370+0000] {standard_task_runner.py:72} INFO - Started process 1947 to run task
[2026-08-04T00:00:04.372+0000] {standard_task_runner.py:105} INFO - Job 154: Subtask incremental_sync_pipeline
[2026-08-04T00:00:04.858+0000] {task_command.py:467} INFO - Running <TaskInstance: tmdb_incremental_sync.incremental_sync_pipeline scheduled__2026-08-03T00:00:00+00:00 [running]> on host bf737cb27ceb
[2026-08-04T00:00:05.528+0000] {taskinstance.py:3122} INFO - Exporting env vars: AIRFLOW_CTX_DAG_OWNER='***' AIRFLOW_CTX_DAG_ID='tmdb_incremental_sync' AIRFLOW_CTX_TASK_ID='incremental_sync_pipeline' AIRFLOW_CTX_EXECUTION_DATE='2026-08-03T00:00:00+00:00' AIRFLOW_CTX_TRY_NUMBER='1' AIRFLOW_CTX_DAG_RUN_ID='scheduled__2026-08-03T00:00:00+00:00'
[2026-08-04T00:00:05.534+0000] {taskinstance.py:731} INFO - ::endgroup::
[2026-08-04T00:00:05.727+0000] {logging_mixin.py:190} INFO - Starting incremental sync for 2026-07-22 → 2026-08-04...
[2026-08-04T00:00:05.805+0000] {logging_mixin.py:190} INFO - Fetching changes: 2026-07-22 -> 2026-07-28
[2026-08-04T00:16:46.978+0000] {job.py:229} INFO - Heartbeat recovered after 992.25 seconds
[2026-08-04T00:18:01.653+0000] {logging_mixin.py:190} INFO - Fetching changes: 2026-07-29 -> 2026-08-04
[2026-08-04T00:18:47.200+0000] {logging_mixin.py:190} INFO - SSL error on attempt 1/3 for https://api.themoviedb.org/3/movie/changes: HTTPSConnectionPool(host='api.themoviedb.org', port=443): Max retries exceeded with url: /3/movie/changes?api_key=6f73ac85d32f789d075631f40192f5ab&start_date=2026-07-29&end_date=2026-08-04&page=93 (Caused by SSLError(SSLEOFError(8, '[SSL: UNEXPECTED_EOF_WHILE_READING] EOF occurred in violation of protocol (_ssl.c:1000)')))
[2026-08-04T00:36:01.584+0000] {job.py:229} INFO - Heartbeat recovered after 1012.93 seconds
[2026-08-04T00:36:26.919+0000] {logging_mixin.py:190} INFO - Found 43831 changed IDs. Syncing metadata...
[2026-08-04T00:36:40.620+0000] {logging_mixin.py:190} INFO - Skipping movie 1573038: could not fetch metadata.
[2026-08-04T00:36:40.894+0000] {logging_mixin.py:190} INFO - Skipping movie 1704116: could not fetch metadata.
[2026-08-04T00:36:41.749+0000] {logging_mixin.py:190} INFO - Skipping movie 1573050: could not fetch metadata.
[2026-08-04T00:36:43.174+0000] {logging_mixin.py:190} INFO - Skipping movie 1573075: could not fetch metadata.
[2026-08-04T00:36:51.257+0000] {logging_mixin.py:190} INFO - Skipping movie 1573195: could not fetch metadata.
[2026-08-04T00:36:51.812+0000] {logging_mixin.py:190} INFO - Skipping movie 1704275: could not fetch metadata.
[2026-08-04T00:36:58.906+0000] {logging_mixin.py:190} INFO - Skipping movie 1573288: could not fetch metadata.
[2026-08-04T00:37:11.191+0000] {logging_mixin.py:190} INFO - Skipping movie 1180271: could not fetch metadata.
[2026-08-04T00:37:31.689+0000] {logging_mixin.py:190} INFO - Skipping movie 1311636: could not fetch metadata.
[2026-08-04T00:37:37.974+0000] {logging_mixin.py:190} INFO - Skipping movie 1442836: could not fetch metadata.
[2026-08-04T00:37:39.002+0000] {logging_mixin.py:190} INFO - Skipping movie 1704988: could not fetch metadata.
[2026-08-04T00:37:39.530+0000] {logging_mixin.py:190} INFO - Skipping movie 1705016: could not fetch metadata.
[2026-08-04T00:37:40.292+0000] {logging_mixin.py:190} INFO - Skipping movie 1705041: could not fetch metadata.
[2026-08-04T00:37:40.397+0000] {logging_mixin.py:190} INFO - Skipping movie 1705047: could not fetch metadata.
[2026-08-04T00:37:42.210+0000] {logging_mixin.py:190} INFO - Skipping movie 1705108: could not fetch metadata.
[2026-08-04T00:37:46.630+0000] {logging_mixin.py:190} INFO - Skipping movie 1574214: could not fetch metadata.
[2026-08-04T00:37:53.161+0000] {logging_mixin.py:190} INFO - Skipping movie 1574414: could not fetch metadata.
[2026-08-04T00:37:54.746+0000] {logging_mixin.py:190} INFO - Skipping movie 263729: could not fetch metadata.
[2026-08-04T00:37:55.135+0000] {logging_mixin.py:190} INFO - Skipping movie 1443379: could not fetch metadata.
[2026-08-04T00:37:56.895+0000] {logging_mixin.py:190} INFO - Skipping movie 1705567: could not fetch metadata.
[2026-08-04T00:37:57.455+0000] {logging_mixin.py:190} INFO - Skipping movie 1443440: could not fetch metadata.
[2026-08-04T00:37:58.006+0000] {logging_mixin.py:190} INFO - Skipping movie 1574525: could not fetch metadata.
[2026-08-04T00:37:58.102+0000] {logging_mixin.py:190} INFO - Skipping movie 1574522: could not fetch metadata.
[2026-08-04T00:37:58.433+0000] {logging_mixin.py:190} INFO - Skipping movie 1181328: could not fetch metadata.
[2026-08-04T00:38:01.279+0000] {logging_mixin.py:190} INFO - Skipping movie 1443529: could not fetch metadata.
[2026-08-04T00:38:04.669+0000] {logging_mixin.py:190} INFO - Skipping movie 657201: could not fetch metadata.
[2026-08-04T00:38:07.824+0000] {logging_mixin.py:190} INFO - Skipping movie 1705883: could not fetch metadata.
[2026-08-04T00:38:09.237+0000] {logging_mixin.py:190} INFO - Skipping movie 1574841: could not fetch metadata.
[2026-08-04T00:38:10.488+0000] {logging_mixin.py:190} INFO - Skipping movie 1705946: could not fetch metadata.
[2026-08-04T00:38:18.128+0000] {logging_mixin.py:190} INFO - Skipping movie 1575051: could not fetch metadata.
[2026-08-04T00:38:18.813+0000] {logging_mixin.py:190} INFO - Skipping movie 1443995: could not fetch metadata.
[2026-08-04T00:38:19.856+0000] {logging_mixin.py:190} INFO - Skipping movie 1312982: could not fetch metadata.
[2026-08-04T00:38:19.960+0000] {logging_mixin.py:190} INFO - Skipping movie 1312984: could not fetch metadata.
[2026-08-04T00:38:20.059+0000] {logging_mixin.py:190} INFO - Skipping movie 1312985: could not fetch metadata.
[2026-08-04T00:38:20.129+0000] {logging_mixin.py:190} INFO - Skipping movie 1312986: could not fetch metadata.
[2026-08-04T00:38:20.632+0000] {logging_mixin.py:190} INFO - Request error on attempt 1/3 for https://api.themoviedb.org/3/movie/1706219: ('Connection aborted.', RemoteDisconnected('Remote end closed connection without response'))
[2026-08-04T00:38:20.632+0000] {logging_mixin.py:190} INFO - SSL error on attempt 1/3 for https://api.themoviedb.org/3/movie/2288: HTTPSConnectionPool(host='api.themoviedb.org', port=443): Max retries exceeded with url: /3/movie/2288?api_key=6f73ac85d32f789d075631f40192f5ab (Caused by SSLError(SSLEOFError(8, '[SSL: UNEXPECTED_EOF_WHILE_READING] EOF occurred in violation of protocol (_ssl.c:1000)')))
[2026-08-04T00:38:20.632+0000] {logging_mixin.py:190} INFO - SSL error on attempt 1/3 for https://api.themoviedb.org/3/movie/2285: HTTPSConnectionPool(host='api.themoviedb.org', port=443): Max retries exceeded with url: /3/movie/2285?api_key=6f73ac85d32f789d075631f40192f5ab (Caused by SSLError(SSLEOFError(8, '[SSL: UNEXPECTED_EOF_WHILE_READING] EOF occurred in violation of protocol (_ssl.c:1000)')))
[2026-08-04T00:38:20.632+0000] {logging_mixin.py:190} INFO - Request error on attempt 1/3 for https://api.themoviedb.org/3/movie/2284: ('Connection aborted.', RemoteDisconnected('Remote end closed connection without response'))
[2026-08-04T00:38:20.632+0000] {logging_mixin.py:190} INFO - Request error on attempt 1/3 for https://api.themoviedb.org/3/movie/2280: ('Connection aborted.', RemoteDisconnected('Remote end closed connection without response'))
[2026-08-04T00:38:26.559+0000] {logging_mixin.py:190} INFO - Skipping movie 1444206: could not fetch metadata.
[2026-08-04T00:38:28.160+0000] {logging_mixin.py:190} INFO - Skipping movie 1706390: could not fetch metadata.
[2026-08-04T00:56:22.384+0000] {logging_mixin.py:190} INFO - Skipping movie 1313259: could not fetch metadata.
[2026-08-04T00:56:25.058+0000] {job.py:229} INFO - Heartbeat recovered after 1076.67 seconds
[2026-08-04T00:56:25.230+0000] {logging_mixin.py:190} INFO - Skipping movie 1575501: could not fetch metadata.
[2026-08-04T00:56:25.321+0000] {logging_mixin.py:190} INFO - Skipping movie 1444430: could not fetch metadata.
[2026-08-04T00:56:25.616+0000] {logging_mixin.py:190} INFO - Skipping movie 264783: could not fetch metadata.
[2026-08-04T00:56:25.968+0000] {logging_mixin.py:190} INFO - Skipping movie 1706588: could not fetch metadata.
[2026-08-04T00:56:26.595+0000] {logging_mixin.py:190} INFO - Skipping movie 1706603: could not fetch metadata.
[2026-08-04T00:56:26.998+0000] {logging_mixin.py:190} INFO - Skipping movie 1706608: could not fetch metadata.
[2026-08-04T00:56:28.876+0000] {logging_mixin.py:190} INFO - Skipping movie 1575574: could not fetch metadata.
[2026-08-04T00:56:29.774+0000] {logging_mixin.py:190} INFO - Skipping movie 1706684: could not fetch metadata.
[2026-08-04T00:56:29.951+0000] {logging_mixin.py:190} INFO - Skipping movie 1706687: could not fetch metadata.
[2026-08-04T00:56:31.359+0000] {logging_mixin.py:190} INFO - Skipping movie 789217: could not fetch metadata.
[2026-08-04T00:56:31.770+0000] {logging_mixin.py:190} INFO - Skipping movie 1444580: could not fetch metadata.
[2026-08-04T00:56:32.636+0000] {logging_mixin.py:190} INFO - Skipping movie 1444653: could not fetch metadata.
[2026-08-04T00:56:36.373+0000] {local_task_job_runner.py:341} WARNING - State of this instance has been externally set to up_for_retry. Terminating instance.
[2026-08-04T00:56:36.379+0000] {local_task_job_runner.py:240} INFO - ::endgroup::
[2026-08-04T00:56:36.421+0000] {process_utils.py:132} INFO - Sending 15 to group 1947. PIDs of all processes in the group: [1947]
[2026-08-04T00:56:36.432+0000] {process_utils.py:87} INFO - Sending the signal 15 to group 1947
[2026-08-04T00:56:36.539+0000] {taskinstance.py:3083} ERROR - Received SIGTERM. Terminating subprocesses.
[2026-08-04T00:56:37.273+0000] {taskinstance.py:3301} ERROR - Task failed with exception
Traceback (most recent call last):
  File "/home/airflow/.local/lib/python3.12/site-packages/airflow/models/taskinstance.py", line 767, in _execute_task
    result = _execute_callable(context=context, **execute_callable_kwargs)
             ^^^^^^^^^^^^^^^^^^^^^^^^^^^^^^^^^^^^^^^^^^^^^^^^^^^^^^^^^^^^^
  File "/home/airflow/.local/lib/python3.12/site-packages/airflow/models/taskinstance.py", line 733, in _execute_callable
    return ExecutionCallableRunner(
           ^^^^^^^^^^^^^^^^^^^^^^^^
  File "/home/airflow/.local/lib/python3.12/site-packages/airflow/utils/operator_helpers.py", line 252, in run
    return self.func(*args, **kwargs)
           ^^^^^^^^^^^^^^^^^^^^^^^^^^
  File "/home/airflow/.local/lib/python3.12/site-packages/airflow/models/baseoperator.py", line 406, in wrapper
    return func(self, *args, **kwargs)
           ^^^^^^^^^^^^^^^^^^^^^^^^^^^
  File "/home/airflow/.local/lib/python3.12/site-packages/airflow/operators/python.py", line 238, in execute
    return_value = self.execute_callable()
                   ^^^^^^^^^^^^^^^^^^^^^^^
  File "/home/airflow/.local/lib/python3.12/site-packages/airflow/operators/python.py", line 256, in execute_callable
    return runner.run(*self.op_args, **self.op_kwargs)
           ^^^^^^^^^^^^^^^^^^^^^^^^^^^^^^^^^^^^^^^^^^^
  File "/home/airflow/.local/lib/python3.12/site-packages/airflow/utils/operator_helpers.py", line 252, in run
    return self.func(*args, **kwargs)
           ^^^^^^^^^^^^^^^^^^^^^^^^^^
  File "/opt/airflow/src/incremental_load.py", line 229, in run_pipeline
    with concurrent.futures.ThreadPoolExecutor(max_workers=MAX_WORKERS) as executor:
  File "/usr/local/lib/python3.12/concurrent/futures/_base.py", line 647, in __exit__
    self.shutdown(wait=True)
  File "/usr/local/lib/python3.12/concurrent/futures/thread.py", line 238, in shutdown
    t.join()
  File "/usr/local/lib/python3.12/threading.py", line 1149, in join
    self._wait_for_tstate_lock()
  File "/usr/local/lib/python3.12/threading.py", line 1169, in _wait_for_tstate_lock
    if lock.acquire(block, timeout):
       ^^^^^^^^^^^^^^^^^^^^^^^^^^^^
  File "/home/airflow/.local/lib/python3.12/site-packages/airflow/models/taskinstance.py", line 3085, in signal_handler
    raise AirflowTaskTerminated("Task received SIGTERM signal")
airflow.exceptions.AirflowTaskTerminated: Task received SIGTERM signal
[2026-08-04T00:56:38.039+0000] {taskinstance.py:1225} INFO - Marking task as UP_FOR_RETRY. dag_id=tmdb_incremental_sync, task_id=incremental_sync_pipeline, run_id=scheduled__2026-08-03T00:00:00+00:00, execution_date=20260803T000000, start_date=20260804T000004, end_date=20260804T005638
[2026-08-04T00:56:38.586+0000] {taskinstance.py:340} INFO - ::group::Post task execution logs
[2026-08-04T00:56:38.783+0000] {process_utils.py:80} INFO - Process psutil.Process(pid=1947, status='terminated', exitcode=2, started='00:00:04') (1947) terminated with exit code 2
