[2026-07-16T00:36:26.997+0000] {local_task_job_runner.py:123} INFO - ::group::Pre task execution logs
[2026-07-16T00:36:27.056+0000] {taskinstance.py:2603} INFO - Dependencies all met for dep_context=non-requeueable deps ti=<TaskInstance: tmdb_incremental_sync.incremental_sync_pipeline scheduled__2026-07-15T00:00:00+00:00 [queued]>
[2026-07-16T00:36:27.080+0000] {taskinstance.py:2603} INFO - Dependencies all met for dep_context=requeueable deps ti=<TaskInstance: tmdb_incremental_sync.incremental_sync_pipeline scheduled__2026-07-15T00:00:00+00:00 [queued]>
[2026-07-16T00:36:27.082+0000] {taskinstance.py:2856} INFO - Starting attempt 2 of 3
[2026-07-16T00:36:27.124+0000] {taskinstance.py:2879} INFO - Executing <Task(PythonOperator): incremental_sync_pipeline> on 2026-07-15 00:00:00+00:00
[2026-07-16T00:36:27.151+0000] {logging_mixin.py:190} WARNING - /home/***/.local/lib/python3.12/site-packages/***/task/task_runner/standard_task_runner.py:70 DeprecationWarning: This process (pid=14885) is multi-threaded, use of fork() may lead to deadlocks in the child.
[2026-07-16T00:36:27.150+0000] {standard_task_runner.py:104} INFO - Running: ['***', 'tasks', 'run', 'tmdb_incremental_sync', 'incremental_sync_pipeline', 'scheduled__2026-07-15T00:00:00+00:00', '--job-id', '79', '--raw', '--subdir', 'DAGS_FOLDER/tmdb_incremental_sync.py', '--cfg-path', '/tmp/tmpjd16p_45']
[2026-07-16T00:36:27.155+0000] {standard_task_runner.py:72} INFO - Started process 14886 to run task
[2026-07-16T00:36:27.156+0000] {standard_task_runner.py:105} INFO - Job 79: Subtask incremental_sync_pipeline
[2026-07-16T00:36:27.327+0000] {task_command.py:467} INFO - Running <TaskInstance: tmdb_incremental_sync.incremental_sync_pipeline scheduled__2026-07-15T00:00:00+00:00 [running]> on host d8c53ec118ae
[2026-07-16T00:36:27.633+0000] {taskinstance.py:3122} INFO - Exporting env vars: AIRFLOW_CTX_DAG_OWNER='***' AIRFLOW_CTX_DAG_ID='tmdb_incremental_sync' AIRFLOW_CTX_TASK_ID='incremental_sync_pipeline' AIRFLOW_CTX_EXECUTION_DATE='2026-07-15T00:00:00+00:00' AIRFLOW_CTX_TRY_NUMBER='2' AIRFLOW_CTX_DAG_RUN_ID='scheduled__2026-07-15T00:00:00+00:00'
[2026-07-16T00:36:27.636+0000] {taskinstance.py:731} INFO - ::endgroup::
[2026-07-16T00:36:27.712+0000] {logging_mixin.py:190} INFO - Starting incremental sync for 2026-07-15 → 2026-07-16...
[2026-07-16T00:36:27.739+0000] {logging_mixin.py:190} INFO - Fetching changes: 2026-07-15 -> 2026-07-16
[2026-07-16T00:36:38.800+0000] {logging_mixin.py:190} INFO - Found 3929 changed IDs. Syncing metadata...
[2026-07-16T00:36:39.540+0000] {logging_mixin.py:190} INFO - Skipping movie 1662991: could not fetch metadata.
[2026-07-16T00:36:40.148+0000] {logging_mixin.py:190} INFO - Skipping movie 1589306: could not fetch metadata.
[2026-07-16T00:36:40.193+0000] {logging_mixin.py:190} INFO - Skipping movie 852036: could not fetch metadata.
[2026-07-16T00:36:40.312+0000] {logging_mixin.py:190} INFO - Skipping movie 1163348: could not fetch metadata.
[2026-07-16T00:36:40.444+0000] {logging_mixin.py:190} INFO - Skipping movie 1531998: could not fetch metadata.
[2026-07-16T00:36:40.623+0000] {logging_mixin.py:190} INFO - Skipping movie 991342: could not fetch metadata.
[2026-07-16T00:36:41.455+0000] {logging_mixin.py:190} INFO - Skipping movie 1695905: could not fetch metadata.
[2026-07-16T00:36:41.786+0000] {logging_mixin.py:190} INFO - Skipping movie 884919: could not fetch metadata.
[2026-07-16T00:36:41.962+0000] {logging_mixin.py:190} INFO - Skipping movie 1556687: could not fetch metadata.
[2026-07-16T00:36:42.197+0000] {logging_mixin.py:190} INFO - Skipping movie 1269979: could not fetch metadata.
[2026-07-16T00:36:42.368+0000] {logging_mixin.py:190} INFO - Skipping movie 1474809: could not fetch metadata.
[2026-07-16T00:36:43.911+0000] {logging_mixin.py:190} INFO - Skipping movie 1720637: could not fetch metadata.
[2026-07-16T00:36:44.035+0000] {logging_mixin.py:190} INFO - Skipping movie 1720653: could not fetch metadata.
[2026-07-16T00:36:44.284+0000] {logging_mixin.py:190} INFO - Skipping movie 1720658: could not fetch metadata.
[2026-07-16T00:36:45.787+0000] {logging_mixin.py:190} INFO - Skipping movie 1622413: could not fetch metadata.
[2026-07-16T00:36:49.086+0000] {logging_mixin.py:190} INFO - Skipping movie 975415: could not fetch metadata.
[2026-07-16T00:36:49.593+0000] {logging_mixin.py:190} INFO - Skipping movie 1581650: could not fetch metadata.
[2026-07-16T00:36:49.882+0000] {logging_mixin.py:190} INFO - Skipping movie 1393247: could not fetch metadata.
[2026-07-16T00:36:50.627+0000] {logging_mixin.py:190} INFO - Skipping movie 1458824: could not fetch metadata.
[2026-07-16T00:36:51.908+0000] {logging_mixin.py:190} INFO - Skipping movie 1278631: could not fetch metadata.
[2026-07-16T00:36:51.832+0000] {logging_mixin.py:190} INFO - Skipping movie 1532581: could not fetch metadata.
[2026-07-16T00:36:52.141+0000] {logging_mixin.py:190} INFO - Skipping movie 1729203: could not fetch metadata.
[2026-07-16T00:36:52.883+0000] {logging_mixin.py:190} INFO - Skipping movie 1327812: could not fetch metadata.
[2026-07-16T00:36:53.587+0000] {logging_mixin.py:190} INFO - Skipping movie 1147608: could not fetch metadata.
[2026-07-16T00:36:54.057+0000] {logging_mixin.py:190} INFO - Skipping movie 1450721: could not fetch metadata.
[2026-07-16T00:36:56.238+0000] {logging_mixin.py:190} INFO - Skipping movie 1475363: could not fetch metadata.
[2026-07-16T00:36:57.519+0000] {logging_mixin.py:190} INFO - Skipping movie 1606474: could not fetch metadata.
[2026-07-16T00:36:57.589+0000] {logging_mixin.py:190} INFO - Skipping movie 1606475: could not fetch metadata.
[2026-07-16T00:36:57.989+0000] {logging_mixin.py:190} INFO - Skipping movie 1721173: could not fetch metadata.
[2026-07-16T00:37:00.226+0000] {logging_mixin.py:190} INFO - Skipping movie 1622949: could not fetch metadata.
[2026-07-16T00:37:00.806+0000] {logging_mixin.py:190} INFO - Skipping movie 1336251: could not fetch metadata.
[2026-07-16T00:37:01.865+0000] {logging_mixin.py:190} INFO - Skipping movie 1614815: could not fetch metadata.
[2026-07-16T00:37:01.891+0000] {logging_mixin.py:190} INFO - Skipping movie 1524707: could not fetch metadata.
[2026-07-16T00:37:02.334+0000] {logging_mixin.py:190} INFO - Skipping movie 1524717: could not fetch metadata.
[2026-07-16T00:37:02.502+0000] {logging_mixin.py:190} INFO - Skipping movie 1524718: could not fetch metadata.
[2026-07-16T00:37:02.525+0000] {logging_mixin.py:190} INFO - Skipping movie 1074161: could not fetch metadata.
[2026-07-16T00:37:02.665+0000] {logging_mixin.py:190} INFO - Skipping movie 1524722: could not fetch metadata.
[2026-07-16T00:37:02.804+0000] {logging_mixin.py:190} INFO - Skipping movie 1524724: could not fetch metadata.
[2026-07-16T00:37:02.910+0000] {logging_mixin.py:190} INFO - Skipping movie 1319928: could not fetch metadata.
[2026-07-16T00:37:03.821+0000] {logging_mixin.py:190} INFO - Skipping movie 1238066: could not fetch metadata.
[2026-07-16T00:37:04.252+0000] {logging_mixin.py:190} INFO - Skipping movie 1557572: could not fetch metadata.
[2026-07-16T00:37:05.703+0000] {logging_mixin.py:190} INFO - Skipping movie 1475708: could not fetch metadata.
[2026-07-16T00:37:05.799+0000] {logging_mixin.py:190} INFO - Skipping movie 1336446: could not fetch metadata.
[2026-07-16T00:37:06.239+0000] {logging_mixin.py:190} INFO - Skipping movie 1713295: could not fetch metadata.
[2026-07-16T00:37:06.230+0000] {logging_mixin.py:190} INFO - Skipping movie 1713294: could not fetch metadata.
[2026-07-16T00:37:06.378+0000] {logging_mixin.py:190} INFO - Skipping movie 296084: could not fetch metadata.
[2026-07-16T00:37:06.479+0000] {logging_mixin.py:190} INFO - Skipping movie 296086: could not fetch metadata.
[2026-07-16T00:37:06.626+0000] {logging_mixin.py:190} INFO - Skipping movie 1320089: could not fetch metadata.
[2026-07-16T00:37:06.629+0000] {logging_mixin.py:190} INFO - Skipping movie 738458: could not fetch metadata.
[2026-07-16T00:37:06.849+0000] {logging_mixin.py:190} INFO - Skipping movie 1696926: could not fetch metadata.
[2026-07-16T00:37:08.018+0000] {logging_mixin.py:190} INFO - Skipping movie 345305: could not fetch metadata.
[2026-07-16T00:37:08.063+0000] {logging_mixin.py:190} INFO - Skipping movie 1729754: could not fetch metadata.
[2026-07-16T00:37:08.257+0000] {logging_mixin.py:190} INFO - Skipping movie 1729761: could not fetch metadata.
[2026-07-16T00:37:08.310+0000] {logging_mixin.py:190} INFO - Skipping movie 1434850: could not fetch metadata.
[2026-07-16T00:37:08.841+0000] {logging_mixin.py:190} INFO - Skipping movie 1262842: could not fetch metadata.
[2026-07-16T00:37:10.433+0000] {logging_mixin.py:190} INFO - Skipping movie 1271105: could not fetch metadata.
[2026-07-16T00:37:11.284+0000] {logging_mixin.py:190} INFO - Skipping movie 1639775: could not fetch metadata.
[2026-07-16T00:37:11.384+0000] {logging_mixin.py:190} INFO - Skipping movie 1336674: could not fetch metadata.
[2026-07-16T00:37:12.263+0000] {logging_mixin.py:190} INFO - Skipping movie 984443: could not fetch metadata.
[2026-07-16T00:37:12.659+0000] {logging_mixin.py:190} INFO - Skipping movie 1590676: could not fetch metadata.
[2026-07-16T00:37:12.680+0000] {logging_mixin.py:190} INFO - Skipping movie 951701: could not fetch metadata.
[2026-07-16T00:37:12.760+0000] {logging_mixin.py:190} INFO - Skipping movie 1475990: could not fetch metadata.
[2026-07-16T00:37:15.081+0000] {logging_mixin.py:190} INFO - Skipping movie 1385987: could not fetch metadata.
[2026-07-16T00:37:16.276+0000] {logging_mixin.py:190} INFO - Skipping movie 1721902: could not fetch metadata.
[2026-07-16T00:37:16.821+0000] {logging_mixin.py:190} INFO - Skipping movie 935500: could not fetch metadata.
[2026-07-16T00:37:17.085+0000] {logging_mixin.py:190} INFO - Skipping movie 1279566: could not fetch metadata.
[2026-07-16T00:37:17.155+0000] {logging_mixin.py:190} INFO - Skipping movie 1279564: could not fetch metadata.
[2026-07-16T00:37:17.589+0000] {logging_mixin.py:190} INFO - Skipping movie 1705571: could not fetch metadata.
[2026-07-16T00:37:18.589+0000] {logging_mixin.py:190} INFO - Skipping movie 1255050: could not fetch metadata.
[2026-07-16T00:37:19.198+0000] {logging_mixin.py:190} INFO - Skipping movie 1705639: could not fetch metadata.
[2026-07-16T00:37:20.444+0000] {logging_mixin.py:190} INFO - Skipping movie 673501: could not fetch metadata.
[2026-07-16T00:37:20.896+0000] {logging_mixin.py:190} INFO - Skipping movie 780012: could not fetch metadata.
[2026-07-16T00:37:21.023+0000] {logging_mixin.py:190} INFO - Skipping movie 886517: could not fetch metadata.
[2026-07-16T00:37:21.096+0000] {logging_mixin.py:190} INFO - Skipping movie 1476343: could not fetch metadata.
[2026-07-16T00:37:21.161+0000] {logging_mixin.py:190} INFO - Skipping movie 1173238: could not fetch metadata.
[2026-07-16T00:37:22.368+0000] {logging_mixin.py:190} INFO - Skipping movie 1173296: could not fetch metadata.
[2026-07-16T00:37:22.845+0000] {logging_mixin.py:190} INFO - Skipping movie 1509196: could not fetch metadata.
[2026-07-16T00:37:23.243+0000] {logging_mixin.py:190} INFO - Skipping movie 1443682: could not fetch metadata.
[2026-07-16T00:37:23.741+0000] {logging_mixin.py:190} INFO - Skipping movie 1394556: could not fetch metadata.
[2026-07-16T00:37:24.450+0000] {logging_mixin.py:190} INFO - Skipping movie 1337236: could not fetch metadata.
[2026-07-16T00:37:24.561+0000] {logging_mixin.py:190} INFO - Skipping movie 1206171: could not fetch metadata.
[2026-07-16T00:37:25.584+0000] {logging_mixin.py:190} INFO - Skipping movie 1443761: could not fetch metadata.
[2026-07-16T00:37:25.664+0000] {logging_mixin.py:190} INFO - Skipping movie 1443769: could not fetch metadata.
[2026-07-16T00:37:26.128+0000] {logging_mixin.py:190} INFO - Skipping movie 288718: could not fetch metadata.
[2026-07-16T00:37:26.485+0000] {logging_mixin.py:190} INFO - Skipping movie 1501144: could not fetch metadata.
[2026-07-16T00:37:26.565+0000] {logging_mixin.py:190} INFO - Skipping movie 1353691: could not fetch metadata.
[2026-07-16T00:37:27.158+0000] {logging_mixin.py:190} INFO - Skipping movie 1279993: could not fetch metadata.
[2026-07-16T00:37:27.163+0000] {logging_mixin.py:190} INFO - Skipping movie 1279992: could not fetch metadata.
[2026-07-16T00:37:27.292+0000] {logging_mixin.py:190} INFO - Skipping movie 1279995: could not fetch metadata.
[2026-07-16T00:37:27.425+0000] {logging_mixin.py:190} INFO - Skipping movie 1280002: could not fetch metadata.
[2026-07-16T00:37:27.869+0000] {logging_mixin.py:190} INFO - Skipping movie 1550350: could not fetch metadata.
[2026-07-16T00:37:28.290+0000] {logging_mixin.py:190} INFO - Skipping movie 1386529: could not fetch metadata.
[2026-07-16T00:37:28.386+0000] {logging_mixin.py:190} INFO - Skipping movie 1263650: could not fetch metadata.
[2026-07-16T00:37:28.770+0000] {logging_mixin.py:190} INFO - Skipping movie 1550389: could not fetch metadata.
[2026-07-16T00:37:29.277+0000] {logging_mixin.py:190} INFO - Skipping movie 1558599: could not fetch metadata.
[2026-07-16T00:37:30.054+0000] {logging_mixin.py:190} INFO - Skipping movie 985192: could not fetch metadata.
[2026-07-16T00:37:31.094+0000] {logging_mixin.py:190} INFO - Skipping movie 1181832: could not fetch metadata.
[2026-07-16T00:37:32.035+0000] {logging_mixin.py:190} INFO - Skipping movie 1411243: could not fetch metadata.
[2026-07-16T00:37:32.201+0000] {logging_mixin.py:190} INFO - Skipping movie 829637: could not fetch metadata.
[2026-07-16T00:37:32.649+0000] {logging_mixin.py:190} INFO - Skipping movie 1673447: could not fetch metadata.
[2026-07-16T00:37:32.815+0000] {logging_mixin.py:190} INFO - Skipping movie 1607923: could not fetch metadata.
[2026-07-16T00:37:33.597+0000] {logging_mixin.py:190} INFO - Skipping movie 1542410: could not fetch metadata.
[2026-07-16T00:37:34.136+0000] {logging_mixin.py:190} INFO - Skipping movie 1509666: could not fetch metadata.
[2026-07-16T00:37:34.204+0000] {logging_mixin.py:190} INFO - Skipping movie 1444137: could not fetch metadata.
[2026-07-16T00:37:34.679+0000] {logging_mixin.py:190} INFO - Skipping movie 1444151: could not fetch metadata.
[2026-07-16T00:37:34.733+0000] {logging_mixin.py:190} INFO - Skipping movie 1444159: could not fetch metadata.
[2026-07-16T00:37:35.657+0000] {logging_mixin.py:190} INFO - Skipping movie 1452390: could not fetch metadata.
[2026-07-16T00:37:35.715+0000] {logging_mixin.py:190} INFO - Skipping movie 1059175: could not fetch metadata.
[2026-07-16T00:37:35.749+0000] {logging_mixin.py:190} INFO - Skipping movie 1452392: could not fetch metadata.
[2026-07-16T00:37:35.774+0000] {logging_mixin.py:190} INFO - Skipping movie 1444200: could not fetch metadata.
[2026-07-16T00:37:35.875+0000] {logging_mixin.py:190} INFO - Skipping movie 1059177: could not fetch metadata.
[2026-07-16T00:37:37.744+0000] {logging_mixin.py:190} INFO - Skipping movie 1518007: could not fetch metadata.
[2026-07-16T00:37:37.780+0000] {logging_mixin.py:190} INFO - Skipping movie 1731000: could not fetch metadata.
[2026-07-16T00:37:38.060+0000] {logging_mixin.py:190} INFO - Skipping movie 1706425: could not fetch metadata.
[2026-07-16T00:37:38.955+0000] {logging_mixin.py:190} INFO - Skipping movie 870876: could not fetch metadata.
[2026-07-16T00:37:40.078+0000] {logging_mixin.py:190} INFO - Skipping movie 1477110: could not fetch metadata.
[2026-07-16T00:37:40.354+0000] {logging_mixin.py:190} INFO - Skipping movie 1600003: could not fetch metadata.
[2026-07-16T00:37:41.198+0000] {logging_mixin.py:190} INFO - Skipping movie 1485348: could not fetch metadata.
[2026-07-16T00:37:41.285+0000] {logging_mixin.py:190} INFO - Skipping movie 1485350: could not fetch metadata.
[2026-07-16T00:37:41.423+0000] {logging_mixin.py:190} INFO - Skipping movie 1714727: could not fetch metadata.
[2026-07-16T00:37:41.852+0000] {logging_mixin.py:190} INFO - Skipping movie 961072: could not fetch metadata.
[2026-07-16T00:37:41.880+0000] {logging_mixin.py:190} INFO - Skipping movie 961073: could not fetch metadata.
[2026-07-16T00:37:42.501+0000] {logging_mixin.py:190} INFO - Skipping movie 1690178: could not fetch metadata.
[2026-07-16T00:37:43.859+0000] {logging_mixin.py:190} INFO - Skipping movie 936548: could not fetch metadata.
[2026-07-16T00:37:43.975+0000] {logging_mixin.py:190} INFO - Skipping movie 1288809: could not fetch metadata.
[2026-07-16T00:37:43.980+0000] {logging_mixin.py:190} INFO - Skipping movie 1706596: could not fetch metadata.
[2026-07-16T00:37:44.475+0000] {logging_mixin.py:190} INFO - Skipping movie 1698929: could not fetch metadata.
[2026-07-16T00:37:46.313+0000] {logging_mixin.py:190} INFO - Skipping movie 1444563: could not fetch metadata.
[2026-07-16T00:37:48.285+0000] {logging_mixin.py:190} INFO - Skipping movie 1542915: could not fetch metadata.
[2026-07-16T00:37:48.388+0000] {logging_mixin.py:190} INFO - Skipping movie 1493754: could not fetch metadata.
[2026-07-16T00:37:52.135+0000] {logging_mixin.py:190} INFO - Skipping movie 723833: could not fetch metadata.
[2026-07-16T00:37:52.367+0000] {logging_mixin.py:190} INFO - Skipping movie 723834: could not fetch metadata.
[2026-07-16T00:37:55.044+0000] {logging_mixin.py:190} INFO - Skipping movie 1592277: could not fetch metadata.
[2026-07-16T00:37:55.076+0000] {logging_mixin.py:190} INFO - Skipping movie 1731539: could not fetch metadata.
[2026-07-16T00:37:55.306+0000] {logging_mixin.py:190} INFO - Skipping movie 1256407: could not fetch metadata.
[2026-07-16T00:37:55.544+0000] {logging_mixin.py:190} INFO - Skipping movie 1428444: could not fetch metadata.
[2026-07-16T00:37:56.645+0000] {logging_mixin.py:190} INFO - Skipping movie 1731578: could not fetch metadata.
[2026-07-16T00:37:57.096+0000] {logging_mixin.py:190} INFO - Skipping movie 1510410: could not fetch metadata.
[2026-07-16T00:37:57.130+0000] {logging_mixin.py:190} INFO - Skipping movie 1477643: could not fetch metadata.
[2026-07-16T00:37:57.326+0000] {logging_mixin.py:190} INFO - Skipping movie 1731596: could not fetch metadata.
[2026-07-16T00:37:57.481+0000] {logging_mixin.py:190} INFO - Skipping movie 1567759: could not fetch metadata.
[2026-07-16T00:37:58.147+0000] {logging_mixin.py:190} INFO - Skipping movie 1477659: could not fetch metadata.
[2026-07-16T00:37:58.576+0000] {logging_mixin.py:190} INFO - Skipping movie 781351: could not fetch metadata.
[2026-07-16T00:37:58.745+0000] {logging_mixin.py:190} INFO - Skipping movie 781352: could not fetch metadata.
[2026-07-16T00:38:00.408+0000] {logging_mixin.py:190} INFO - Skipping movie 1068110: could not fetch metadata.
[2026-07-16T00:38:01.118+0000] {logging_mixin.py:190} INFO - Skipping movie 756825: could not fetch metadata.
[2026-07-16T00:38:01.277+0000] {logging_mixin.py:190} INFO - Skipping movie 756828: could not fetch metadata.
[2026-07-16T00:38:01.870+0000] {logging_mixin.py:190} INFO - Skipping movie 756841: could not fetch metadata.
[2026-07-16T00:38:02.035+0000] {logging_mixin.py:190} INFO - Skipping movie 756843: could not fetch metadata.
[2026-07-16T00:38:02.163+0000] {logging_mixin.py:190} INFO - Skipping movie 756844: could not fetch metadata.
[2026-07-16T00:38:02.193+0000] {logging_mixin.py:190} INFO - Skipping movie 756847: could not fetch metadata.
[2026-07-16T00:38:02.331+0000] {logging_mixin.py:190} INFO - Skipping movie 756850: could not fetch metadata.
[2026-07-16T00:38:02.441+0000] {logging_mixin.py:190} INFO - Skipping movie 1207412: could not fetch metadata.
[2026-07-16T00:38:02.978+0000] {logging_mixin.py:190} INFO - Skipping movie 1731713: could not fetch metadata.
[2026-07-16T00:38:03.054+0000] {logging_mixin.py:190} INFO - Skipping movie 1731714: could not fetch metadata.
[2026-07-16T00:38:03.044+0000] {logging_mixin.py:190} INFO - Skipping movie 1723524: could not fetch metadata.
[2026-07-16T00:38:03.350+0000] {logging_mixin.py:190} INFO - Skipping movie 1731726: could not fetch metadata.
[2026-07-16T00:38:03.406+0000] {logging_mixin.py:190} INFO - Skipping movie 1731727: could not fetch metadata.
[2026-07-16T00:38:04.452+0000] {logging_mixin.py:190} INFO - Skipping movie 1731754: could not fetch metadata.
[2026-07-16T00:38:05.347+0000] {logging_mixin.py:190} INFO - Skipping movie 1731773: could not fetch metadata.
[2026-07-16T00:38:05.450+0000] {logging_mixin.py:190} INFO - Skipping movie 1436861: could not fetch metadata.
[2026-07-16T00:38:05.558+0000] {logging_mixin.py:190} INFO - Skipping movie 1731777: could not fetch metadata.
[2026-07-16T00:38:05.777+0000] {logging_mixin.py:190} INFO - Skipping movie 1731767: could not fetch metadata.
[2026-07-16T00:38:05.855+0000] {logging_mixin.py:190} INFO - Skipping movie 1731787: could not fetch metadata.
[2026-07-16T00:38:05.869+0000] {logging_mixin.py:190} INFO - Skipping movie 1731788: could not fetch metadata.
[2026-07-16T00:38:08.221+0000] {logging_mixin.py:190} INFO - Skipping movie 1731822: could not fetch metadata.
[2026-07-16T00:38:08.275+0000] {logging_mixin.py:190} INFO - Skipping movie 1731817: could not fetch metadata.
[2026-07-16T00:38:08.359+0000] {logging_mixin.py:190} INFO - Skipping movie 1731827: could not fetch metadata.
[2026-07-16T00:38:08.834+0000] {logging_mixin.py:190} INFO - Skipping movie 1731834: could not fetch metadata.
[2026-07-16T00:38:09.050+0000] {logging_mixin.py:190} INFO - Skipping movie 1731836: could not fetch metadata.
[2026-07-16T00:38:09.162+0000] {logging_mixin.py:190} INFO - Skipping movie 1731838: could not fetch metadata.
[2026-07-16T00:38:09.481+0000] {logging_mixin.py:190} INFO - Skipping movie 1731846: could not fetch metadata.
[2026-07-16T00:38:09.664+0000] {logging_mixin.py:190} INFO - Skipping movie 1731851: could not fetch metadata.
[2026-07-16T00:38:09.767+0000] {logging_mixin.py:190} INFO - Skipping movie 1731852: could not fetch metadata.
[2026-07-16T00:38:10.148+0000] {logging_mixin.py:190} INFO - Skipping movie 1731856: could not fetch metadata.
[2026-07-16T00:38:11.309+0000] {logging_mixin.py:190} INFO - Skipping movie 1731880: could not fetch metadata.
[2026-07-16T00:38:13.005+0000] {logging_mixin.py:190} INFO - Skipping movie 1731907: could not fetch metadata.
[2026-07-16T00:38:14.908+0000] {logging_mixin.py:190} INFO - Skipping movie 1477991: could not fetch metadata.
[2026-07-16T00:38:15.983+0000] {logging_mixin.py:190} INFO - Skipping movie 1731958: could not fetch metadata.
[2026-07-16T00:38:18.717+0000] {logging_mixin.py:190} INFO - Skipping movie 1732010: could not fetch metadata.
[2026-07-16T00:38:20.112+0000] {logging_mixin.py:190} INFO - Skipping movie 1207758: could not fetch metadata.
[2026-07-16T00:38:20.318+0000] {logging_mixin.py:190} INFO - Skipping movie 1732040: could not fetch metadata.
[2026-07-16T00:38:20.604+0000] {logging_mixin.py:190} INFO - Skipping movie 1371607: could not fetch metadata.
[2026-07-16T00:38:26.181+0000] {logging_mixin.py:190} INFO - Skipping movie 1732128: could not fetch metadata.
[2026-07-16T00:38:27.943+0000] {logging_mixin.py:190} INFO - Skipping movie 1445450: could not fetch metadata.
[2026-07-16T00:38:28.157+0000] {logging_mixin.py:190} INFO - Skipping movie 1429068: could not fetch metadata.
[2026-07-16T00:38:31.288+0000] {logging_mixin.py:190} INFO - Skipping movie 1715845: could not fetch metadata.
[2026-07-16T00:38:31.396+0000] {logging_mixin.py:190} INFO - Skipping movie 1552009: could not fetch metadata.
[2026-07-16T00:38:31.578+0000] {logging_mixin.py:190} INFO - Skipping movie 1478284: could not fetch metadata.
[2026-07-16T00:38:31.597+0000] {logging_mixin.py:190} INFO - Skipping movie 1715851: could not fetch metadata.
[2026-07-16T00:38:33.111+0000] {logging_mixin.py:190} INFO - Skipping movie 1437389: could not fetch metadata.
[2026-07-16T00:38:33.222+0000] {logging_mixin.py:190} INFO - Skipping movie 1724114: could not fetch metadata.
[2026-07-16T00:38:33.236+0000] {logging_mixin.py:190} INFO - Skipping movie 1453784: could not fetch metadata.
[2026-07-16T00:38:33.284+0000] {logging_mixin.py:190} INFO - Skipping movie 339674: could not fetch metadata.
[2026-07-16T00:38:35.151+0000] {logging_mixin.py:190} INFO - Skipping movie 1568545: could not fetch metadata.
[2026-07-16T00:38:35.428+0000] {logging_mixin.py:190} INFO - Skipping movie 1503012: could not fetch metadata.
[2026-07-16T00:38:35.970+0000] {logging_mixin.py:190} INFO - Skipping movie 1716028: could not fetch metadata.
[2026-07-16T00:38:36.812+0000] {logging_mixin.py:190} INFO - Skipping movie 520034: could not fetch metadata.
[2026-07-16T00:38:37.253+0000] {logging_mixin.py:190} INFO - Skipping movie 749425: could not fetch metadata.
[2026-07-16T00:38:37.352+0000] {logging_mixin.py:190} INFO - Skipping movie 1576806: could not fetch metadata.
[2026-07-16T00:38:38.368+0000] {logging_mixin.py:190} INFO - Skipping movie 1552278: could not fetch metadata.
[2026-07-16T00:38:38.775+0000] {logging_mixin.py:190} INFO - Skipping movie 847786: could not fetch metadata.
[2026-07-16T00:38:38.789+0000] {logging_mixin.py:190} INFO - Skipping movie 1372073: could not fetch metadata.
[2026-07-16T00:38:38.822+0000] {logging_mixin.py:190} INFO - Skipping movie 1642416: could not fetch metadata.
[2026-07-16T00:38:39.321+0000] {logging_mixin.py:190} INFO - Skipping movie 1716156: could not fetch metadata.
[2026-07-16T00:38:39.468+0000] {logging_mixin.py:190} INFO - Skipping movie 1273794: could not fetch metadata.
[2026-07-16T00:38:39.659+0000] {logging_mixin.py:190} INFO - Skipping movie 1273795: could not fetch metadata.
[2026-07-16T00:38:39.751+0000] {logging_mixin.py:190} INFO - Skipping movie 1273800: could not fetch metadata.
[2026-07-16T00:38:41.380+0000] {logging_mixin.py:190} INFO - Skipping movie 847883: could not fetch metadata.
[2026-07-16T00:38:41.604+0000] {logging_mixin.py:190} INFO - Skipping movie 1355793: could not fetch metadata.
[2026-07-16T00:38:42.077+0000] {logging_mixin.py:190} INFO - Skipping movie 1355810: could not fetch metadata.
[2026-07-16T00:38:42.739+0000] {logging_mixin.py:190} INFO - Skipping movie 847929: could not fetch metadata.
[2026-07-16T00:38:42.883+0000] {logging_mixin.py:190} INFO - Skipping movie 847937: could not fetch metadata.
[2026-07-16T00:38:43.002+0000] {logging_mixin.py:190} INFO - Skipping movie 1454136: could not fetch metadata.
[2026-07-16T00:38:43.051+0000] {logging_mixin.py:190} INFO - Skipping movie 847940: could not fetch metadata.
[2026-07-16T00:38:43.108+0000] {logging_mixin.py:190} INFO - Skipping movie 847943: could not fetch metadata.
[2026-07-16T00:38:43.500+0000] {logging_mixin.py:190} INFO - Skipping movie 1683541: could not fetch metadata.
[2026-07-16T00:38:43.537+0000] {logging_mixin.py:190} INFO - Skipping movie 847930: could not fetch metadata.
[2026-07-16T00:38:43.589+0000] {logging_mixin.py:190} INFO - Skipping movie 1544281: could not fetch metadata.
[2026-07-16T00:38:43.889+0000] {logging_mixin.py:190} INFO - Skipping movie 1658983: could not fetch metadata.
[2026-07-16T00:38:43.923+0000] {logging_mixin.py:190} INFO - Skipping movie 1593450: could not fetch metadata.
[2026-07-16T00:38:44.001+0000] {logging_mixin.py:190} INFO - Skipping movie 1028207: could not fetch metadata.
[2026-07-16T00:38:44.169+0000] {logging_mixin.py:190} INFO - Skipping movie 847938: could not fetch metadata.
[2026-07-16T00:38:44.306+0000] {logging_mixin.py:190} INFO - Skipping movie 389237: could not fetch metadata.
[2026-07-16T00:38:44.479+0000] {logging_mixin.py:190} INFO - Skipping movie 1585221: could not fetch metadata.
[2026-07-16T00:38:44.638+0000] {logging_mixin.py:190} INFO - Skipping movie 847941: could not fetch metadata.
[2026-07-16T00:38:44.782+0000] {logging_mixin.py:190} INFO - Skipping movie 848014: could not fetch metadata.
[2026-07-16T00:38:44.907+0000] {logging_mixin.py:190} INFO - Skipping movie 848015: could not fetch metadata.
[2026-07-16T00:38:45.005+0000] {logging_mixin.py:190} INFO - Skipping movie 848018: could not fetch metadata.
[2026-07-16T00:38:45.014+0000] {logging_mixin.py:190} INFO - Skipping movie 848017: could not fetch metadata.
[2026-07-16T00:38:45.215+0000] {logging_mixin.py:190} INFO - Skipping movie 848020: could not fetch metadata.
[2026-07-16T00:38:45.309+0000] {logging_mixin.py:190} INFO - Skipping movie 848019: could not fetch metadata.
[2026-07-16T00:38:45.714+0000] {logging_mixin.py:190} INFO - Skipping movie 1593502: could not fetch metadata.
[2026-07-16T00:38:45.797+0000] {logging_mixin.py:190} INFO - Skipping movie 1454243: could not fetch metadata.
[2026-07-16T00:38:46.027+0000] {logging_mixin.py:190} INFO - Skipping movie 1503400: could not fetch metadata.
[2026-07-16T00:38:46.650+0000] {logging_mixin.py:190} INFO - Skipping movie 733389: could not fetch metadata.
[2026-07-16T00:38:47.020+0000] {logging_mixin.py:190} INFO - Skipping movie 1659126: could not fetch metadata.
[2026-07-16T00:38:48.352+0000] {logging_mixin.py:190} INFO - Skipping movie 1667377: could not fetch metadata.
[2026-07-16T00:38:48.758+0000] {logging_mixin.py:190} INFO - Skipping movie 1298748: could not fetch metadata.
[2026-07-16T00:38:49.014+0000] {logging_mixin.py:190} INFO - Skipping movie 1544530: could not fetch metadata.
[2026-07-16T00:38:49.351+0000] {logging_mixin.py:190} INFO - Skipping movie 1364329: could not fetch metadata.
[2026-07-16T00:38:49.753+0000] {logging_mixin.py:190} INFO - Skipping movie 1667462: could not fetch metadata.
[2026-07-16T00:38:49.878+0000] {logging_mixin.py:190} INFO - Skipping movie 1667470: could not fetch metadata.
[2026-07-16T00:38:50.071+0000] {logging_mixin.py:190} INFO - Skipping movie 1667478: could not fetch metadata.
[2026-07-16T00:38:50.675+0000] {logging_mixin.py:190} INFO - Skipping movie 1667506: could not fetch metadata.
[2026-07-16T00:38:50.775+0000] {logging_mixin.py:190} INFO - Skipping movie 1667476: could not fetch metadata.
[2026-07-16T00:38:53.539+0000] {logging_mixin.py:190} INFO - Skipping movie 1569344: could not fetch metadata.
[2026-07-16T00:38:53.970+0000] {logging_mixin.py:190} INFO - Skipping movie 1479248: could not fetch metadata.
[2026-07-16T00:38:55.111+0000] {logging_mixin.py:190} INFO - Skipping movie 1061513: could not fetch metadata.
[2026-07-16T00:38:56.452+0000] {logging_mixin.py:190} INFO - Skipping movie 1127103: could not fetch metadata.
[2026-07-16T00:38:56.513+0000] {logging_mixin.py:190} INFO - Skipping movie 1716929: could not fetch metadata.
[2026-07-16T00:38:57.342+0000] {logging_mixin.py:190} INFO - Skipping movie 1291002: could not fetch metadata.
[2026-07-16T00:38:57.402+0000] {logging_mixin.py:190} INFO - Skipping movie 1536763: could not fetch metadata.
[2026-07-16T00:38:58.931+0000] {logging_mixin.py:190} INFO - Skipping movie 1635138: could not fetch metadata.
[2026-07-16T00:38:59.102+0000] {logging_mixin.py:190} INFO - Skipping movie 1446726: could not fetch metadata.
[2026-07-16T00:38:59.409+0000] {logging_mixin.py:190} INFO - Skipping movie 1479518: could not fetch metadata.
[2026-07-16T00:38:59.858+0000] {logging_mixin.py:190} INFO - Skipping movie 1364867: could not fetch metadata.
[2026-07-16T00:39:00.591+0000] {logging_mixin.py:190} INFO - Skipping movie 1061809: could not fetch metadata.
[2026-07-16T00:39:00.656+0000] {logging_mixin.py:190} INFO - Skipping movie 1717170: could not fetch metadata.
[2026-07-16T00:39:02.258+0000] {logging_mixin.py:190} INFO - Skipping movie 1045480: could not fetch metadata.
[2026-07-16T00:39:02.330+0000] {logging_mixin.py:190} INFO - Skipping movie 1340399: could not fetch metadata.
[2026-07-16T00:39:02.394+0000] {logging_mixin.py:190} INFO - Skipping movie 1340405: could not fetch metadata.
[2026-07-16T00:39:02.475+0000] {logging_mixin.py:190} INFO - Skipping movie 1340412: could not fetch metadata.
[2026-07-16T00:39:02.796+0000] {logging_mixin.py:190} INFO - Skipping movie 1340414: could not fetch metadata.
[2026-07-16T00:39:03.161+0000] {logging_mixin.py:190} INFO - Skipping movie 1340428: could not fetch metadata.
[2026-07-16T00:39:03.203+0000] {logging_mixin.py:190} INFO - Skipping movie 1340430: could not fetch metadata.
[2026-07-16T00:39:03.301+0000] {logging_mixin.py:190} INFO - Skipping movie 873490: could not fetch metadata.
[2026-07-16T00:39:03.352+0000] {logging_mixin.py:190} INFO - Skipping movie 1668111: could not fetch metadata.
[2026-07-16T00:39:03.373+0000] {logging_mixin.py:190} INFO - Skipping movie 1731823: could not fetch metadata.
[2026-07-16T00:39:03.471+0000] {logging_mixin.py:190} INFO - Skipping movie 1340448: could not fetch metadata.
[2026-07-16T00:39:03.486+0000] {logging_mixin.py:190} INFO - Skipping movie 1340442: could not fetch metadata.
[2026-07-16T00:39:03.548+0000] {logging_mixin.py:190} INFO - Skipping movie 1340434: could not fetch metadata.
[2026-07-16T00:39:03.613+0000] {logging_mixin.py:190} INFO - Skipping movie 1340454: could not fetch metadata.
[2026-07-16T00:39:03.643+0000] {logging_mixin.py:190} INFO - Skipping movie 1340457: could not fetch metadata.
[2026-07-16T00:39:03.765+0000] {logging_mixin.py:190} INFO - Skipping movie 1340464: could not fetch metadata.
[2026-07-16T00:39:03.972+0000] {logging_mixin.py:190} INFO - Skipping movie 1340472: could not fetch metadata.
[2026-07-16T00:39:04.005+0000] {logging_mixin.py:190} INFO - Skipping movie 1340479: could not fetch metadata.
[2026-07-16T00:39:04.162+0000] {logging_mixin.py:190} INFO - Skipping movie 1340484: could not fetch metadata.
[2026-07-16T00:39:04.240+0000] {logging_mixin.py:190} INFO - Skipping movie 1569862: could not fetch metadata.
[2026-07-16T00:39:04.498+0000] {logging_mixin.py:190} INFO - Skipping movie 1340493: could not fetch metadata.
[2026-07-16T00:39:04.520+0000] {logging_mixin.py:190} INFO - Skipping movie 1725511: could not fetch metadata.
[2026-07-16T00:39:05.248+0000] {logging_mixin.py:190} INFO - Skipping movie 1340516: could not fetch metadata.
[2026-07-16T00:39:05.394+0000] {logging_mixin.py:190} INFO - Skipping movie 1340499: could not fetch metadata.
[2026-07-16T00:39:05.625+0000] {logging_mixin.py:190} INFO - Skipping movie 1340521: could not fetch metadata.
[2026-07-16T00:39:05.690+0000] {logging_mixin.py:190} INFO - Skipping movie 1340506: could not fetch metadata.
[2026-07-16T00:39:05.808+0000] {logging_mixin.py:190} INFO - Skipping movie 1340527: could not fetch metadata.
[2026-07-16T00:39:05.860+0000] {logging_mixin.py:190} INFO - Skipping movie 1340532: could not fetch metadata.
[2026-07-16T00:39:06.198+0000] {logging_mixin.py:190} INFO - Skipping movie 1340544: could not fetch metadata.
[2026-07-16T00:39:06.316+0000] {logging_mixin.py:190} INFO - Skipping movie 1340554: could not fetch metadata.
[2026-07-16T00:39:06.381+0000] {logging_mixin.py:190} INFO - Skipping movie 1569938: could not fetch metadata.
[2026-07-16T00:39:06.732+0000] {logging_mixin.py:190} INFO - Skipping movie 1340568: could not fetch metadata.
[2026-07-16T00:39:07.047+0000] {logging_mixin.py:190} INFO - Skipping movie 1602732: could not fetch metadata.
[2026-07-16T00:39:08.144+0000] {logging_mixin.py:190} INFO - Skipping movie 1602740: could not fetch metadata.
[2026-07-16T00:39:09.412+0000] {logging_mixin.py:190} INFO - Skipping movie 1594603: could not fetch metadata.
[2026-07-16T00:39:10.236+0000] {logging_mixin.py:190} INFO - Skipping movie 1692954: could not fetch metadata.
[2026-07-16T00:39:10.340+0000] {logging_mixin.py:190} INFO - Skipping movie 1471776: could not fetch metadata.
[2026-07-16T00:39:10.895+0000] {logging_mixin.py:190} INFO - Skipping movie 1725766: could not fetch metadata.
[2026-07-16T00:39:11.271+0000] {logging_mixin.py:190} INFO - Skipping movie 1340748: could not fetch metadata.
[2026-07-16T00:39:11.323+0000] {logging_mixin.py:190} INFO - Skipping movie 972124: could not fetch metadata.
[2026-07-16T00:39:11.624+0000] {logging_mixin.py:190} INFO - Skipping movie 1561956: could not fetch metadata.
[2026-07-16T00:39:11.766+0000] {logging_mixin.py:190} INFO - Skipping movie 1283436: could not fetch metadata.
[2026-07-16T00:39:12.003+0000] {logging_mixin.py:190} INFO - Skipping movie 1283447: could not fetch metadata.
[2026-07-16T00:39:12.403+0000] {logging_mixin.py:190} INFO - Skipping movie 1717644: could not fetch metadata.
[2026-07-16T00:39:12.478+0000] {logging_mixin.py:190} INFO - Skipping movie 1283470: could not fetch metadata.
[2026-07-16T00:39:12.595+0000] {logging_mixin.py:190} INFO - Skipping movie 1717654: could not fetch metadata.
[2026-07-16T00:39:12.603+0000] {logging_mixin.py:190} INFO - Skipping movie 1570194: could not fetch metadata.
[2026-07-16T00:39:15.367+0000] {logging_mixin.py:190} INFO - Skipping movie 1472002: could not fetch metadata.
[2026-07-16T00:39:15.882+0000] {logging_mixin.py:190} INFO - Skipping movie 1275413: could not fetch metadata.
[2026-07-16T00:39:16.180+0000] {logging_mixin.py:190} INFO - Skipping movie 1644065: could not fetch metadata.
[2026-07-16T00:39:16.255+0000] {logging_mixin.py:190} INFO - Skipping movie 1717798: could not fetch metadata.
[2026-07-16T00:39:16.422+0000] {logging_mixin.py:190} INFO - Skipping movie 1717804: could not fetch metadata.
[2026-07-16T00:39:17.196+0000] {logging_mixin.py:190} INFO - Skipping movie 1275478: could not fetch metadata.
[2026-07-16T00:39:17.178+0000] {logging_mixin.py:190} INFO - Skipping movie 1726037: could not fetch metadata.
[2026-07-16T00:39:17.613+0000] {logging_mixin.py:190} INFO - Skipping movie 1275494: could not fetch metadata.
[2026-07-16T00:39:18.199+0000] {logging_mixin.py:190} INFO - Skipping movie 710274: could not fetch metadata.
[2026-07-16T00:39:18.394+0000] {logging_mixin.py:190} INFO - Skipping movie 1529489: could not fetch metadata.
[2026-07-16T00:39:18.660+0000] {logging_mixin.py:190} INFO - Skipping movie 1611414: could not fetch metadata.
[2026-07-16T00:39:19.994+0000] {logging_mixin.py:190} INFO - Skipping movie 1726150: could not fetch metadata.
[2026-07-16T00:39:21.554+0000] {logging_mixin.py:190} INFO - Skipping movie 1726201: could not fetch metadata.
[2026-07-16T00:39:22.668+0000] {logging_mixin.py:190} INFO - Skipping movie 1447724: could not fetch metadata.
[2026-07-16T00:39:23.929+0000] {logging_mixin.py:190} INFO - Skipping movie 1611623: could not fetch metadata.
[2026-07-16T00:39:24.256+0000] {logging_mixin.py:190} INFO - Skipping movie 1611637: could not fetch metadata.
[2026-07-16T00:39:24.349+0000] {logging_mixin.py:190} INFO - Skipping movie 1726332: could not fetch metadata.
[2026-07-16T00:39:24.667+0000] {logging_mixin.py:190} INFO - Skipping movie 382859: could not fetch metadata.
[2026-07-16T00:39:25.005+0000] {logging_mixin.py:190} INFO - Skipping movie 1283992: could not fetch metadata.
[2026-07-16T00:39:25.712+0000] {logging_mixin.py:190} INFO - Skipping movie 1660847: could not fetch metadata.
[2026-07-16T00:39:26.708+0000] {logging_mixin.py:190} INFO - Skipping movie 1611746: could not fetch metadata.
[2026-07-16T00:39:28.256+0000] {logging_mixin.py:190} INFO - Skipping movie 1603601: could not fetch metadata.
[2026-07-16T00:39:28.469+0000] {logging_mixin.py:190} INFO - Skipping movie 1726496: could not fetch metadata.
[2026-07-16T00:39:30.292+0000] {logging_mixin.py:190} INFO - Skipping movie 1005686: could not fetch metadata.
[2026-07-16T00:39:32.565+0000] {logging_mixin.py:190} INFO - Skipping movie 1267959: could not fetch metadata.
[2026-07-16T00:39:33.269+0000] {logging_mixin.py:190} INFO - Skipping movie 1587484: could not fetch metadata.
[2026-07-16T00:39:36.479+0000] {logging_mixin.py:190} INFO - Skipping movie 1653105: could not fetch metadata.
[2026-07-16T00:39:36.609+0000] {logging_mixin.py:190} INFO - Skipping movie 1620371: could not fetch metadata.
[2026-07-16T00:39:36.694+0000] {logging_mixin.py:190} INFO - Skipping movie 1341859: could not fetch metadata.
[2026-07-16T00:39:37.176+0000] {logging_mixin.py:190} INFO - Skipping movie 1726893: could not fetch metadata.
[2026-07-16T00:39:37.254+0000] {logging_mixin.py:190} INFO - Skipping movie 1464756: could not fetch metadata.
[2026-07-16T00:39:37.463+0000] {logging_mixin.py:190} INFO - Skipping movie 858559: could not fetch metadata.
[2026-07-16T00:39:38.605+0000] {logging_mixin.py:190} INFO - Skipping movie 1546729: could not fetch metadata.
[2026-07-16T00:39:39.877+0000] {logging_mixin.py:190} INFO - Skipping movie 1243692: could not fetch metadata.
[2026-07-16T00:39:40.048+0000] {logging_mixin.py:190} INFO - Skipping movie 1251889: could not fetch metadata.
[2026-07-16T00:39:40.107+0000] {logging_mixin.py:190} INFO - Skipping movie 1243700: could not fetch metadata.
[2026-07-16T00:39:40.397+0000] {logging_mixin.py:190} INFO - Skipping movie 1251905: could not fetch metadata.
[2026-07-16T00:39:40.653+0000] {logging_mixin.py:190} INFO - Skipping movie 1227337: could not fetch metadata.
[2026-07-16T00:39:41.004+0000] {logging_mixin.py:190} INFO - Skipping movie 1727056: could not fetch metadata.
[2026-07-16T00:39:41.862+0000] {logging_mixin.py:190} INFO - Skipping movie 1555057: could not fetch metadata.
[2026-07-16T00:39:42.273+0000] {logging_mixin.py:190} INFO - Skipping movie 1276557: could not fetch metadata.
[2026-07-16T00:39:42.429+0000] {logging_mixin.py:190} INFO - Skipping movie 629392: could not fetch metadata.
[2026-07-16T00:39:42.645+0000] {logging_mixin.py:190} INFO - Skipping movie 1219222: could not fetch metadata.
[2026-07-16T00:39:42.744+0000] {logging_mixin.py:190} INFO - Skipping movie 1219232: could not fetch metadata.
[2026-07-16T00:39:43.186+0000] {logging_mixin.py:190} INFO - Skipping movie 1702572: could not fetch metadata.
[2026-07-16T00:39:43.316+0000] {logging_mixin.py:190} INFO - Skipping movie 756851: could not fetch metadata.
[2026-07-16T00:39:43.734+0000] {logging_mixin.py:190} INFO - Skipping movie 1219274: could not fetch metadata.
[2026-07-16T00:39:43.744+0000] {logging_mixin.py:190} INFO - Skipping movie 1342153: could not fetch metadata.
[2026-07-16T00:39:44.067+0000] {logging_mixin.py:190} INFO - Skipping movie 1448658: could not fetch metadata.
[2026-07-16T00:39:44.125+0000] {logging_mixin.py:190} INFO - Skipping movie 1309398: could not fetch metadata.
[2026-07-16T00:39:44.836+0000] {logging_mixin.py:190} INFO - Skipping movie 1587954: could not fetch metadata.
[2026-07-16T00:39:45.233+0000] {logging_mixin.py:190} INFO - Skipping movie 1219315: could not fetch metadata.
[2026-07-16T00:39:45.334+0000] {logging_mixin.py:190} INFO - Skipping movie 1219324: could not fetch metadata.
[2026-07-16T00:39:45.325+0000] {logging_mixin.py:190} INFO - Skipping movie 1219320: could not fetch metadata.
[2026-07-16T00:39:45.631+0000] {logging_mixin.py:190} INFO - Skipping movie 1219329: could not fetch metadata.
[2026-07-16T00:39:45.870+0000] {logging_mixin.py:190} INFO - Skipping movie 1219344: could not fetch metadata.
[2026-07-16T00:39:45.971+0000] {logging_mixin.py:190} INFO - Skipping movie 1219346: could not fetch metadata.
[2026-07-16T00:39:46.010+0000] {logging_mixin.py:190} INFO - Skipping movie 1219347: could not fetch metadata.
[2026-07-16T00:39:46.100+0000] {logging_mixin.py:190} INFO - Skipping movie 1219351: could not fetch metadata.
[2026-07-16T00:39:46.172+0000] {logging_mixin.py:190} INFO - Skipping movie 1219352: could not fetch metadata.
[2026-07-16T00:39:46.238+0000] {logging_mixin.py:190} INFO - Skipping movie 1219353: could not fetch metadata.
[2026-07-16T00:39:46.347+0000] {logging_mixin.py:190} INFO - Skipping movie 1219356: could not fetch metadata.
[2026-07-16T00:39:46.370+0000] {logging_mixin.py:190} INFO - Skipping movie 1219355: could not fetch metadata.
[2026-07-16T00:39:46.417+0000] {logging_mixin.py:190} INFO - Skipping movie 1219357: could not fetch metadata.
[2026-07-16T00:39:46.461+0000] {logging_mixin.py:190} INFO - Skipping movie 1219359: could not fetch metadata.
[2026-07-16T00:39:46.477+0000] {logging_mixin.py:190} INFO - Skipping movie 785184: could not fetch metadata.
[2026-07-16T00:39:46.508+0000] {logging_mixin.py:190} INFO - Skipping movie 1219361: could not fetch metadata.
[2026-07-16T00:39:46.570+0000] {logging_mixin.py:190} INFO - Skipping movie 1219362: could not fetch metadata.
[2026-07-16T00:39:46.716+0000] {logging_mixin.py:190} INFO - Skipping movie 1727271: could not fetch metadata.
[2026-07-16T00:39:47.385+0000] {logging_mixin.py:190} INFO - Skipping movie 1153863: could not fetch metadata.
[2026-07-16T00:39:47.943+0000] {logging_mixin.py:190} INFO - Skipping movie 498512: could not fetch metadata.
[2026-07-16T00:39:49.282+0000] {logging_mixin.py:190} INFO - Skipping movie 1547129: could not fetch metadata.
[2026-07-16T00:39:50.010+0000] {logging_mixin.py:190} INFO - Skipping movie 1260426: could not fetch metadata.
[2026-07-16T00:39:50.239+0000] {logging_mixin.py:190} INFO - Skipping movie 916370: could not fetch metadata.
[2026-07-16T00:39:52.234+0000] {logging_mixin.py:190} INFO - Skipping movie 457682: could not fetch metadata.
[2026-07-16T00:39:52.857+0000] {logging_mixin.py:190} INFO - Skipping movie 1219562: could not fetch metadata.
[2026-07-16T00:39:53.112+0000] {logging_mixin.py:190} INFO - Skipping movie 1219565: could not fetch metadata.
[2026-07-16T00:39:53.344+0000] {logging_mixin.py:190} INFO - Skipping movie 1219571: could not fetch metadata.
[2026-07-16T00:39:53.378+0000] {logging_mixin.py:190} INFO - Skipping movie 1219572: could not fetch metadata.
[2026-07-16T00:39:54.483+0000] {logging_mixin.py:190} INFO - Skipping movie 1727546: could not fetch metadata.
[2026-07-16T00:39:55.101+0000] {logging_mixin.py:190} INFO - Skipping movie 1522793: could not fetch metadata.
[2026-07-16T00:39:55.315+0000] {logging_mixin.py:190} INFO - Skipping movie 1252459: could not fetch metadata.
[2026-07-16T00:39:55.572+0000] {logging_mixin.py:190} INFO - Skipping movie 1170549: could not fetch metadata.
[2026-07-16T00:39:55.660+0000] {logging_mixin.py:190} INFO - Skipping movie 1727618: could not fetch metadata.
[2026-07-16T00:39:55.787+0000] {logging_mixin.py:190} INFO - Skipping movie 1416325: could not fetch metadata.
[2026-07-16T00:39:55.886+0000] {logging_mixin.py:190} INFO - Skipping movie 1457288: could not fetch metadata.
[2026-07-16T00:39:56.578+0000] {logging_mixin.py:190} INFO - Skipping movie 1703090: could not fetch metadata.
[2026-07-16T00:39:56.946+0000] {logging_mixin.py:190} INFO - Skipping movie 1703110: could not fetch metadata.
[2026-07-16T00:39:57.323+0000] {logging_mixin.py:190} INFO - Skipping movie 1031387: could not fetch metadata.
[2026-07-16T00:39:57.729+0000] {logging_mixin.py:190} INFO - Skipping movie 1727732: could not fetch metadata.
[2026-07-16T00:39:57.740+0000] {logging_mixin.py:190} INFO - Skipping movie 1727737: could not fetch metadata.
[2026-07-16T00:39:58.114+0000] {logging_mixin.py:190} INFO - Skipping movie 1727748: could not fetch metadata.
[2026-07-16T00:39:58.329+0000] {logging_mixin.py:190} INFO - Skipping movie 1727773: could not fetch metadata.
[2026-07-16T00:39:59.092+0000] {logging_mixin.py:190} INFO - Skipping movie 1523003: could not fetch metadata.
[2026-07-16T00:39:59.267+0000] {logging_mixin.py:190} INFO - Skipping movie 1400127: could not fetch metadata.
[2026-07-16T00:40:00.196+0000] {logging_mixin.py:190} INFO - Skipping movie 1318244: could not fetch metadata.
[2026-07-16T00:40:00.209+0000] {logging_mixin.py:190} INFO - Skipping movie 1457511: could not fetch metadata.
[2026-07-16T00:40:00.797+0000] {logging_mixin.py:190} INFO - Skipping movie 1285516: could not fetch metadata.
[2026-07-16T00:40:01.119+0000] {logging_mixin.py:190} INFO - Skipping movie 949664: could not fetch metadata.
[2026-07-16T00:40:01.193+0000] {logging_mixin.py:190} INFO - Skipping movie 1023396: could not fetch metadata.
[2026-07-16T00:40:01.534+0000] {logging_mixin.py:190} INFO - Skipping movie 1277365: could not fetch metadata.
[2026-07-16T00:40:01.827+0000] {logging_mixin.py:190} INFO - Skipping movie 1019153: could not fetch metadata.
[2026-07-16T00:40:02.043+0000] {logging_mixin.py:190} INFO - Skipping movie 1277387: could not fetch metadata.
[2026-07-16T00:40:02.179+0000] {logging_mixin.py:190} INFO - Skipping movie 1277393: could not fetch metadata.
[2026-07-16T00:40:02.378+0000] {logging_mixin.py:190} INFO - Skipping movie 753113: could not fetch metadata.
[2026-07-16T00:40:02.497+0000] {logging_mixin.py:190} INFO - Skipping movie 1019159: could not fetch metadata.
[2026-07-16T00:40:03.238+0000] {logging_mixin.py:190} INFO - Skipping movie 957953: could not fetch metadata.
[2026-07-16T00:40:03.874+0000] {logging_mixin.py:190} INFO - Skipping movie 1310254: could not fetch metadata.
[2026-07-16T00:40:05.591+0000] {logging_mixin.py:190} INFO - Skipping movie 1597048: could not fetch metadata.
[2026-07-16T00:40:07.761+0000] {logging_mixin.py:190} INFO - Skipping movie 1728188: could not fetch metadata.
[2026-07-16T00:40:07.836+0000] {logging_mixin.py:190} INFO - Skipping movie 1515212: could not fetch metadata.
[2026-07-16T00:40:08.525+0000] {logging_mixin.py:190} INFO - Skipping movie 1621722: could not fetch metadata.
[2026-07-16T00:40:09.425+0000] {logging_mixin.py:190} INFO - Skipping movie 1236728: could not fetch metadata.
[2026-07-16T00:40:09.588+0000] {logging_mixin.py:190} INFO - Skipping movie 1236727: could not fetch metadata.
[2026-07-16T00:40:10.409+0000] {logging_mixin.py:190} INFO - Skipping movie 1449761: could not fetch metadata.
[2026-07-16T00:40:10.976+0000] {logging_mixin.py:190} INFO - Skipping movie 1195830: could not fetch metadata.
[2026-07-16T00:40:12.060+0000] {logging_mixin.py:190} INFO - Skipping movie 1720180: could not fetch metadata.
[2026-07-16T00:40:12.141+0000] {logging_mixin.py:190} INFO - Skipping movie 1073019: could not fetch metadata.
[2026-07-16T00:40:12.454+0000] {logging_mixin.py:190} INFO - Skipping movie 1187719: could not fetch metadata.
[2026-07-16T00:40:12.591+0000] {logging_mixin.py:190} INFO - Skipping movie 1523594: could not fetch metadata.
[2026-07-16T00:40:13.237+0000] {logging_mixin.py:190} INFO - Skipping movie 1499048: could not fetch metadata.
[2026-07-16T00:40:13.324+0000] {logging_mixin.py:190} INFO - Skipping movie 1417128: could not fetch metadata.
[2026-07-16T00:40:13.524+0000] {logging_mixin.py:190} INFO - Skipping movie 1499059: could not fetch metadata.
[2026-07-16T00:40:14.697+0000] {logging_mixin.py:190} INFO - Skipping movie 1712093: could not fetch metadata.
[2026-07-16T00:40:18.096+0000] {logging_mixin.py:190} INFO - 1916 movies queued for deep extraction...
[2026-07-16T00:41:09.879+0000] {logging_mixin.py:190} INFO - Skipping deep extraction for movie 903414: could not fetch data.
[2026-07-16T00:42:27.676+0000] {logging_mixin.py:190} INFO - Pipeline finished successfully.
[2026-07-16T00:42:27.681+0000] {python.py:240} INFO - Done. Returned value was: None
[2026-07-16T00:42:27.756+0000] {taskinstance.py:340} INFO - ::group::Post task execution logs
[2026-07-16T00:42:27.760+0000] {taskinstance.py:352} INFO - Marking task as SUCCESS. dag_id=tmdb_incremental_sync, task_id=incremental_sync_pipeline, run_id=scheduled__2026-07-15T00:00:00+00:00, execution_date=20260715T000000, start_date=20260716T003627, end_date=20260716T004227
[2026-07-16T00:42:27.892+0000] {local_task_job_runner.py:261} INFO - Task exited with return code 0
[2026-07-16T00:42:27.994+0000] {taskinstance.py:3891} INFO - 0 downstream tasks scheduled from follow-on schedule check
[2026-07-16T00:42:28.004+0000] {local_task_job_runner.py:240} INFO - ::endgroup::
