[2026-08-03T20:49:51.058+0000] {local_task_job_runner.py:123} INFO - ::group::Pre task execution logs
[2026-08-03T20:49:51.145+0000] {taskinstance.py:2603} INFO - Dependencies all met for dep_context=non-requeueable deps ti=<TaskInstance: dbt_pipeline.dbt_run scheduled__2026-08-02T00:00:00+00:00 [queued]>
[2026-08-03T20:49:51.173+0000] {taskinstance.py:2603} INFO - Dependencies all met for dep_context=requeueable deps ti=<TaskInstance: dbt_pipeline.dbt_run scheduled__2026-08-02T00:00:00+00:00 [queued]>
[2026-08-03T20:49:51.177+0000] {taskinstance.py:2856} INFO - Starting attempt 1 of 1
[2026-08-03T20:49:51.226+0000] {taskinstance.py:2879} INFO - Executing <Task(BashOperator): dbt_run> on 2026-08-02 00:00:00+00:00
[2026-08-03T20:49:51.246+0000] {logging_mixin.py:190} WARNING - /home/***/.local/lib/python3.12/site-packages/***/task/task_runner/standard_task_runner.py:70 DeprecationWarning: This process (pid=173) is multi-threaded, use of fork() may lead to deadlocks in the child.
[2026-08-03T20:49:51.249+0000] {standard_task_runner.py:72} INFO - Started process 185 to run task
[2026-08-03T20:49:51.246+0000] {standard_task_runner.py:104} INFO - Running: ['***', 'tasks', 'run', 'dbt_pipeline', 'dbt_run', 'scheduled__2026-08-02T00:00:00+00:00', '--job-id', '143', '--raw', '--subdir', 'DAGS_FOLDER/dbt_pipeline.py', '--cfg-path', '/tmp/tmpl0eqr226']
[2026-08-03T20:49:51.251+0000] {standard_task_runner.py:105} INFO - Job 143: Subtask dbt_run
[2026-08-03T20:49:51.534+0000] {task_command.py:467} INFO - Running <TaskInstance: dbt_pipeline.dbt_run scheduled__2026-08-02T00:00:00+00:00 [running]> on host f2b014d56577
[2026-08-03T20:49:51.863+0000] {taskinstance.py:3122} INFO - Exporting env vars: AIRFLOW_CTX_DAG_OWNER='***' AIRFLOW_CTX_DAG_ID='dbt_pipeline' AIRFLOW_CTX_TASK_ID='dbt_run' AIRFLOW_CTX_EXECUTION_DATE='2026-08-02T00:00:00+00:00' AIRFLOW_CTX_TRY_NUMBER='1' AIRFLOW_CTX_DAG_RUN_ID='scheduled__2026-08-02T00:00:00+00:00'
[2026-08-03T20:49:51.865+0000] {taskinstance.py:731} INFO - ::endgroup::
[2026-08-03T20:49:51.908+0000] {subprocess.py:63} INFO - Tmp dir root location: /tmp
[2026-08-03T20:49:51.910+0000] {subprocess.py:75} INFO - Running command: ['/usr/bin/bash', '-c', '\n        cd /opt/***/tmdwh &&\n        dbt run --profiles-dir /opt/***/tmdwh\n        ']
[2026-08-03T20:49:51.937+0000] {subprocess.py:86} INFO - Output:
[2026-08-03T20:49:59.352+0000] {subprocess.py:93} INFO - [0m20:49:59  Running with dbt=1.12.0
[2026-08-03T20:50:00.270+0000] {subprocess.py:93} INFO - [0m20:50:00  Registered adapter: postgres=1.11.0
[2026-08-03T20:50:02.765+0000] {subprocess.py:93} INFO - [0m20:50:02  Found 24 models, 31 data tests, 1 source, 592 macros
[2026-08-03T20:50:02.780+0000] {subprocess.py:93} INFO - [0m20:50:02
[2026-08-03T20:50:02.782+0000] {subprocess.py:93} INFO - [0m20:50:02  Concurrency: 4 threads (target='dev')
[2026-08-03T20:50:02.783+0000] {subprocess.py:93} INFO - [0m20:50:02
[2026-08-03T20:50:03.249+0000] {subprocess.py:93} INFO - [0m20:50:03
[2026-08-03T20:50:03.251+0000] {subprocess.py:93} INFO - [0m20:50:03  Finished running  in 0 hours 0 minutes and 0.46 seconds (0.46s).
[2026-08-03T20:50:03.254+0000] {subprocess.py:93} INFO - [0m20:50:03  [[31mERROR[0m]: Encountered an error:
[2026-08-03T20:50:03.256+0000] {subprocess.py:93} INFO - Database Error
[2026-08-03T20:50:03.257+0000] {subprocess.py:93} INFO -   could not translate host name "movie-postgres" to address: Name or service not known
[2026-08-03T20:50:03.258+0000] {subprocess.py:93} INFO - 
[2026-08-03T20:50:04.881+0000] {subprocess.py:97} INFO - Command exited with return code 2
[2026-08-03T20:50:04.920+0000] {taskinstance.py:3301} ERROR - Task failed with exception
Traceback (most recent call last):
  File "/home/airflow/.local/lib/python3.12/site-packages/airflow/models/taskinstance.py", line 767, in _execute_task
    result = _execute_callable(context=context, **execute_callable_kwargs)
             ^^^^^^^^^^^^^^^^^^^^^^^^^^^^^^^^^^^^^^^^^^^^^^^^^^^^^^^^^^^^^
  File "/home/airflow/.local/lib/python3.12/site-packages/airflow/models/taskinstance.py", line 733, in _execute_callable
    return ExecutionCallableRunner(
           ^^^^^^^^^^^^^^^^^^^^^^^^
  File "/home/airflow/.local/lib/python3.12/site-packages/airflow/utils/operator_helpers.py", line 252, in run
    return self.func(*args, **kwargs)
           ^^^^^^^^^^^^^^^^^^^^^^^^^^
  File "/home/airflow/.local/lib/python3.12/site-packages/airflow/models/baseoperator.py", line 406, in wrapper
    return func(self, *args, **kwargs)
           ^^^^^^^^^^^^^^^^^^^^^^^^^^^
  File "/home/airflow/.local/lib/python3.12/site-packages/airflow/operators/bash.py", line 249, in execute
    raise AirflowException(
airflow.exceptions.AirflowException: Bash command failed. The command returned a non-zero exit code 2.
[2026-08-03T20:50:04.958+0000] {taskinstance.py:1225} INFO - Marking task as FAILED. dag_id=dbt_pipeline, task_id=dbt_run, run_id=scheduled__2026-08-02T00:00:00+00:00, execution_date=20260802T000000, start_date=20260803T204951, end_date=20260803T205004
[2026-08-03T20:50:04.986+0000] {taskinstance.py:340} INFO - ::group::Post task execution logs
[2026-08-03T20:50:04.988+0000] {standard_task_runner.py:124} ERROR - Failed to execute job 143 for task dbt_run (Bash command failed. The command returned a non-zero exit code 2.; 185)
Traceback (most recent call last):
  File "/home/airflow/.local/lib/python3.12/site-packages/airflow/task/task_runner/standard_task_runner.py", line 117, in _start_by_fork
    ret = args.func(args, dag=self.dag)
          ^^^^^^^^^^^^^^^^^^^^^^^^^^^^^
  File "/home/airflow/.local/lib/python3.12/site-packages/airflow/cli/cli_config.py", line 49, in command
    return func(*args, **kwargs)
           ^^^^^^^^^^^^^^^^^^^^^
  File "/home/airflow/.local/lib/python3.12/site-packages/airflow/utils/cli.py", line 115, in wrapper
    return f(*args, **kwargs)
           ^^^^^^^^^^^^^^^^^^
  File "/home/airflow/.local/lib/python3.12/site-packages/airflow/cli/commands/task_command.py", line 483, in task_run
    task_return_code = _run_task_by_selected_method(args, _dag, ti)
                       ^^^^^^^^^^^^^^^^^^^^^^^^^^^^^^^^^^^^^^^^^^^^
  File "/home/airflow/.local/lib/python3.12/site-packages/airflow/cli/commands/task_command.py", line 256, in _run_task_by_selected_method
    return _run_raw_task(args, ti)
           ^^^^^^^^^^^^^^^^^^^^^^^
  File "/home/airflow/.local/lib/python3.12/site-packages/airflow/cli/commands/task_command.py", line 341, in _run_raw_task
    return ti._run_raw_task(
           ^^^^^^^^^^^^^^^^^
  File "/home/airflow/.local/lib/python3.12/site-packages/airflow/utils/session.py", line 97, in wrapper
    return func(*args, session=session, **kwargs)
           ^^^^^^^^^^^^^^^^^^^^^^^^^^^^^^^^^^^^^^
  File "/home/airflow/.local/lib/python3.12/site-packages/airflow/models/taskinstance.py", line 2995, in _run_raw_task
    return _run_raw_task(
           ^^^^^^^^^^^^^^
  File "/home/airflow/.local/lib/python3.12/site-packages/airflow/models/taskinstance.py", line 273, in _run_raw_task
    TaskInstance._execute_task_with_callbacks(
  File "/home/airflow/.local/lib/python3.12/site-packages/airflow/models/taskinstance.py", line 3149, in _execute_task_with_callbacks
    result = self._execute_task(context, task_orig)
             ^^^^^^^^^^^^^^^^^^^^^^^^^^^^^^^^^^^^^^
  File "/home/airflow/.local/lib/python3.12/site-packages/airflow/models/taskinstance.py", line 3173, in _execute_task
    return _execute_task(self, context, task_orig)
           ^^^^^^^^^^^^^^^^^^^^^^^^^^^^^^^^^^^^^^^
  File "/home/airflow/.local/lib/python3.12/site-packages/airflow/models/taskinstance.py", line 767, in _execute_task
    result = _execute_callable(context=context, **execute_callable_kwargs)
             ^^^^^^^^^^^^^^^^^^^^^^^^^^^^^^^^^^^^^^^^^^^^^^^^^^^^^^^^^^^^^
  File "/home/airflow/.local/lib/python3.12/site-packages/airflow/models/taskinstance.py", line 733, in _execute_callable
    return ExecutionCallableRunner(
           ^^^^^^^^^^^^^^^^^^^^^^^^
  File "/home/airflow/.local/lib/python3.12/site-packages/airflow/utils/operator_helpers.py", line 252, in run
    return self.func(*args, **kwargs)
           ^^^^^^^^^^^^^^^^^^^^^^^^^^
  File "/home/airflow/.local/lib/python3.12/site-packages/airflow/models/baseoperator.py", line 406, in wrapper
    return func(self, *args, **kwargs)
           ^^^^^^^^^^^^^^^^^^^^^^^^^^^
  File "/home/airflow/.local/lib/python3.12/site-packages/airflow/operators/bash.py", line 249, in execute
    raise AirflowException(
airflow.exceptions.AirflowException: Bash command failed. The command returned a non-zero exit code 2.
[2026-08-03T20:50:05.017+0000] {local_task_job_runner.py:261} INFO - Task exited with return code 1
[2026-08-03T20:50:05.058+0000] {taskinstance.py:3891} INFO - 0 downstream tasks scheduled from follow-on schedule check
[2026-08-03T20:50:05.066+0000] {local_task_job_runner.py:240} INFO - ::endgroup::
