[2026-06-20T04:43:40.527+0000] {local_task_job_runner.py:123} INFO - ::group::Pre task execution logs
[2026-06-20T04:43:40.527+0000] {taskinstance.py:2603} INFO - Dependencies all met for dep_context=non-requeueable deps ti=<TaskInstance: tmdb_incremental_sync.incremental_sync_pipeline scheduled__2026-06-19T00:00:00+00:00 [queued]>
[2026-06-20T04:43:40.527+0000] {taskinstance.py:2603} INFO - Dependencies all met for dep_context=requeueable deps ti=<TaskInstance: tmdb_incremental_sync.incremental_sync_pipeline scheduled__2026-06-19T00:00:00+00:00 [queued]>
[2026-06-20T04:43:40.527+0000] {taskinstance.py:2856} INFO - Starting attempt 1 of 3
[2026-06-20T04:43:40.527+0000] {taskinstance.py:2879} INFO - Executing <Task(PythonOperator): incremental_sync_pipeline> on 2026-06-19 00:00:00+00:00
[2026-06-20T04:43:40.527+0000] {standard_task_runner.py:104} INFO - Running: ['***', 'tasks', 'run', 'tmdb_incremental_sync', 'incremental_sync_pipeline', 'scheduled__2026-06-19T00:00:00+00:00', '--job-id', '19', '--raw', '--subdir', 'DAGS_FOLDER/tmdb_incremental_sync.py', '--cfg-path', '/tmp/tmpeipqwl_j']
[2026-06-20T04:43:40.527+0000] {logging_mixin.py:190} WARNING - /home/***/.local/lib/python3.12/site-packages/***/task/task_runner/standard_task_runner.py:70 DeprecationWarning: This process (pid=18150) is multi-threaded, use of fork() may lead to deadlocks in the child.
[2026-06-20T04:43:40.527+0000] {standard_task_runner.py:105} INFO - Job 19: Subtask incremental_sync_pipeline
[2026-06-20T04:43:40.527+0000] {standard_task_runner.py:72} INFO - Started process 18155 to run task
[2026-06-20T04:43:40.527+0000] {task_command.py:467} INFO - Running <TaskInstance: tmdb_incremental_sync.incremental_sync_pipeline scheduled__2026-06-19T00:00:00+00:00 [running]> on host d8c53ec118ae
[2026-06-20T04:43:40.527+0000] {taskinstance.py:3122} INFO - Exporting env vars: AIRFLOW_CTX_DAG_OWNER='***' AIRFLOW_CTX_DAG_ID='tmdb_incremental_sync' AIRFLOW_CTX_TASK_ID='incremental_sync_pipeline' AIRFLOW_CTX_EXECUTION_DATE='2026-06-19T00:00:00+00:00' AIRFLOW_CTX_TRY_NUMBER='1' AIRFLOW_CTX_DAG_RUN_ID='scheduled__2026-06-19T00:00:00+00:00'
[2026-06-20T04:43:40.527+0000] {taskinstance.py:731} INFO - ::endgroup::
[2026-06-20T04:43:40.527+0000] {logging_mixin.py:190} INFO - Starting incremental sync for 2026-06-17 → 2026-06-20...
[2026-06-20T04:43:40.527+0000] {logging_mixin.py:190} INFO - Fetching changes: 2026-06-17 -> 2026-06-20
[2026-06-20T04:50:09.148+0000] {job.py:229} INFO - Heartbeat recovered after 372.36 seconds
[2026-06-20T07:02:04.150+0000] {job.py:229} INFO - Heartbeat recovered after 7889.89 seconds
[2026-06-20T07:02:25.757+0000] {logging_mixin.py:190} INFO - Request error on attempt 1/3 for https://api.themoviedb.org/3/movie/changes: ('Connection aborted.', RemoteDisconnected('Remote end closed connection without response'))
[2026-06-20T07:43:56.603+0000] {job.py:229} INFO - Heartbeat recovered after 2490.22 seconds
[2026-06-20T07:44:18.660+0000] {logging_mixin.py:190} INFO - SSL error on attempt 1/3 for https://api.themoviedb.org/3/movie/changes: HTTPSConnectionPool(host='api.themoviedb.org', port=443): Max retries exceeded with url: /3/movie/changes?api_key=6f73ac85d32f789d075631f40192f5ab&start_date=2026-06-17&end_date=2026-06-20&page=121 (Caused by SSLError(SSLEOFError(8, '[SSL: UNEXPECTED_EOF_WHILE_READING] EOF occurred in violation of protocol (_ssl.c:1000)')))
[2026-06-20T07:44:21.519+0000] {logging_mixin.py:190} INFO - Found 12000 changed IDs. Syncing metadata...
[2026-06-20T07:44:23.755+0000] {logging_mixin.py:190} INFO - Skipping movie 1048597: could not fetch metadata.
[2026-06-20T11:33:15.688+0000] {job.py:229} INFO - Heartbeat recovered after 13736.08 seconds
[2026-06-20T11:33:16.120+0000] {logging_mixin.py:190} INFO - Skipping movie 32833: could not fetch metadata.
[2026-06-20T11:33:17.055+0000] {logging_mixin.py:190} INFO - Skipping movie 262227: could not fetch metadata.
[2026-06-20T11:33:17.813+0000] {logging_mixin.py:190} INFO - Skipping movie 65637: could not fetch metadata.
[2026-06-20T11:33:19.984+0000] {logging_mixin.py:190} INFO - Skipping movie 1048703: could not fetch metadata.
[2026-06-20T11:33:44.540+0000] {logging_mixin.py:190} INFO - Read timeout on attempt 1/3 for https://api.themoviedb.org/3/movie/24: HTTPSConnectionPool(host='api.themoviedb.org', port=443): Read timed out. (read timeout=30)
[2026-06-20T11:33:44.588+0000] {logging_mixin.py:190} INFO - Read timeout on attempt 1/3 for https://api.themoviedb.org/3/movie/1081372: HTTPSConnectionPool(host='api.themoviedb.org', port=443): Read timed out. (read timeout=30)
[2026-06-20T11:33:44.880+0000] {logging_mixin.py:190} INFO - Read timeout on attempt 1/3 for https://api.themoviedb.org/3/movie/1146912: HTTPSConnectionPool(host='api.themoviedb.org', port=443): Read timed out. (read timeout=30)
[2026-06-20T11:33:45.145+0000] {logging_mixin.py:190} INFO - Read timeout on attempt 1/3 for https://api.themoviedb.org/3/movie/33: HTTPSConnectionPool(host='api.themoviedb.org', port=443): Read timed out. (read timeout=30)
[2026-06-20T11:33:47.589+0000] {logging_mixin.py:190} INFO - Read timeout on attempt 1/3 for https://api.themoviedb.org/3/movie/101: HTTPSConnectionPool(host='api.themoviedb.org', port=443): Read timed out. (read timeout=30)
[2026-06-20T11:33:47.902+0000] {logging_mixin.py:190} INFO - Read timeout on attempt 1/3 for https://api.themoviedb.org/3/movie/108: HTTPSConnectionPool(host='api.themoviedb.org', port=443): Read timed out. (read timeout=30)
[2026-06-20T11:33:47.959+0000] {logging_mixin.py:190} INFO - Read timeout on attempt 1/3 for https://api.themoviedb.org/3/movie/109: HTTPSConnectionPool(host='api.themoviedb.org', port=443): Read timed out. (read timeout=30)
[2026-06-20T11:33:48.890+0000] {logging_mixin.py:190} INFO - Skipping movie 1704110: could not fetch metadata.
[2026-06-20T11:33:50.973+0000] {logging_mixin.py:190} INFO - Read timeout on attempt 1/3 for https://api.themoviedb.org/3/movie/153: HTTPSConnectionPool(host='api.themoviedb.org', port=443): Read timed out. (read timeout=30)
[2026-06-20T11:33:52.637+0000] {logging_mixin.py:190} INFO - Skipping movie 1540351: could not fetch metadata.
[2026-06-20T11:33:53.279+0000] {logging_mixin.py:190} INFO - Skipping movie 33028: could not fetch metadata.
[2026-06-20T11:33:56.187+0000] {logging_mixin.py:190} INFO - Read timeout on attempt 1/3 for https://api.themoviedb.org/3/movie/1507491: HTTPSConnectionPool(host='api.themoviedb.org', port=443): Read timed out. (read timeout=30)
[2026-06-20T11:33:56.542+0000] {logging_mixin.py:190} INFO - Read timeout on attempt 1/3 for https://api.themoviedb.org/3/movie/1245347: HTTPSConnectionPool(host='api.themoviedb.org', port=443): Read timed out. (read timeout=30)
[2026-06-20T11:34:16.715+0000] {logging_mixin.py:190} INFO - Read timeout on attempt 2/3 for https://api.themoviedb.org/3/movie/1081372: HTTPSConnectionPool(host='api.themoviedb.org', port=443): Read timed out. (read timeout=30)
[2026-06-20T11:34:17.725+0000] {logging_mixin.py:190} INFO - Read timeout on attempt 2/3 for https://api.themoviedb.org/3/movie/33: HTTPSConnectionPool(host='api.themoviedb.org', port=443): Read timed out. (read timeout=30)
[2026-06-20T11:34:19.090+0000] {logging_mixin.py:190} INFO - Read timeout on attempt 1/3 for https://api.themoviedb.org/3/movie/180: HTTPSConnectionPool(host='api.themoviedb.org', port=443): Read timed out. (read timeout=30)
[2026-06-20T11:34:20.052+0000] {logging_mixin.py:190} INFO - Read timeout on attempt 2/3 for https://api.themoviedb.org/3/movie/108: HTTPSConnectionPool(host='api.themoviedb.org', port=443): Read timed out. (read timeout=30)
[2026-06-20T11:34:22.057+0000] {logging_mixin.py:190} INFO - Read timeout on attempt 1/3 for https://api.themoviedb.org/3/movie/1507580: HTTPSConnectionPool(host='api.themoviedb.org', port=443): Read timed out. (read timeout=30)
[2026-06-20T11:34:23.109+0000] {logging_mixin.py:190} INFO - Read timeout on attempt 2/3 for https://api.themoviedb.org/3/movie/153: HTTPSConnectionPool(host='api.themoviedb.org', port=443): Read timed out. (read timeout=30)
[2026-06-20T11:34:23.452+0000] {logging_mixin.py:190} INFO - Read timeout on attempt 1/3 for https://api.themoviedb.org/3/movie/266: HTTPSConnectionPool(host='api.themoviedb.org', port=443): Read timed out. (read timeout=30)
[2026-06-20T11:34:24.736+0000] {logging_mixin.py:190} INFO - Read timeout on attempt 1/3 for https://api.themoviedb.org/3/movie/272: HTTPSConnectionPool(host='api.themoviedb.org', port=443): Read timed out. (read timeout=30)
[2026-06-20T11:34:28.408+0000] {logging_mixin.py:190} INFO - Read timeout on attempt 2/3 for https://api.themoviedb.org/3/movie/1507491: HTTPSConnectionPool(host='api.themoviedb.org', port=443): Read timed out. (read timeout=30)
[2026-06-20T11:34:28.685+0000] {logging_mixin.py:190} INFO - Read timeout on attempt 2/3 for https://api.themoviedb.org/3/movie/1245347: HTTPSConnectionPool(host='api.themoviedb.org', port=443): Read timed out. (read timeout=30)
[2026-06-20T11:34:50.837+0000] {logging_mixin.py:190} INFO - Read timeout on attempt 3/3 for https://api.themoviedb.org/3/movie/1081372: HTTPSConnectionPool(host='api.themoviedb.org', port=443): Read timed out. (read timeout=30)
[2026-06-20T11:34:50.842+0000] {logging_mixin.py:190} INFO - All 3 attempts failed for https://api.themoviedb.org/3/movie/1081372. Skipping.
[2026-06-20T11:34:50.843+0000] {logging_mixin.py:190} INFO - Skipping movie 1081372: could not fetch metadata.
[2026-06-20T11:34:51.305+0000] {logging_mixin.py:190} INFO - Read timeout on attempt 2/3 for https://api.themoviedb.org/3/movie/180: HTTPSConnectionPool(host='api.themoviedb.org', port=443): Read timed out. (read timeout=30)
[2026-06-20T11:34:51.494+0000] {logging_mixin.py:190} INFO - Skipping movie 1061665: could not fetch metadata.
[2026-06-20T11:34:53.837+0000] {logging_mixin.py:190} INFO - Read timeout on attempt 1/3 for https://api.themoviedb.org/3/movie/196892: HTTPSConnectionPool(host='api.themoviedb.org', port=443): Read timed out. (read timeout=30)
[2026-06-20T11:34:54.170+0000] {logging_mixin.py:190} INFO - Read timeout on attempt 2/3 for https://api.themoviedb.org/3/movie/1507580: HTTPSConnectionPool(host='api.themoviedb.org', port=443): Read timed out. (read timeout=30)
[2026-06-20T11:34:55.847+0000] {logging_mixin.py:190} INFO - Read timeout on attempt 1/3 for https://api.themoviedb.org/3/movie/1409319: HTTPSConnectionPool(host='api.themoviedb.org', port=443): Read timed out. (read timeout=30)
[2026-06-20T11:34:56.868+0000] {logging_mixin.py:190} INFO - Read timeout on attempt 2/3 for https://api.themoviedb.org/3/movie/272: HTTPSConnectionPool(host='api.themoviedb.org', port=443): Read timed out. (read timeout=30)
[2026-06-20T11:34:57.248+0000] {logging_mixin.py:190} INFO - Read timeout on attempt 3/3 for https://api.themoviedb.org/3/movie/153: HTTPSConnectionPool(host='api.themoviedb.org', port=443): Read timed out. (read timeout=30)
[2026-06-20T11:34:57.249+0000] {logging_mixin.py:190} INFO - All 3 attempts failed for https://api.themoviedb.org/3/movie/153. Skipping.
[2026-06-20T11:34:57.250+0000] {logging_mixin.py:190} INFO - Skipping movie 153: could not fetch metadata.
[2026-06-20T11:34:57.806+0000] {logging_mixin.py:190} INFO - Skipping movie 164183: could not fetch metadata.
[2026-06-20T11:34:58.391+0000] {logging_mixin.py:190} INFO - Skipping movie 1704282: could not fetch metadata.
[2026-06-20T11:34:58.704+0000] {logging_mixin.py:190} INFO - Read timeout on attempt 1/3 for https://api.themoviedb.org/3/movie/314: HTTPSConnectionPool(host='api.themoviedb.org', port=443): Read timed out. (read timeout=30)
[2026-06-20T11:34:59.376+0000] {logging_mixin.py:190} INFO - Skipping movie 1081714: could not fetch metadata.
[2026-06-20T11:34:59.392+0000] {logging_mixin.py:190} INFO - Skipping movie 1638776: could not fetch metadata.
[2026-06-20T11:35:00.648+0000] {logging_mixin.py:190} INFO - Skipping movie 393616: could not fetch metadata.
[2026-06-20T11:35:02.432+0000] {logging_mixin.py:190} INFO - Skipping movie 459165: could not fetch metadata.
[2026-06-20T11:35:02.821+0000] {logging_mixin.py:190} INFO - Read timeout on attempt 3/3 for https://api.themoviedb.org/3/movie/1245347: HTTPSConnectionPool(host='api.themoviedb.org', port=443): Read timed out. (read timeout=30)
[2026-06-20T11:35:02.823+0000] {logging_mixin.py:190} INFO - All 3 attempts failed for https://api.themoviedb.org/3/movie/1245347. Skipping.
[2026-06-20T11:35:02.824+0000] {logging_mixin.py:190} INFO - Skipping movie 1245347: could not fetch metadata.
[2026-06-20T11:35:03.252+0000] {logging_mixin.py:190} INFO - Read timeout on attempt 1/3 for https://api.themoviedb.org/3/movie/319: HTTPSConnectionPool(host='api.themoviedb.org', port=443): Read timed out. (read timeout=30)
[2026-06-20T11:35:04.003+0000] {logging_mixin.py:190} INFO - Skipping movie 436: could not fetch metadata.
[2026-06-20T11:35:21.620+0000] {logging_mixin.py:190} INFO - Read timeout on attempt 1/3 for https://api.themoviedb.org/3/movie/1507651: HTTPSConnectionPool(host='api.themoviedb.org', port=443): Read timed out. (read timeout=30)
[2026-06-20T11:35:23.935+0000] {logging_mixin.py:190} INFO - Skipping movie 1507651: could not fetch metadata.
[2026-06-20T11:35:25.599+0000] {logging_mixin.py:190} INFO - Read timeout on attempt 3/3 for https://api.themoviedb.org/3/movie/180: HTTPSConnectionPool(host='api.themoviedb.org', port=443): Read timed out. (read timeout=30)
[2026-06-20T11:35:25.600+0000] {logging_mixin.py:190} INFO - All 3 attempts failed for https://api.themoviedb.org/3/movie/180. Skipping.
[2026-06-20T11:35:25.601+0000] {logging_mixin.py:190} INFO - Skipping movie 180: could not fetch metadata.
[2026-06-20T11:35:27.936+0000] {logging_mixin.py:190} INFO - Read timeout on attempt 1/3 for https://api.themoviedb.org/3/movie/344: HTTPSConnectionPool(host='api.themoviedb.org', port=443): Read timed out. (read timeout=30)
[2026-06-20T11:35:28.586+0000] {logging_mixin.py:190} INFO - Read timeout on attempt 1/3 for https://api.themoviedb.org/3/movie/350: HTTPSConnectionPool(host='api.themoviedb.org', port=443): Read timed out. (read timeout=30)
[2026-06-20T11:35:30.843+0000] {logging_mixin.py:190} INFO - Read timeout on attempt 2/3 for https://api.themoviedb.org/3/movie/314: HTTPSConnectionPool(host='api.themoviedb.org', port=443): Read timed out. (read timeout=30)
[2026-06-20T11:35:30.861+0000] {logging_mixin.py:190} INFO - Skipping movie 350: could not fetch metadata.
[2026-06-20T11:35:31.045+0000] {logging_mixin.py:190} INFO - Read timeout on attempt 3/3 for https://api.themoviedb.org/3/movie/272: HTTPSConnectionPool(host='api.themoviedb.org', port=443): Read timed out. (read timeout=30)
[2026-06-20T11:35:31.047+0000] {logging_mixin.py:190} INFO - All 3 attempts failed for https://api.themoviedb.org/3/movie/272. Skipping.
[2026-06-20T11:35:31.048+0000] {logging_mixin.py:190} INFO - Skipping movie 272: could not fetch metadata.
[2026-06-20T11:35:31.400+0000] {logging_mixin.py:190} INFO - Read timeout on attempt 1/3 for https://api.themoviedb.org/3/movie/405: HTTPSConnectionPool(host='api.themoviedb.org', port=443): Read timed out. (read timeout=30)
[2026-06-20T11:35:31.835+0000] {logging_mixin.py:190} INFO - Skipping movie 1507906: could not fetch metadata.
[2026-06-20T11:35:34.712+0000] {logging_mixin.py:190} INFO - Skipping movie 655976: could not fetch metadata.
[2026-06-20T11:35:35.117+0000] {logging_mixin.py:190} INFO - Skipping movie 314: could not fetch metadata.
[2026-06-20T11:35:35.330+0000] {logging_mixin.py:190} INFO - Read timeout on attempt 1/3 for https://api.themoviedb.org/3/movie/482: HTTPSConnectionPool(host='api.themoviedb.org', port=443): Read timed out. (read timeout=30)
[2026-06-20T11:35:35.368+0000] {logging_mixin.py:190} INFO - Read timeout on attempt 2/3 for https://api.themoviedb.org/3/movie/319: HTTPSConnectionPool(host='api.themoviedb.org', port=443): Read timed out. (read timeout=30)
[2026-06-20T11:35:35.748+0000] {logging_mixin.py:190} INFO - Skipping movie 630: could not fetch metadata.
[2026-06-20T11:35:38.995+0000] {logging_mixin.py:190} INFO - Skipping movie 66212: could not fetch metadata.
[2026-06-20T11:35:39.642+0000] {logging_mixin.py:190} INFO - Skipping movie 1704614: could not fetch metadata.
[2026-06-20T11:35:39.739+0000] {logging_mixin.py:190} INFO - Skipping movie 1606314: could not fetch metadata.
[2026-06-20T11:35:40.633+0000] {logging_mixin.py:190} INFO - Read timeout on attempt 1/3 for https://api.themoviedb.org/3/movie/1147416: HTTPSConnectionPool(host='api.themoviedb.org', port=443): Read timed out. (read timeout=30)
[2026-06-20T11:35:55.056+0000] {logging_mixin.py:190} INFO - Read timeout on attempt 1/3 for https://api.themoviedb.org/3/movie/548: HTTPSConnectionPool(host='api.themoviedb.org', port=443): Read timed out. (read timeout=30)
[2026-06-20T11:35:57.007+0000] {logging_mixin.py:190} INFO - Read timeout on attempt 1/3 for https://api.themoviedb.org/3/movie/131631: HTTPSConnectionPool(host='api.themoviedb.org', port=443): Read timed out. (read timeout=30)
[2026-06-20T11:35:59.557+0000] {logging_mixin.py:190} INFO - Skipping movie 1475267: could not fetch metadata.
[2026-06-20T11:36:02.914+0000] {logging_mixin.py:190} INFO - Read timeout on attempt 1/3 for https://api.themoviedb.org/3/movie/1475162: HTTPSConnectionPool(host='api.themoviedb.org', port=443): Read timed out. (read timeout=30)
[2026-06-20T11:36:03.510+0000] {logging_mixin.py:190} INFO - Read timeout on attempt 2/3 for https://api.themoviedb.org/3/movie/405: HTTPSConnectionPool(host='api.themoviedb.org', port=443): Read timed out. (read timeout=30)
[2026-06-20T11:36:04.662+0000] {logging_mixin.py:190} INFO - Read timeout on attempt 1/3 for https://api.themoviedb.org/3/movie/617: HTTPSConnectionPool(host='api.themoviedb.org', port=443): Read timed out. (read timeout=30)
[2026-06-20T11:36:07.830+0000] {logging_mixin.py:190} INFO - Read timeout on attempt 1/3 for https://api.themoviedb.org/3/movie/1704605: HTTPSConnectionPool(host='api.themoviedb.org', port=443): Read timed out. (read timeout=30)
[2026-06-20T11:36:09.503+0000] {logging_mixin.py:190} INFO - Read timeout on attempt 3/3 for https://api.themoviedb.org/3/movie/319: HTTPSConnectionPool(host='api.themoviedb.org', port=443): Read timed out. (read timeout=30)
[2026-06-20T11:36:09.504+0000] {logging_mixin.py:190} INFO - All 3 attempts failed for https://api.themoviedb.org/3/movie/319. Skipping.
[2026-06-20T11:36:09.505+0000] {logging_mixin.py:190} INFO - Skipping movie 319: could not fetch metadata.
[2026-06-20T11:36:09.843+0000] {logging_mixin.py:190} INFO - Read timeout on attempt 1/3 for https://api.themoviedb.org/3/movie/686: HTTPSConnectionPool(host='api.themoviedb.org', port=443): Read timed out. (read timeout=30)
[2026-06-20T11:36:10.046+0000] {logging_mixin.py:190} INFO - Read timeout on attempt 1/3 for https://api.themoviedb.org/3/movie/693: HTTPSConnectionPool(host='api.themoviedb.org', port=443): Read timed out. (read timeout=30)
[2026-06-20T11:36:14.776+0000] {local_task_job_runner.py:127} ERROR - Received SIGTERM. Terminating subprocesses
[2026-06-20T11:36:14.949+0000] {process_utils.py:132} INFO - Sending 15 to group 18155. PIDs of all processes in the group: [18155]
[2026-06-20T11:36:14.970+0000] {process_utils.py:87} INFO - Sending the signal 15 to group 18155
[2026-06-20T11:36:14.977+0000] {taskinstance.py:3083} ERROR - Received SIGTERM. Terminating subprocesses.
[2026-06-20T11:36:15.074+0000] {taskinstance.py:3301} ERROR - Task failed with exception
Traceback (most recent call last):
  File "/home/airflow/.local/lib/python3.12/site-packages/airflow/models/taskinstance.py", line 767, in _execute_task
    result = _execute_callable(context=context, **execute_callable_kwargs)
             ^^^^^^^^^^^^^^^^^^^^^^^^^^^^^^^^^^^^^^^^^^^^^^^^^^^^^^^^^^^^^
  File "/home/airflow/.local/lib/python3.12/site-packages/airflow/models/taskinstance.py", line 733, in _execute_callable
    return ExecutionCallableRunner(
           ^^^^^^^^^^^^^^^^^^^^^^^^
  File "/home/airflow/.local/lib/python3.12/site-packages/airflow/utils/operator_helpers.py", line 252, in run
    return self.func(*args, **kwargs)
           ^^^^^^^^^^^^^^^^^^^^^^^^^^
  File "/home/airflow/.local/lib/python3.12/site-packages/airflow/models/baseoperator.py", line 406, in wrapper
    return func(self, *args, **kwargs)
           ^^^^^^^^^^^^^^^^^^^^^^^^^^^
  File "/home/airflow/.local/lib/python3.12/site-packages/airflow/operators/python.py", line 238, in execute
    return_value = self.execute_callable()
                   ^^^^^^^^^^^^^^^^^^^^^^^
  File "/home/airflow/.local/lib/python3.12/site-packages/airflow/operators/python.py", line 256, in execute_callable
    return runner.run(*self.op_args, **self.op_kwargs)
           ^^^^^^^^^^^^^^^^^^^^^^^^^^^^^^^^^^^^^^^^^^^
  File "/home/airflow/.local/lib/python3.12/site-packages/airflow/utils/operator_helpers.py", line 252, in run
    return self.func(*args, **kwargs)
           ^^^^^^^^^^^^^^^^^^^^^^^^^^
  File "/opt/airflow/src/incremental_load.py", line 229, in run_pipeline
    with concurrent.futures.ThreadPoolExecutor(max_workers=MAX_WORKERS) as executor:
  File "/usr/local/lib/python3.12/concurrent/futures/_base.py", line 647, in __exit__
    self.shutdown(wait=True)
  File "/usr/local/lib/python3.12/concurrent/futures/thread.py", line 238, in shutdown
    t.join()
  File "/usr/local/lib/python3.12/threading.py", line 1149, in join
    self._wait_for_tstate_lock()
  File "/usr/local/lib/python3.12/threading.py", line 1169, in _wait_for_tstate_lock
    if lock.acquire(block, timeout):
       ^^^^^^^^^^^^^^^^^^^^^^^^^^^^
  File "/home/airflow/.local/lib/python3.12/site-packages/airflow/models/taskinstance.py", line 3085, in signal_handler
    raise AirflowTaskTerminated("Task received SIGTERM signal")
airflow.exceptions.AirflowTaskTerminated: Task received SIGTERM signal
[2026-06-20T11:36:15.276+0000] {taskinstance.py:1225} INFO - Marking task as UP_FOR_RETRY. dag_id=tmdb_incremental_sync, task_id=incremental_sync_pipeline, run_id=scheduled__2026-06-19T00:00:00+00:00, execution_date=20260619T000000, start_date=20260620T044340, end_date=20260620T113615
[2026-06-20T11:36:15.621+0000] {taskinstance.py:340} INFO - ::group::Post task execution logs
[2026-06-20T11:36:16.027+0000] {process_utils.py:80} INFO - Process psutil.Process(pid=18155, status='terminated', exitcode=2, started='04:43:40') (18155) terminated with exit code 2
[2026-06-20T11:36:16.032+0000] {local_task_job_runner.py:261} INFO - Task exited with return code 143
[2026-06-20T11:36:16.259+0000] {taskinstance.py:3891} INFO - 0 downstream tasks scheduled from follow-on schedule check
[2026-06-20T11:36:17.744+0000] {standard_task_runner.py:217} INFO - Process not found (most likely exited), stop collecting metrics
[2026-06-20T11:36:18.044+0000] {local_task_job_runner.py:240} INFO - ::endgroup::
