[2026-07-27T13:49:54.297+0000] {local_task_job_runner.py:123} INFO - ::group::Pre task execution logs
[2026-07-27T13:49:57.451+0000] {taskinstance.py:2603} INFO - Dependencies all met for dep_context=non-requeueable deps ti=<TaskInstance: dbt_pipeline.dbt_run scheduled__2026-07-26T00:00:00+00:00 [queued]>
[2026-07-27T13:49:57.865+0000] {taskinstance.py:2603} INFO - Dependencies all met for dep_context=requeueable deps ti=<TaskInstance: dbt_pipeline.dbt_run scheduled__2026-07-26T00:00:00+00:00 [queued]>
[2026-07-27T13:49:57.888+0000] {taskinstance.py:2856} INFO - Starting attempt 1 of 1
[2026-07-27T13:49:58.363+0000] {taskinstance.py:2879} INFO - Executing <Task(BashOperator): dbt_run> on 2026-07-26 00:00:00+00:00
[2026-07-27T13:50:00.334+0000] {standard_task_runner.py:104} INFO - Running: ['***', 'tasks', 'run', 'dbt_pipeline', 'dbt_run', 'scheduled__2026-07-26T00:00:00+00:00', '--job-id', '115', '--raw', '--subdir', 'DAGS_FOLDER/dbt_pipeline.py', '--cfg-path', '/tmp/tmpl3xhtte4']
[2026-07-27T13:50:00.334+0000] {standard_task_runner.py:105} INFO - Job 115: Subtask dbt_run
[2026-07-27T13:50:00.334+0000] {logging_mixin.py:190} WARNING - /home/***/.local/lib/python3.12/site-packages/***/task/task_runner/standard_task_runner.py:70 DeprecationWarning: This process (pid=8128) is multi-threaded, use of fork() may lead to deadlocks in the child.
[2026-07-27T13:50:00.334+0000] {standard_task_runner.py:72} INFO - Started process 8138 to run task
[2026-07-27T13:50:02.712+0000] {task_command.py:467} INFO - Running <TaskInstance: dbt_pipeline.dbt_run scheduled__2026-07-26T00:00:00+00:00 [running]> on host 2c9dbb404379
[2026-07-28T13:49:35.895+0000] {taskinstance.py:3122} INFO - Exporting env vars: AIRFLOW_CTX_DAG_OWNER='***' AIRFLOW_CTX_DAG_ID='dbt_pipeline' AIRFLOW_CTX_TASK_ID='dbt_run' AIRFLOW_CTX_EXECUTION_DATE='2026-07-26T00:00:00+00:00' AIRFLOW_CTX_TRY_NUMBER='1' AIRFLOW_CTX_DAG_RUN_ID='scheduled__2026-07-26T00:00:00+00:00'
[2026-07-28T13:49:35.899+0000] {taskinstance.py:731} INFO - ::endgroup::
[2026-07-28T13:49:36.083+0000] {subprocess.py:63} INFO - Tmp dir root location: /tmp
[2026-07-28T13:49:36.175+0000] {subprocess.py:75} INFO - Running command: ['/usr/bin/bash', '-c', '\n        cd /opt/***/tmdwh &&\n        dbt run --profiles-dir /opt/***/tmdwh\n        ']
[2026-07-28T13:49:36.456+0000] {subprocess.py:86} INFO - Output:
[2026-07-28T13:49:40.776+0000] {job.py:229} INFO - Heartbeat recovered after 86390.65 seconds
[2026-07-28T20:49:59.228+0000] {subprocess.py:93} INFO - [0m20:49:59  Running with dbt=1.12.0
[2026-07-28T20:50:23.270+0000] {job.py:229} INFO - Heartbeat recovered after 25219.95 seconds
[2026-07-29T08:49:47.980+0000] {job.py:229} INFO - Heartbeat recovered after 43164.83 seconds
[2026-07-30T09:05:12.255+0000] {job.py:229} INFO - Heartbeat recovered after 87307.61 seconds
[2026-07-30T09:05:15.394+0000] {subprocess.py:93} INFO - [0m09:05:15  Registered adapter: postgres=1.11.0
[2026-07-30T09:05:37.055+0000] {subprocess.py:93} INFO - [0m09:05:37  Found 24 models, 31 data tests, 1 source, 592 macros
[2026-07-30T09:05:37.210+0000] {subprocess.py:93} INFO - [0m09:05:37
[2026-07-30T09:05:37.278+0000] {subprocess.py:93} INFO - [0m09:05:37  Concurrency: 4 threads (target='dev')
[2026-07-30T09:05:37.297+0000] {subprocess.py:93} INFO - [0m09:05:37
[2026-07-30T09:05:42.681+0000] {subprocess.py:93} INFO - [0m09:05:42
[2026-07-30T09:05:42.706+0000] {subprocess.py:93} INFO - [0m09:05:42  Finished running  in 0 hours 0 minutes and 5.40 seconds (5.40s).
[2026-07-30T09:05:42.741+0000] {subprocess.py:93} INFO - [0m09:05:42  [[31mERROR[0m]: Encountered an error:
[2026-07-30T09:05:42.746+0000] {subprocess.py:93} INFO - Database Error
[2026-07-30T09:05:42.765+0000] {subprocess.py:93} INFO -   could not translate host name "movie-postgres" to address: Name or service not known
[2026-07-30T09:05:42.778+0000] {subprocess.py:93} INFO - 
[2026-07-30T09:05:46.570+0000] {subprocess.py:97} INFO - Command exited with return code 2
[2026-07-30T09:05:46.870+0000] {taskinstance.py:3301} ERROR - Task failed with exception
Traceback (most recent call last):
  File "/home/airflow/.local/lib/python3.12/site-packages/airflow/models/taskinstance.py", line 767, in _execute_task
    result = _execute_callable(context=context, **execute_callable_kwargs)
             ^^^^^^^^^^^^^^^^^^^^^^^^^^^^^^^^^^^^^^^^^^^^^^^^^^^^^^^^^^^^^
  File "/home/airflow/.local/lib/python3.12/site-packages/airflow/models/taskinstance.py", line 733, in _execute_callable
    return ExecutionCallableRunner(
           ^^^^^^^^^^^^^^^^^^^^^^^^
  File "/home/airflow/.local/lib/python3.12/site-packages/airflow/utils/operator_helpers.py", line 252, in run
    return self.func(*args, **kwargs)
           ^^^^^^^^^^^^^^^^^^^^^^^^^^
  File "/home/airflow/.local/lib/python3.12/site-packages/airflow/models/baseoperator.py", line 406, in wrapper
    return func(self, *args, **kwargs)
           ^^^^^^^^^^^^^^^^^^^^^^^^^^^
  File "/home/airflow/.local/lib/python3.12/site-packages/airflow/operators/bash.py", line 249, in execute
    raise AirflowException(
airflow.exceptions.AirflowException: Bash command failed. The command returned a non-zero exit code 2.
[2026-07-30T09:05:46.995+0000] {taskinstance.py:1225} INFO - Marking task as FAILED. dag_id=dbt_pipeline, task_id=dbt_run, run_id=scheduled__2026-07-26T00:00:00+00:00, execution_date=20260726T000000, start_date=20260727T134957, end_date=20260730T090546
[2026-07-30T09:05:47.490+0000] {taskinstance.py:340} INFO - ::group::Post task execution logs
[2026-07-30T09:05:47.500+0000] {standard_task_runner.py:124} ERROR - Failed to execute job 115 for task dbt_run (Bash command failed. The command returned a non-zero exit code 2.; 8138)
Traceback (most recent call last):
  File "/home/airflow/.local/lib/python3.12/site-packages/airflow/task/task_runner/standard_task_runner.py", line 117, in _start_by_fork
    ret = args.func(args, dag=self.dag)
          ^^^^^^^^^^^^^^^^^^^^^^^^^^^^^
  File "/home/airflow/.local/lib/python3.12/site-packages/airflow/cli/cli_config.py", line 49, in command
    return func(*args, **kwargs)
           ^^^^^^^^^^^^^^^^^^^^^
  File "/home/airflow/.local/lib/python3.12/site-packages/airflow/utils/cli.py", line 115, in wrapper
    return f(*args, **kwargs)
           ^^^^^^^^^^^^^^^^^^
  File "/home/airflow/.local/lib/python3.12/site-packages/airflow/cli/commands/task_command.py", line 483, in task_run
    task_return_code = _run_task_by_selected_method(args, _dag, ti)
                       ^^^^^^^^^^^^^^^^^^^^^^^^^^^^^^^^^^^^^^^^^^^^
  File "/home/airflow/.local/lib/python3.12/site-packages/airflow/cli/commands/task_command.py", line 256, in _run_task_by_selected_method
    return _run_raw_task(args, ti)
           ^^^^^^^^^^^^^^^^^^^^^^^
  File "/home/airflow/.local/lib/python3.12/site-packages/airflow/cli/commands/task_command.py", line 341, in _run_raw_task
    return ti._run_raw_task(
           ^^^^^^^^^^^^^^^^^
  File "/home/airflow/.local/lib/python3.12/site-packages/airflow/utils/session.py", line 97, in wrapper
    return func(*args, session=session, **kwargs)
           ^^^^^^^^^^^^^^^^^^^^^^^^^^^^^^^^^^^^^^
  File "/home/airflow/.local/lib/python3.12/site-packages/airflow/models/taskinstance.py", line 2995, in _run_raw_task
    return _run_raw_task(
           ^^^^^^^^^^^^^^
  File "/home/airflow/.local/lib/python3.12/site-packages/airflow/models/taskinstance.py", line 273, in _run_raw_task
    TaskInstance._execute_task_with_callbacks(
  File "/home/airflow/.local/lib/python3.12/site-packages/airflow/models/taskinstance.py", line 3149, in _execute_task_with_callbacks
    result = self._execute_task(context, task_orig)
             ^^^^^^^^^^^^^^^^^^^^^^^^^^^^^^^^^^^^^^
  File "/home/airflow/.local/lib/python3.12/site-packages/airflow/models/taskinstance.py", line 3173, in _execute_task
    return _execute_task(self, context, task_orig)
           ^^^^^^^^^^^^^^^^^^^^^^^^^^^^^^^^^^^^^^^
  File "/home/airflow/.local/lib/python3.12/site-packages/airflow/models/taskinstance.py", line 767, in _execute_task
    result = _execute_callable(context=context, **execute_callable_kwargs)
             ^^^^^^^^^^^^^^^^^^^^^^^^^^^^^^^^^^^^^^^^^^^^^^^^^^^^^^^^^^^^^
  File "/home/airflow/.local/lib/python3.12/site-packages/airflow/models/taskinstance.py", line 733, in _execute_callable
    return ExecutionCallableRunner(
           ^^^^^^^^^^^^^^^^^^^^^^^^
  File "/home/airflow/.local/lib/python3.12/site-packages/airflow/utils/operator_helpers.py", line 252, in run
    return self.func(*args, **kwargs)
           ^^^^^^^^^^^^^^^^^^^^^^^^^^
  File "/home/airflow/.local/lib/python3.12/site-packages/airflow/models/baseoperator.py", line 406, in wrapper
    return func(self, *args, **kwargs)
           ^^^^^^^^^^^^^^^^^^^^^^^^^^^
  File "/home/airflow/.local/lib/python3.12/site-packages/airflow/operators/bash.py", line 249, in execute
    raise AirflowException(
airflow.exceptions.AirflowException: Bash command failed. The command returned a non-zero exit code 2.
[2026-07-30T09:05:47.564+0000] {local_task_job_runner.py:261} INFO - Task exited with return code 1
[2026-07-30T09:05:47.721+0000] {standard_task_runner.py:217} INFO - Process not found (most likely exited), stop collecting metrics
[2026-07-30T09:05:47.863+0000] {taskinstance.py:3891} INFO - 0 downstream tasks scheduled from follow-on schedule check
[2026-07-30T09:05:47.950+0000] {local_task_job_runner.py:240} INFO - ::endgroup::
