[2026-07-15T05:57:38.119+0000] {local_task_job_runner.py:123} INFO - ::group::Pre task execution logs
[2026-07-15T05:57:38.613+0000] {taskinstance.py:2603} INFO - Dependencies all met for dep_context=non-requeueable deps ti=<TaskInstance: tmdb_incremental_sync.incremental_sync_pipeline scheduled__2026-07-14T00:00:00+00:00 [queued]>
[2026-07-15T05:57:38.716+0000] {taskinstance.py:2603} INFO - Dependencies all met for dep_context=requeueable deps ti=<TaskInstance: tmdb_incremental_sync.incremental_sync_pipeline scheduled__2026-07-14T00:00:00+00:00 [queued]>
[2026-07-15T05:57:38.722+0000] {taskinstance.py:2856} INFO - Starting attempt 1 of 3
[2026-07-15T05:57:38.923+0000] {taskinstance.py:2879} INFO - Executing <Task(PythonOperator): incremental_sync_pipeline> on 2026-07-14 00:00:00+00:00
[2026-07-15T05:57:39.092+0000] {logging_mixin.py:190} WARNING - /home/***/.local/lib/python3.12/site-packages/***/task/task_runner/standard_task_runner.py:70 DeprecationWarning: This process (pid=7422) is multi-threaded, use of fork() may lead to deadlocks in the child.
[2026-07-15T05:57:39.082+0000] {standard_task_runner.py:104} INFO - Running: ['***', 'tasks', 'run', 'tmdb_incremental_sync', 'incremental_sync_pipeline', 'scheduled__2026-07-14T00:00:00+00:00', '--job-id', '76', '--raw', '--subdir', 'DAGS_FOLDER/tmdb_incremental_sync.py', '--cfg-path', '/tmp/tmp733_6jq9']
[2026-07-15T05:57:39.101+0000] {standard_task_runner.py:72} INFO - Started process 7427 to run task
[2026-07-15T05:57:39.107+0000] {standard_task_runner.py:105} INFO - Job 76: Subtask incremental_sync_pipeline
[2026-07-15T05:57:39.664+0000] {task_command.py:467} INFO - Running <TaskInstance: tmdb_incremental_sync.incremental_sync_pipeline scheduled__2026-07-14T00:00:00+00:00 [running]> on host d8c53ec118ae
[2026-07-15T05:57:40.795+0000] {taskinstance.py:3122} INFO - Exporting env vars: AIRFLOW_CTX_DAG_OWNER='***' AIRFLOW_CTX_DAG_ID='tmdb_incremental_sync' AIRFLOW_CTX_TASK_ID='incremental_sync_pipeline' AIRFLOW_CTX_EXECUTION_DATE='2026-07-14T00:00:00+00:00' AIRFLOW_CTX_TRY_NUMBER='1' AIRFLOW_CTX_DAG_RUN_ID='scheduled__2026-07-14T00:00:00+00:00'
[2026-07-15T05:57:40.808+0000] {taskinstance.py:731} INFO - ::endgroup::
[2026-07-15T05:57:41.431+0000] {logging_mixin.py:190} INFO - Starting incremental sync for 2026-07-14 → 2026-07-15...
[2026-07-15T05:57:41.431+0000] {logging_mixin.py:190} INFO - Fetching changes: 2026-07-14 -> 2026-07-15
[2026-07-15T07:57:33.140+0000] {job.py:229} INFO - Heartbeat recovered after 7183.28 seconds
[2026-07-15T08:42:04.444+0000] {logging_mixin.py:190} INFO - Found 5123 changed IDs. Syncing metadata...
[2026-07-15T08:42:06.492+0000] {job.py:229} INFO - Heartbeat recovered after 2649.32 seconds
[2026-07-15T08:42:14.763+0000] {logging_mixin.py:190} INFO - Skipping movie 1081418: could not fetch metadata.
[2026-07-15T08:42:19.204+0000] {logging_mixin.py:190} INFO - Skipping movie 1278631: could not fetch metadata.
[2026-07-15T08:42:20.789+0000] {logging_mixin.py:190} INFO - Skipping movie 1606474: could not fetch metadata.
[2026-07-15T08:42:20.951+0000] {logging_mixin.py:190} INFO - Skipping movie 1606480: could not fetch metadata.
[2026-07-15T08:42:22.201+0000] {logging_mixin.py:190} INFO - Skipping movie 1639459: could not fetch metadata.
[2026-07-15T08:42:22.347+0000] {logging_mixin.py:190} INFO - Skipping movie 1311852: could not fetch metadata.
[2026-07-15T08:42:24.695+0000] {logging_mixin.py:190} INFO - Skipping movie 1443411: could not fetch metadata.
[2026-07-15T08:42:24.964+0000] {logging_mixin.py:190} INFO - Skipping movie 1476280: could not fetch metadata.
[2026-07-15T08:42:28.074+0000] {logging_mixin.py:190} INFO - Skipping movie 1640584: could not fetch metadata.
[2026-07-15T08:42:28.333+0000] {logging_mixin.py:190} INFO - Skipping movie 1509666: could not fetch metadata.
[2026-07-15T08:42:28.862+0000] {logging_mixin.py:190} INFO - Skipping movie 1706338: could not fetch metadata.
[2026-07-15T08:42:29.774+0000] {logging_mixin.py:190} INFO - Skipping movie 1083934: could not fetch metadata.
[2026-07-15T08:42:30.628+0000] {logging_mixin.py:190} INFO - Skipping movie 953019: could not fetch metadata.
[2026-07-15T08:42:32.575+0000] {logging_mixin.py:190} INFO - Skipping movie 953262: could not fetch metadata.
[2026-07-15T09:52:14.486+0000] {logging_mixin.py:190} INFO - Skipping movie 1707336: could not fetch metadata.
[2026-07-15T09:52:14.637+0000] {logging_mixin.py:190} INFO - Skipping movie 1150223: could not fetch metadata.
[2026-07-15T09:52:15.284+0000] {logging_mixin.py:190} INFO - Skipping movie 1281545: could not fetch metadata.
[2026-07-15T09:52:15.367+0000] {logging_mixin.py:190} INFO - Skipping movie 1281548: could not fetch metadata.
[2026-07-15T09:52:15.387+0000] {logging_mixin.py:190} INFO - Skipping movie 1281547: could not fetch metadata.
[2026-07-15T09:52:15.454+0000] {logging_mixin.py:190} INFO - Skipping movie 1281551: could not fetch metadata.
[2026-07-15T09:52:15.487+0000] {logging_mixin.py:190} INFO - Skipping movie 1281549: could not fetch metadata.
[2026-07-15T09:52:15.500+0000] {logging_mixin.py:190} INFO - Skipping movie 1281550: could not fetch metadata.
[2026-07-15T09:52:15.566+0000] {logging_mixin.py:190} INFO - Skipping movie 1281553: could not fetch metadata.
[2026-07-15T09:52:15.638+0000] {logging_mixin.py:190} INFO - Skipping movie 1281554: could not fetch metadata.
[2026-07-15T09:52:15.639+0000] {logging_mixin.py:190} INFO - Skipping movie 1281555: could not fetch metadata.
[2026-07-15T09:52:15.665+0000] {logging_mixin.py:190} INFO - Skipping movie 1281557: could not fetch metadata.
[2026-07-15T09:52:15.698+0000] {logging_mixin.py:190} INFO - Skipping movie 1281552: could not fetch metadata.
[2026-07-15T09:52:16.209+0000] {logging_mixin.py:190} INFO - Skipping movie 1478290: could not fetch metadata.
[2026-07-15T09:52:16.964+0000] {job.py:229} INFO - Heartbeat recovered after 4184.55 seconds
[2026-07-15T09:52:17.608+0000] {logging_mixin.py:190} INFO - Skipping movie 1609656: could not fetch metadata.
[2026-07-15T09:52:18.009+0000] {logging_mixin.py:190} INFO - Skipping movie 1609717: could not fetch metadata.
[2026-07-15T09:52:19.110+0000] {logging_mixin.py:190} INFO - Skipping movie 1478841: could not fetch metadata.
[2026-07-15T09:52:22.017+0000] {logging_mixin.py:190} INFO - Skipping movie 1446572: could not fetch metadata.
[2026-07-15T09:52:22.027+0000] {local_task_job_runner.py:341} WARNING - State of this instance has been externally set to up_for_retry. Terminating instance.
[2026-07-15T09:52:22.028+0000] {local_task_job_runner.py:240} INFO - ::endgroup::
[2026-07-15T09:52:22.033+0000] {process_utils.py:132} INFO - Sending 15 to group 7427. PIDs of all processes in the group: [7427]
[2026-07-15T09:52:22.034+0000] {process_utils.py:87} INFO - Sending the signal 15 to group 7427
[2026-07-15T09:52:22.035+0000] {taskinstance.py:3083} ERROR - Received SIGTERM. Terminating subprocesses.
[2026-07-15T09:52:22.055+0000] {taskinstance.py:3301} ERROR - Task failed with exception
Traceback (most recent call last):
  File "/home/airflow/.local/lib/python3.12/site-packages/airflow/models/taskinstance.py", line 767, in _execute_task
    result = _execute_callable(context=context, **execute_callable_kwargs)
             ^^^^^^^^^^^^^^^^^^^^^^^^^^^^^^^^^^^^^^^^^^^^^^^^^^^^^^^^^^^^^
  File "/home/airflow/.local/lib/python3.12/site-packages/airflow/models/taskinstance.py", line 733, in _execute_callable
    return ExecutionCallableRunner(
           ^^^^^^^^^^^^^^^^^^^^^^^^
  File "/home/airflow/.local/lib/python3.12/site-packages/airflow/utils/operator_helpers.py", line 252, in run
    return self.func(*args, **kwargs)
           ^^^^^^^^^^^^^^^^^^^^^^^^^^
  File "/home/airflow/.local/lib/python3.12/site-packages/airflow/models/baseoperator.py", line 406, in wrapper
    return func(self, *args, **kwargs)
           ^^^^^^^^^^^^^^^^^^^^^^^^^^^
  File "/home/airflow/.local/lib/python3.12/site-packages/airflow/operators/python.py", line 238, in execute
    return_value = self.execute_callable()
                   ^^^^^^^^^^^^^^^^^^^^^^^
  File "/home/airflow/.local/lib/python3.12/site-packages/airflow/operators/python.py", line 256, in execute_callable
    return runner.run(*self.op_args, **self.op_kwargs)
           ^^^^^^^^^^^^^^^^^^^^^^^^^^^^^^^^^^^^^^^^^^^
  File "/home/airflow/.local/lib/python3.12/site-packages/airflow/utils/operator_helpers.py", line 252, in run
    return self.func(*args, **kwargs)
           ^^^^^^^^^^^^^^^^^^^^^^^^^^
  File "/opt/airflow/src/incremental_load.py", line 229, in run_pipeline
    with concurrent.futures.ThreadPoolExecutor(max_workers=MAX_WORKERS) as executor:
  File "/usr/local/lib/python3.12/concurrent/futures/_base.py", line 647, in __exit__
    self.shutdown(wait=True)
  File "/usr/local/lib/python3.12/concurrent/futures/thread.py", line 238, in shutdown
    t.join()
  File "/usr/local/lib/python3.12/threading.py", line 1149, in join
    self._wait_for_tstate_lock()
  File "/usr/local/lib/python3.12/threading.py", line 1169, in _wait_for_tstate_lock
    if lock.acquire(block, timeout):
       ^^^^^^^^^^^^^^^^^^^^^^^^^^^^
  File "/home/airflow/.local/lib/python3.12/site-packages/airflow/models/taskinstance.py", line 3085, in signal_handler
    raise AirflowTaskTerminated("Task received SIGTERM signal")
airflow.exceptions.AirflowTaskTerminated: Task received SIGTERM signal
[2026-07-15T09:52:22.073+0000] {taskinstance.py:1225} INFO - Marking task as UP_FOR_RETRY. dag_id=tmdb_incremental_sync, task_id=incremental_sync_pipeline, run_id=scheduled__2026-07-14T00:00:00+00:00, execution_date=20260714T000000, start_date=20260715T055738, end_date=20260715T095222
[2026-07-15T09:52:22.090+0000] {taskinstance.py:340} INFO - ::group::Post task execution logs
[2026-07-15T09:52:22.128+0000] {process_utils.py:80} INFO - Process psutil.Process(pid=7427, status='terminated', exitcode=2, started='05:57:38') (7427) terminated with exit code 2
