[2026-07-15T09:57:23.397+0000] {local_task_job_runner.py:123} INFO - ::group::Pre task execution logs
[2026-07-15T09:57:23.428+0000] {taskinstance.py:2603} INFO - Dependencies all met for dep_context=non-requeueable deps ti=<TaskInstance: tmdb_incremental_sync.incremental_sync_pipeline scheduled__2026-07-14T00:00:00+00:00 [queued]>
[2026-07-15T09:57:23.442+0000] {taskinstance.py:2603} INFO - Dependencies all met for dep_context=requeueable deps ti=<TaskInstance: tmdb_incremental_sync.incremental_sync_pipeline scheduled__2026-07-14T00:00:00+00:00 [queued]>
[2026-07-15T09:57:23.443+0000] {taskinstance.py:2856} INFO - Starting attempt 2 of 3
[2026-07-15T09:57:23.463+0000] {taskinstance.py:2879} INFO - Executing <Task(PythonOperator): incremental_sync_pipeline> on 2026-07-14 00:00:00+00:00
[2026-07-15T09:57:23.474+0000] {logging_mixin.py:190} WARNING - /home/***/.local/lib/python3.12/site-packages/***/task/task_runner/standard_task_runner.py:70 DeprecationWarning: This process (pid=7569) is multi-threaded, use of fork() may lead to deadlocks in the child.
[2026-07-15T09:57:23.473+0000] {standard_task_runner.py:104} INFO - Running: ['***', 'tasks', 'run', 'tmdb_incremental_sync', 'incremental_sync_pipeline', 'scheduled__2026-07-14T00:00:00+00:00', '--job-id', '77', '--raw', '--subdir', 'DAGS_FOLDER/tmdb_incremental_sync.py', '--cfg-path', '/tmp/tmp2hll4334']
[2026-07-15T09:57:23.476+0000] {standard_task_runner.py:72} INFO - Started process 7570 to run task
[2026-07-15T09:57:23.477+0000] {standard_task_runner.py:105} INFO - Job 77: Subtask incremental_sync_pipeline
[2026-07-15T09:57:23.557+0000] {task_command.py:467} INFO - Running <TaskInstance: tmdb_incremental_sync.incremental_sync_pipeline scheduled__2026-07-14T00:00:00+00:00 [running]> on host d8c53ec118ae
[2026-07-15T09:57:23.717+0000] {taskinstance.py:3122} INFO - Exporting env vars: AIRFLOW_CTX_DAG_OWNER='***' AIRFLOW_CTX_DAG_ID='tmdb_incremental_sync' AIRFLOW_CTX_TASK_ID='incremental_sync_pipeline' AIRFLOW_CTX_EXECUTION_DATE='2026-07-14T00:00:00+00:00' AIRFLOW_CTX_TRY_NUMBER='2' AIRFLOW_CTX_DAG_RUN_ID='scheduled__2026-07-14T00:00:00+00:00'
[2026-07-15T09:57:23.718+0000] {taskinstance.py:731} INFO - ::endgroup::
[2026-07-15T09:57:23.770+0000] {logging_mixin.py:190} INFO - Starting incremental sync for 2026-07-14 → 2026-07-15...
[2026-07-15T09:57:23.790+0000] {logging_mixin.py:190} INFO - Fetching changes: 2026-07-14 -> 2026-07-15
[2026-07-15T09:57:38.235+0000] {logging_mixin.py:190} INFO - Found 5123 changed IDs. Syncing metadata...
[2026-07-15T09:57:38.941+0000] {logging_mixin.py:190} INFO - Skipping movie 1081418: could not fetch metadata.
[2026-07-15T09:57:41.187+0000] {logging_mixin.py:190} INFO - Skipping movie 1278631: could not fetch metadata.
[2026-07-15T09:57:41.993+0000] {logging_mixin.py:190} INFO - Skipping movie 1606474: could not fetch metadata.
[2026-07-15T09:57:42.060+0000] {logging_mixin.py:190} INFO - Skipping movie 1606480: could not fetch metadata.
[2026-07-15T09:57:42.659+0000] {logging_mixin.py:190} INFO - Skipping movie 1639459: could not fetch metadata.
[2026-07-15T09:57:43.084+0000] {logging_mixin.py:190} INFO - Skipping movie 1311852: could not fetch metadata.
[2026-07-15T09:57:44.171+0000] {logging_mixin.py:190} INFO - Skipping movie 1443411: could not fetch metadata.
[2026-07-15T09:57:44.350+0000] {logging_mixin.py:190} INFO - Skipping movie 1476280: could not fetch metadata.
[2026-07-15T09:57:45.516+0000] {logging_mixin.py:190} INFO - Skipping movie 1640584: could not fetch metadata.
[2026-07-15T09:57:45.687+0000] {logging_mixin.py:190} INFO - Skipping movie 1509666: could not fetch metadata.
[2026-07-15T09:57:45.862+0000] {logging_mixin.py:190} INFO - Skipping movie 1706338: could not fetch metadata.
[2026-07-15T09:57:46.318+0000] {logging_mixin.py:190} INFO - Skipping movie 1083934: could not fetch metadata.
[2026-07-15T09:57:46.686+0000] {logging_mixin.py:190} INFO - Skipping movie 953019: could not fetch metadata.
[2026-07-15T09:57:47.489+0000] {logging_mixin.py:190} INFO - Skipping movie 953262: could not fetch metadata.
[2026-07-15T09:57:48.540+0000] {logging_mixin.py:190} INFO - Skipping movie 1150223: could not fetch metadata.
[2026-07-15T09:57:48.654+0000] {logging_mixin.py:190} INFO - Skipping movie 1707336: could not fetch metadata.
[2026-07-15T09:57:49.065+0000] {logging_mixin.py:190} INFO - Skipping movie 1281545: could not fetch metadata.
[2026-07-15T09:57:49.072+0000] {logging_mixin.py:190} INFO - Skipping movie 1281547: could not fetch metadata.
[2026-07-15T09:57:49.107+0000] {logging_mixin.py:190} INFO - Skipping movie 1281548: could not fetch metadata.
[2026-07-15T09:57:49.145+0000] {logging_mixin.py:190} INFO - Skipping movie 1281550: could not fetch metadata.
[2026-07-15T09:57:49.156+0000] {logging_mixin.py:190} INFO - Skipping movie 1281551: could not fetch metadata.
[2026-07-15T09:57:49.178+0000] {logging_mixin.py:190} INFO - Skipping movie 1281549: could not fetch metadata.
[2026-07-15T09:57:49.222+0000] {logging_mixin.py:190} INFO - Skipping movie 1281553: could not fetch metadata.
[2026-07-15T09:57:49.259+0000] {logging_mixin.py:190} INFO - Skipping movie 1281555: could not fetch metadata.
[2026-07-15T09:57:49.269+0000] {logging_mixin.py:190} INFO - Skipping movie 1281554: could not fetch metadata.
[2026-07-15T09:57:49.334+0000] {logging_mixin.py:190} INFO - Skipping movie 1281557: could not fetch metadata.
[2026-07-15T09:57:49.337+0000] {logging_mixin.py:190} INFO - Skipping movie 1281552: could not fetch metadata.
[2026-07-15T09:57:49.612+0000] {logging_mixin.py:190} INFO - Skipping movie 1478290: could not fetch metadata.
[2026-07-15T09:57:50.281+0000] {logging_mixin.py:190} INFO - Skipping movie 1609656: could not fetch metadata.
[2026-07-15T09:57:50.550+0000] {logging_mixin.py:190} INFO - Skipping movie 1609717: could not fetch metadata.
[2026-07-15T09:57:51.025+0000] {logging_mixin.py:190} INFO - Skipping movie 1478841: could not fetch metadata.
[2026-07-15T09:57:52.449+0000] {logging_mixin.py:190} INFO - Skipping movie 1446572: could not fetch metadata.
[2026-07-15T09:57:52.880+0000] {logging_mixin.py:190} INFO - Skipping movie 955154: could not fetch metadata.
[2026-07-15T09:57:53.485+0000] {logging_mixin.py:190} INFO - Skipping movie 955245: could not fetch metadata.
[2026-07-15T09:57:53.509+0000] {logging_mixin.py:190} INFO - Skipping movie 1479523: could not fetch metadata.
[2026-07-15T09:57:53.527+0000] {logging_mixin.py:190} INFO - Skipping movie 955247: could not fetch metadata.
[2026-07-15T09:57:54.198+0000] {logging_mixin.py:190} INFO - Skipping movie 1479696: could not fetch metadata.
[2026-07-15T09:57:56.102+0000] {logging_mixin.py:190} INFO - Skipping movie 1611090: could not fetch metadata.
[2026-07-15T09:57:56.223+0000] {logging_mixin.py:190} INFO - Skipping movie 1611092: could not fetch metadata.
[2026-07-15T09:57:56.757+0000] {logging_mixin.py:190} INFO - Skipping movie 1676788: could not fetch metadata.
[2026-07-15T09:57:56.881+0000] {logging_mixin.py:190} INFO - Skipping movie 955980: could not fetch metadata.
[2026-07-15T09:57:56.961+0000] {logging_mixin.py:190} INFO - Skipping movie 955981: could not fetch metadata.
[2026-07-15T09:57:57.321+0000] {logging_mixin.py:190} INFO - Skipping movie 1611414: could not fetch metadata.
[2026-07-15T09:57:58.417+0000] {logging_mixin.py:190} INFO - Skipping movie 956163: could not fetch metadata.
[2026-07-15T09:57:59.399+0000] {logging_mixin.py:190} INFO - Skipping movie 1611723: could not fetch metadata.
[2026-07-15T09:58:00.173+0000] {logging_mixin.py:190} INFO - Skipping movie 890951: could not fetch metadata.
[2026-07-15T09:58:03.533+0000] {logging_mixin.py:190} INFO - Skipping movie 957205: could not fetch metadata.
[2026-07-15T09:58:04.225+0000] {logging_mixin.py:190} INFO - Skipping movie 957345: could not fetch metadata.
[2026-07-15T09:58:06.564+0000] {logging_mixin.py:190} INFO - Skipping movie 957745: could not fetch metadata.
[2026-07-15T09:58:06.639+0000] {logging_mixin.py:190} INFO - Skipping movie 1645903: could not fetch metadata.
[2026-07-15T09:58:08.909+0000] {logging_mixin.py:190} INFO - Skipping movie 1449761: could not fetch metadata.
[2026-07-15T09:58:11.545+0000] {logging_mixin.py:190} INFO - Skipping movie 630979: could not fetch metadata.
[2026-07-15T09:58:13.638+0000] {logging_mixin.py:190} INFO - Skipping movie 1516033: could not fetch metadata.
[2026-07-15T09:58:14.094+0000] {logging_mixin.py:190} INFO - Skipping movie 1614402: could not fetch metadata.
[2026-07-15T09:58:14.174+0000] {logging_mixin.py:190} INFO - Skipping movie 1614405: could not fetch metadata.
[2026-07-15T09:58:14.189+0000] {logging_mixin.py:190} INFO - Skipping movie 1581605: could not fetch metadata.
[2026-07-15T09:58:16.724+0000] {logging_mixin.py:190} INFO - Skipping movie 959428: could not fetch metadata.
[2026-07-15T09:58:17.072+0000] {logging_mixin.py:190} INFO - Skipping movie 1614876: could not fetch metadata.
[2026-07-15T09:58:17.833+0000] {logging_mixin.py:190} INFO - Skipping movie 1713253: could not fetch metadata.
[2026-07-15T09:58:18.140+0000] {logging_mixin.py:190} INFO - Skipping movie 959512: could not fetch metadata.
[2026-07-15T09:58:18.157+0000] {logging_mixin.py:190} INFO - Skipping movie 1713298: could not fetch metadata.
[2026-07-15T09:58:18.451+0000] {logging_mixin.py:190} INFO - Skipping movie 1221825: could not fetch metadata.
[2026-07-15T09:58:18.687+0000] {logging_mixin.py:190} INFO - Skipping movie 1483998: could not fetch metadata.
[2026-07-15T09:58:19.685+0000] {logging_mixin.py:190} INFO - Skipping movie 1647887: could not fetch metadata.
[2026-07-15T09:58:21.267+0000] {logging_mixin.py:190} INFO - Skipping movie 1549787: could not fetch metadata.
[2026-07-15T09:58:21.358+0000] {logging_mixin.py:190} INFO - Skipping movie 1517060: could not fetch metadata.
[2026-07-15T09:58:22.128+0000] {logging_mixin.py:190} INFO - Skipping movie 1156713: could not fetch metadata.
[2026-07-15T09:58:23.418+0000] {logging_mixin.py:190} INFO - Skipping movie 960349: could not fetch metadata.
[2026-07-15T09:58:23.875+0000] {logging_mixin.py:190} INFO - Skipping movie 1451931: could not fetch metadata.
[2026-07-15T09:58:24.185+0000] {logging_mixin.py:190} INFO - Skipping movie 1714153: could not fetch metadata.
[2026-07-15T09:58:24.562+0000] {logging_mixin.py:190} INFO - Skipping movie 1550389: could not fetch metadata.
[2026-07-15T09:58:28.877+0000] {logging_mixin.py:190} INFO - Skipping movie 961231: could not fetch metadata.
[2026-07-15T09:58:29.822+0000] {logging_mixin.py:190} INFO - Skipping movie 961286: could not fetch metadata.
[2026-07-15T09:58:30.220+0000] {logging_mixin.py:190} INFO - Skipping movie 633684: could not fetch metadata.
[2026-07-15T09:58:30.255+0000] {logging_mixin.py:190} INFO - Skipping movie 961234: could not fetch metadata.
[2026-07-15T09:58:32.599+0000] {logging_mixin.py:190} INFO - Skipping movie 1322104: could not fetch metadata.
[2026-07-15T09:58:36.895+0000] {logging_mixin.py:190} INFO - Skipping movie 1027844: could not fetch metadata.
[2026-07-15T09:58:37.464+0000] {logging_mixin.py:190} INFO - Skipping movie 896901: could not fetch metadata.
[2026-07-15T09:58:37.497+0000] {logging_mixin.py:190} INFO - Skipping movie 896902: could not fetch metadata.
[2026-07-15T09:58:38.430+0000] {logging_mixin.py:190} INFO - Skipping movie 1585221: could not fetch metadata.
[2026-07-15T09:58:38.719+0000] {logging_mixin.py:190} INFO - Skipping movie 897114: could not fetch metadata.
[2026-07-15T09:58:38.856+0000] {logging_mixin.py:190} INFO - Skipping movie 897147: could not fetch metadata.
[2026-07-15T09:58:39.080+0000] {logging_mixin.py:190} INFO - Skipping movie 897182: could not fetch metadata.
[2026-07-15T09:58:39.405+0000] {logging_mixin.py:190} INFO - Skipping movie 1224957: could not fetch metadata.
[2026-07-15T09:58:39.814+0000] {logging_mixin.py:190} INFO - Skipping movie 1716578: could not fetch metadata.
[2026-07-15T09:58:43.121+0000] {logging_mixin.py:190} INFO - Skipping movie 898025: could not fetch metadata.
[2026-07-15T09:58:43.633+0000] {logging_mixin.py:190} INFO - Skipping movie 1684537: could not fetch metadata.
[2026-07-15T09:58:44.419+0000] {logging_mixin.py:190} INFO - Skipping movie 898217: could not fetch metadata.
[2026-07-15T09:58:53.531+0000] {logging_mixin.py:190} INFO - Skipping movie 1522793: could not fetch metadata.
[2026-07-15T09:58:54.134+0000] {logging_mixin.py:190} INFO - Skipping movie 1621224: could not fetch metadata.
[2026-07-15T09:58:54.353+0000] {logging_mixin.py:190} INFO - Skipping movie 1522984: could not fetch metadata.
[2026-07-15T09:58:57.154+0000] {logging_mixin.py:190} INFO - Skipping movie 1621738: could not fetch metadata.
[2026-07-15T09:58:57.161+0000] {logging_mixin.py:190} INFO - Skipping movie 1621739: could not fetch metadata.
[2026-07-15T09:58:57.426+0000] {logging_mixin.py:190} INFO - Skipping movie 1031925: could not fetch metadata.
[2026-07-15T09:58:57.685+0000] {logging_mixin.py:190} INFO - Skipping movie 1621801: could not fetch metadata.
[2026-07-15T09:58:57.704+0000] {logging_mixin.py:190} INFO - Skipping movie 1621806: could not fetch metadata.
[2026-07-15T09:58:58.164+0000] {logging_mixin.py:190} INFO - Skipping movie 1523605: could not fetch metadata.
[2026-07-15T09:58:58.213+0000] {logging_mixin.py:190} INFO - Skipping movie 1621807: could not fetch metadata.
[2026-07-15T09:58:58.498+0000] {logging_mixin.py:190} INFO - Skipping movie 1621808: could not fetch metadata.
[2026-07-15T09:58:59.184+0000] {logging_mixin.py:190} INFO - Skipping movie 1261428: could not fetch metadata.
[2026-07-15T09:59:00.368+0000] {logging_mixin.py:190} INFO - Skipping movie 966987: could not fetch metadata.
[2026-07-15T09:59:01.158+0000] {logging_mixin.py:190} INFO - Skipping movie 1622472: could not fetch metadata.
[2026-07-15T09:59:05.732+0000] {logging_mixin.py:190} INFO - Skipping movie 1164536: could not fetch metadata.
[2026-07-15T09:59:06.182+0000] {logging_mixin.py:190} INFO - Skipping movie 1721556: could not fetch metadata.
[2026-07-15T09:59:06.956+0000] {logging_mixin.py:190} INFO - Skipping movie 1689041: could not fetch metadata.
[2026-07-15T09:59:07.918+0000] {logging_mixin.py:190} INFO - Skipping movie 1459805: could not fetch metadata.
[2026-07-15T09:59:07.955+0000] {logging_mixin.py:190} INFO - Skipping movie 1394090: could not fetch metadata.
[2026-07-15T09:59:08.173+0000] {logging_mixin.py:190} INFO - Skipping movie 1099421: could not fetch metadata.
[2026-07-15T09:59:08.460+0000] {logging_mixin.py:190} INFO - Skipping movie 673501: could not fetch metadata.
[2026-07-15T09:59:08.563+0000] {logging_mixin.py:190} INFO - Skipping movie 1689038: could not fetch metadata.
[2026-07-15T09:59:08.863+0000] {logging_mixin.py:190} INFO - Skipping movie 1722172: could not fetch metadata.
[2026-07-15T09:59:09.147+0000] {logging_mixin.py:190} INFO - Skipping movie 1394553: could not fetch metadata.
[2026-07-15T09:59:09.620+0000] {logging_mixin.py:190} INFO - Skipping movie 1329054: could not fetch metadata.
[2026-07-15T09:59:10.463+0000] {logging_mixin.py:190} INFO - Skipping movie 1656876: could not fetch metadata.
[2026-07-15T09:59:10.517+0000] {logging_mixin.py:190} INFO - Skipping movie 1492952: could not fetch metadata.
[2026-07-15T09:59:13.454+0000] {logging_mixin.py:190} INFO - Skipping movie 1722977: could not fetch metadata.
[2026-07-15T09:59:14.417+0000] {logging_mixin.py:190} INFO - Skipping movie 1690340: could not fetch metadata.
[2026-07-15T09:59:14.684+0000] {logging_mixin.py:190} INFO - Skipping movie 1329945: could not fetch metadata.
[2026-07-15T09:59:14.697+0000] {logging_mixin.py:190} INFO - Skipping movie 1723178: could not fetch metadata.
[2026-07-15T09:59:17.509+0000] {logging_mixin.py:190} INFO - Skipping movie 1658401: could not fetch metadata.
[2026-07-15T09:59:19.452+0000] {logging_mixin.py:190} INFO - Skipping movie 1658643: could not fetch metadata.
[2026-07-15T09:59:21.666+0000] {logging_mixin.py:190} INFO - Skipping movie 1626344: could not fetch metadata.
[2026-07-15T09:59:22.631+0000] {logging_mixin.py:190} INFO - Skipping movie 1298748: could not fetch metadata.
[2026-07-15T09:59:22.861+0000] {logging_mixin.py:190} INFO - Skipping movie 1495394: could not fetch metadata.
[2026-07-15T09:59:22.912+0000] {logging_mixin.py:190} INFO - Skipping movie 1495409: could not fetch metadata.
[2026-07-15T09:59:23.106+0000] {logging_mixin.py:190} INFO - Skipping movie 1724812: could not fetch metadata.
[2026-07-15T09:59:26.825+0000] {logging_mixin.py:190} INFO - Skipping movie 1659875: could not fetch metadata.
[2026-07-15T09:59:29.006+0000] {logging_mixin.py:190} INFO - Skipping movie 1463708: could not fetch metadata.
[2026-07-15T09:59:29.263+0000] {logging_mixin.py:190} INFO - Skipping movie 1496527: could not fetch metadata.
[2026-07-15T09:59:30.714+0000] {logging_mixin.py:190} INFO - Skipping movie 1726037: could not fetch metadata.
[2026-07-15T09:59:31.130+0000] {logging_mixin.py:190} INFO - Skipping movie 1726105: could not fetch metadata.
[2026-07-15T09:59:31.158+0000] {logging_mixin.py:190} INFO - Skipping movie 1726108: could not fetch metadata.
[2026-07-15T09:59:31.201+0000] {logging_mixin.py:190} INFO - Skipping movie 1726110: could not fetch metadata.
[2026-07-15T09:59:31.268+0000] {logging_mixin.py:190} INFO - Skipping movie 1726112: could not fetch metadata.
[2026-07-15T09:59:31.311+0000] {logging_mixin.py:190} INFO - Skipping movie 1726115: could not fetch metadata.
[2026-07-15T09:59:31.387+0000] {logging_mixin.py:190} INFO - Skipping movie 1726118: could not fetch metadata.
[2026-07-15T09:59:31.394+0000] {logging_mixin.py:190} INFO - Skipping movie 1726119: could not fetch metadata.
[2026-07-15T09:59:31.435+0000] {logging_mixin.py:190} INFO - Skipping movie 1726121: could not fetch metadata.
[2026-07-15T09:59:31.479+0000] {logging_mixin.py:190} INFO - Skipping movie 1726122: could not fetch metadata.
[2026-07-15T09:59:34.573+0000] {logging_mixin.py:190} INFO - Skipping movie 972899: could not fetch metadata.
[2026-07-15T09:59:34.826+0000] {logging_mixin.py:190} INFO - Skipping movie 1005686: could not fetch metadata.
[2026-07-15T09:59:37.573+0000] {logging_mixin.py:190} INFO - Skipping movie 1727056: could not fetch metadata.
[2026-07-15T09:59:38.726+0000] {logging_mixin.py:190} INFO - Skipping movie 1465092: could not fetch metadata.
[2026-07-15T09:59:39.007+0000] {logging_mixin.py:190} INFO - Skipping movie 1600302: could not fetch metadata.
[2026-07-15T09:59:39.930+0000] {logging_mixin.py:190} INFO - Skipping movie 1727418: could not fetch metadata.
[2026-07-15T09:59:40.114+0000] {logging_mixin.py:190} INFO - Skipping movie 1203166: could not fetch metadata.
[2026-07-15T09:59:40.757+0000] {logging_mixin.py:190} INFO - Skipping movie 1727546: could not fetch metadata.
[2026-07-15T09:59:40.917+0000] {logging_mixin.py:190} INFO - Skipping movie 1727574: could not fetch metadata.
[2026-07-15T09:59:42.191+0000] {logging_mixin.py:190} INFO - Skipping movie 1727863: could not fetch metadata.
[2026-07-15T09:59:42.676+0000] {logging_mixin.py:190} INFO - Skipping movie 875940: could not fetch metadata.
[2026-07-15T09:59:42.905+0000] {logging_mixin.py:190} INFO - Skipping movie 1170929: could not fetch metadata.
[2026-07-15T09:59:44.297+0000] {logging_mixin.py:190} INFO - Skipping movie 679656: could not fetch metadata.
[2026-07-15T09:59:44.372+0000] {logging_mixin.py:190} INFO - Skipping movie 1007358: could not fetch metadata.
[2026-07-15T09:59:44.982+0000] {logging_mixin.py:190} INFO - Skipping movie 1662853: could not fetch metadata.
[2026-07-15T09:59:45.557+0000] {logging_mixin.py:190} INFO - Skipping movie 1695726: could not fetch metadata.
[2026-07-15T09:59:45.787+0000] {logging_mixin.py:190} INFO - Skipping movie 1728527: could not fetch metadata.
[2026-07-15T09:59:46.416+0000] {logging_mixin.py:190} INFO - Skipping movie 1007789: could not fetch metadata.
[2026-07-15T09:59:46.447+0000] {logging_mixin.py:190} INFO - Skipping movie 1007790: could not fetch metadata.
[2026-07-15T09:59:48.449+0000] {logging_mixin.py:190} INFO - Skipping movie 1237254: could not fetch metadata.
[2026-07-15T09:59:49.678+0000] {logging_mixin.py:190} INFO - Skipping movie 1729114: could not fetch metadata.
[2026-07-15T09:59:49.756+0000] {logging_mixin.py:190} INFO - Skipping movie 1729118: could not fetch metadata.
[2026-07-15T09:59:50.310+0000] {logging_mixin.py:190} INFO - Skipping movie 1729117: could not fetch metadata.
[2026-07-15T09:59:50.496+0000] {logging_mixin.py:190} INFO - Skipping movie 1532581: could not fetch metadata.
[2026-07-15T09:59:52.059+0000] {logging_mixin.py:190} INFO - Skipping movie 1631179: could not fetch metadata.
[2026-07-15T09:59:55.065+0000] {logging_mixin.py:190} INFO - Skipping movie 878064: could not fetch metadata.
[2026-07-15T10:00:00.309+0000] {logging_mixin.py:190} INFO - Skipping movie 1730704: could not fetch metadata.
[2026-07-15T10:00:01.470+0000] {logging_mixin.py:190} INFO - Skipping movie 1730789: could not fetch metadata.
[2026-07-15T10:00:05.530+0000] {logging_mixin.py:190} INFO - Skipping movie 1731154: could not fetch metadata.
[2026-07-15T10:00:05.781+0000] {logging_mixin.py:190} INFO - Skipping movie 1731174: could not fetch metadata.
[2026-07-15T10:00:05.843+0000] {logging_mixin.py:190} INFO - Skipping movie 1731183: could not fetch metadata.
[2026-07-15T10:00:05.964+0000] {logging_mixin.py:190} INFO - Skipping movie 1731100: could not fetch metadata.
[2026-07-15T10:00:06.133+0000] {logging_mixin.py:190} INFO - Skipping movie 1731198: could not fetch metadata.
[2026-07-15T10:00:06.195+0000] {logging_mixin.py:190} INFO - Skipping movie 1731180: could not fetch metadata.
[2026-07-15T10:00:06.333+0000] {logging_mixin.py:190} INFO - Skipping movie 1731205: could not fetch metadata.
[2026-07-15T10:00:06.543+0000] {logging_mixin.py:190} INFO - Skipping movie 1731228: could not fetch metadata.
[2026-07-15T10:00:06.598+0000] {logging_mixin.py:190} INFO - Skipping movie 1731230: could not fetch metadata.
[2026-07-15T10:00:06.704+0000] {logging_mixin.py:190} INFO - Skipping movie 1731232: could not fetch metadata.
[2026-07-15T10:00:06.859+0000] {logging_mixin.py:190} INFO - Skipping movie 1469113: could not fetch metadata.
[2026-07-15T10:00:07.494+0000] {logging_mixin.py:190} INFO - Skipping movie 1731268: could not fetch metadata.
[2026-07-15T10:00:07.505+0000] {logging_mixin.py:190} INFO - Skipping movie 1731324: could not fetch metadata.
[2026-07-15T10:00:07.553+0000] {logging_mixin.py:190} INFO - Skipping movie 1731336: could not fetch metadata.
[2026-07-15T10:00:08.642+0000] {logging_mixin.py:190} INFO - Skipping movie 1731369: could not fetch metadata.
[2026-07-15T10:00:08.838+0000] {logging_mixin.py:190} INFO - Skipping movie 1731374: could not fetch metadata.
[2026-07-15T10:00:08.935+0000] {logging_mixin.py:190} INFO - Skipping movie 1731378: could not fetch metadata.
[2026-07-15T10:00:08.951+0000] {logging_mixin.py:190} INFO - Skipping movie 1731380: could not fetch metadata.
[2026-07-15T10:00:08.966+0000] {logging_mixin.py:190} INFO - Skipping movie 1731379: could not fetch metadata.
[2026-07-15T10:00:09.101+0000] {logging_mixin.py:190} INFO - Skipping movie 1731383: could not fetch metadata.
[2026-07-15T10:00:09.235+0000] {logging_mixin.py:190} INFO - Skipping movie 1731389: could not fetch metadata.
[2026-07-15T10:00:09.509+0000] {logging_mixin.py:190} INFO - Skipping movie 1731396: could not fetch metadata.
[2026-07-15T10:00:10.703+0000] {logging_mixin.py:190} INFO - Skipping movie 1731424: could not fetch metadata.
[2026-07-15T10:00:11.419+0000] {logging_mixin.py:190} INFO - Skipping movie 1731440: could not fetch metadata.
[2026-07-15T10:00:11.915+0000] {logging_mixin.py:190} INFO - Skipping movie 1731456: could not fetch metadata.
[2026-07-15T10:00:12.351+0000] {logging_mixin.py:190} INFO - Skipping movie 1731454: could not fetch metadata.
[2026-07-15T10:00:12.662+0000] {logging_mixin.py:190} INFO - Skipping movie 1731459: could not fetch metadata.
[2026-07-15T10:00:15.293+0000] {logging_mixin.py:190} INFO - Skipping movie 1731539: could not fetch metadata.
[2026-07-15T10:00:19.417+0000] {logging_mixin.py:190} INFO - Skipping movie 1731639: could not fetch metadata.
[2026-07-15T10:00:21.301+0000] {logging_mixin.py:190} INFO - Skipping movie 1731699: could not fetch metadata.
[2026-07-15T10:00:22.440+0000] {logging_mixin.py:190} INFO - Skipping movie 1731727: could not fetch metadata.
[2026-07-15T10:00:22.696+0000] {logging_mixin.py:190} INFO - Skipping movie 1731714: could not fetch metadata.
[2026-07-15T10:00:25.805+0000] {logging_mixin.py:190} INFO - Skipping movie 1600748: could not fetch metadata.
[2026-07-15T10:00:26.647+0000] {logging_mixin.py:190} INFO - Skipping movie 1600752: could not fetch metadata.
[2026-07-15T10:00:26.907+0000] {logging_mixin.py:190} INFO - Skipping movie 1600753: could not fetch metadata.
[2026-07-15T10:00:27.031+0000] {logging_mixin.py:190} INFO - Skipping movie 1600749: could not fetch metadata.
[2026-07-15T10:00:27.610+0000] {logging_mixin.py:190} INFO - Skipping movie 912887: could not fetch metadata.
[2026-07-15T10:00:28.753+0000] {logging_mixin.py:190} INFO - Skipping movie 847534: could not fetch metadata.
[2026-07-15T10:00:28.785+0000] {logging_mixin.py:190} INFO - Skipping movie 847535: could not fetch metadata.
[2026-07-15T10:00:28.976+0000] {logging_mixin.py:190} INFO - Skipping movie 847554: could not fetch metadata.
[2026-07-15T10:00:29.103+0000] {logging_mixin.py:190} INFO - Skipping movie 847559: could not fetch metadata.
[2026-07-15T10:00:29.203+0000] {logging_mixin.py:190} INFO - Skipping movie 847560: could not fetch metadata.
[2026-07-15T10:00:29.221+0000] {logging_mixin.py:190} INFO - Skipping movie 847566: could not fetch metadata.
[2026-07-15T10:00:29.234+0000] {logging_mixin.py:190} INFO - Skipping movie 847568: could not fetch metadata.
[2026-07-15T10:00:29.442+0000] {logging_mixin.py:190} INFO - Skipping movie 847556: could not fetch metadata.
[2026-07-15T10:00:29.603+0000] {logging_mixin.py:190} INFO - Skipping movie 847558: could not fetch metadata.
[2026-07-15T10:00:29.878+0000] {logging_mixin.py:190} INFO - Skipping movie 1503012: could not fetch metadata.
[2026-07-15T10:00:30.837+0000] {logging_mixin.py:190} INFO - Skipping movie 847840: could not fetch metadata.
[2026-07-15T10:00:30.926+0000] {logging_mixin.py:190} INFO - Skipping movie 847844: could not fetch metadata.
[2026-07-15T10:00:30.939+0000] {logging_mixin.py:190} INFO - Skipping movie 847846: could not fetch metadata.
[2026-07-15T10:00:31.206+0000] {logging_mixin.py:190} INFO - Skipping movie 847881: could not fetch metadata.
[2026-07-15T10:00:31.207+0000] {logging_mixin.py:190} INFO - Skipping movie 847841: could not fetch metadata.
[2026-07-15T10:00:31.326+0000] {logging_mixin.py:190} INFO - Skipping movie 847856: could not fetch metadata.
[2026-07-15T10:00:31.904+0000] {logging_mixin.py:190} INFO - Skipping movie 847847: could not fetch metadata.
[2026-07-15T10:00:32.034+0000] {logging_mixin.py:190} INFO - Skipping movie 847941: could not fetch metadata.
[2026-07-15T10:00:32.091+0000] {logging_mixin.py:190} INFO - Skipping movie 847851: could not fetch metadata.
[2026-07-15T10:00:32.359+0000] {logging_mixin.py:190} INFO - Skipping movie 1077375: could not fetch metadata.
[2026-07-15T10:00:32.439+0000] {logging_mixin.py:190} INFO - Skipping movie 848014: could not fetch metadata.
[2026-07-15T10:00:32.505+0000] {logging_mixin.py:190} INFO - Skipping movie 848019: could not fetch metadata.
[2026-07-15T10:00:32.574+0000] {logging_mixin.py:190} INFO - Skipping movie 848020: could not fetch metadata.
[2026-07-15T10:00:32.704+0000] {logging_mixin.py:190} INFO - Skipping movie 848035: could not fetch metadata.
[2026-07-15T10:00:32.735+0000] {logging_mixin.py:190} INFO - Skipping movie 848033: could not fetch metadata.
[2026-07-15T10:00:32.867+0000] {logging_mixin.py:190} INFO - Skipping movie 848038: could not fetch metadata.
[2026-07-15T10:00:32.893+0000] {logging_mixin.py:190} INFO - Skipping movie 848044: could not fetch metadata.
[2026-07-15T10:00:32.997+0000] {logging_mixin.py:190} INFO - Skipping movie 848037: could not fetch metadata.
[2026-07-15T10:00:33.496+0000] {logging_mixin.py:190} INFO - Skipping movie 848039: could not fetch metadata.
[2026-07-15T10:00:33.555+0000] {logging_mixin.py:190} INFO - Skipping movie 848140: could not fetch metadata.
[2026-07-15T10:00:33.658+0000] {logging_mixin.py:190} INFO - Skipping movie 848142: could not fetch metadata.
[2026-07-15T10:00:33.713+0000] {logging_mixin.py:190} INFO - Skipping movie 848043: could not fetch metadata.
[2026-07-15T10:00:33.714+0000] {logging_mixin.py:190} INFO - Skipping movie 848156: could not fetch metadata.
[2026-07-15T10:00:34.175+0000] {logging_mixin.py:190} INFO - Skipping movie 848047: could not fetch metadata.
[2026-07-15T10:00:34.777+0000] {logging_mixin.py:190} INFO - Skipping movie 1731726: could not fetch metadata.
[2026-07-15T10:00:37.877+0000] {logging_mixin.py:190} INFO - Skipping movie 1569938: could not fetch metadata.
[2026-07-15T10:00:37.964+0000] {logging_mixin.py:190} INFO - Skipping movie 390033: could not fetch metadata.
[2026-07-15T10:00:39.447+0000] {logging_mixin.py:190} INFO - Skipping movie 1570194: could not fetch metadata.
[2026-07-15T10:00:40.340+0000] {logging_mixin.py:190} INFO - Skipping movie 1537579: could not fetch metadata.
[2026-07-15T10:00:41.006+0000] {logging_mixin.py:190} INFO - Skipping movie 1504908: could not fetch metadata.
[2026-07-15T10:00:41.042+0000] {logging_mixin.py:190} INFO - Skipping movie 1635991: could not fetch metadata.
[2026-07-15T10:00:41.984+0000] {logging_mixin.py:190} INFO - Skipping movie 1537999: could not fetch metadata.
[2026-07-15T10:00:42.776+0000] {logging_mixin.py:190} INFO - Skipping movie 1669207: could not fetch metadata.
[2026-07-15T10:00:44.145+0000] {logging_mixin.py:190} INFO - Skipping movie 1276285: could not fetch metadata.
[2026-07-15T10:00:44.715+0000] {logging_mixin.py:190} INFO - Skipping movie 1341921: could not fetch metadata.
[2026-07-15T10:00:46.512+0000] {logging_mixin.py:190} INFO - Skipping movie 1506183: could not fetch metadata.
[2026-07-15T10:00:46.855+0000] {logging_mixin.py:190} INFO - Skipping movie 1637346: could not fetch metadata.
[2026-07-15T10:00:47.121+0000] {logging_mixin.py:190} INFO - Skipping movie 1244225: could not fetch metadata.
[2026-07-15T10:00:47.130+0000] {logging_mixin.py:190} INFO - Skipping movie 1244210: could not fetch metadata.
[2026-07-15T10:00:47.134+0000] {logging_mixin.py:190} INFO - Skipping movie 1408077: could not fetch metadata.
[2026-07-15T10:00:47.247+0000] {logging_mixin.py:190} INFO - Skipping movie 1244272: could not fetch metadata.
[2026-07-15T10:00:47.969+0000] {logging_mixin.py:190} INFO - Skipping movie 1408304: could not fetch metadata.
[2026-07-15T10:00:50.731+0000] {logging_mixin.py:190} INFO - Skipping movie 851934: could not fetch metadata.
[2026-07-15T10:00:51.588+0000] {logging_mixin.py:190} INFO - 2846 movies queued for deep extraction...
[2026-07-15T10:01:37.655+0000] {logging_mixin.py:190} INFO - Skipping deep extraction for movie 903414: could not fetch data.
[2026-07-15T10:02:50.489+0000] {logging_mixin.py:190} INFO - Pipeline finished successfully.
[2026-07-15T10:02:50.491+0000] {python.py:240} INFO - Done. Returned value was: None
[2026-07-15T10:02:50.509+0000] {taskinstance.py:340} INFO - ::group::Post task execution logs
[2026-07-15T10:02:50.509+0000] {taskinstance.py:352} INFO - Marking task as SUCCESS. dag_id=tmdb_incremental_sync, task_id=incremental_sync_pipeline, run_id=scheduled__2026-07-14T00:00:00+00:00, execution_date=20260714T000000, start_date=20260715T095723, end_date=20260715T100250
[2026-07-15T10:02:50.579+0000] {local_task_job_runner.py:261} INFO - Task exited with return code 0
[2026-07-15T10:02:50.605+0000] {taskinstance.py:3891} INFO - 0 downstream tasks scheduled from follow-on schedule check
[2026-07-15T10:02:50.607+0000] {local_task_job_runner.py:240} INFO - ::endgroup::
