[2026-07-22T18:22:32.651+0000] {local_task_job_runner.py:123} INFO - ::group::Pre task execution logs
[2026-07-22T18:22:32.683+0000] {taskinstance.py:2603} INFO - Dependencies all met for dep_context=non-requeueable deps ti=<TaskInstance: dbt_pipeline.dbt_run manual__2026-07-22T18:22:31.696320+00:00 [queued]>
[2026-07-22T18:22:32.695+0000] {taskinstance.py:2603} INFO - Dependencies all met for dep_context=requeueable deps ti=<TaskInstance: dbt_pipeline.dbt_run manual__2026-07-22T18:22:31.696320+00:00 [queued]>
[2026-07-22T18:22:32.696+0000] {taskinstance.py:2856} INFO - Starting attempt 1 of 1
[2026-07-22T18:22:32.717+0000] {taskinstance.py:2879} INFO - Executing <Task(BashOperator): dbt_run> on 2026-07-22 18:22:31.696320+00:00
[2026-07-22T18:22:32.728+0000] {logging_mixin.py:190} WARNING - /home/***/.local/lib/python3.12/site-packages/***/task/task_runner/standard_task_runner.py:70 DeprecationWarning: This process (pid=825) is multi-threaded, use of fork() may lead to deadlocks in the child.
[2026-07-22T18:22:32.730+0000] {standard_task_runner.py:72} INFO - Started process 826 to run task
[2026-07-22T18:22:32.728+0000] {standard_task_runner.py:104} INFO - Running: ['***', 'tasks', 'run', 'dbt_pipeline', 'dbt_run', 'manual__2026-07-22T18:22:31.696320+00:00', '--job-id', '96', '--raw', '--subdir', 'DAGS_FOLDER/dbt_pipeline.py', '--cfg-path', '/tmp/tmpwfj1woot']
[2026-07-22T18:22:32.731+0000] {standard_task_runner.py:105} INFO - Job 96: Subtask dbt_run
[2026-07-22T18:22:32.814+0000] {task_command.py:467} INFO - Running <TaskInstance: dbt_pipeline.dbt_run manual__2026-07-22T18:22:31.696320+00:00 [running]> on host 4abdc54a6e7d
[2026-07-22T18:22:32.962+0000] {taskinstance.py:3122} INFO - Exporting env vars: AIRFLOW_CTX_DAG_OWNER='***' AIRFLOW_CTX_DAG_ID='dbt_pipeline' AIRFLOW_CTX_TASK_ID='dbt_run' AIRFLOW_CTX_EXECUTION_DATE='2026-07-22T18:22:31.696320+00:00' AIRFLOW_CTX_TRY_NUMBER='1' AIRFLOW_CTX_DAG_RUN_ID='manual__2026-07-22T18:22:31.696320+00:00'
[2026-07-22T18:22:32.964+0000] {taskinstance.py:731} INFO - ::endgroup::
[2026-07-22T18:22:32.991+0000] {subprocess.py:63} INFO - Tmp dir root location: /tmp
[2026-07-22T18:22:32.993+0000] {subprocess.py:75} INFO - Running command: ['/usr/bin/bash', '-c', '\n        cd /opt/***/tmdwh &&\n        dbt run --profiles-dir /opt/***/tmdwh\n        ']
[2026-07-22T18:22:33.006+0000] {subprocess.py:86} INFO - Output:
[2026-07-22T18:22:37.320+0000] {subprocess.py:93} INFO - [0m18:22:37  Running with dbt=1.12.0
[2026-07-22T18:22:38.059+0000] {subprocess.py:93} INFO - [0m18:22:38  Registered adapter: postgres=1.11.0
[2026-07-22T18:22:38.942+0000] {subprocess.py:93} INFO - [0m18:22:38  Unable to do partial parsing because of a version mismatch
[2026-07-22T18:22:42.534+0000] {subprocess.py:93} INFO - [0m18:22:42  [[33mWARNING[0m][MissingArgumentsPropertyInGenericTestDeprecation]: Deprecated
[2026-07-22T18:22:42.535+0000] {subprocess.py:93} INFO - functionality
[2026-07-22T18:22:42.536+0000] {subprocess.py:93} INFO - Found top-level arguments to test `relationships` defined on 'int_genres' in
[2026-07-22T18:22:42.537+0000] {subprocess.py:93} INFO - package 'tmdwh' (models/intermediate/schema.yml). Arguments to generic tests
[2026-07-22T18:22:42.537+0000] {subprocess.py:93} INFO - should be nested under the `arguments` property.
[2026-07-22T18:22:43.519+0000] {subprocess.py:93} INFO - [0m18:22:43  Found 24 models, 32 data tests, 1 source, 592 macros
[2026-07-22T18:22:43.528+0000] {subprocess.py:93} INFO - [0m18:22:43
[2026-07-22T18:22:43.529+0000] {subprocess.py:93} INFO - [0m18:22:43  Concurrency: 4 threads (target='dev')
[2026-07-22T18:22:43.530+0000] {subprocess.py:93} INFO - [0m18:22:43
[2026-07-22T18:22:44.825+0000] {subprocess.py:93} INFO - [0m18:22:44  1 of 24 START sql view model staging.stg_cast .................................. [RUN]
[2026-07-22T18:22:44.827+0000] {subprocess.py:93} INFO - [0m18:22:44  2 of 24 START sql view model staging.stg_crew .................................. [RUN]
[2026-07-22T18:22:44.828+0000] {subprocess.py:93} INFO - [0m18:22:44  3 of 24 START sql view model staging.stg_genres ................................ [RUN]
[2026-07-22T18:22:44.832+0000] {subprocess.py:93} INFO - [0m18:22:44  4 of 24 START sql view model staging.stg_keywords .............................. [RUN]
[2026-07-22T18:22:45.471+0000] {subprocess.py:93} INFO - [0m18:22:45  2 of 24 OK created sql view model staging.stg_crew ............................. [[32mCREATE VIEW[0m in 0.63s]
[2026-07-22T18:22:45.478+0000] {subprocess.py:93} INFO - [0m18:22:45  4 of 24 OK created sql view model staging.stg_keywords ......................... [[32mCREATE VIEW[0m in 0.63s]
[2026-07-22T18:22:45.480+0000] {subprocess.py:93} INFO - [0m18:22:45  3 of 24 OK created sql view model staging.stg_genres ........................... [[32mCREATE VIEW[0m in 0.63s]
[2026-07-22T18:22:45.484+0000] {subprocess.py:93} INFO - [0m18:22:45  1 of 24 OK created sql view model staging.stg_cast ............................. [[32mCREATE VIEW[0m in 0.64s]
[2026-07-22T18:22:45.489+0000] {subprocess.py:93} INFO - [0m18:22:45  5 of 24 START sql view model staging.stg_movies ................................ [RUN]
[2026-07-22T18:22:45.498+0000] {subprocess.py:93} INFO - [0m18:22:45  6 of 24 START sql view model staging.stg_production_companies .................. [RUN]
[2026-07-22T18:22:45.499+0000] {subprocess.py:93} INFO - [0m18:22:45  7 of 24 START sql view model staging.stg_spoken_languages ...................... [RUN]
[2026-07-22T18:22:45.502+0000] {subprocess.py:93} INFO - [0m18:22:45  8 of 24 START sql view model intermediate.int_crew ............................. [RUN]
[2026-07-22T18:22:45.755+0000] {subprocess.py:93} INFO - [0m18:22:45  8 of 24 OK created sql view model intermediate.int_crew ........................ [[32mCREATE VIEW[0m in 0.24s]
[2026-07-22T18:22:45.767+0000] {subprocess.py:93} INFO - [0m18:22:45  9 of 24 START sql view model intermediate.int_keywords ......................... [RUN]
[2026-07-22T18:22:45.806+0000] {subprocess.py:93} INFO - [0m18:22:45  7 of 24 OK created sql view model staging.stg_spoken_languages ................. [[32mCREATE VIEW[0m in 0.28s]
[2026-07-22T18:22:45.809+0000] {subprocess.py:93} INFO - [0m18:22:45  5 of 24 OK created sql view model staging.stg_movies ........................... [[32mCREATE VIEW[0m in 0.29s]
[2026-07-22T18:22:45.825+0000] {subprocess.py:93} INFO - [0m18:22:45  6 of 24 OK created sql view model staging.stg_production_companies ............. [[32mCREATE VIEW[0m in 0.31s]
[2026-07-22T18:22:45.826+0000] {subprocess.py:93} INFO - [0m18:22:45  10 of 24 START sql view model intermediate.int_genres .......................... [RUN]
[2026-07-22T18:22:45.828+0000] {subprocess.py:93} INFO - [0m18:22:45  11 of 24 START sql view model intermediate.int_cast ............................ [RUN]
[2026-07-22T18:22:45.839+0000] {subprocess.py:93} INFO - [0m18:22:45  12 of 24 START sql table model analytics.dim_movie_crew ........................ [RUN]
[2026-07-22T18:22:46.061+0000] {subprocess.py:93} INFO - [0m18:22:46  9 of 24 OK created sql view model intermediate.int_keywords .................... [[32mCREATE VIEW[0m in 0.29s]
[2026-07-22T18:22:46.075+0000] {subprocess.py:93} INFO - [0m18:22:46  13 of 24 START sql view model intermediate.int_spoken_languages ................ [RUN]
[2026-07-22T18:22:46.172+0000] {subprocess.py:93} INFO - [0m18:22:46  10 of 24 OK created sql view model intermediate.int_genres ..................... [[32mCREATE VIEW[0m in 0.32s]
[2026-07-22T18:22:46.192+0000] {subprocess.py:93} INFO - [0m18:22:46  14 of 24 START sql table model analytics.dim_movie ............................. [RUN]
[2026-07-22T18:22:46.210+0000] {subprocess.py:93} INFO - [0m18:22:46  11 of 24 OK created sql view model intermediate.int_cast ....................... [[32mCREATE VIEW[0m in 0.37s]
[2026-07-22T18:22:46.224+0000] {subprocess.py:93} INFO - [0m18:22:46  15 of 24 START sql table model app.dim_movies_clean ............................ [RUN]
[2026-07-22T18:22:46.355+0000] {subprocess.py:93} INFO - [0m18:22:46  13 of 24 OK created sql view model intermediate.int_spoken_languages ........... [[32mCREATE VIEW[0m in 0.26s]
[2026-07-22T18:22:46.360+0000] {subprocess.py:93} INFO - [0m18:22:46  16 of 24 START sql table model analytics.fact_movie ............................ [RUN]
[2026-07-22T18:23:06.306+0000] {subprocess.py:93} INFO - [0m18:23:06  12 of 24 OK created sql table model analytics.dim_movie_crew ................... [[32mSELECT 505997[0m in 20.46s]
[2026-07-22T18:23:06.315+0000] {subprocess.py:93} INFO - [0m18:23:06  17 of 24 START sql view model intermediate.int_production_companies ............ [RUN]
[2026-07-22T18:23:06.469+0000] {subprocess.py:93} INFO - [0m18:23:06  17 of 24 OK created sql view model intermediate.int_production_companies ....... [[32mCREATE VIEW[0m in 0.15s]
[2026-07-22T18:23:06.474+0000] {subprocess.py:93} INFO - [0m18:23:06  18 of 24 START sql view model intermediate.int_production_countries ............ [RUN]
[2026-07-22T18:23:06.582+0000] {subprocess.py:93} INFO - [0m18:23:06  18 of 24 OK created sql view model intermediate.int_production_countries ....... [[32mCREATE VIEW[0m in 0.10s]
[2026-07-22T18:23:06.587+0000] {subprocess.py:93} INFO - [0m18:23:06  19 of 24 START sql table model analytics.dim_movie_keywords .................... [RUN]
[2026-07-22T18:23:18.232+0000] {subprocess.py:93} INFO - [0m18:23:18  19 of 24 OK created sql table model analytics.dim_movie_keywords ............... [[32mSELECT 396867[0m in 11.64s]
[2026-07-22T18:23:18.238+0000] {subprocess.py:93} INFO - [0m18:23:18  20 of 24 START sql table model analytics.dim_movie_genres ...................... [RUN]
[2026-07-22T18:23:29.629+0000] {subprocess.py:93} INFO - [0m18:23:29  16 of 24 OK created sql table model analytics.fact_movie ....................... [[32mSELECT 105833[0m in 43.26s]
[2026-07-22T18:23:29.640+0000] {subprocess.py:93} INFO - [0m18:23:29  21 of 24 START sql table model analytics.dim_movie_cast ........................ [RUN]
[2026-07-22T18:23:29.699+0000] {subprocess.py:93} INFO - [0m18:23:29  14 of 24 OK created sql table model analytics.dim_movie ........................ [[32mSELECT 105833[0m in 43.50s]
[2026-07-22T18:23:29.704+0000] {subprocess.py:93} INFO - [0m18:23:29  22 of 24 START sql table model analytics.dim_movie_languages ................... [RUN]
[2026-07-22T18:23:29.833+0000] {subprocess.py:93} INFO - [0m18:23:29  20 of 24 OK created sql table model analytics.dim_movie_genres ................. [[32mSELECT 213501[0m in 11.58s]
[2026-07-22T18:23:29.855+0000] {subprocess.py:93} INFO - [0m18:23:29  23 of 24 START sql table model analytics.dim_movie_production_companies ........ [RUN]
[2026-07-22T18:23:42.637+0000] {subprocess.py:93} INFO - [0m18:23:42  22 of 24 OK created sql table model analytics.dim_movie_languages .............. [[32mSELECT 124668[0m in 12.93s]
[2026-07-22T18:23:42.649+0000] {subprocess.py:93} INFO - [0m18:23:42  24 of 24 START sql table model analytics.dim_movie_production_countries ........ [RUN]
[2026-07-22T18:23:43.543+0000] {subprocess.py:93} INFO - [0m18:23:43  23 of 24 OK created sql table model analytics.dim_movie_production_companies ... [[32mSELECT 225379[0m in 12.78s]
[2026-07-22T18:23:51.212+0000] {subprocess.py:93} INFO - [0m18:23:51  21 of 24 OK created sql table model analytics.dim_movie_cast ................... [[32mSELECT 589905[0m in 21.57s]
[2026-07-22T18:23:52.756+0000] {subprocess.py:93} INFO - [0m18:23:52  24 of 24 OK created sql table model analytics.dim_movie_production_countries ... [[32mSELECT 128984[0m in 10.10s]
[2026-07-22T18:25:06.808+0000] {subprocess.py:93} INFO - [0m18:25:06  15 of 24 OK created sql table model app.dim_movies_clean ....................... [[32mSELECT 105833[0m in 140.58s]
[2026-07-22T18:25:06.889+0000] {subprocess.py:93} INFO - [0m18:25:06
[2026-07-22T18:25:06.890+0000] {subprocess.py:93} INFO - [0m18:25:06  Finished running 10 table models, 14 view models in 0 hours 2 minutes and 23.36 seconds (143.36s).
[2026-07-22T18:25:07.098+0000] {subprocess.py:93} INFO - [0m18:25:07
[2026-07-22T18:25:07.099+0000] {subprocess.py:93} INFO - [0m18:25:07  [32mCompleted successfully[0m
[2026-07-22T18:25:07.100+0000] {subprocess.py:93} INFO - [0m18:25:07
[2026-07-22T18:25:07.101+0000] {subprocess.py:93} INFO - [0m18:25:07  Done. PASS=24 WARN=0 ERROR=0 SKIP=0 NO-OP=0 REUSED=0 TOTAL=24
[2026-07-22T18:25:07.103+0000] {subprocess.py:93} INFO - [0m18:25:07  [[33mWARNING[0m][DeprecationsSummary]: Deprecated functionality
[2026-07-22T18:25:07.103+0000] {subprocess.py:93} INFO - Summary of encountered deprecations:
[2026-07-22T18:25:07.105+0000] {subprocess.py:93} INFO - - MissingArgumentsPropertyInGenericTestDeprecation: 10 occurrences
[2026-07-22T18:25:07.106+0000] {subprocess.py:93} INFO - To see all deprecation instances instead of just the first occurrence of each,
[2026-07-22T18:25:07.107+0000] {subprocess.py:93} INFO - run command again with the `--show-all-deprecations` flag. You may also need to
[2026-07-22T18:25:07.108+0000] {subprocess.py:93} INFO - run with `--no-partial-parse` as some deprecations are only encountered during
[2026-07-22T18:25:07.109+0000] {subprocess.py:93} INFO - parsing.
[2026-07-22T18:25:08.228+0000] {subprocess.py:97} INFO - Command exited with return code 0
[2026-07-22T18:25:08.281+0000] {taskinstance.py:340} INFO - ::group::Post task execution logs
[2026-07-22T18:25:08.296+0000] {taskinstance.py:352} INFO - Marking task as SUCCESS. dag_id=dbt_pipeline, task_id=dbt_run, run_id=manual__2026-07-22T18:22:31.696320+00:00, execution_date=20260722T182231, start_date=20260722T182232, end_date=20260722T182508
[2026-07-22T18:25:08.377+0000] {local_task_job_runner.py:261} INFO - Task exited with return code 0
[2026-07-22T18:25:08.469+0000] {taskinstance.py:3891} INFO - 1 downstream tasks scheduled from follow-on schedule check
[2026-07-22T18:25:08.471+0000] {local_task_job_runner.py:240} INFO - ::endgroup::
