[2026-06-26T09:03:03.521+0000] {processor.py:186} INFO - Started process (PID=5138) to work on /opt/airflow/dags/sanity_checks.py
[2026-06-26T09:03:03.523+0000] {processor.py:914} INFO - Processing file /opt/airflow/dags/sanity_checks.py for tasks to queue
[2026-06-26T09:03:03.546+0000] {logging_mixin.py:190} INFO - [2026-06-26T09:03:03.544+0000] {dagbag.py:587} INFO - Filling up the DagBag from /opt/airflow/dags/sanity_checks.py
[2026-06-26T09:03:03.607+0000] {processor.py:925} INFO - DAG(s) 'airflow_sanity_check' retrieved from /opt/airflow/dags/sanity_checks.py
[2026-06-26T09:03:03.750+0000] {logging_mixin.py:190} INFO - [2026-06-26T09:03:03.750+0000] {dag.py:3211} INFO - Sync 1 DAGs
[2026-06-26T09:03:03.798+0000] {logging_mixin.py:190} INFO - [2026-06-26T09:03:03.797+0000] {dag.py:4138} INFO - Setting next_dagrun for airflow_sanity_check to None, run_after=None
[2026-06-26T09:03:03.845+0000] {processor.py:208} INFO - Processing /opt/airflow/dags/sanity_checks.py took 0.366 seconds
[2026-06-26T09:03:34.183+0000] {processor.py:186} INFO - Started process (PID=5161) to work on /opt/airflow/dags/sanity_checks.py
[2026-06-26T09:03:34.188+0000] {processor.py:914} INFO - Processing file /opt/airflow/dags/sanity_checks.py for tasks to queue
[2026-06-26T09:03:34.199+0000] {logging_mixin.py:190} INFO - [2026-06-26T09:03:34.198+0000] {dagbag.py:587} INFO - Filling up the DagBag from /opt/airflow/dags/sanity_checks.py
[2026-06-26T09:03:34.244+0000] {processor.py:925} INFO - DAG(s) 'airflow_sanity_check' retrieved from /opt/airflow/dags/sanity_checks.py
[2026-06-26T09:03:34.360+0000] {logging_mixin.py:190} INFO - [2026-06-26T09:03:34.359+0000] {dag.py:3211} INFO - Sync 1 DAGs
[2026-06-26T09:03:34.436+0000] {logging_mixin.py:190} INFO - [2026-06-26T09:03:34.436+0000] {dag.py:4138} INFO - Setting next_dagrun for airflow_sanity_check to None, run_after=None
[2026-06-26T09:03:34.555+0000] {processor.py:208} INFO - Processing /opt/airflow/dags/sanity_checks.py took 0.404 seconds
[2026-06-26T09:04:05.265+0000] {processor.py:186} INFO - Started process (PID=5171) to work on /opt/airflow/dags/sanity_checks.py
[2026-06-26T09:04:05.267+0000] {processor.py:914} INFO - Processing file /opt/airflow/dags/sanity_checks.py for tasks to queue
[2026-06-26T09:04:05.271+0000] {logging_mixin.py:190} INFO - [2026-06-26T09:04:05.270+0000] {dagbag.py:587} INFO - Filling up the DagBag from /opt/airflow/dags/sanity_checks.py
[2026-06-26T09:04:05.286+0000] {processor.py:925} INFO - DAG(s) 'airflow_sanity_check' retrieved from /opt/airflow/dags/sanity_checks.py
[2026-06-26T09:04:05.347+0000] {logging_mixin.py:190} INFO - [2026-06-26T09:04:05.347+0000] {dag.py:3211} INFO - Sync 1 DAGs
[2026-06-26T09:04:05.370+0000] {logging_mixin.py:190} INFO - [2026-06-26T09:04:05.369+0000] {dag.py:4138} INFO - Setting next_dagrun for airflow_sanity_check to None, run_after=None
[2026-06-26T09:04:05.445+0000] {processor.py:208} INFO - Processing /opt/airflow/dags/sanity_checks.py took 0.189 seconds
[2026-06-26T09:04:35.781+0000] {processor.py:186} INFO - Started process (PID=5181) to work on /opt/airflow/dags/sanity_checks.py
[2026-06-26T09:04:35.782+0000] {processor.py:914} INFO - Processing file /opt/airflow/dags/sanity_checks.py for tasks to queue
[2026-06-26T09:04:35.789+0000] {logging_mixin.py:190} INFO - [2026-06-26T09:04:35.789+0000] {dagbag.py:587} INFO - Filling up the DagBag from /opt/airflow/dags/sanity_checks.py
[2026-06-26T09:04:35.805+0000] {processor.py:925} INFO - DAG(s) 'airflow_sanity_check' retrieved from /opt/airflow/dags/sanity_checks.py
[2026-06-26T09:04:35.848+0000] {logging_mixin.py:190} INFO - [2026-06-26T09:04:35.847+0000] {dag.py:3211} INFO - Sync 1 DAGs
[2026-06-26T09:04:35.880+0000] {logging_mixin.py:190} INFO - [2026-06-26T09:04:35.880+0000] {dag.py:4138} INFO - Setting next_dagrun for airflow_sanity_check to None, run_after=None
[2026-06-26T09:04:35.935+0000] {processor.py:208} INFO - Processing /opt/airflow/dags/sanity_checks.py took 0.167 seconds
[2026-06-26T09:05:06.497+0000] {processor.py:186} INFO - Started process (PID=5191) to work on /opt/airflow/dags/sanity_checks.py
[2026-06-26T09:05:06.500+0000] {processor.py:914} INFO - Processing file /opt/airflow/dags/sanity_checks.py for tasks to queue
[2026-06-26T09:05:06.506+0000] {logging_mixin.py:190} INFO - [2026-06-26T09:05:06.505+0000] {dagbag.py:587} INFO - Filling up the DagBag from /opt/airflow/dags/sanity_checks.py
[2026-06-26T09:05:06.524+0000] {processor.py:925} INFO - DAG(s) 'airflow_sanity_check' retrieved from /opt/airflow/dags/sanity_checks.py
[2026-06-26T09:05:06.577+0000] {logging_mixin.py:190} INFO - [2026-06-26T09:05:06.576+0000] {dag.py:3211} INFO - Sync 1 DAGs
[2026-06-26T09:05:06.621+0000] {logging_mixin.py:190} INFO - [2026-06-26T09:05:06.621+0000] {dag.py:4138} INFO - Setting next_dagrun for airflow_sanity_check to None, run_after=None
[2026-06-26T09:05:06.660+0000] {processor.py:208} INFO - Processing /opt/airflow/dags/sanity_checks.py took 0.179 seconds
[2026-06-26T09:05:37.110+0000] {processor.py:186} INFO - Started process (PID=5201) to work on /opt/airflow/dags/sanity_checks.py
[2026-06-26T09:05:37.113+0000] {processor.py:914} INFO - Processing file /opt/airflow/dags/sanity_checks.py for tasks to queue
[2026-06-26T09:05:37.119+0000] {logging_mixin.py:190} INFO - [2026-06-26T09:05:37.119+0000] {dagbag.py:587} INFO - Filling up the DagBag from /opt/airflow/dags/sanity_checks.py
[2026-06-26T09:05:37.141+0000] {processor.py:925} INFO - DAG(s) 'airflow_sanity_check' retrieved from /opt/airflow/dags/sanity_checks.py
[2026-06-26T09:05:37.310+0000] {logging_mixin.py:190} INFO - [2026-06-26T09:05:37.310+0000] {dag.py:3211} INFO - Sync 1 DAGs
[2026-06-26T09:05:37.359+0000] {logging_mixin.py:190} INFO - [2026-06-26T09:05:37.358+0000] {dag.py:4138} INFO - Setting next_dagrun for airflow_sanity_check to None, run_after=None
[2026-06-26T09:05:37.394+0000] {processor.py:208} INFO - Processing /opt/airflow/dags/sanity_checks.py took 0.297 seconds
[2026-06-26T09:06:07.701+0000] {processor.py:186} INFO - Started process (PID=5211) to work on /opt/airflow/dags/sanity_checks.py
[2026-06-26T09:06:07.703+0000] {processor.py:914} INFO - Processing file /opt/airflow/dags/sanity_checks.py for tasks to queue
[2026-06-26T09:06:07.707+0000] {logging_mixin.py:190} INFO - [2026-06-26T09:06:07.707+0000] {dagbag.py:587} INFO - Filling up the DagBag from /opt/airflow/dags/sanity_checks.py
[2026-06-26T09:06:07.722+0000] {processor.py:925} INFO - DAG(s) 'airflow_sanity_check' retrieved from /opt/airflow/dags/sanity_checks.py
[2026-06-26T09:06:07.766+0000] {logging_mixin.py:190} INFO - [2026-06-26T09:06:07.765+0000] {dag.py:3211} INFO - Sync 1 DAGs
[2026-06-26T09:06:07.793+0000] {logging_mixin.py:190} INFO - [2026-06-26T09:06:07.793+0000] {dag.py:4138} INFO - Setting next_dagrun for airflow_sanity_check to None, run_after=None
[2026-06-26T09:06:07.821+0000] {processor.py:208} INFO - Processing /opt/airflow/dags/sanity_checks.py took 0.132 seconds
[2026-06-26T09:06:38.111+0000] {processor.py:186} INFO - Started process (PID=5221) to work on /opt/airflow/dags/sanity_checks.py
[2026-06-26T09:06:38.112+0000] {processor.py:914} INFO - Processing file /opt/airflow/dags/sanity_checks.py for tasks to queue
[2026-06-26T09:06:38.116+0000] {logging_mixin.py:190} INFO - [2026-06-26T09:06:38.115+0000] {dagbag.py:587} INFO - Filling up the DagBag from /opt/airflow/dags/sanity_checks.py
[2026-06-26T09:06:38.131+0000] {processor.py:925} INFO - DAG(s) 'airflow_sanity_check' retrieved from /opt/airflow/dags/sanity_checks.py
[2026-06-26T09:06:38.174+0000] {logging_mixin.py:190} INFO - [2026-06-26T09:06:38.173+0000] {dag.py:3211} INFO - Sync 1 DAGs
[2026-06-26T09:06:38.200+0000] {logging_mixin.py:190} INFO - [2026-06-26T09:06:38.200+0000] {dag.py:4138} INFO - Setting next_dagrun for airflow_sanity_check to None, run_after=None
[2026-06-26T09:06:38.227+0000] {processor.py:208} INFO - Processing /opt/airflow/dags/sanity_checks.py took 0.126 seconds
[2026-06-26T09:07:08.526+0000] {processor.py:186} INFO - Started process (PID=5231) to work on /opt/airflow/dags/sanity_checks.py
[2026-06-26T09:07:08.528+0000] {processor.py:914} INFO - Processing file /opt/airflow/dags/sanity_checks.py for tasks to queue
[2026-06-26T09:07:08.533+0000] {logging_mixin.py:190} INFO - [2026-06-26T09:07:08.532+0000] {dagbag.py:587} INFO - Filling up the DagBag from /opt/airflow/dags/sanity_checks.py
[2026-06-26T09:07:08.551+0000] {processor.py:925} INFO - DAG(s) 'airflow_sanity_check' retrieved from /opt/airflow/dags/sanity_checks.py
[2026-06-26T09:07:08.607+0000] {logging_mixin.py:190} INFO - [2026-06-26T09:07:08.607+0000] {dag.py:3211} INFO - Sync 1 DAGs
[2026-06-26T09:07:08.628+0000] {logging_mixin.py:190} INFO - [2026-06-26T09:07:08.628+0000] {dag.py:4138} INFO - Setting next_dagrun for airflow_sanity_check to None, run_after=None
[2026-06-26T09:07:08.654+0000] {processor.py:208} INFO - Processing /opt/airflow/dags/sanity_checks.py took 0.138 seconds
[2026-06-26T09:07:39.012+0000] {processor.py:186} INFO - Started process (PID=5241) to work on /opt/airflow/dags/sanity_checks.py
[2026-06-26T09:07:39.013+0000] {processor.py:914} INFO - Processing file /opt/airflow/dags/sanity_checks.py for tasks to queue
[2026-06-26T09:07:39.021+0000] {logging_mixin.py:190} INFO - [2026-06-26T09:07:39.020+0000] {dagbag.py:587} INFO - Filling up the DagBag from /opt/airflow/dags/sanity_checks.py
[2026-06-26T09:07:39.042+0000] {processor.py:925} INFO - DAG(s) 'airflow_sanity_check' retrieved from /opt/airflow/dags/sanity_checks.py
[2026-06-26T09:07:39.106+0000] {logging_mixin.py:190} INFO - [2026-06-26T09:07:39.105+0000] {dag.py:3211} INFO - Sync 1 DAGs
[2026-06-26T09:07:39.149+0000] {logging_mixin.py:190} INFO - [2026-06-26T09:07:39.149+0000] {dag.py:4138} INFO - Setting next_dagrun for airflow_sanity_check to None, run_after=None
[2026-06-26T09:07:39.183+0000] {processor.py:208} INFO - Processing /opt/airflow/dags/sanity_checks.py took 0.187 seconds
[2026-06-26T09:08:09.765+0000] {processor.py:186} INFO - Started process (PID=5261) to work on /opt/airflow/dags/sanity_checks.py
[2026-06-26T09:08:09.767+0000] {processor.py:914} INFO - Processing file /opt/airflow/dags/sanity_checks.py for tasks to queue
[2026-06-26T09:08:09.773+0000] {logging_mixin.py:190} INFO - [2026-06-26T09:08:09.773+0000] {dagbag.py:587} INFO - Filling up the DagBag from /opt/airflow/dags/sanity_checks.py
[2026-06-26T09:08:09.797+0000] {processor.py:925} INFO - DAG(s) 'airflow_sanity_check' retrieved from /opt/airflow/dags/sanity_checks.py
[2026-06-26T09:08:09.851+0000] {logging_mixin.py:190} INFO - [2026-06-26T09:08:09.850+0000] {dag.py:3211} INFO - Sync 1 DAGs
[2026-06-26T09:08:09.883+0000] {logging_mixin.py:190} INFO - [2026-06-26T09:08:09.883+0000] {dag.py:4138} INFO - Setting next_dagrun for airflow_sanity_check to None, run_after=None
[2026-06-26T09:08:09.937+0000] {processor.py:208} INFO - Processing /opt/airflow/dags/sanity_checks.py took 0.185 seconds
[2026-06-26T09:08:40.348+0000] {processor.py:186} INFO - Started process (PID=5271) to work on /opt/airflow/dags/sanity_checks.py
[2026-06-26T09:08:40.382+0000] {processor.py:914} INFO - Processing file /opt/airflow/dags/sanity_checks.py for tasks to queue
[2026-06-26T09:08:40.410+0000] {logging_mixin.py:190} INFO - [2026-06-26T09:08:40.409+0000] {dagbag.py:587} INFO - Filling up the DagBag from /opt/airflow/dags/sanity_checks.py
[2026-06-26T09:08:40.514+0000] {processor.py:925} INFO - DAG(s) 'airflow_sanity_check' retrieved from /opt/airflow/dags/sanity_checks.py
[2026-06-26T09:08:40.681+0000] {logging_mixin.py:190} INFO - [2026-06-26T09:08:40.680+0000] {dag.py:3211} INFO - Sync 1 DAGs
[2026-06-26T09:08:40.729+0000] {logging_mixin.py:190} INFO - [2026-06-26T09:08:40.728+0000] {dag.py:4138} INFO - Setting next_dagrun for airflow_sanity_check to None, run_after=None
[2026-06-26T09:08:40.900+0000] {processor.py:208} INFO - Processing /opt/airflow/dags/sanity_checks.py took 0.580 seconds
[2026-06-26T09:09:11.208+0000] {processor.py:186} INFO - Started process (PID=5281) to work on /opt/airflow/dags/sanity_checks.py
[2026-06-26T09:09:11.210+0000] {processor.py:914} INFO - Processing file /opt/airflow/dags/sanity_checks.py for tasks to queue
[2026-06-26T09:09:11.216+0000] {logging_mixin.py:190} INFO - [2026-06-26T09:09:11.215+0000] {dagbag.py:587} INFO - Filling up the DagBag from /opt/airflow/dags/sanity_checks.py
[2026-06-26T09:09:11.241+0000] {processor.py:925} INFO - DAG(s) 'airflow_sanity_check' retrieved from /opt/airflow/dags/sanity_checks.py
[2026-06-26T09:09:11.309+0000] {logging_mixin.py:190} INFO - [2026-06-26T09:09:11.308+0000] {dag.py:3211} INFO - Sync 1 DAGs
[2026-06-26T09:09:11.355+0000] {logging_mixin.py:190} INFO - [2026-06-26T09:09:11.354+0000] {dag.py:4138} INFO - Setting next_dagrun for airflow_sanity_check to None, run_after=None
[2026-06-26T09:09:11.390+0000] {processor.py:208} INFO - Processing /opt/airflow/dags/sanity_checks.py took 0.196 seconds
[2026-06-26T09:09:41.680+0000] {processor.py:186} INFO - Started process (PID=5291) to work on /opt/airflow/dags/sanity_checks.py
[2026-06-26T09:09:41.681+0000] {processor.py:914} INFO - Processing file /opt/airflow/dags/sanity_checks.py for tasks to queue
[2026-06-26T09:09:41.685+0000] {logging_mixin.py:190} INFO - [2026-06-26T09:09:41.684+0000] {dagbag.py:587} INFO - Filling up the DagBag from /opt/airflow/dags/sanity_checks.py
[2026-06-26T09:09:41.702+0000] {processor.py:925} INFO - DAG(s) 'airflow_sanity_check' retrieved from /opt/airflow/dags/sanity_checks.py
[2026-06-26T09:09:41.744+0000] {logging_mixin.py:190} INFO - [2026-06-26T09:09:41.744+0000] {dag.py:3211} INFO - Sync 1 DAGs
[2026-06-26T09:09:41.767+0000] {logging_mixin.py:190} INFO - [2026-06-26T09:09:41.767+0000] {dag.py:4138} INFO - Setting next_dagrun for airflow_sanity_check to None, run_after=None
[2026-06-26T09:09:41.793+0000] {processor.py:208} INFO - Processing /opt/airflow/dags/sanity_checks.py took 0.129 seconds
[2026-06-26T09:10:12.171+0000] {processor.py:186} INFO - Started process (PID=5301) to work on /opt/airflow/dags/sanity_checks.py
[2026-06-26T09:10:12.172+0000] {processor.py:914} INFO - Processing file /opt/airflow/dags/sanity_checks.py for tasks to queue
[2026-06-26T09:10:12.176+0000] {logging_mixin.py:190} INFO - [2026-06-26T09:10:12.175+0000] {dagbag.py:587} INFO - Filling up the DagBag from /opt/airflow/dags/sanity_checks.py
[2026-06-26T09:10:12.191+0000] {processor.py:925} INFO - DAG(s) 'airflow_sanity_check' retrieved from /opt/airflow/dags/sanity_checks.py
[2026-06-26T09:10:12.233+0000] {logging_mixin.py:190} INFO - [2026-06-26T09:10:12.232+0000] {dag.py:3211} INFO - Sync 1 DAGs
[2026-06-26T09:10:12.254+0000] {logging_mixin.py:190} INFO - [2026-06-26T09:10:12.254+0000] {dag.py:4138} INFO - Setting next_dagrun for airflow_sanity_check to None, run_after=None
[2026-06-26T09:10:12.280+0000] {processor.py:208} INFO - Processing /opt/airflow/dags/sanity_checks.py took 0.119 seconds
[2026-06-26T09:10:42.606+0000] {processor.py:186} INFO - Started process (PID=5311) to work on /opt/airflow/dags/sanity_checks.py
[2026-06-26T09:10:42.608+0000] {processor.py:914} INFO - Processing file /opt/airflow/dags/sanity_checks.py for tasks to queue
[2026-06-26T09:10:42.612+0000] {logging_mixin.py:190} INFO - [2026-06-26T09:10:42.611+0000] {dagbag.py:587} INFO - Filling up the DagBag from /opt/airflow/dags/sanity_checks.py
[2026-06-26T09:10:42.630+0000] {processor.py:925} INFO - DAG(s) 'airflow_sanity_check' retrieved from /opt/airflow/dags/sanity_checks.py
[2026-06-26T09:10:42.678+0000] {logging_mixin.py:190} INFO - [2026-06-26T09:10:42.678+0000] {dag.py:3211} INFO - Sync 1 DAGs
[2026-06-26T09:10:42.700+0000] {logging_mixin.py:190} INFO - [2026-06-26T09:10:42.700+0000] {dag.py:4138} INFO - Setting next_dagrun for airflow_sanity_check to None, run_after=None
[2026-06-26T09:10:42.733+0000] {processor.py:208} INFO - Processing /opt/airflow/dags/sanity_checks.py took 0.136 seconds
[2026-06-26T09:11:13.104+0000] {processor.py:186} INFO - Started process (PID=5321) to work on /opt/airflow/dags/sanity_checks.py
[2026-06-26T09:11:13.105+0000] {processor.py:914} INFO - Processing file /opt/airflow/dags/sanity_checks.py for tasks to queue
[2026-06-26T09:11:13.109+0000] {logging_mixin.py:190} INFO - [2026-06-26T09:11:13.109+0000] {dagbag.py:587} INFO - Filling up the DagBag from /opt/airflow/dags/sanity_checks.py
[2026-06-26T09:11:13.125+0000] {processor.py:925} INFO - DAG(s) 'airflow_sanity_check' retrieved from /opt/airflow/dags/sanity_checks.py
[2026-06-26T09:11:13.168+0000] {logging_mixin.py:190} INFO - [2026-06-26T09:11:13.168+0000] {dag.py:3211} INFO - Sync 1 DAGs
[2026-06-26T09:11:13.190+0000] {logging_mixin.py:190} INFO - [2026-06-26T09:11:13.190+0000] {dag.py:4138} INFO - Setting next_dagrun for airflow_sanity_check to None, run_after=None
[2026-06-26T09:11:13.218+0000] {processor.py:208} INFO - Processing /opt/airflow/dags/sanity_checks.py took 0.124 seconds
[2026-06-26T09:11:43.532+0000] {processor.py:186} INFO - Started process (PID=5331) to work on /opt/airflow/dags/sanity_checks.py
[2026-06-26T09:11:43.533+0000] {processor.py:914} INFO - Processing file /opt/airflow/dags/sanity_checks.py for tasks to queue
[2026-06-26T09:11:43.539+0000] {logging_mixin.py:190} INFO - [2026-06-26T09:11:43.538+0000] {dagbag.py:587} INFO - Filling up the DagBag from /opt/airflow/dags/sanity_checks.py
[2026-06-26T09:11:43.560+0000] {processor.py:925} INFO - DAG(s) 'airflow_sanity_check' retrieved from /opt/airflow/dags/sanity_checks.py
[2026-06-26T09:11:43.605+0000] {logging_mixin.py:190} INFO - [2026-06-26T09:11:43.604+0000] {dag.py:3211} INFO - Sync 1 DAGs
[2026-06-26T09:11:43.630+0000] {logging_mixin.py:190} INFO - [2026-06-26T09:11:43.630+0000] {dag.py:4138} INFO - Setting next_dagrun for airflow_sanity_check to None, run_after=None
[2026-06-26T09:11:43.663+0000] {processor.py:208} INFO - Processing /opt/airflow/dags/sanity_checks.py took 0.140 seconds
[2026-06-26T09:12:13.986+0000] {processor.py:186} INFO - Started process (PID=5341) to work on /opt/airflow/dags/sanity_checks.py
[2026-06-26T09:12:13.987+0000] {processor.py:914} INFO - Processing file /opt/airflow/dags/sanity_checks.py for tasks to queue
[2026-06-26T09:12:14.005+0000] {logging_mixin.py:190} INFO - [2026-06-26T09:12:13.993+0000] {dagbag.py:587} INFO - Filling up the DagBag from /opt/airflow/dags/sanity_checks.py
[2026-06-26T09:12:14.024+0000] {processor.py:925} INFO - DAG(s) 'airflow_sanity_check' retrieved from /opt/airflow/dags/sanity_checks.py
[2026-06-26T09:12:14.079+0000] {logging_mixin.py:190} INFO - [2026-06-26T09:12:14.078+0000] {dag.py:3211} INFO - Sync 1 DAGs
[2026-06-26T09:12:14.102+0000] {logging_mixin.py:190} INFO - [2026-06-26T09:12:14.101+0000] {dag.py:4138} INFO - Setting next_dagrun for airflow_sanity_check to None, run_after=None
[2026-06-26T09:12:14.130+0000] {processor.py:208} INFO - Processing /opt/airflow/dags/sanity_checks.py took 0.160 seconds
[2026-06-26T09:12:44.470+0000] {processor.py:186} INFO - Started process (PID=5351) to work on /opt/airflow/dags/sanity_checks.py
[2026-06-26T09:12:44.471+0000] {processor.py:914} INFO - Processing file /opt/airflow/dags/sanity_checks.py for tasks to queue
[2026-06-26T09:12:44.474+0000] {logging_mixin.py:190} INFO - [2026-06-26T09:12:44.474+0000] {dagbag.py:587} INFO - Filling up the DagBag from /opt/airflow/dags/sanity_checks.py
[2026-06-26T09:12:44.490+0000] {processor.py:925} INFO - DAG(s) 'airflow_sanity_check' retrieved from /opt/airflow/dags/sanity_checks.py
[2026-06-26T09:12:44.535+0000] {logging_mixin.py:190} INFO - [2026-06-26T09:12:44.534+0000] {dag.py:3211} INFO - Sync 1 DAGs
[2026-06-26T09:12:44.556+0000] {logging_mixin.py:190} INFO - [2026-06-26T09:12:44.556+0000] {dag.py:4138} INFO - Setting next_dagrun for airflow_sanity_check to None, run_after=None
[2026-06-26T09:12:44.581+0000] {processor.py:208} INFO - Processing /opt/airflow/dags/sanity_checks.py took 0.124 seconds
[2026-06-26T09:13:14.994+0000] {processor.py:186} INFO - Started process (PID=5361) to work on /opt/airflow/dags/sanity_checks.py
[2026-06-26T09:13:14.995+0000] {processor.py:914} INFO - Processing file /opt/airflow/dags/sanity_checks.py for tasks to queue
[2026-06-26T09:13:14.999+0000] {logging_mixin.py:190} INFO - [2026-06-26T09:13:14.998+0000] {dagbag.py:587} INFO - Filling up the DagBag from /opt/airflow/dags/sanity_checks.py
[2026-06-26T09:13:15.018+0000] {processor.py:925} INFO - DAG(s) 'airflow_sanity_check' retrieved from /opt/airflow/dags/sanity_checks.py
[2026-06-26T09:13:15.069+0000] {logging_mixin.py:190} INFO - [2026-06-26T09:13:15.069+0000] {dag.py:3211} INFO - Sync 1 DAGs
[2026-06-26T09:13:15.094+0000] {logging_mixin.py:190} INFO - [2026-06-26T09:13:15.094+0000] {dag.py:4138} INFO - Setting next_dagrun for airflow_sanity_check to None, run_after=None
[2026-06-26T09:13:15.128+0000] {processor.py:208} INFO - Processing /opt/airflow/dags/sanity_checks.py took 0.146 seconds
[2026-06-26T09:13:45.519+0000] {processor.py:186} INFO - Started process (PID=5371) to work on /opt/airflow/dags/sanity_checks.py
[2026-06-26T09:13:45.520+0000] {processor.py:914} INFO - Processing file /opt/airflow/dags/sanity_checks.py for tasks to queue
[2026-06-26T09:13:45.523+0000] {logging_mixin.py:190} INFO - [2026-06-26T09:13:45.523+0000] {dagbag.py:587} INFO - Filling up the DagBag from /opt/airflow/dags/sanity_checks.py
[2026-06-26T09:13:45.539+0000] {processor.py:925} INFO - DAG(s) 'airflow_sanity_check' retrieved from /opt/airflow/dags/sanity_checks.py
[2026-06-26T09:13:45.584+0000] {logging_mixin.py:190} INFO - [2026-06-26T09:13:45.583+0000] {dag.py:3211} INFO - Sync 1 DAGs
[2026-06-26T09:13:45.607+0000] {logging_mixin.py:190} INFO - [2026-06-26T09:13:45.607+0000] {dag.py:4138} INFO - Setting next_dagrun for airflow_sanity_check to None, run_after=None
[2026-06-26T09:13:45.635+0000] {processor.py:208} INFO - Processing /opt/airflow/dags/sanity_checks.py took 0.125 seconds
[2026-06-26T09:14:15.965+0000] {processor.py:186} INFO - Started process (PID=5381) to work on /opt/airflow/dags/sanity_checks.py
[2026-06-26T09:14:15.967+0000] {processor.py:914} INFO - Processing file /opt/airflow/dags/sanity_checks.py for tasks to queue
[2026-06-26T09:14:15.970+0000] {logging_mixin.py:190} INFO - [2026-06-26T09:14:15.970+0000] {dagbag.py:587} INFO - Filling up the DagBag from /opt/airflow/dags/sanity_checks.py
[2026-06-26T09:14:15.986+0000] {processor.py:925} INFO - DAG(s) 'airflow_sanity_check' retrieved from /opt/airflow/dags/sanity_checks.py
[2026-06-26T09:14:16.028+0000] {logging_mixin.py:190} INFO - [2026-06-26T09:14:16.028+0000] {dag.py:3211} INFO - Sync 1 DAGs
[2026-06-26T09:14:16.050+0000] {logging_mixin.py:190} INFO - [2026-06-26T09:14:16.050+0000] {dag.py:4138} INFO - Setting next_dagrun for airflow_sanity_check to None, run_after=None
[2026-06-26T09:14:16.078+0000] {processor.py:208} INFO - Processing /opt/airflow/dags/sanity_checks.py took 0.121 seconds
[2026-06-26T09:14:46.498+0000] {processor.py:186} INFO - Started process (PID=5391) to work on /opt/airflow/dags/sanity_checks.py
[2026-06-26T09:14:46.500+0000] {processor.py:914} INFO - Processing file /opt/airflow/dags/sanity_checks.py for tasks to queue
[2026-06-26T09:14:46.512+0000] {logging_mixin.py:190} INFO - [2026-06-26T09:14:46.511+0000] {dagbag.py:587} INFO - Filling up the DagBag from /opt/airflow/dags/sanity_checks.py
[2026-06-26T09:14:46.536+0000] {processor.py:925} INFO - DAG(s) 'airflow_sanity_check' retrieved from /opt/airflow/dags/sanity_checks.py
[2026-06-26T09:14:46.594+0000] {logging_mixin.py:190} INFO - [2026-06-26T09:14:46.594+0000] {dag.py:3211} INFO - Sync 1 DAGs
[2026-06-26T09:14:46.622+0000] {logging_mixin.py:190} INFO - [2026-06-26T09:14:46.621+0000] {dag.py:4138} INFO - Setting next_dagrun for airflow_sanity_check to None, run_after=None
[2026-06-26T09:14:46.654+0000] {processor.py:208} INFO - Processing /opt/airflow/dags/sanity_checks.py took 0.171 seconds
[2026-06-26T09:15:17.044+0000] {processor.py:186} INFO - Started process (PID=5401) to work on /opt/airflow/dags/sanity_checks.py
[2026-06-26T09:15:17.045+0000] {processor.py:914} INFO - Processing file /opt/airflow/dags/sanity_checks.py for tasks to queue
[2026-06-26T09:15:17.049+0000] {logging_mixin.py:190} INFO - [2026-06-26T09:15:17.049+0000] {dagbag.py:587} INFO - Filling up the DagBag from /opt/airflow/dags/sanity_checks.py
[2026-06-26T09:15:17.065+0000] {processor.py:925} INFO - DAG(s) 'airflow_sanity_check' retrieved from /opt/airflow/dags/sanity_checks.py
[2026-06-26T09:15:17.105+0000] {logging_mixin.py:190} INFO - [2026-06-26T09:15:17.105+0000] {dag.py:3211} INFO - Sync 1 DAGs
[2026-06-26T09:15:17.136+0000] {logging_mixin.py:190} INFO - [2026-06-26T09:15:17.136+0000] {dag.py:4138} INFO - Setting next_dagrun for airflow_sanity_check to None, run_after=None
[2026-06-26T09:15:17.175+0000] {processor.py:208} INFO - Processing /opt/airflow/dags/sanity_checks.py took 0.140 seconds
[2026-06-26T09:15:47.550+0000] {processor.py:186} INFO - Started process (PID=5411) to work on /opt/airflow/dags/sanity_checks.py
[2026-06-26T09:15:47.551+0000] {processor.py:914} INFO - Processing file /opt/airflow/dags/sanity_checks.py for tasks to queue
[2026-06-26T09:15:47.555+0000] {logging_mixin.py:190} INFO - [2026-06-26T09:15:47.554+0000] {dagbag.py:587} INFO - Filling up the DagBag from /opt/airflow/dags/sanity_checks.py
[2026-06-26T09:15:47.570+0000] {processor.py:925} INFO - DAG(s) 'airflow_sanity_check' retrieved from /opt/airflow/dags/sanity_checks.py
[2026-06-26T09:15:47.612+0000] {logging_mixin.py:190} INFO - [2026-06-26T09:15:47.612+0000] {dag.py:3211} INFO - Sync 1 DAGs
[2026-06-26T09:15:47.634+0000] {logging_mixin.py:190} INFO - [2026-06-26T09:15:47.634+0000] {dag.py:4138} INFO - Setting next_dagrun for airflow_sanity_check to None, run_after=None
[2026-06-26T09:15:47.663+0000] {processor.py:208} INFO - Processing /opt/airflow/dags/sanity_checks.py took 0.125 seconds
[2026-06-26T09:16:18.007+0000] {processor.py:186} INFO - Started process (PID=5421) to work on /opt/airflow/dags/sanity_checks.py
[2026-06-26T09:16:18.009+0000] {processor.py:914} INFO - Processing file /opt/airflow/dags/sanity_checks.py for tasks to queue
[2026-06-26T09:16:18.012+0000] {logging_mixin.py:190} INFO - [2026-06-26T09:16:18.012+0000] {dagbag.py:587} INFO - Filling up the DagBag from /opt/airflow/dags/sanity_checks.py
[2026-06-26T09:16:18.028+0000] {processor.py:925} INFO - DAG(s) 'airflow_sanity_check' retrieved from /opt/airflow/dags/sanity_checks.py
[2026-06-26T09:16:18.070+0000] {logging_mixin.py:190} INFO - [2026-06-26T09:16:18.069+0000] {dag.py:3211} INFO - Sync 1 DAGs
[2026-06-26T09:16:18.090+0000] {logging_mixin.py:190} INFO - [2026-06-26T09:16:18.090+0000] {dag.py:4138} INFO - Setting next_dagrun for airflow_sanity_check to None, run_after=None
[2026-06-26T09:16:18.121+0000] {processor.py:208} INFO - Processing /opt/airflow/dags/sanity_checks.py took 0.123 seconds
[2026-06-26T09:16:48.455+0000] {processor.py:186} INFO - Started process (PID=5431) to work on /opt/airflow/dags/sanity_checks.py
[2026-06-26T09:16:48.456+0000] {processor.py:914} INFO - Processing file /opt/airflow/dags/sanity_checks.py for tasks to queue
[2026-06-26T09:16:48.460+0000] {logging_mixin.py:190} INFO - [2026-06-26T09:16:48.459+0000] {dagbag.py:587} INFO - Filling up the DagBag from /opt/airflow/dags/sanity_checks.py
[2026-06-26T09:16:48.475+0000] {processor.py:925} INFO - DAG(s) 'airflow_sanity_check' retrieved from /opt/airflow/dags/sanity_checks.py
[2026-06-26T09:16:48.517+0000] {logging_mixin.py:190} INFO - [2026-06-26T09:16:48.517+0000] {dag.py:3211} INFO - Sync 1 DAGs
[2026-06-26T09:16:48.540+0000] {logging_mixin.py:190} INFO - [2026-06-26T09:16:48.540+0000] {dag.py:4138} INFO - Setting next_dagrun for airflow_sanity_check to None, run_after=None
[2026-06-26T09:16:48.568+0000] {processor.py:208} INFO - Processing /opt/airflow/dags/sanity_checks.py took 0.122 seconds
[2026-06-26T09:17:18.925+0000] {processor.py:186} INFO - Started process (PID=5441) to work on /opt/airflow/dags/sanity_checks.py
[2026-06-26T09:17:18.926+0000] {processor.py:914} INFO - Processing file /opt/airflow/dags/sanity_checks.py for tasks to queue
[2026-06-26T09:17:18.930+0000] {logging_mixin.py:190} INFO - [2026-06-26T09:17:18.930+0000] {dagbag.py:587} INFO - Filling up the DagBag from /opt/airflow/dags/sanity_checks.py
[2026-06-26T09:17:18.946+0000] {processor.py:925} INFO - DAG(s) 'airflow_sanity_check' retrieved from /opt/airflow/dags/sanity_checks.py
[2026-06-26T09:17:18.988+0000] {logging_mixin.py:190} INFO - [2026-06-26T09:17:18.988+0000] {dag.py:3211} INFO - Sync 1 DAGs
[2026-06-26T09:17:19.009+0000] {logging_mixin.py:190} INFO - [2026-06-26T09:17:19.009+0000] {dag.py:4138} INFO - Setting next_dagrun for airflow_sanity_check to None, run_after=None
[2026-06-26T09:17:19.037+0000] {processor.py:208} INFO - Processing /opt/airflow/dags/sanity_checks.py took 0.123 seconds
[2026-06-26T09:17:49.359+0000] {processor.py:186} INFO - Started process (PID=5451) to work on /opt/airflow/dags/sanity_checks.py
[2026-06-26T09:17:49.361+0000] {processor.py:914} INFO - Processing file /opt/airflow/dags/sanity_checks.py for tasks to queue
[2026-06-26T09:17:49.365+0000] {logging_mixin.py:190} INFO - [2026-06-26T09:17:49.365+0000] {dagbag.py:587} INFO - Filling up the DagBag from /opt/airflow/dags/sanity_checks.py
[2026-06-26T09:17:49.381+0000] {processor.py:925} INFO - DAG(s) 'airflow_sanity_check' retrieved from /opt/airflow/dags/sanity_checks.py
[2026-06-26T09:17:49.423+0000] {logging_mixin.py:190} INFO - [2026-06-26T09:17:49.423+0000] {dag.py:3211} INFO - Sync 1 DAGs
[2026-06-26T09:17:49.445+0000] {logging_mixin.py:190} INFO - [2026-06-26T09:17:49.445+0000] {dag.py:4138} INFO - Setting next_dagrun for airflow_sanity_check to None, run_after=None
[2026-06-26T09:17:49.469+0000] {processor.py:208} INFO - Processing /opt/airflow/dags/sanity_checks.py took 0.121 seconds
[2026-06-26T09:18:19.822+0000] {processor.py:186} INFO - Started process (PID=5461) to work on /opt/airflow/dags/sanity_checks.py
[2026-06-26T09:18:19.823+0000] {processor.py:914} INFO - Processing file /opt/airflow/dags/sanity_checks.py for tasks to queue
[2026-06-26T09:18:19.827+0000] {logging_mixin.py:190} INFO - [2026-06-26T09:18:19.826+0000] {dagbag.py:587} INFO - Filling up the DagBag from /opt/airflow/dags/sanity_checks.py
[2026-06-26T09:18:19.842+0000] {processor.py:925} INFO - DAG(s) 'airflow_sanity_check' retrieved from /opt/airflow/dags/sanity_checks.py
[2026-06-26T09:18:19.886+0000] {logging_mixin.py:190} INFO - [2026-06-26T09:18:19.885+0000] {dag.py:3211} INFO - Sync 1 DAGs
[2026-06-26T09:18:19.911+0000] {logging_mixin.py:190} INFO - [2026-06-26T09:18:19.911+0000] {dag.py:4138} INFO - Setting next_dagrun for airflow_sanity_check to None, run_after=None
[2026-06-26T09:18:19.939+0000] {processor.py:208} INFO - Processing /opt/airflow/dags/sanity_checks.py took 0.128 seconds
[2026-06-26T09:18:50.381+0000] {processor.py:186} INFO - Started process (PID=5471) to work on /opt/airflow/dags/sanity_checks.py
[2026-06-26T09:18:50.382+0000] {processor.py:914} INFO - Processing file /opt/airflow/dags/sanity_checks.py for tasks to queue
[2026-06-26T09:18:50.386+0000] {logging_mixin.py:190} INFO - [2026-06-26T09:18:50.385+0000] {dagbag.py:587} INFO - Filling up the DagBag from /opt/airflow/dags/sanity_checks.py
[2026-06-26T09:18:50.401+0000] {processor.py:925} INFO - DAG(s) 'airflow_sanity_check' retrieved from /opt/airflow/dags/sanity_checks.py
[2026-06-26T09:18:50.444+0000] {logging_mixin.py:190} INFO - [2026-06-26T09:18:50.444+0000] {dag.py:3211} INFO - Sync 1 DAGs
[2026-06-26T09:18:50.465+0000] {logging_mixin.py:190} INFO - [2026-06-26T09:18:50.465+0000] {dag.py:4138} INFO - Setting next_dagrun for airflow_sanity_check to None, run_after=None
[2026-06-26T09:18:50.495+0000] {processor.py:208} INFO - Processing /opt/airflow/dags/sanity_checks.py took 0.124 seconds
[2026-06-26T09:19:20.822+0000] {processor.py:186} INFO - Started process (PID=5481) to work on /opt/airflow/dags/sanity_checks.py
[2026-06-26T09:19:20.823+0000] {processor.py:914} INFO - Processing file /opt/airflow/dags/sanity_checks.py for tasks to queue
[2026-06-26T09:19:20.828+0000] {logging_mixin.py:190} INFO - [2026-06-26T09:19:20.827+0000] {dagbag.py:587} INFO - Filling up the DagBag from /opt/airflow/dags/sanity_checks.py
[2026-06-26T09:19:20.846+0000] {processor.py:925} INFO - DAG(s) 'airflow_sanity_check' retrieved from /opt/airflow/dags/sanity_checks.py
[2026-06-26T09:19:20.889+0000] {logging_mixin.py:190} INFO - [2026-06-26T09:19:20.889+0000] {dag.py:3211} INFO - Sync 1 DAGs
[2026-06-26T09:19:20.911+0000] {logging_mixin.py:190} INFO - [2026-06-26T09:19:20.910+0000] {dag.py:4138} INFO - Setting next_dagrun for airflow_sanity_check to None, run_after=None
[2026-06-26T09:19:20.939+0000] {processor.py:208} INFO - Processing /opt/airflow/dags/sanity_checks.py took 0.128 seconds
[2026-06-26T09:19:51.266+0000] {processor.py:186} INFO - Started process (PID=5491) to work on /opt/airflow/dags/sanity_checks.py
[2026-06-26T09:19:51.267+0000] {processor.py:914} INFO - Processing file /opt/airflow/dags/sanity_checks.py for tasks to queue
[2026-06-26T09:19:51.271+0000] {logging_mixin.py:190} INFO - [2026-06-26T09:19:51.270+0000] {dagbag.py:587} INFO - Filling up the DagBag from /opt/airflow/dags/sanity_checks.py
[2026-06-26T09:19:51.286+0000] {processor.py:925} INFO - DAG(s) 'airflow_sanity_check' retrieved from /opt/airflow/dags/sanity_checks.py
[2026-06-26T09:19:51.328+0000] {logging_mixin.py:190} INFO - [2026-06-26T09:19:51.328+0000] {dag.py:3211} INFO - Sync 1 DAGs
[2026-06-26T09:19:51.351+0000] {logging_mixin.py:190} INFO - [2026-06-26T09:19:51.351+0000] {dag.py:4138} INFO - Setting next_dagrun for airflow_sanity_check to None, run_after=None
[2026-06-26T09:19:51.377+0000] {processor.py:208} INFO - Processing /opt/airflow/dags/sanity_checks.py took 0.120 seconds
[2026-06-26T09:20:21.714+0000] {processor.py:186} INFO - Started process (PID=5501) to work on /opt/airflow/dags/sanity_checks.py
[2026-06-26T09:20:21.716+0000] {processor.py:914} INFO - Processing file /opt/airflow/dags/sanity_checks.py for tasks to queue
[2026-06-26T09:20:21.720+0000] {logging_mixin.py:190} INFO - [2026-06-26T09:20:21.719+0000] {dagbag.py:587} INFO - Filling up the DagBag from /opt/airflow/dags/sanity_checks.py
[2026-06-26T09:20:21.740+0000] {processor.py:925} INFO - DAG(s) 'airflow_sanity_check' retrieved from /opt/airflow/dags/sanity_checks.py
[2026-06-26T09:20:21.794+0000] {logging_mixin.py:190} INFO - [2026-06-26T09:20:21.793+0000] {dag.py:3211} INFO - Sync 1 DAGs
[2026-06-26T09:20:21.820+0000] {logging_mixin.py:190} INFO - [2026-06-26T09:20:21.820+0000] {dag.py:4138} INFO - Setting next_dagrun for airflow_sanity_check to None, run_after=None
[2026-06-26T09:20:21.853+0000] {processor.py:208} INFO - Processing /opt/airflow/dags/sanity_checks.py took 0.147 seconds
[2026-06-26T09:20:52.235+0000] {processor.py:186} INFO - Started process (PID=5511) to work on /opt/airflow/dags/sanity_checks.py
[2026-06-26T09:20:52.237+0000] {processor.py:914} INFO - Processing file /opt/airflow/dags/sanity_checks.py for tasks to queue
[2026-06-26T09:20:52.241+0000] {logging_mixin.py:190} INFO - [2026-06-26T09:20:52.241+0000] {dagbag.py:587} INFO - Filling up the DagBag from /opt/airflow/dags/sanity_checks.py
[2026-06-26T09:20:52.259+0000] {processor.py:925} INFO - DAG(s) 'airflow_sanity_check' retrieved from /opt/airflow/dags/sanity_checks.py
[2026-06-26T09:20:52.306+0000] {logging_mixin.py:190} INFO - [2026-06-26T09:20:52.306+0000] {dag.py:3211} INFO - Sync 1 DAGs
[2026-06-26T09:20:52.329+0000] {logging_mixin.py:190} INFO - [2026-06-26T09:20:52.329+0000] {dag.py:4138} INFO - Setting next_dagrun for airflow_sanity_check to None, run_after=None
[2026-06-26T09:20:52.356+0000] {processor.py:208} INFO - Processing /opt/airflow/dags/sanity_checks.py took 0.131 seconds
[2026-06-26T09:21:22.685+0000] {processor.py:186} INFO - Started process (PID=5521) to work on /opt/airflow/dags/sanity_checks.py
[2026-06-26T09:21:22.687+0000] {processor.py:914} INFO - Processing file /opt/airflow/dags/sanity_checks.py for tasks to queue
[2026-06-26T09:21:22.694+0000] {logging_mixin.py:190} INFO - [2026-06-26T09:21:22.693+0000] {dagbag.py:587} INFO - Filling up the DagBag from /opt/airflow/dags/sanity_checks.py
[2026-06-26T09:21:22.712+0000] {processor.py:925} INFO - DAG(s) 'airflow_sanity_check' retrieved from /opt/airflow/dags/sanity_checks.py
[2026-06-26T09:21:22.763+0000] {logging_mixin.py:190} INFO - [2026-06-26T09:21:22.763+0000] {dag.py:3211} INFO - Sync 1 DAGs
[2026-06-26T09:21:22.787+0000] {logging_mixin.py:190} INFO - [2026-06-26T09:21:22.787+0000] {dag.py:4138} INFO - Setting next_dagrun for airflow_sanity_check to None, run_after=None
[2026-06-26T09:21:22.815+0000] {processor.py:208} INFO - Processing /opt/airflow/dags/sanity_checks.py took 0.140 seconds
[2026-06-26T09:21:53.163+0000] {processor.py:186} INFO - Started process (PID=5531) to work on /opt/airflow/dags/sanity_checks.py
[2026-06-26T09:21:53.165+0000] {processor.py:914} INFO - Processing file /opt/airflow/dags/sanity_checks.py for tasks to queue
[2026-06-26T09:21:53.168+0000] {logging_mixin.py:190} INFO - [2026-06-26T09:21:53.168+0000] {dagbag.py:587} INFO - Filling up the DagBag from /opt/airflow/dags/sanity_checks.py
[2026-06-26T09:21:53.183+0000] {processor.py:925} INFO - DAG(s) 'airflow_sanity_check' retrieved from /opt/airflow/dags/sanity_checks.py
[2026-06-26T09:21:53.228+0000] {logging_mixin.py:190} INFO - [2026-06-26T09:21:53.227+0000] {dag.py:3211} INFO - Sync 1 DAGs
[2026-06-26T09:21:53.250+0000] {logging_mixin.py:190} INFO - [2026-06-26T09:21:53.250+0000] {dag.py:4138} INFO - Setting next_dagrun for airflow_sanity_check to None, run_after=None
[2026-06-26T09:21:53.277+0000] {processor.py:208} INFO - Processing /opt/airflow/dags/sanity_checks.py took 0.124 seconds
