[2026-06-26T09:03:03.521+0000] {processor.py:186} INFO - Started process (PID=5139) to work on /opt/airflow/dags/tmdb_incremental_sync.py
[2026-06-26T09:03:03.529+0000] {processor.py:914} INFO - Processing file /opt/airflow/dags/tmdb_incremental_sync.py for tasks to queue
[2026-06-26T09:03:03.546+0000] {logging_mixin.py:190} INFO - [2026-06-26T09:03:03.544+0000] {dagbag.py:587} INFO - Filling up the DagBag from /opt/airflow/dags/tmdb_incremental_sync.py
[2026-06-26T09:03:03.638+0000] {processor.py:925} INFO - DAG(s) 'tmdb_incremental_sync' retrieved from /opt/airflow/dags/tmdb_incremental_sync.py
[2026-06-26T09:03:03.744+0000] {logging_mixin.py:190} INFO - [2026-06-26T09:03:03.743+0000] {dag.py:3211} INFO - Sync 1 DAGs
[2026-06-26T09:03:03.832+0000] {logging_mixin.py:190} INFO - [2026-06-26T09:03:03.832+0000] {dag.py:4138} INFO - Setting next_dagrun for tmdb_incremental_sync to 2026-06-26 00:00:00+00:00, run_after=2026-06-27 00:00:00+00:00
[2026-06-26T09:03:03.870+0000] {processor.py:208} INFO - Processing /opt/airflow/dags/tmdb_incremental_sync.py took 0.390 seconds
[2026-06-26T09:03:34.205+0000] {processor.py:186} INFO - Started process (PID=5164) to work on /opt/airflow/dags/tmdb_incremental_sync.py
[2026-06-26T09:03:34.210+0000] {processor.py:914} INFO - Processing file /opt/airflow/dags/tmdb_incremental_sync.py for tasks to queue
[2026-06-26T09:03:34.222+0000] {logging_mixin.py:190} INFO - [2026-06-26T09:03:34.220+0000] {dagbag.py:587} INFO - Filling up the DagBag from /opt/airflow/dags/tmdb_incremental_sync.py
[2026-06-26T09:03:34.310+0000] {processor.py:925} INFO - DAG(s) 'tmdb_incremental_sync' retrieved from /opt/airflow/dags/tmdb_incremental_sync.py
[2026-06-26T09:03:34.469+0000] {logging_mixin.py:190} INFO - [2026-06-26T09:03:34.469+0000] {dag.py:3211} INFO - Sync 1 DAGs
[2026-06-26T09:03:34.660+0000] {logging_mixin.py:190} INFO - [2026-06-26T09:03:34.659+0000] {dag.py:4138} INFO - Setting next_dagrun for tmdb_incremental_sync to 2026-06-26 00:00:00+00:00, run_after=2026-06-27 00:00:00+00:00
[2026-06-26T09:03:34.699+0000] {processor.py:208} INFO - Processing /opt/airflow/dags/tmdb_incremental_sync.py took 0.537 seconds
[2026-06-26T09:04:05.274+0000] {processor.py:186} INFO - Started process (PID=5174) to work on /opt/airflow/dags/tmdb_incremental_sync.py
[2026-06-26T09:04:05.275+0000] {processor.py:914} INFO - Processing file /opt/airflow/dags/tmdb_incremental_sync.py for tasks to queue
[2026-06-26T09:04:05.279+0000] {logging_mixin.py:190} INFO - [2026-06-26T09:04:05.278+0000] {dagbag.py:587} INFO - Filling up the DagBag from /opt/airflow/dags/tmdb_incremental_sync.py
[2026-06-26T09:04:05.311+0000] {processor.py:925} INFO - DAG(s) 'tmdb_incremental_sync' retrieved from /opt/airflow/dags/tmdb_incremental_sync.py
[2026-06-26T09:04:05.365+0000] {logging_mixin.py:190} INFO - [2026-06-26T09:04:05.364+0000] {dag.py:3211} INFO - Sync 1 DAGs
[2026-06-26T09:04:05.484+0000] {logging_mixin.py:190} INFO - [2026-06-26T09:04:05.484+0000] {dag.py:4138} INFO - Setting next_dagrun for tmdb_incremental_sync to 2026-06-26 00:00:00+00:00, run_after=2026-06-27 00:00:00+00:00
[2026-06-26T09:04:05.514+0000] {processor.py:208} INFO - Processing /opt/airflow/dags/tmdb_incremental_sync.py took 0.250 seconds
[2026-06-26T09:04:35.789+0000] {processor.py:186} INFO - Started process (PID=5184) to work on /opt/airflow/dags/tmdb_incremental_sync.py
[2026-06-26T09:04:35.790+0000] {processor.py:914} INFO - Processing file /opt/airflow/dags/tmdb_incremental_sync.py for tasks to queue
[2026-06-26T09:04:35.794+0000] {logging_mixin.py:190} INFO - [2026-06-26T09:04:35.794+0000] {dagbag.py:587} INFO - Filling up the DagBag from /opt/airflow/dags/tmdb_incremental_sync.py
[2026-06-26T09:04:35.823+0000] {processor.py:925} INFO - DAG(s) 'tmdb_incremental_sync' retrieved from /opt/airflow/dags/tmdb_incremental_sync.py
[2026-06-26T09:04:35.865+0000] {logging_mixin.py:190} INFO - [2026-06-26T09:04:35.865+0000] {dag.py:3211} INFO - Sync 1 DAGs
[2026-06-26T09:04:35.942+0000] {logging_mixin.py:190} INFO - [2026-06-26T09:04:35.942+0000] {dag.py:4138} INFO - Setting next_dagrun for tmdb_incremental_sync to 2026-06-26 00:00:00+00:00, run_after=2026-06-27 00:00:00+00:00
[2026-06-26T09:04:35.971+0000] {processor.py:208} INFO - Processing /opt/airflow/dags/tmdb_incremental_sync.py took 0.190 seconds
[2026-06-26T09:05:06.498+0000] {processor.py:186} INFO - Started process (PID=5194) to work on /opt/airflow/dags/tmdb_incremental_sync.py
[2026-06-26T09:05:06.501+0000] {processor.py:914} INFO - Processing file /opt/airflow/dags/tmdb_incremental_sync.py for tasks to queue
[2026-06-26T09:05:06.507+0000] {logging_mixin.py:190} INFO - [2026-06-26T09:05:06.506+0000] {dagbag.py:587} INFO - Filling up the DagBag from /opt/airflow/dags/tmdb_incremental_sync.py
[2026-06-26T09:05:06.539+0000] {processor.py:925} INFO - DAG(s) 'tmdb_incremental_sync' retrieved from /opt/airflow/dags/tmdb_incremental_sync.py
[2026-06-26T09:05:06.605+0000] {logging_mixin.py:190} INFO - [2026-06-26T09:05:06.604+0000] {dag.py:3211} INFO - Sync 1 DAGs
[2026-06-26T09:05:06.660+0000] {logging_mixin.py:190} INFO - [2026-06-26T09:05:06.660+0000] {dag.py:4138} INFO - Setting next_dagrun for tmdb_incremental_sync to 2026-06-26 00:00:00+00:00, run_after=2026-06-27 00:00:00+00:00
[2026-06-26T09:05:06.688+0000] {processor.py:208} INFO - Processing /opt/airflow/dags/tmdb_incremental_sync.py took 0.206 seconds
[2026-06-26T09:05:37.122+0000] {processor.py:186} INFO - Started process (PID=5204) to work on /opt/airflow/dags/tmdb_incremental_sync.py
[2026-06-26T09:05:37.124+0000] {processor.py:914} INFO - Processing file /opt/airflow/dags/tmdb_incremental_sync.py for tasks to queue
[2026-06-26T09:05:37.130+0000] {logging_mixin.py:190} INFO - [2026-06-26T09:05:37.129+0000] {dagbag.py:587} INFO - Filling up the DagBag from /opt/airflow/dags/tmdb_incremental_sync.py
[2026-06-26T09:05:37.226+0000] {processor.py:925} INFO - DAG(s) 'tmdb_incremental_sync' retrieved from /opt/airflow/dags/tmdb_incremental_sync.py
[2026-06-26T09:05:37.350+0000] {logging_mixin.py:190} INFO - [2026-06-26T09:05:37.350+0000] {dag.py:3211} INFO - Sync 1 DAGs
[2026-06-26T09:05:37.408+0000] {logging_mixin.py:190} INFO - [2026-06-26T09:05:37.408+0000] {dag.py:4138} INFO - Setting next_dagrun for tmdb_incremental_sync to 2026-06-26 00:00:00+00:00, run_after=2026-06-27 00:00:00+00:00
[2026-06-26T09:05:37.446+0000] {processor.py:208} INFO - Processing /opt/airflow/dags/tmdb_incremental_sync.py took 0.339 seconds
[2026-06-26T09:06:07.709+0000] {processor.py:186} INFO - Started process (PID=5214) to work on /opt/airflow/dags/tmdb_incremental_sync.py
[2026-06-26T09:06:07.710+0000] {processor.py:914} INFO - Processing file /opt/airflow/dags/tmdb_incremental_sync.py for tasks to queue
[2026-06-26T09:06:07.714+0000] {logging_mixin.py:190} INFO - [2026-06-26T09:06:07.713+0000] {dagbag.py:587} INFO - Filling up the DagBag from /opt/airflow/dags/tmdb_incremental_sync.py
[2026-06-26T09:06:07.743+0000] {processor.py:925} INFO - DAG(s) 'tmdb_incremental_sync' retrieved from /opt/airflow/dags/tmdb_incremental_sync.py
[2026-06-26T09:06:07.790+0000] {logging_mixin.py:190} INFO - [2026-06-26T09:06:07.790+0000] {dag.py:3211} INFO - Sync 1 DAGs
[2026-06-26T09:06:07.831+0000] {logging_mixin.py:190} INFO - [2026-06-26T09:06:07.830+0000] {dag.py:4138} INFO - Setting next_dagrun for tmdb_incremental_sync to 2026-06-26 00:00:00+00:00, run_after=2026-06-27 00:00:00+00:00
[2026-06-26T09:06:07.857+0000] {processor.py:208} INFO - Processing /opt/airflow/dags/tmdb_incremental_sync.py took 0.160 seconds
[2026-06-26T09:06:38.119+0000] {processor.py:186} INFO - Started process (PID=5224) to work on /opt/airflow/dags/tmdb_incremental_sync.py
[2026-06-26T09:06:38.120+0000] {processor.py:914} INFO - Processing file /opt/airflow/dags/tmdb_incremental_sync.py for tasks to queue
[2026-06-26T09:06:38.124+0000] {logging_mixin.py:190} INFO - [2026-06-26T09:06:38.123+0000] {dagbag.py:587} INFO - Filling up the DagBag from /opt/airflow/dags/tmdb_incremental_sync.py
[2026-06-26T09:06:38.154+0000] {processor.py:925} INFO - DAG(s) 'tmdb_incremental_sync' retrieved from /opt/airflow/dags/tmdb_incremental_sync.py
[2026-06-26T09:06:38.200+0000] {logging_mixin.py:190} INFO - [2026-06-26T09:06:38.199+0000] {dag.py:3211} INFO - Sync 1 DAGs
[2026-06-26T09:06:38.239+0000] {logging_mixin.py:190} INFO - [2026-06-26T09:06:38.238+0000] {dag.py:4138} INFO - Setting next_dagrun for tmdb_incremental_sync to 2026-06-26 00:00:00+00:00, run_after=2026-06-27 00:00:00+00:00
[2026-06-26T09:06:38.272+0000] {processor.py:208} INFO - Processing /opt/airflow/dags/tmdb_incremental_sync.py took 0.162 seconds
[2026-06-26T09:07:08.537+0000] {processor.py:186} INFO - Started process (PID=5234) to work on /opt/airflow/dags/tmdb_incremental_sync.py
[2026-06-26T09:07:08.538+0000] {processor.py:914} INFO - Processing file /opt/airflow/dags/tmdb_incremental_sync.py for tasks to queue
[2026-06-26T09:07:08.542+0000] {logging_mixin.py:190} INFO - [2026-06-26T09:07:08.542+0000] {dagbag.py:587} INFO - Filling up the DagBag from /opt/airflow/dags/tmdb_incremental_sync.py
[2026-06-26T09:07:08.591+0000] {processor.py:925} INFO - DAG(s) 'tmdb_incremental_sync' retrieved from /opt/airflow/dags/tmdb_incremental_sync.py
[2026-06-26T09:07:08.632+0000] {logging_mixin.py:190} INFO - [2026-06-26T09:07:08.632+0000] {dag.py:3211} INFO - Sync 1 DAGs
[2026-06-26T09:07:08.669+0000] {logging_mixin.py:190} INFO - [2026-06-26T09:07:08.668+0000] {dag.py:4138} INFO - Setting next_dagrun for tmdb_incremental_sync to 2026-06-26 00:00:00+00:00, run_after=2026-06-27 00:00:00+00:00
[2026-06-26T09:07:08.696+0000] {processor.py:208} INFO - Processing /opt/airflow/dags/tmdb_incremental_sync.py took 0.172 seconds
[2026-06-26T09:07:39.027+0000] {processor.py:186} INFO - Started process (PID=5244) to work on /opt/airflow/dags/tmdb_incremental_sync.py
[2026-06-26T09:07:39.028+0000] {processor.py:914} INFO - Processing file /opt/airflow/dags/tmdb_incremental_sync.py for tasks to queue
[2026-06-26T09:07:39.032+0000] {logging_mixin.py:190} INFO - [2026-06-26T09:07:39.032+0000] {dagbag.py:587} INFO - Filling up the DagBag from /opt/airflow/dags/tmdb_incremental_sync.py
[2026-06-26T09:07:39.080+0000] {processor.py:925} INFO - DAG(s) 'tmdb_incremental_sync' retrieved from /opt/airflow/dags/tmdb_incremental_sync.py
[2026-06-26T09:07:39.155+0000] {logging_mixin.py:190} INFO - [2026-06-26T09:07:39.155+0000] {dag.py:3211} INFO - Sync 1 DAGs
[2026-06-26T09:07:39.210+0000] {logging_mixin.py:190} INFO - [2026-06-26T09:07:39.210+0000] {dag.py:4138} INFO - Setting next_dagrun for tmdb_incremental_sync to 2026-06-26 00:00:00+00:00, run_after=2026-06-27 00:00:00+00:00
[2026-06-26T09:07:39.255+0000] {processor.py:208} INFO - Processing /opt/airflow/dags/tmdb_incremental_sync.py took 0.243 seconds
[2026-06-26T09:08:09.775+0000] {processor.py:186} INFO - Started process (PID=5264) to work on /opt/airflow/dags/tmdb_incremental_sync.py
[2026-06-26T09:08:09.777+0000] {processor.py:914} INFO - Processing file /opt/airflow/dags/tmdb_incremental_sync.py for tasks to queue
[2026-06-26T09:08:09.782+0000] {logging_mixin.py:190} INFO - [2026-06-26T09:08:09.782+0000] {dagbag.py:587} INFO - Filling up the DagBag from /opt/airflow/dags/tmdb_incremental_sync.py
[2026-06-26T09:08:09.826+0000] {processor.py:925} INFO - DAG(s) 'tmdb_incremental_sync' retrieved from /opt/airflow/dags/tmdb_incremental_sync.py
[2026-06-26T09:08:09.871+0000] {logging_mixin.py:190} INFO - [2026-06-26T09:08:09.870+0000] {dag.py:3211} INFO - Sync 1 DAGs
[2026-06-26T09:08:09.935+0000] {logging_mixin.py:190} INFO - [2026-06-26T09:08:09.935+0000] {dag.py:4138} INFO - Setting next_dagrun for tmdb_incremental_sync to 2026-06-26 00:00:00+00:00, run_after=2026-06-27 00:00:00+00:00
[2026-06-26T09:08:09.978+0000] {processor.py:208} INFO - Processing /opt/airflow/dags/tmdb_incremental_sync.py took 0.215 seconds
[2026-06-26T09:08:40.356+0000] {processor.py:186} INFO - Started process (PID=5274) to work on /opt/airflow/dags/tmdb_incremental_sync.py
[2026-06-26T09:08:40.403+0000] {processor.py:914} INFO - Processing file /opt/airflow/dags/tmdb_incremental_sync.py for tasks to queue
[2026-06-26T09:08:40.478+0000] {logging_mixin.py:190} INFO - [2026-06-26T09:08:40.475+0000] {dagbag.py:587} INFO - Filling up the DagBag from /opt/airflow/dags/tmdb_incremental_sync.py
[2026-06-26T09:08:40.652+0000] {processor.py:925} INFO - DAG(s) 'tmdb_incremental_sync' retrieved from /opt/airflow/dags/tmdb_incremental_sync.py
[2026-06-26T09:08:40.725+0000] {logging_mixin.py:190} INFO - [2026-06-26T09:08:40.723+0000] {dag.py:3211} INFO - Sync 1 DAGs
[2026-06-26T09:08:40.919+0000] {logging_mixin.py:190} INFO - [2026-06-26T09:08:40.918+0000] {dag.py:4138} INFO - Setting next_dagrun for tmdb_incremental_sync to 2026-06-26 00:00:00+00:00, run_after=2026-06-27 00:00:00+00:00
[2026-06-26T09:08:40.968+0000] {processor.py:208} INFO - Processing /opt/airflow/dags/tmdb_incremental_sync.py took 0.650 seconds
[2026-06-26T09:09:11.220+0000] {processor.py:186} INFO - Started process (PID=5284) to work on /opt/airflow/dags/tmdb_incremental_sync.py
[2026-06-26T09:09:11.223+0000] {processor.py:914} INFO - Processing file /opt/airflow/dags/tmdb_incremental_sync.py for tasks to queue
[2026-06-26T09:09:11.230+0000] {logging_mixin.py:190} INFO - [2026-06-26T09:09:11.229+0000] {dagbag.py:587} INFO - Filling up the DagBag from /opt/airflow/dags/tmdb_incremental_sync.py
[2026-06-26T09:09:11.278+0000] {processor.py:925} INFO - DAG(s) 'tmdb_incremental_sync' retrieved from /opt/airflow/dags/tmdb_incremental_sync.py
[2026-06-26T09:09:11.352+0000] {logging_mixin.py:190} INFO - [2026-06-26T09:09:11.352+0000] {dag.py:3211} INFO - Sync 1 DAGs
[2026-06-26T09:09:11.405+0000] {logging_mixin.py:190} INFO - [2026-06-26T09:09:11.405+0000] {dag.py:4138} INFO - Setting next_dagrun for tmdb_incremental_sync to 2026-06-26 00:00:00+00:00, run_after=2026-06-27 00:00:00+00:00
[2026-06-26T09:09:11.430+0000] {processor.py:208} INFO - Processing /opt/airflow/dags/tmdb_incremental_sync.py took 0.225 seconds
[2026-06-26T09:09:41.690+0000] {processor.py:186} INFO - Started process (PID=5294) to work on /opt/airflow/dags/tmdb_incremental_sync.py
[2026-06-26T09:09:41.692+0000] {processor.py:914} INFO - Processing file /opt/airflow/dags/tmdb_incremental_sync.py for tasks to queue
[2026-06-26T09:09:41.695+0000] {logging_mixin.py:190} INFO - [2026-06-26T09:09:41.694+0000] {dagbag.py:587} INFO - Filling up the DagBag from /opt/airflow/dags/tmdb_incremental_sync.py
[2026-06-26T09:09:41.726+0000] {processor.py:925} INFO - DAG(s) 'tmdb_incremental_sync' retrieved from /opt/airflow/dags/tmdb_incremental_sync.py
[2026-06-26T09:09:41.773+0000] {logging_mixin.py:190} INFO - [2026-06-26T09:09:41.773+0000] {dag.py:3211} INFO - Sync 1 DAGs
[2026-06-26T09:09:41.812+0000] {logging_mixin.py:190} INFO - [2026-06-26T09:09:41.812+0000] {dag.py:4138} INFO - Setting next_dagrun for tmdb_incremental_sync to 2026-06-26 00:00:00+00:00, run_after=2026-06-27 00:00:00+00:00
[2026-06-26T09:09:41.839+0000] {processor.py:208} INFO - Processing /opt/airflow/dags/tmdb_incremental_sync.py took 0.159 seconds
[2026-06-26T09:10:12.179+0000] {processor.py:186} INFO - Started process (PID=5304) to work on /opt/airflow/dags/tmdb_incremental_sync.py
[2026-06-26T09:10:12.180+0000] {processor.py:914} INFO - Processing file /opt/airflow/dags/tmdb_incremental_sync.py for tasks to queue
[2026-06-26T09:10:12.184+0000] {logging_mixin.py:190} INFO - [2026-06-26T09:10:12.183+0000] {dagbag.py:587} INFO - Filling up the DagBag from /opt/airflow/dags/tmdb_incremental_sync.py
[2026-06-26T09:10:12.214+0000] {processor.py:925} INFO - DAG(s) 'tmdb_incremental_sync' retrieved from /opt/airflow/dags/tmdb_incremental_sync.py
[2026-06-26T09:10:12.255+0000] {logging_mixin.py:190} INFO - [2026-06-26T09:10:12.254+0000] {dag.py:3211} INFO - Sync 1 DAGs
[2026-06-26T09:10:12.292+0000] {logging_mixin.py:190} INFO - [2026-06-26T09:10:12.291+0000] {dag.py:4138} INFO - Setting next_dagrun for tmdb_incremental_sync to 2026-06-26 00:00:00+00:00, run_after=2026-06-27 00:00:00+00:00
[2026-06-26T09:10:12.321+0000] {processor.py:208} INFO - Processing /opt/airflow/dags/tmdb_incremental_sync.py took 0.150 seconds
[2026-06-26T09:10:42.614+0000] {processor.py:186} INFO - Started process (PID=5314) to work on /opt/airflow/dags/tmdb_incremental_sync.py
[2026-06-26T09:10:42.615+0000] {processor.py:914} INFO - Processing file /opt/airflow/dags/tmdb_incremental_sync.py for tasks to queue
[2026-06-26T09:10:42.619+0000] {logging_mixin.py:190} INFO - [2026-06-26T09:10:42.619+0000] {dagbag.py:587} INFO - Filling up the DagBag from /opt/airflow/dags/tmdb_incremental_sync.py
[2026-06-26T09:10:42.657+0000] {processor.py:925} INFO - DAG(s) 'tmdb_incremental_sync' retrieved from /opt/airflow/dags/tmdb_incremental_sync.py
[2026-06-26T09:10:42.700+0000] {logging_mixin.py:190} INFO - [2026-06-26T09:10:42.699+0000] {dag.py:3211} INFO - Sync 1 DAGs
[2026-06-26T09:10:42.741+0000] {logging_mixin.py:190} INFO - [2026-06-26T09:10:42.741+0000] {dag.py:4138} INFO - Setting next_dagrun for tmdb_incremental_sync to 2026-06-26 00:00:00+00:00, run_after=2026-06-27 00:00:00+00:00
[2026-06-26T09:10:42.768+0000] {processor.py:208} INFO - Processing /opt/airflow/dags/tmdb_incremental_sync.py took 0.163 seconds
[2026-06-26T09:11:13.111+0000] {processor.py:186} INFO - Started process (PID=5324) to work on /opt/airflow/dags/tmdb_incremental_sync.py
[2026-06-26T09:11:13.113+0000] {processor.py:914} INFO - Processing file /opt/airflow/dags/tmdb_incremental_sync.py for tasks to queue
[2026-06-26T09:11:13.116+0000] {logging_mixin.py:190} INFO - [2026-06-26T09:11:13.116+0000] {dagbag.py:587} INFO - Filling up the DagBag from /opt/airflow/dags/tmdb_incremental_sync.py
[2026-06-26T09:11:13.146+0000] {processor.py:925} INFO - DAG(s) 'tmdb_incremental_sync' retrieved from /opt/airflow/dags/tmdb_incremental_sync.py
[2026-06-26T09:11:13.187+0000] {logging_mixin.py:190} INFO - [2026-06-26T09:11:13.186+0000] {dag.py:3211} INFO - Sync 1 DAGs
[2026-06-26T09:11:13.225+0000] {logging_mixin.py:190} INFO - [2026-06-26T09:11:13.224+0000] {dag.py:4138} INFO - Setting next_dagrun for tmdb_incremental_sync to 2026-06-26 00:00:00+00:00, run_after=2026-06-27 00:00:00+00:00
[2026-06-26T09:11:13.250+0000] {processor.py:208} INFO - Processing /opt/airflow/dags/tmdb_incremental_sync.py took 0.148 seconds
[2026-06-26T09:11:43.540+0000] {processor.py:186} INFO - Started process (PID=5334) to work on /opt/airflow/dags/tmdb_incremental_sync.py
[2026-06-26T09:11:43.541+0000] {processor.py:914} INFO - Processing file /opt/airflow/dags/tmdb_incremental_sync.py for tasks to queue
[2026-06-26T09:11:43.546+0000] {logging_mixin.py:190} INFO - [2026-06-26T09:11:43.545+0000] {dagbag.py:587} INFO - Filling up the DagBag from /opt/airflow/dags/tmdb_incremental_sync.py
[2026-06-26T09:11:43.581+0000] {processor.py:925} INFO - DAG(s) 'tmdb_incremental_sync' retrieved from /opt/airflow/dags/tmdb_incremental_sync.py
[2026-06-26T09:11:43.624+0000] {logging_mixin.py:190} INFO - [2026-06-26T09:11:43.624+0000] {dag.py:3211} INFO - Sync 1 DAGs
[2026-06-26T09:11:43.674+0000] {logging_mixin.py:190} INFO - [2026-06-26T09:11:43.674+0000] {dag.py:4138} INFO - Setting next_dagrun for tmdb_incremental_sync to 2026-06-26 00:00:00+00:00, run_after=2026-06-27 00:00:00+00:00
[2026-06-26T09:11:43.719+0000] {processor.py:208} INFO - Processing /opt/airflow/dags/tmdb_incremental_sync.py took 0.189 seconds
[2026-06-26T09:12:14.007+0000] {processor.py:186} INFO - Started process (PID=5344) to work on /opt/airflow/dags/tmdb_incremental_sync.py
[2026-06-26T09:12:14.009+0000] {processor.py:914} INFO - Processing file /opt/airflow/dags/tmdb_incremental_sync.py for tasks to queue
[2026-06-26T09:12:14.015+0000] {logging_mixin.py:190} INFO - [2026-06-26T09:12:14.015+0000] {dagbag.py:587} INFO - Filling up the DagBag from /opt/airflow/dags/tmdb_incremental_sync.py
[2026-06-26T09:12:14.048+0000] {processor.py:925} INFO - DAG(s) 'tmdb_incremental_sync' retrieved from /opt/airflow/dags/tmdb_incremental_sync.py
[2026-06-26T09:12:14.099+0000] {logging_mixin.py:190} INFO - [2026-06-26T09:12:14.099+0000] {dag.py:3211} INFO - Sync 1 DAGs
[2026-06-26T09:12:14.137+0000] {logging_mixin.py:190} INFO - [2026-06-26T09:12:14.136+0000] {dag.py:4138} INFO - Setting next_dagrun for tmdb_incremental_sync to 2026-06-26 00:00:00+00:00, run_after=2026-06-27 00:00:00+00:00
[2026-06-26T09:12:14.168+0000] {processor.py:208} INFO - Processing /opt/airflow/dags/tmdb_incremental_sync.py took 0.184 seconds
[2026-06-26T09:12:44.475+0000] {processor.py:186} INFO - Started process (PID=5354) to work on /opt/airflow/dags/tmdb_incremental_sync.py
[2026-06-26T09:12:44.477+0000] {processor.py:914} INFO - Processing file /opt/airflow/dags/tmdb_incremental_sync.py for tasks to queue
[2026-06-26T09:12:44.480+0000] {logging_mixin.py:190} INFO - [2026-06-26T09:12:44.480+0000] {dagbag.py:587} INFO - Filling up the DagBag from /opt/airflow/dags/tmdb_incremental_sync.py
[2026-06-26T09:12:44.513+0000] {processor.py:925} INFO - DAG(s) 'tmdb_incremental_sync' retrieved from /opt/airflow/dags/tmdb_incremental_sync.py
[2026-06-26T09:12:44.555+0000] {logging_mixin.py:190} INFO - [2026-06-26T09:12:44.554+0000] {dag.py:3211} INFO - Sync 1 DAGs
[2026-06-26T09:12:44.594+0000] {logging_mixin.py:190} INFO - [2026-06-26T09:12:44.594+0000] {dag.py:4138} INFO - Setting next_dagrun for tmdb_incremental_sync to 2026-06-26 00:00:00+00:00, run_after=2026-06-27 00:00:00+00:00
[2026-06-26T09:12:44.626+0000] {processor.py:208} INFO - Processing /opt/airflow/dags/tmdb_incremental_sync.py took 0.160 seconds
[2026-06-26T09:13:15.001+0000] {processor.py:186} INFO - Started process (PID=5364) to work on /opt/airflow/dags/tmdb_incremental_sync.py
[2026-06-26T09:13:15.002+0000] {processor.py:914} INFO - Processing file /opt/airflow/dags/tmdb_incremental_sync.py for tasks to queue
[2026-06-26T09:13:15.007+0000] {logging_mixin.py:190} INFO - [2026-06-26T09:13:15.006+0000] {dagbag.py:587} INFO - Filling up the DagBag from /opt/airflow/dags/tmdb_incremental_sync.py
[2026-06-26T09:13:15.044+0000] {processor.py:925} INFO - DAG(s) 'tmdb_incremental_sync' retrieved from /opt/airflow/dags/tmdb_incremental_sync.py
[2026-06-26T09:13:15.091+0000] {logging_mixin.py:190} INFO - [2026-06-26T09:13:15.090+0000] {dag.py:3211} INFO - Sync 1 DAGs
[2026-06-26T09:13:15.137+0000] {logging_mixin.py:190} INFO - [2026-06-26T09:13:15.136+0000] {dag.py:4138} INFO - Setting next_dagrun for tmdb_incremental_sync to 2026-06-26 00:00:00+00:00, run_after=2026-06-27 00:00:00+00:00
[2026-06-26T09:13:15.170+0000] {processor.py:208} INFO - Processing /opt/airflow/dags/tmdb_incremental_sync.py took 0.178 seconds
[2026-06-26T09:13:45.526+0000] {processor.py:186} INFO - Started process (PID=5374) to work on /opt/airflow/dags/tmdb_incremental_sync.py
[2026-06-26T09:13:45.527+0000] {processor.py:914} INFO - Processing file /opt/airflow/dags/tmdb_incremental_sync.py for tasks to queue
[2026-06-26T09:13:45.530+0000] {logging_mixin.py:190} INFO - [2026-06-26T09:13:45.530+0000] {dagbag.py:587} INFO - Filling up the DagBag from /opt/airflow/dags/tmdb_incremental_sync.py
[2026-06-26T09:13:45.560+0000] {processor.py:925} INFO - DAG(s) 'tmdb_incremental_sync' retrieved from /opt/airflow/dags/tmdb_incremental_sync.py
[2026-06-26T09:13:45.603+0000] {logging_mixin.py:190} INFO - [2026-06-26T09:13:45.602+0000] {dag.py:3211} INFO - Sync 1 DAGs
[2026-06-26T09:13:45.642+0000] {logging_mixin.py:190} INFO - [2026-06-26T09:13:45.641+0000] {dag.py:4138} INFO - Setting next_dagrun for tmdb_incremental_sync to 2026-06-26 00:00:00+00:00, run_after=2026-06-27 00:00:00+00:00
[2026-06-26T09:13:45.668+0000] {processor.py:208} INFO - Processing /opt/airflow/dags/tmdb_incremental_sync.py took 0.150 seconds
[2026-06-26T09:14:15.973+0000] {processor.py:186} INFO - Started process (PID=5384) to work on /opt/airflow/dags/tmdb_incremental_sync.py
[2026-06-26T09:14:15.974+0000] {processor.py:914} INFO - Processing file /opt/airflow/dags/tmdb_incremental_sync.py for tasks to queue
[2026-06-26T09:14:15.979+0000] {logging_mixin.py:190} INFO - [2026-06-26T09:14:15.978+0000] {dagbag.py:587} INFO - Filling up the DagBag from /opt/airflow/dags/tmdb_incremental_sync.py
[2026-06-26T09:14:16.007+0000] {processor.py:925} INFO - DAG(s) 'tmdb_incremental_sync' retrieved from /opt/airflow/dags/tmdb_incremental_sync.py
[2026-06-26T09:14:16.049+0000] {logging_mixin.py:190} INFO - [2026-06-26T09:14:16.048+0000] {dag.py:3211} INFO - Sync 1 DAGs
[2026-06-26T09:14:16.086+0000] {logging_mixin.py:190} INFO - [2026-06-26T09:14:16.086+0000] {dag.py:4138} INFO - Setting next_dagrun for tmdb_incremental_sync to 2026-06-26 00:00:00+00:00, run_after=2026-06-27 00:00:00+00:00
[2026-06-26T09:14:16.112+0000] {processor.py:208} INFO - Processing /opt/airflow/dags/tmdb_incremental_sync.py took 0.146 seconds
[2026-06-26T09:14:46.507+0000] {processor.py:186} INFO - Started process (PID=5394) to work on /opt/airflow/dags/tmdb_incremental_sync.py
[2026-06-26T09:14:46.509+0000] {processor.py:914} INFO - Processing file /opt/airflow/dags/tmdb_incremental_sync.py for tasks to queue
[2026-06-26T09:14:46.518+0000] {logging_mixin.py:190} INFO - [2026-06-26T09:14:46.517+0000] {dagbag.py:587} INFO - Filling up the DagBag from /opt/airflow/dags/tmdb_incremental_sync.py
[2026-06-26T09:14:46.560+0000] {processor.py:925} INFO - DAG(s) 'tmdb_incremental_sync' retrieved from /opt/airflow/dags/tmdb_incremental_sync.py
[2026-06-26T09:14:46.612+0000] {logging_mixin.py:190} INFO - [2026-06-26T09:14:46.612+0000] {dag.py:3211} INFO - Sync 1 DAGs
[2026-06-26T09:14:46.659+0000] {logging_mixin.py:190} INFO - [2026-06-26T09:14:46.659+0000] {dag.py:4138} INFO - Setting next_dagrun for tmdb_incremental_sync to 2026-06-26 00:00:00+00:00, run_after=2026-06-27 00:00:00+00:00
[2026-06-26T09:14:46.692+0000] {processor.py:208} INFO - Processing /opt/airflow/dags/tmdb_incremental_sync.py took 0.198 seconds
[2026-06-26T09:15:17.053+0000] {processor.py:186} INFO - Started process (PID=5404) to work on /opt/airflow/dags/tmdb_incremental_sync.py
[2026-06-26T09:15:17.054+0000] {processor.py:914} INFO - Processing file /opt/airflow/dags/tmdb_incremental_sync.py for tasks to queue
[2026-06-26T09:15:17.058+0000] {logging_mixin.py:190} INFO - [2026-06-26T09:15:17.058+0000] {dagbag.py:587} INFO - Filling up the DagBag from /opt/airflow/dags/tmdb_incremental_sync.py
[2026-06-26T09:15:17.089+0000] {processor.py:925} INFO - DAG(s) 'tmdb_incremental_sync' retrieved from /opt/airflow/dags/tmdb_incremental_sync.py
[2026-06-26T09:15:17.139+0000] {logging_mixin.py:190} INFO - [2026-06-26T09:15:17.138+0000] {dag.py:3211} INFO - Sync 1 DAGs
[2026-06-26T09:15:17.175+0000] {logging_mixin.py:190} INFO - [2026-06-26T09:15:17.174+0000] {dag.py:4138} INFO - Setting next_dagrun for tmdb_incremental_sync to 2026-06-26 00:00:00+00:00, run_after=2026-06-27 00:00:00+00:00
[2026-06-26T09:15:17.200+0000] {processor.py:208} INFO - Processing /opt/airflow/dags/tmdb_incremental_sync.py took 0.156 seconds
[2026-06-26T09:15:47.557+0000] {processor.py:186} INFO - Started process (PID=5414) to work on /opt/airflow/dags/tmdb_incremental_sync.py
[2026-06-26T09:15:47.558+0000] {processor.py:914} INFO - Processing file /opt/airflow/dags/tmdb_incremental_sync.py for tasks to queue
[2026-06-26T09:15:47.562+0000] {logging_mixin.py:190} INFO - [2026-06-26T09:15:47.561+0000] {dagbag.py:587} INFO - Filling up the DagBag from /opt/airflow/dags/tmdb_incremental_sync.py
[2026-06-26T09:15:47.590+0000] {processor.py:925} INFO - DAG(s) 'tmdb_incremental_sync' retrieved from /opt/airflow/dags/tmdb_incremental_sync.py
[2026-06-26T09:15:47.632+0000] {logging_mixin.py:190} INFO - [2026-06-26T09:15:47.632+0000] {dag.py:3211} INFO - Sync 1 DAGs
[2026-06-26T09:15:47.671+0000] {logging_mixin.py:190} INFO - [2026-06-26T09:15:47.670+0000] {dag.py:4138} INFO - Setting next_dagrun for tmdb_incremental_sync to 2026-06-26 00:00:00+00:00, run_after=2026-06-27 00:00:00+00:00
[2026-06-26T09:15:47.698+0000] {processor.py:208} INFO - Processing /opt/airflow/dags/tmdb_incremental_sync.py took 0.151 seconds
[2026-06-26T09:16:18.014+0000] {processor.py:186} INFO - Started process (PID=5424) to work on /opt/airflow/dags/tmdb_incremental_sync.py
[2026-06-26T09:16:18.015+0000] {processor.py:914} INFO - Processing file /opt/airflow/dags/tmdb_incremental_sync.py for tasks to queue
[2026-06-26T09:16:18.018+0000] {logging_mixin.py:190} INFO - [2026-06-26T09:16:18.018+0000] {dagbag.py:587} INFO - Filling up the DagBag from /opt/airflow/dags/tmdb_incremental_sync.py
[2026-06-26T09:16:18.047+0000] {processor.py:925} INFO - DAG(s) 'tmdb_incremental_sync' retrieved from /opt/airflow/dags/tmdb_incremental_sync.py
[2026-06-26T09:16:18.089+0000] {logging_mixin.py:190} INFO - [2026-06-26T09:16:18.088+0000] {dag.py:3211} INFO - Sync 1 DAGs
[2026-06-26T09:16:18.128+0000] {logging_mixin.py:190} INFO - [2026-06-26T09:16:18.128+0000] {dag.py:4138} INFO - Setting next_dagrun for tmdb_incremental_sync to 2026-06-26 00:00:00+00:00, run_after=2026-06-27 00:00:00+00:00
[2026-06-26T09:16:18.154+0000] {processor.py:208} INFO - Processing /opt/airflow/dags/tmdb_incremental_sync.py took 0.149 seconds
[2026-06-26T09:16:48.463+0000] {processor.py:186} INFO - Started process (PID=5434) to work on /opt/airflow/dags/tmdb_incremental_sync.py
[2026-06-26T09:16:48.464+0000] {processor.py:914} INFO - Processing file /opt/airflow/dags/tmdb_incremental_sync.py for tasks to queue
[2026-06-26T09:16:48.468+0000] {logging_mixin.py:190} INFO - [2026-06-26T09:16:48.467+0000] {dagbag.py:587} INFO - Filling up the DagBag from /opt/airflow/dags/tmdb_incremental_sync.py
[2026-06-26T09:16:48.497+0000] {processor.py:925} INFO - DAG(s) 'tmdb_incremental_sync' retrieved from /opt/airflow/dags/tmdb_incremental_sync.py
[2026-06-26T09:16:48.537+0000] {logging_mixin.py:190} INFO - [2026-06-26T09:16:48.537+0000] {dag.py:3211} INFO - Sync 1 DAGs
[2026-06-26T09:16:48.576+0000] {logging_mixin.py:190} INFO - [2026-06-26T09:16:48.575+0000] {dag.py:4138} INFO - Setting next_dagrun for tmdb_incremental_sync to 2026-06-26 00:00:00+00:00, run_after=2026-06-27 00:00:00+00:00
[2026-06-26T09:16:48.601+0000] {processor.py:208} INFO - Processing /opt/airflow/dags/tmdb_incremental_sync.py took 0.146 seconds
[2026-06-26T09:17:18.934+0000] {processor.py:186} INFO - Started process (PID=5444) to work on /opt/airflow/dags/tmdb_incremental_sync.py
[2026-06-26T09:17:18.936+0000] {processor.py:914} INFO - Processing file /opt/airflow/dags/tmdb_incremental_sync.py for tasks to queue
[2026-06-26T09:17:18.939+0000] {logging_mixin.py:190} INFO - [2026-06-26T09:17:18.939+0000] {dagbag.py:587} INFO - Filling up the DagBag from /opt/airflow/dags/tmdb_incremental_sync.py
[2026-06-26T09:17:18.969+0000] {processor.py:925} INFO - DAG(s) 'tmdb_incremental_sync' retrieved from /opt/airflow/dags/tmdb_incremental_sync.py
[2026-06-26T09:17:19.009+0000] {logging_mixin.py:190} INFO - [2026-06-26T09:17:19.009+0000] {dag.py:3211} INFO - Sync 1 DAGs
[2026-06-26T09:17:19.046+0000] {logging_mixin.py:190} INFO - [2026-06-26T09:17:19.046+0000] {dag.py:4138} INFO - Setting next_dagrun for tmdb_incremental_sync to 2026-06-26 00:00:00+00:00, run_after=2026-06-27 00:00:00+00:00
[2026-06-26T09:17:19.072+0000] {processor.py:208} INFO - Processing /opt/airflow/dags/tmdb_incremental_sync.py took 0.147 seconds
[2026-06-26T09:17:49.367+0000] {processor.py:186} INFO - Started process (PID=5454) to work on /opt/airflow/dags/tmdb_incremental_sync.py
[2026-06-26T09:17:49.369+0000] {processor.py:914} INFO - Processing file /opt/airflow/dags/tmdb_incremental_sync.py for tasks to queue
[2026-06-26T09:17:49.373+0000] {logging_mixin.py:190} INFO - [2026-06-26T09:17:49.372+0000] {dagbag.py:587} INFO - Filling up the DagBag from /opt/airflow/dags/tmdb_incremental_sync.py
[2026-06-26T09:17:49.402+0000] {processor.py:925} INFO - DAG(s) 'tmdb_incremental_sync' retrieved from /opt/airflow/dags/tmdb_incremental_sync.py
[2026-06-26T09:17:49.444+0000] {logging_mixin.py:190} INFO - [2026-06-26T09:17:49.443+0000] {dag.py:3211} INFO - Sync 1 DAGs
[2026-06-26T09:17:49.480+0000] {logging_mixin.py:190} INFO - [2026-06-26T09:17:49.480+0000] {dag.py:4138} INFO - Setting next_dagrun for tmdb_incremental_sync to 2026-06-26 00:00:00+00:00, run_after=2026-06-27 00:00:00+00:00
[2026-06-26T09:17:49.508+0000] {processor.py:208} INFO - Processing /opt/airflow/dags/tmdb_incremental_sync.py took 0.150 seconds
[2026-06-26T09:18:19.828+0000] {processor.py:186} INFO - Started process (PID=5464) to work on /opt/airflow/dags/tmdb_incremental_sync.py
[2026-06-26T09:18:19.829+0000] {processor.py:914} INFO - Processing file /opt/airflow/dags/tmdb_incremental_sync.py for tasks to queue
[2026-06-26T09:18:19.833+0000] {logging_mixin.py:190} INFO - [2026-06-26T09:18:19.833+0000] {dagbag.py:587} INFO - Filling up the DagBag from /opt/airflow/dags/tmdb_incremental_sync.py
[2026-06-26T09:18:19.862+0000] {processor.py:925} INFO - DAG(s) 'tmdb_incremental_sync' retrieved from /opt/airflow/dags/tmdb_incremental_sync.py
[2026-06-26T09:18:19.907+0000] {logging_mixin.py:190} INFO - [2026-06-26T09:18:19.906+0000] {dag.py:3211} INFO - Sync 1 DAGs
[2026-06-26T09:18:19.945+0000] {logging_mixin.py:190} INFO - [2026-06-26T09:18:19.944+0000] {dag.py:4138} INFO - Setting next_dagrun for tmdb_incremental_sync to 2026-06-26 00:00:00+00:00, run_after=2026-06-27 00:00:00+00:00
[2026-06-26T09:18:19.970+0000] {processor.py:208} INFO - Processing /opt/airflow/dags/tmdb_incremental_sync.py took 0.152 seconds
[2026-06-26T09:18:50.388+0000] {processor.py:186} INFO - Started process (PID=5474) to work on /opt/airflow/dags/tmdb_incremental_sync.py
[2026-06-26T09:18:50.389+0000] {processor.py:914} INFO - Processing file /opt/airflow/dags/tmdb_incremental_sync.py for tasks to queue
[2026-06-26T09:18:50.392+0000] {logging_mixin.py:190} INFO - [2026-06-26T09:18:50.392+0000] {dagbag.py:587} INFO - Filling up the DagBag from /opt/airflow/dags/tmdb_incremental_sync.py
[2026-06-26T09:18:50.423+0000] {processor.py:925} INFO - DAG(s) 'tmdb_incremental_sync' retrieved from /opt/airflow/dags/tmdb_incremental_sync.py
[2026-06-26T09:18:50.463+0000] {logging_mixin.py:190} INFO - [2026-06-26T09:18:50.463+0000] {dag.py:3211} INFO - Sync 1 DAGs
[2026-06-26T09:18:50.501+0000] {logging_mixin.py:190} INFO - [2026-06-26T09:18:50.501+0000] {dag.py:4138} INFO - Setting next_dagrun for tmdb_incremental_sync to 2026-06-26 00:00:00+00:00, run_after=2026-06-27 00:00:00+00:00
[2026-06-26T09:18:50.528+0000] {processor.py:208} INFO - Processing /opt/airflow/dags/tmdb_incremental_sync.py took 0.150 seconds
[2026-06-26T09:19:20.832+0000] {processor.py:186} INFO - Started process (PID=5484) to work on /opt/airflow/dags/tmdb_incremental_sync.py
[2026-06-26T09:19:20.834+0000] {processor.py:914} INFO - Processing file /opt/airflow/dags/tmdb_incremental_sync.py for tasks to queue
[2026-06-26T09:19:20.838+0000] {logging_mixin.py:190} INFO - [2026-06-26T09:19:20.837+0000] {dagbag.py:587} INFO - Filling up the DagBag from /opt/airflow/dags/tmdb_incremental_sync.py
[2026-06-26T09:19:20.868+0000] {processor.py:925} INFO - DAG(s) 'tmdb_incremental_sync' retrieved from /opt/airflow/dags/tmdb_incremental_sync.py
[2026-06-26T09:19:20.908+0000] {logging_mixin.py:190} INFO - [2026-06-26T09:19:20.908+0000] {dag.py:3211} INFO - Sync 1 DAGs
[2026-06-26T09:19:20.946+0000] {logging_mixin.py:190} INFO - [2026-06-26T09:19:20.946+0000] {dag.py:4138} INFO - Setting next_dagrun for tmdb_incremental_sync to 2026-06-26 00:00:00+00:00, run_after=2026-06-27 00:00:00+00:00
[2026-06-26T09:19:20.973+0000] {processor.py:208} INFO - Processing /opt/airflow/dags/tmdb_incremental_sync.py took 0.152 seconds
[2026-06-26T09:19:51.273+0000] {processor.py:186} INFO - Started process (PID=5494) to work on /opt/airflow/dags/tmdb_incremental_sync.py
[2026-06-26T09:19:51.274+0000] {processor.py:914} INFO - Processing file /opt/airflow/dags/tmdb_incremental_sync.py for tasks to queue
[2026-06-26T09:19:51.277+0000] {logging_mixin.py:190} INFO - [2026-06-26T09:19:51.277+0000] {dagbag.py:587} INFO - Filling up the DagBag from /opt/airflow/dags/tmdb_incremental_sync.py
[2026-06-26T09:19:51.307+0000] {processor.py:925} INFO - DAG(s) 'tmdb_incremental_sync' retrieved from /opt/airflow/dags/tmdb_incremental_sync.py
[2026-06-26T09:19:51.348+0000] {logging_mixin.py:190} INFO - [2026-06-26T09:19:51.347+0000] {dag.py:3211} INFO - Sync 1 DAGs
[2026-06-26T09:19:51.387+0000] {logging_mixin.py:190} INFO - [2026-06-26T09:19:51.387+0000] {dag.py:4138} INFO - Setting next_dagrun for tmdb_incremental_sync to 2026-06-26 00:00:00+00:00, run_after=2026-06-27 00:00:00+00:00
[2026-06-26T09:19:51.414+0000] {processor.py:208} INFO - Processing /opt/airflow/dags/tmdb_incremental_sync.py took 0.150 seconds
[2026-06-26T09:20:21.723+0000] {processor.py:186} INFO - Started process (PID=5504) to work on /opt/airflow/dags/tmdb_incremental_sync.py
[2026-06-26T09:20:21.725+0000] {processor.py:914} INFO - Processing file /opt/airflow/dags/tmdb_incremental_sync.py for tasks to queue
[2026-06-26T09:20:21.729+0000] {logging_mixin.py:190} INFO - [2026-06-26T09:20:21.728+0000] {dagbag.py:587} INFO - Filling up the DagBag from /opt/airflow/dags/tmdb_incremental_sync.py
[2026-06-26T09:20:21.765+0000] {processor.py:925} INFO - DAG(s) 'tmdb_incremental_sync' retrieved from /opt/airflow/dags/tmdb_incremental_sync.py
[2026-06-26T09:20:21.817+0000] {logging_mixin.py:190} INFO - [2026-06-26T09:20:21.817+0000] {dag.py:3211} INFO - Sync 1 DAGs
[2026-06-26T09:20:21.861+0000] {logging_mixin.py:190} INFO - [2026-06-26T09:20:21.861+0000] {dag.py:4138} INFO - Setting next_dagrun for tmdb_incremental_sync to 2026-06-26 00:00:00+00:00, run_after=2026-06-27 00:00:00+00:00
[2026-06-26T09:20:21.891+0000] {processor.py:208} INFO - Processing /opt/airflow/dags/tmdb_incremental_sync.py took 0.177 seconds
[2026-06-26T09:20:52.243+0000] {processor.py:186} INFO - Started process (PID=5514) to work on /opt/airflow/dags/tmdb_incremental_sync.py
[2026-06-26T09:20:52.245+0000] {processor.py:914} INFO - Processing file /opt/airflow/dags/tmdb_incremental_sync.py for tasks to queue
[2026-06-26T09:20:52.250+0000] {logging_mixin.py:190} INFO - [2026-06-26T09:20:52.250+0000] {dagbag.py:587} INFO - Filling up the DagBag from /opt/airflow/dags/tmdb_incremental_sync.py
[2026-06-26T09:20:52.282+0000] {processor.py:925} INFO - DAG(s) 'tmdb_incremental_sync' retrieved from /opt/airflow/dags/tmdb_incremental_sync.py
[2026-06-26T09:20:52.329+0000] {logging_mixin.py:190} INFO - [2026-06-26T09:20:52.329+0000] {dag.py:3211} INFO - Sync 1 DAGs
[2026-06-26T09:20:52.370+0000] {logging_mixin.py:190} INFO - [2026-06-26T09:20:52.370+0000] {dag.py:4138} INFO - Setting next_dagrun for tmdb_incremental_sync to 2026-06-26 00:00:00+00:00, run_after=2026-06-27 00:00:00+00:00
[2026-06-26T09:20:52.401+0000] {processor.py:208} INFO - Processing /opt/airflow/dags/tmdb_incremental_sync.py took 0.167 seconds
[2026-06-26T09:21:22.694+0000] {processor.py:186} INFO - Started process (PID=5524) to work on /opt/airflow/dags/tmdb_incremental_sync.py
[2026-06-26T09:21:22.695+0000] {processor.py:914} INFO - Processing file /opt/airflow/dags/tmdb_incremental_sync.py for tasks to queue
[2026-06-26T09:21:22.700+0000] {logging_mixin.py:190} INFO - [2026-06-26T09:21:22.699+0000] {dagbag.py:587} INFO - Filling up the DagBag from /opt/airflow/dags/tmdb_incremental_sync.py
[2026-06-26T09:21:22.735+0000] {processor.py:925} INFO - DAG(s) 'tmdb_incremental_sync' retrieved from /opt/airflow/dags/tmdb_incremental_sync.py
[2026-06-26T09:21:22.783+0000] {logging_mixin.py:190} INFO - [2026-06-26T09:21:22.782+0000] {dag.py:3211} INFO - Sync 1 DAGs
[2026-06-26T09:21:22.825+0000] {logging_mixin.py:190} INFO - [2026-06-26T09:21:22.824+0000] {dag.py:4138} INFO - Setting next_dagrun for tmdb_incremental_sync to 2026-06-26 00:00:00+00:00, run_after=2026-06-27 00:00:00+00:00
[2026-06-26T09:21:22.856+0000] {processor.py:208} INFO - Processing /opt/airflow/dags/tmdb_incremental_sync.py took 0.173 seconds
[2026-06-26T09:21:53.171+0000] {processor.py:186} INFO - Started process (PID=5534) to work on /opt/airflow/dags/tmdb_incremental_sync.py
[2026-06-26T09:21:53.172+0000] {processor.py:914} INFO - Processing file /opt/airflow/dags/tmdb_incremental_sync.py for tasks to queue
[2026-06-26T09:21:53.175+0000] {logging_mixin.py:190} INFO - [2026-06-26T09:21:53.175+0000] {dagbag.py:587} INFO - Filling up the DagBag from /opt/airflow/dags/tmdb_incremental_sync.py
[2026-06-26T09:21:53.204+0000] {processor.py:925} INFO - DAG(s) 'tmdb_incremental_sync' retrieved from /opt/airflow/dags/tmdb_incremental_sync.py
[2026-06-26T09:21:53.248+0000] {logging_mixin.py:190} INFO - [2026-06-26T09:21:53.248+0000] {dag.py:3211} INFO - Sync 1 DAGs
[2026-06-26T09:21:53.288+0000] {logging_mixin.py:190} INFO - [2026-06-26T09:21:53.287+0000] {dag.py:4138} INFO - Setting next_dagrun for tmdb_incremental_sync to 2026-06-26 00:00:00+00:00, run_after=2026-06-27 00:00:00+00:00
[2026-06-26T09:21:53.314+0000] {processor.py:208} INFO - Processing /opt/airflow/dags/tmdb_incremental_sync.py took 0.152 seconds
