[2026-07-18T11:50:09.855+0000] {local_task_job_runner.py:123} INFO - ::group::Pre task execution logs
[2026-07-18T11:50:09.887+0000] {taskinstance.py:2603} INFO - Dependencies all met for dep_context=non-requeueable deps ti=<TaskInstance: tmdb_incremental_sync.incremental_sync_pipeline scheduled__2026-07-17T00:00:00+00:00 [queued]>
[2026-07-18T11:50:09.908+0000] {taskinstance.py:2603} INFO - Dependencies all met for dep_context=requeueable deps ti=<TaskInstance: tmdb_incremental_sync.incremental_sync_pipeline scheduled__2026-07-17T00:00:00+00:00 [queued]>
[2026-07-18T11:50:09.909+0000] {taskinstance.py:2856} INFO - Starting attempt 1 of 3
[2026-07-18T11:50:09.942+0000] {taskinstance.py:2879} INFO - Executing <Task(PythonOperator): incremental_sync_pipeline> on 2026-07-17 00:00:00+00:00
[2026-07-18T11:50:09.955+0000] {logging_mixin.py:190} WARNING - /home/***/.local/lib/python3.12/site-packages/***/task/task_runner/standard_task_runner.py:70 DeprecationWarning: This process (pid=26729) is multi-threaded, use of fork() may lead to deadlocks in the child.
[2026-07-18T11:50:09.953+0000] {standard_task_runner.py:104} INFO - Running: ['***', 'tasks', 'run', 'tmdb_incremental_sync', 'incremental_sync_pipeline', 'scheduled__2026-07-17T00:00:00+00:00', '--job-id', '82', '--raw', '--subdir', 'DAGS_FOLDER/tmdb_incremental_sync.py', '--cfg-path', '/tmp/tmp8rtoy6wt']
[2026-07-18T11:50:09.957+0000] {standard_task_runner.py:72} INFO - Started process 26730 to run task
[2026-07-18T11:50:09.957+0000] {standard_task_runner.py:105} INFO - Job 82: Subtask incremental_sync_pipeline
[2026-07-18T11:50:10.049+0000] {task_command.py:467} INFO - Running <TaskInstance: tmdb_incremental_sync.incremental_sync_pipeline scheduled__2026-07-17T00:00:00+00:00 [running]> on host d8c53ec118ae
[2026-07-18T11:50:10.222+0000] {taskinstance.py:3122} INFO - Exporting env vars: AIRFLOW_CTX_DAG_OWNER='***' AIRFLOW_CTX_DAG_ID='tmdb_incremental_sync' AIRFLOW_CTX_TASK_ID='incremental_sync_pipeline' AIRFLOW_CTX_EXECUTION_DATE='2026-07-17T00:00:00+00:00' AIRFLOW_CTX_TRY_NUMBER='1' AIRFLOW_CTX_DAG_RUN_ID='scheduled__2026-07-17T00:00:00+00:00'
[2026-07-18T11:50:10.225+0000] {taskinstance.py:731} INFO - ::endgroup::
[2026-07-18T11:50:10.282+0000] {logging_mixin.py:190} INFO - Starting incremental sync for 2026-07-17 → 2026-07-18...
[2026-07-18T11:50:10.317+0000] {logging_mixin.py:190} INFO - Fetching changes: 2026-07-17 -> 2026-07-18
[2026-07-18T11:50:23.462+0000] {logging_mixin.py:190} INFO - Found 4788 changed IDs. Syncing metadata...
[2026-07-18T11:50:25.022+0000] {logging_mixin.py:190} INFO - Skipping movie 1728519: could not fetch metadata.
[2026-07-18T11:50:26.969+0000] {logging_mixin.py:190} INFO - Skipping movie 1630284: could not fetch metadata.
[2026-07-18T11:50:27.286+0000] {logging_mixin.py:190} INFO - Skipping movie 1630254: could not fetch metadata.
[2026-07-18T11:50:27.300+0000] {logging_mixin.py:190} INFO - Skipping movie 1286221: could not fetch metadata.
[2026-07-18T11:50:27.568+0000] {logging_mixin.py:190} INFO - Skipping movie 1286238: could not fetch metadata.
[2026-07-18T11:50:27.590+0000] {logging_mixin.py:190} INFO - Skipping movie 950370: could not fetch metadata.
[2026-07-18T11:50:27.864+0000] {logging_mixin.py:190} INFO - Skipping movie 1728622: could not fetch metadata.
[2026-07-18T11:50:28.216+0000] {logging_mixin.py:190} INFO - Skipping movie 1531959: could not fetch metadata.
[2026-07-18T11:50:28.312+0000] {logging_mixin.py:190} INFO - Skipping movie 917635: could not fetch metadata.
[2026-07-18T11:50:28.423+0000] {logging_mixin.py:190} INFO - Skipping movie 893061: could not fetch metadata.
[2026-07-18T11:50:28.583+0000] {logging_mixin.py:190} INFO - Skipping movie 974990: could not fetch metadata.
[2026-07-18T11:50:28.690+0000] {logging_mixin.py:190} INFO - Skipping movie 966801: could not fetch metadata.
[2026-07-18T11:50:30.040+0000] {logging_mixin.py:190} INFO - Skipping movie 1564871: could not fetch metadata.
[2026-07-18T11:50:30.319+0000] {logging_mixin.py:190} INFO - Skipping movie 1597655: could not fetch metadata.
[2026-07-18T11:50:30.583+0000] {logging_mixin.py:190} INFO - Skipping movie 1597677: could not fetch metadata.
[2026-07-18T11:50:30.705+0000] {logging_mixin.py:190} INFO - Skipping movie 1655033: could not fetch metadata.
[2026-07-18T11:50:30.990+0000] {logging_mixin.py:190} INFO - Skipping movie 1720580: could not fetch metadata.
[2026-07-18T11:50:31.138+0000] {logging_mixin.py:190} INFO - Skipping movie 1597665: could not fetch metadata.
[2026-07-18T11:50:31.661+0000] {logging_mixin.py:190} INFO - Skipping movie 1618509: could not fetch metadata.
[2026-07-18T11:50:31.893+0000] {logging_mixin.py:190} INFO - Skipping movie 1720600: could not fetch metadata.
[2026-07-18T11:50:32.043+0000] {logging_mixin.py:190} INFO - Skipping movie 1720608: could not fetch metadata.
[2026-07-18T11:50:32.457+0000] {logging_mixin.py:190} INFO - Skipping movie 1704221: could not fetch metadata.
[2026-07-18T11:50:32.466+0000] {logging_mixin.py:190} INFO - Skipping movie 1188139: could not fetch metadata.
[2026-07-18T11:50:33.149+0000] {logging_mixin.py:190} INFO - Skipping movie 1696071: could not fetch metadata.
[2026-07-18T11:50:33.550+0000] {logging_mixin.py:190} INFO - Skipping movie 1696084: could not fetch metadata.
[2026-07-18T11:50:33.578+0000] {logging_mixin.py:190} INFO - Skipping movie 1696089: could not fetch metadata.
[2026-07-18T11:50:34.043+0000] {logging_mixin.py:190} INFO - Skipping movie 1671529: could not fetch metadata.
[2026-07-18T11:50:34.060+0000] {logging_mixin.py:190} INFO - Skipping movie 1696099: could not fetch metadata.
[2026-07-18T11:50:34.088+0000] {logging_mixin.py:190} INFO - Skipping movie 1696093: could not fetch metadata.
[2026-07-18T11:50:34.215+0000] {logging_mixin.py:190} INFO - Skipping movie 606571: could not fetch metadata.
[2026-07-18T11:50:34.644+0000] {logging_mixin.py:190} INFO - Skipping movie 1515890: could not fetch metadata.
[2026-07-18T11:50:34.839+0000] {logging_mixin.py:190} INFO - Skipping movie 1311101: could not fetch metadata.
[2026-07-18T11:50:36.186+0000] {logging_mixin.py:190} INFO - Skipping movie 663976: could not fetch metadata.
[2026-07-18T11:50:36.193+0000] {logging_mixin.py:190} INFO - Skipping movie 1663386: could not fetch metadata.
[2026-07-18T11:50:36.601+0000] {logging_mixin.py:190} INFO - Skipping movie 1720753: could not fetch metadata.
[2026-07-18T11:50:36.616+0000] {logging_mixin.py:190} INFO - Skipping movie 1704384: could not fetch metadata.
[2026-07-18T11:50:36.924+0000] {logging_mixin.py:190} INFO - Skipping movie 360907: could not fetch metadata.
[2026-07-18T11:50:36.940+0000] {logging_mixin.py:190} INFO - Skipping movie 360906: could not fetch metadata.
[2026-07-18T11:50:36.968+0000] {logging_mixin.py:190} INFO - Skipping movie 1278413: could not fetch metadata.
[2026-07-18T11:50:37.722+0000] {logging_mixin.py:190} INFO - Skipping movie 1589702: could not fetch metadata.
[2026-07-18T11:50:38.534+0000] {logging_mixin.py:190} INFO - Skipping movie 1171955: could not fetch metadata.
[2026-07-18T11:50:39.634+0000] {logging_mixin.py:190} INFO - Skipping movie 1335836: could not fetch metadata.
[2026-07-18T11:50:41.348+0000] {logging_mixin.py:190} INFO - Skipping movie 1729113: could not fetch metadata.
[2026-07-18T11:50:41.531+0000] {logging_mixin.py:190} INFO - Skipping movie 1516127: could not fetch metadata.
[2026-07-18T11:50:41.561+0000] {logging_mixin.py:190} INFO - Skipping movie 1262177: could not fetch metadata.
[2026-07-18T11:50:41.674+0000] {logging_mixin.py:190} INFO - Skipping movie 1401450: could not fetch metadata.
[2026-07-18T11:50:41.721+0000] {logging_mixin.py:190} INFO - Skipping movie 1524289: could not fetch metadata.
[2026-07-18T11:50:43.131+0000] {logging_mixin.py:190} INFO - Skipping movie 1729169: could not fetch metadata.
[2026-07-18T11:50:43.365+0000] {logging_mixin.py:190} INFO - Skipping movie 1254039: could not fetch metadata.
[2026-07-18T11:50:43.976+0000] {logging_mixin.py:190} INFO - Skipping movie 1565357: could not fetch metadata.
[2026-07-18T11:50:44.119+0000] {logging_mixin.py:190} INFO - Skipping movie 860849: could not fetch metadata.
[2026-07-18T11:50:44.162+0000] {logging_mixin.py:190} INFO - Skipping movie 1667438: could not fetch metadata.
[2026-07-18T11:50:44.625+0000] {logging_mixin.py:190} INFO - Skipping movie 1221312: could not fetch metadata.
[2026-07-18T11:50:45.281+0000] {logging_mixin.py:190} INFO - Skipping movie 1389023: could not fetch metadata.
[2026-07-18T11:50:45.378+0000] {logging_mixin.py:190} INFO - Skipping movie 1163949: could not fetch metadata.
[2026-07-18T11:50:46.460+0000] {logging_mixin.py:190} INFO - Skipping movie 1377032: could not fetch metadata.
[2026-07-18T11:50:46.625+0000] {logging_mixin.py:190} INFO - Skipping movie 1377036: could not fetch metadata.
[2026-07-18T11:50:47.332+0000] {logging_mixin.py:190} INFO - Skipping movie 1418012: could not fetch metadata.
[2026-07-18T11:50:47.334+0000] {logging_mixin.py:190} INFO - Skipping movie 1639196: could not fetch metadata.
[2026-07-18T11:50:47.419+0000] {logging_mixin.py:190} INFO - Skipping movie 1319731: could not fetch metadata.
[2026-07-18T11:50:48.036+0000] {logging_mixin.py:190} INFO - Skipping movie 1491794: could not fetch metadata.
[2026-07-18T11:50:49.863+0000] {logging_mixin.py:190} INFO - Skipping movie 1733377: could not fetch metadata.
[2026-07-18T11:50:50.465+0000] {logging_mixin.py:190} INFO - Skipping movie 1549247: could not fetch metadata.
[2026-07-18T11:50:51.649+0000] {logging_mixin.py:190} INFO - Skipping movie 312341: could not fetch metadata.
[2026-07-18T11:50:52.393+0000] {logging_mixin.py:190} INFO - Skipping movie 1704980: could not fetch metadata.
[2026-07-18T11:50:52.926+0000] {logging_mixin.py:190} INFO - Skipping movie 1418298: could not fetch metadata.
[2026-07-18T11:50:52.975+0000] {logging_mixin.py:190} INFO - Skipping movie 1418301: could not fetch metadata.
[2026-07-18T11:50:53.238+0000] {logging_mixin.py:190} INFO - Skipping movie 1516617: could not fetch metadata.
[2026-07-18T11:50:54.223+0000] {logging_mixin.py:190} INFO - Skipping movie 1254504: could not fetch metadata.
[2026-07-18T11:50:54.933+0000] {logging_mixin.py:190} INFO - Skipping movie 1426553: could not fetch metadata.
[2026-07-18T11:50:55.193+0000] {logging_mixin.py:190} INFO - Skipping movie 1590415: could not fetch metadata.
[2026-07-18T11:50:55.798+0000] {logging_mixin.py:190} INFO - Skipping movie 935097: could not fetch metadata.
[2026-07-18T11:50:55.801+0000] {logging_mixin.py:190} INFO - Skipping movie 1655996: could not fetch metadata.
[2026-07-18T11:50:56.816+0000] {logging_mixin.py:190} INFO - Skipping movie 1410255: could not fetch metadata.
[2026-07-18T11:50:57.744+0000] {logging_mixin.py:190} INFO - Skipping movie 1729783: could not fetch metadata.
[2026-07-18T11:50:58.190+0000] {logging_mixin.py:190} INFO - Skipping movie 1729794: could not fetch metadata.
[2026-07-18T11:50:58.569+0000] {logging_mixin.py:190} INFO - Skipping movie 1729819: could not fetch metadata.
[2026-07-18T11:50:58.658+0000] {logging_mixin.py:190} INFO - Skipping movie 984353: could not fetch metadata.
[2026-07-18T11:50:58.937+0000] {logging_mixin.py:190} INFO - Skipping movie 1729840: could not fetch metadata.
[2026-07-18T11:50:59.555+0000] {logging_mixin.py:190} INFO - Skipping movie 754979: could not fetch metadata.
[2026-07-18T11:50:59.625+0000] {logging_mixin.py:190} INFO - Skipping movie 1705281: could not fetch metadata.
[2026-07-18T11:50:59.959+0000] {logging_mixin.py:190} INFO - Skipping movie 1713476: could not fetch metadata.
[2026-07-18T11:50:59.988+0000] {logging_mixin.py:190} INFO - Skipping movie 1705287: could not fetch metadata.
[2026-07-18T11:51:00.706+0000] {logging_mixin.py:190} INFO - Skipping movie 1262938: could not fetch metadata.
[2026-07-18T11:51:01.078+0000] {logging_mixin.py:190} INFO - Skipping movie 1295727: could not fetch metadata.
[2026-07-18T11:51:01.554+0000] {logging_mixin.py:190} INFO - Skipping movie 1262975: could not fetch metadata.
[2026-07-18T11:51:01.825+0000] {logging_mixin.py:190} INFO - Skipping movie 1590682: could not fetch metadata.
[2026-07-18T11:51:02.444+0000] {logging_mixin.py:190} INFO - Skipping movie 1705385: could not fetch metadata.
[2026-07-18T11:51:02.927+0000] {logging_mixin.py:190} INFO - Skipping movie 1729981: could not fetch metadata.
[2026-07-18T11:51:03.256+0000] {logging_mixin.py:190} INFO - Skipping movie 1697219: could not fetch metadata.
[2026-07-18T11:51:03.418+0000] {logging_mixin.py:190} INFO - Skipping movie 1582543: could not fetch metadata.
[2026-07-18T11:51:03.570+0000] {logging_mixin.py:190} INFO - Skipping movie 796121: could not fetch metadata.
[2026-07-18T11:51:03.640+0000] {logging_mixin.py:190} INFO - Skipping movie 1697251: could not fetch metadata.
[2026-07-18T11:51:04.041+0000] {logging_mixin.py:190} INFO - Skipping movie 1582590: could not fetch metadata.
[2026-07-18T11:51:04.043+0000] {logging_mixin.py:190} INFO - Skipping movie 1541632: could not fetch metadata.
[2026-07-18T11:51:04.212+0000] {logging_mixin.py:190} INFO - Skipping movie 1525249: could not fetch metadata.
[2026-07-18T11:51:04.494+0000] {logging_mixin.py:190} INFO - Skipping movie 1582598: could not fetch metadata.
[2026-07-18T11:51:04.778+0000] {logging_mixin.py:190} INFO - Skipping movie 1541646: could not fetch metadata.
[2026-07-18T11:51:05.056+0000] {logging_mixin.py:190} INFO - Skipping movie 517660: could not fetch metadata.
[2026-07-18T11:51:06.088+0000] {logging_mixin.py:190} INFO - Skipping movie 1727864: could not fetch metadata.
[2026-07-18T11:51:06.112+0000] {logging_mixin.py:190} INFO - Skipping movie 1730140: could not fetch metadata.
[2026-07-18T11:51:07.001+0000] {logging_mixin.py:190} INFO - Skipping movie 1476234: could not fetch metadata.
[2026-07-18T11:51:07.181+0000] {logging_mixin.py:190} INFO - Skipping movie 1238602: could not fetch metadata.
[2026-07-18T11:51:07.296+0000] {logging_mixin.py:190} INFO - Skipping movie 1476253: could not fetch metadata.
[2026-07-18T11:51:07.374+0000] {logging_mixin.py:190} INFO - Skipping movie 1517216: could not fetch metadata.
[2026-07-18T11:51:07.397+0000] {logging_mixin.py:190} INFO - Skipping movie 1517222: could not fetch metadata.
[2026-07-18T11:51:08.005+0000] {logging_mixin.py:190} INFO - Skipping movie 1443519: could not fetch metadata.
[2026-07-18T11:51:08.281+0000] {logging_mixin.py:190} INFO - Skipping movie 345808: could not fetch metadata.
[2026-07-18T11:51:08.297+0000] {logging_mixin.py:190} INFO - Skipping movie 1066704: could not fetch metadata.
[2026-07-18T11:51:08.332+0000] {logging_mixin.py:190} INFO - Skipping movie 1427152: could not fetch metadata.
[2026-07-18T11:51:08.428+0000] {logging_mixin.py:190} INFO - Skipping movie 1631923: could not fetch metadata.
[2026-07-18T11:51:08.998+0000] {logging_mixin.py:190} INFO - Skipping movie 1386236: could not fetch metadata.
[2026-07-18T11:51:09.389+0000] {logging_mixin.py:190} INFO - Skipping movie 1386262: could not fetch metadata.
[2026-07-18T11:51:10.470+0000] {logging_mixin.py:190} INFO - Skipping movie 739145: could not fetch metadata.
[2026-07-18T11:51:10.615+0000] {logging_mixin.py:190} INFO - Skipping movie 829259: could not fetch metadata.
[2026-07-18T11:51:10.918+0000] {logging_mixin.py:190} INFO - Skipping movie 796509: could not fetch metadata.
[2026-07-18T11:51:11.506+0000] {logging_mixin.py:190} INFO - Skipping movie 1501023: could not fetch metadata.
[2026-07-18T11:51:11.783+0000] {logging_mixin.py:190} INFO - Skipping movie 894852: could not fetch metadata.
[2026-07-18T11:51:11.832+0000] {logging_mixin.py:190} INFO - Skipping movie 1722249: could not fetch metadata.
[2026-07-18T11:51:11.968+0000] {logging_mixin.py:190} INFO - Skipping movie 1296251: could not fetch metadata.
[2026-07-18T11:51:12.044+0000] {logging_mixin.py:190} INFO - Skipping movie 894861: could not fetch metadata.
[2026-07-18T11:51:12.074+0000] {logging_mixin.py:190} INFO - Skipping movie 1722255: could not fetch metadata.
[2026-07-18T11:51:12.365+0000] {logging_mixin.py:190} INFO - Skipping movie 894872: could not fetch metadata.
[2026-07-18T11:51:12.379+0000] {logging_mixin.py:190} INFO - Skipping movie 1722264: could not fetch metadata.
[2026-07-18T11:51:12.405+0000] {logging_mixin.py:190} INFO - Skipping movie 1484695: could not fetch metadata.
[2026-07-18T11:51:12.442+0000] {logging_mixin.py:190} INFO - Skipping movie 1255323: could not fetch metadata.
[2026-07-18T11:51:12.505+0000] {logging_mixin.py:190} INFO - Skipping movie 1394584: could not fetch metadata.
[2026-07-18T11:51:13.397+0000] {logging_mixin.py:190} INFO - Skipping movie 911265: could not fetch metadata.
[2026-07-18T11:51:13.654+0000] {logging_mixin.py:190} INFO - Skipping movie 1492915: could not fetch metadata.
[2026-07-18T11:51:14.140+0000] {logging_mixin.py:190} INFO - Skipping movie 829384: could not fetch metadata.
[2026-07-18T11:51:14.592+0000] {logging_mixin.py:190} INFO - Skipping movie 1689562: could not fetch metadata.
[2026-07-18T11:51:14.917+0000] {logging_mixin.py:190} INFO - Skipping movie 1279988: could not fetch metadata.
[2026-07-18T11:51:15.017+0000] {logging_mixin.py:190} INFO - Skipping movie 1722366: could not fetch metadata.
[2026-07-18T11:51:15.589+0000] {logging_mixin.py:190} INFO - Skipping movie 1263631: could not fetch metadata.
[2026-07-18T11:51:15.765+0000] {logging_mixin.py:190} INFO - Skipping movie 1263639: could not fetch metadata.
[2026-07-18T11:51:16.014+0000] {logging_mixin.py:190} INFO - Skipping movie 1279986: could not fetch metadata.
[2026-07-18T11:51:16.092+0000] {logging_mixin.py:190} INFO - Skipping movie 1108007: could not fetch metadata.
[2026-07-18T11:51:16.722+0000] {logging_mixin.py:190} INFO - Skipping movie 1255484: could not fetch metadata.
[2026-07-18T11:51:17.004+0000] {logging_mixin.py:190} INFO - Skipping movie 206929: could not fetch metadata.
[2026-07-18T11:51:17.419+0000] {logging_mixin.py:190} INFO - Skipping movie 1665131: could not fetch metadata.
[2026-07-18T11:51:18.285+0000] {logging_mixin.py:190} INFO - Skipping movie 1263764: could not fetch metadata.
[2026-07-18T11:51:18.714+0000] {logging_mixin.py:190} INFO - Skipping movie 1312945: could not fetch metadata.
[2026-07-18T11:51:19.200+0000] {logging_mixin.py:190} INFO - Skipping movie 1394899: could not fetch metadata.
[2026-07-18T11:51:19.256+0000] {logging_mixin.py:190} INFO - Skipping movie 1534167: could not fetch metadata.
[2026-07-18T11:51:19.478+0000] {logging_mixin.py:190} INFO - Skipping movie 1394905: could not fetch metadata.
[2026-07-18T11:51:19.537+0000] {logging_mixin.py:190} INFO - Skipping movie 1394907: could not fetch metadata.
[2026-07-18T11:51:19.593+0000] {logging_mixin.py:190} INFO - Skipping movie 1214646: could not fetch metadata.
[2026-07-18T11:51:19.805+0000] {logging_mixin.py:190} INFO - Skipping movie 1673446: could not fetch metadata.
[2026-07-18T11:51:20.018+0000] {logging_mixin.py:190} INFO - Skipping movie 723129: could not fetch metadata.
[2026-07-18T11:51:21.011+0000] {logging_mixin.py:190} INFO - Skipping movie 1517841: could not fetch metadata.
[2026-07-18T11:51:21.115+0000] {logging_mixin.py:190} INFO - Skipping movie 1730835: could not fetch metadata.
[2026-07-18T11:51:21.695+0000] {logging_mixin.py:190} INFO - Skipping movie 780579: could not fetch metadata.
[2026-07-18T11:51:21.723+0000] {logging_mixin.py:190} INFO - Skipping movie 1730855: could not fetch metadata.
[2026-07-18T11:51:21.725+0000] {logging_mixin.py:190} INFO - Skipping movie 1730828: could not fetch metadata.
[2026-07-18T11:51:22.251+0000] {logging_mixin.py:190} INFO - Skipping movie 1239360: could not fetch metadata.
[2026-07-18T11:51:22.570+0000] {logging_mixin.py:190} INFO - Skipping movie 1624403: could not fetch metadata.
[2026-07-18T11:51:23.880+0000] {logging_mixin.py:190} INFO - Skipping movie 403870: could not fetch metadata.
[2026-07-18T11:51:24.121+0000] {logging_mixin.py:190} INFO - Skipping movie 1732922: could not fetch metadata.
[2026-07-18T11:51:24.784+0000] {logging_mixin.py:190} INFO - Skipping movie 1493475: could not fetch metadata.
[2026-07-18T11:51:25.050+0000] {logging_mixin.py:190} INFO - Skipping movie 1034696: could not fetch metadata.
[2026-07-18T11:51:25.054+0000] {logging_mixin.py:190} INFO - Skipping movie 895473: could not fetch metadata.
[2026-07-18T11:51:26.211+0000] {logging_mixin.py:190} INFO - Skipping movie 1731117: could not fetch metadata.
[2026-07-18T11:51:26.238+0000] {logging_mixin.py:190} INFO - Skipping movie 895533: could not fetch metadata.
[2026-07-18T11:51:26.397+0000] {logging_mixin.py:190} INFO - Skipping movie 698931: could not fetch metadata.
[2026-07-18T11:51:26.486+0000] {logging_mixin.py:190} INFO - Skipping movie 1649203: could not fetch metadata.
[2026-07-18T11:51:28.154+0000] {logging_mixin.py:190} INFO - Skipping movie 1624680: could not fetch metadata.
[2026-07-18T11:51:28.557+0000] {logging_mixin.py:190} INFO - Skipping movie 1682051: could not fetch metadata.
[2026-07-18T11:51:28.576+0000] {logging_mixin.py:190} INFO - Skipping movie 1575564: could not fetch metadata.
[2026-07-18T11:51:29.522+0000] {logging_mixin.py:190} INFO - Skipping movie 838331: could not fetch metadata.
[2026-07-18T11:51:29.872+0000] {logging_mixin.py:190} INFO - Skipping movie 1395362: could not fetch metadata.
[2026-07-18T11:51:30.365+0000] {logging_mixin.py:190} INFO - Skipping movie 273060: could not fetch metadata.
[2026-07-18T11:51:30.969+0000] {logging_mixin.py:190} INFO - Skipping movie 1395448: could not fetch metadata.
[2026-07-18T11:51:31.065+0000] {logging_mixin.py:190} INFO - Skipping movie 1624844: could not fetch metadata.
[2026-07-18T11:51:31.978+0000] {logging_mixin.py:190} INFO - Skipping movie 1698605: could not fetch metadata.
[2026-07-18T11:51:32.225+0000] {logging_mixin.py:190} INFO - Skipping movie 1715000: could not fetch metadata.
[2026-07-18T11:51:32.514+0000] {logging_mixin.py:190} INFO - Skipping movie 1733003: could not fetch metadata.
[2026-07-18T11:51:32.789+0000] {logging_mixin.py:190} INFO - Skipping movie 1733006: could not fetch metadata.
[2026-07-18T11:51:33.628+0000] {logging_mixin.py:190} INFO - Skipping movie 1362798: could not fetch metadata.
[2026-07-18T11:51:33.786+0000] {logging_mixin.py:190} INFO - Skipping movie 1733012: could not fetch metadata.
[2026-07-18T11:51:33.951+0000] {logging_mixin.py:190} INFO - Skipping movie 789368: could not fetch metadata.
[2026-07-18T11:51:34.085+0000] {logging_mixin.py:190} INFO - Skipping movie 1362811: could not fetch metadata.
[2026-07-18T11:51:34.244+0000] {logging_mixin.py:190} INFO - Skipping movie 1362815: could not fetch metadata.
[2026-07-18T11:51:34.247+0000] {logging_mixin.py:190} INFO - Skipping movie 1362816: could not fetch metadata.
[2026-07-18T11:51:34.253+0000] {logging_mixin.py:190} INFO - Skipping movie 592771: could not fetch metadata.
[2026-07-18T11:51:34.437+0000] {logging_mixin.py:190} INFO - Skipping movie 1567623: could not fetch metadata.
[2026-07-18T11:51:34.516+0000] {logging_mixin.py:190} INFO - Skipping movie 1362825: could not fetch metadata.
[2026-07-18T11:51:35.584+0000] {logging_mixin.py:190} INFO - Skipping movie 1084348: could not fetch metadata.
[2026-07-18T11:51:35.722+0000] {logging_mixin.py:190} INFO - Skipping movie 1346493: could not fetch metadata.
[2026-07-18T11:51:37.194+0000] {logging_mixin.py:190} INFO - Skipping movie 740317: could not fetch metadata.
[2026-07-18T11:51:37.996+0000] {logging_mixin.py:190} INFO - Skipping movie 732172: could not fetch metadata.
[2026-07-18T11:51:38.218+0000] {logging_mixin.py:190} INFO - Skipping movie 1240083: could not fetch metadata.
[2026-07-18T11:51:40.519+0000] {logging_mixin.py:190} INFO - Skipping movie 1240144: could not fetch metadata.
[2026-07-18T11:51:40.667+0000] {logging_mixin.py:190} INFO - Skipping movie 1731690: could not fetch metadata.
[2026-07-18T11:51:40.676+0000] {logging_mixin.py:190} INFO - Skipping movie 1518700: could not fetch metadata.
[2026-07-18T11:51:40.840+0000] {logging_mixin.py:190} INFO - Skipping movie 1733062: could not fetch metadata.
[2026-07-18T11:51:41.289+0000] {logging_mixin.py:190} INFO - Skipping movie 1428604: could not fetch metadata.
[2026-07-18T11:51:43.162+0000] {logging_mixin.py:190} INFO - Skipping movie 1150146: could not fetch metadata.
[2026-07-18T11:51:43.544+0000] {logging_mixin.py:190} INFO - Skipping movie 584919: could not fetch metadata.
[2026-07-18T11:51:45.837+0000] {logging_mixin.py:190} INFO - Skipping movie 1207623: could not fetch metadata.
[2026-07-18T11:51:46.057+0000] {logging_mixin.py:190} INFO - Skipping movie 1731918: could not fetch metadata.
[2026-07-18T11:51:47.574+0000] {logging_mixin.py:190} INFO - Skipping movie 1723792: could not fetch metadata.
[2026-07-18T11:51:48.499+0000] {logging_mixin.py:190} INFO - Skipping movie 1265062: could not fetch metadata.
[2026-07-18T11:51:48.665+0000] {logging_mixin.py:190} INFO - Skipping movie 1674680: could not fetch metadata.
[2026-07-18T11:51:49.121+0000] {logging_mixin.py:190} INFO - Skipping movie 1716846: could not fetch metadata.
[2026-07-18T11:51:49.776+0000] {logging_mixin.py:190} INFO - Skipping movie 1486304: could not fetch metadata.
[2026-07-18T11:51:50.204+0000] {logging_mixin.py:190} INFO - Skipping movie 806390: could not fetch metadata.
[2026-07-18T11:51:50.320+0000] {logging_mixin.py:190} INFO - Skipping movie 1723897: could not fetch metadata.
[2026-07-18T11:51:54.336+0000] {logging_mixin.py:190} INFO - Skipping movie 1486500: could not fetch metadata.
[2026-07-18T11:51:54.776+0000] {logging_mixin.py:190} INFO - Skipping movie 994975: could not fetch metadata.
[2026-07-18T11:51:55.715+0000] {logging_mixin.py:190} INFO - Skipping movie 1437365: could not fetch metadata.
[2026-07-18T11:51:56.528+0000] {logging_mixin.py:190} INFO - Skipping movie 1502957: could not fetch metadata.
[2026-07-18T11:51:57.402+0000] {logging_mixin.py:190} INFO - Skipping movie 1289977: could not fetch metadata.
[2026-07-18T11:51:57.689+0000] {logging_mixin.py:190} INFO - Skipping movie 1462012: could not fetch metadata.
[2026-07-18T11:51:57.903+0000] {logging_mixin.py:190} INFO - Skipping movie 1502963: could not fetch metadata.
[2026-07-18T11:51:58.217+0000] {logging_mixin.py:190} INFO - Skipping movie 1101589: could not fetch metadata.
[2026-07-18T11:51:58.369+0000] {logging_mixin.py:190} INFO - Skipping movie 1724185: could not fetch metadata.
[2026-07-18T11:51:58.507+0000] {logging_mixin.py:190} INFO - Skipping movie 593695: could not fetch metadata.
[2026-07-18T11:52:00.035+0000] {logging_mixin.py:190} INFO - Skipping movie 1273680: could not fetch metadata.
[2026-07-18T11:52:00.615+0000] {logging_mixin.py:190} INFO - Skipping movie 520031: could not fetch metadata.
[2026-07-18T11:52:00.635+0000] {logging_mixin.py:190} INFO - Skipping movie 429920: could not fetch metadata.
[2026-07-18T11:52:01.074+0000] {logging_mixin.py:190} INFO - Skipping movie 1666930: could not fetch metadata.
[2026-07-18T11:52:01.487+0000] {logging_mixin.py:190} INFO - Skipping movie 1733218: could not fetch metadata.
[2026-07-18T11:52:02.710+0000] {logging_mixin.py:190} INFO - Skipping movie 1733221: could not fetch metadata.
[2026-07-18T11:52:02.983+0000] {logging_mixin.py:190} INFO - Skipping movie 1019803: could not fetch metadata.
[2026-07-18T11:52:03.049+0000] {logging_mixin.py:190} INFO - Skipping movie 1462183: could not fetch metadata.
[2026-07-18T11:52:03.600+0000] {logging_mixin.py:190} INFO - Skipping movie 1200056: could not fetch metadata.
[2026-07-18T11:52:03.660+0000] {logging_mixin.py:190} INFO - Skipping movie 1733230: could not fetch metadata.
[2026-07-18T11:52:03.761+0000] {logging_mixin.py:190} INFO - Skipping movie 1298323: could not fetch metadata.
[2026-07-18T11:52:03.777+0000] {logging_mixin.py:190} INFO - Skipping movie 1273787: could not fetch metadata.
[2026-07-18T11:52:03.909+0000] {logging_mixin.py:190} INFO - Skipping movie 1273791: could not fetch metadata.
[2026-07-18T11:52:04.503+0000] {logging_mixin.py:190} INFO - Skipping movie 241617: could not fetch metadata.
[2026-07-18T11:52:04.614+0000] {logging_mixin.py:190} INFO - Skipping movie 1396689: could not fetch metadata.
[2026-07-18T11:52:05.421+0000] {logging_mixin.py:190} INFO - Skipping movie 1732600: could not fetch metadata.
[2026-07-18T11:52:07.034+0000] {logging_mixin.py:190} INFO - Skipping movie 1257518: could not fetch metadata.
[2026-07-18T11:52:07.339+0000] {logging_mixin.py:190} INFO - Skipping movie 1732665: could not fetch metadata.
[2026-07-18T11:52:07.649+0000] {logging_mixin.py:190} INFO - Skipping movie 1732686: could not fetch metadata.
[2026-07-18T11:52:08.099+0000] {logging_mixin.py:190} INFO - Skipping movie 1380444: could not fetch metadata.
[2026-07-18T11:52:08.992+0000] {logging_mixin.py:190} INFO - Skipping movie 1724532: could not fetch metadata.
[2026-07-18T11:52:09.254+0000] {logging_mixin.py:190} INFO - Skipping movie 1642623: could not fetch metadata.
[2026-07-18T11:52:09.258+0000] {logging_mixin.py:190} INFO - Skipping movie 1732734: could not fetch metadata.
[2026-07-18T11:52:09.362+0000] {logging_mixin.py:190} INFO - Skipping movie 1732725: could not fetch metadata.
[2026-07-18T11:52:10.908+0000] {logging_mixin.py:190} INFO - Skipping movie 1732778: could not fetch metadata.
[2026-07-18T11:52:11.760+0000] {logging_mixin.py:190} INFO - Skipping movie 1732801: could not fetch metadata.
[2026-07-18T11:52:12.929+0000] {logging_mixin.py:190} INFO - Skipping movie 1732824: could not fetch metadata.
[2026-07-18T11:52:13.477+0000] {logging_mixin.py:190} INFO - Skipping movie 1732841: could not fetch metadata.
[2026-07-18T11:52:14.102+0000] {logging_mixin.py:190} INFO - Skipping movie 1732836: could not fetch metadata.
[2026-07-18T11:52:14.955+0000] {logging_mixin.py:190} INFO - Skipping movie 1732878: could not fetch metadata.
[2026-07-18T11:52:15.521+0000] {logging_mixin.py:190} INFO - Skipping movie 1732884: could not fetch metadata.
[2026-07-18T11:52:15.779+0000] {logging_mixin.py:190} INFO - Skipping movie 1716509: could not fetch metadata.
[2026-07-18T11:52:15.952+0000] {logging_mixin.py:190} INFO - Skipping movie 1732876: could not fetch metadata.
[2026-07-18T11:52:16.062+0000] {logging_mixin.py:190} INFO - Skipping movie 1732898: could not fetch metadata.
[2026-07-18T11:52:16.441+0000] {logging_mixin.py:190} INFO - Skipping movie 1716532: could not fetch metadata.
[2026-07-18T11:52:17.272+0000] {logging_mixin.py:190} INFO - Skipping movie 1732924: could not fetch metadata.
[2026-07-18T11:52:17.287+0000] {logging_mixin.py:190} INFO - Skipping movie 1732919: could not fetch metadata.
[2026-07-18T11:52:17.385+0000] {logging_mixin.py:190} INFO - Skipping movie 1732925: could not fetch metadata.
[2026-07-18T11:52:17.389+0000] {logging_mixin.py:190} INFO - Skipping movie 1732921: could not fetch metadata.
[2026-07-18T11:52:17.578+0000] {logging_mixin.py:190} INFO - Skipping movie 1732928: could not fetch metadata.
[2026-07-18T11:52:17.663+0000] {logging_mixin.py:190} INFO - Skipping movie 1732929: could not fetch metadata.
[2026-07-18T11:52:17.725+0000] {logging_mixin.py:190} INFO - Skipping movie 1732931: could not fetch metadata.
[2026-07-18T11:52:17.832+0000] {logging_mixin.py:190} INFO - Skipping movie 1732932: could not fetch metadata.
[2026-07-18T11:52:17.867+0000] {logging_mixin.py:190} INFO - Skipping movie 1732934: could not fetch metadata.
[2026-07-18T11:52:18.017+0000] {logging_mixin.py:190} INFO - Skipping movie 1732937: could not fetch metadata.
[2026-07-18T11:52:18.061+0000] {logging_mixin.py:190} INFO - Skipping movie 1732938: could not fetch metadata.
[2026-07-18T11:52:18.156+0000] {logging_mixin.py:190} INFO - Skipping movie 1732939: could not fetch metadata.
[2026-07-18T11:52:18.164+0000] {logging_mixin.py:190} INFO - Skipping movie 1732940: could not fetch metadata.
[2026-07-18T11:52:18.259+0000] {logging_mixin.py:190} INFO - Skipping movie 1732944: could not fetch metadata.
[2026-07-18T11:52:19.303+0000] {logging_mixin.py:190} INFO - Skipping movie 1732963: could not fetch metadata.
[2026-07-18T11:52:20.064+0000] {logging_mixin.py:190} INFO - Skipping movie 1732994: could not fetch metadata.
[2026-07-18T11:52:20.356+0000] {logging_mixin.py:190} INFO - Skipping movie 1733002: could not fetch metadata.
[2026-07-18T11:52:20.441+0000] {logging_mixin.py:190} INFO - Skipping movie 1733004: could not fetch metadata.
[2026-07-18T11:52:20.655+0000] {logging_mixin.py:190} INFO - Skipping movie 1733007: could not fetch metadata.
[2026-07-18T11:52:20.682+0000] {logging_mixin.py:190} INFO - Skipping movie 1733011: could not fetch metadata.
[2026-07-18T11:52:21.005+0000] {logging_mixin.py:190} INFO - Skipping movie 1733017: could not fetch metadata.
[2026-07-18T11:52:21.046+0000] {logging_mixin.py:190} INFO - Skipping movie 1733019: could not fetch metadata.
[2026-07-18T11:52:21.489+0000] {logging_mixin.py:190} INFO - Skipping movie 1733015: could not fetch metadata.
[2026-07-18T11:52:21.502+0000] {logging_mixin.py:190} INFO - Skipping movie 1733014: could not fetch metadata.
[2026-07-18T11:52:21.555+0000] {logging_mixin.py:190} INFO - Skipping movie 1733013: could not fetch metadata.
[2026-07-18T11:52:21.796+0000] {logging_mixin.py:190} INFO - Skipping movie 1733036: could not fetch metadata.
[2026-07-18T11:52:23.477+0000] {logging_mixin.py:190} INFO - Skipping movie 938464: could not fetch metadata.
[2026-07-18T11:52:25.229+0000] {logging_mixin.py:190} INFO - Skipping movie 1692171: could not fetch metadata.
[2026-07-18T11:52:26.644+0000] {logging_mixin.py:190} INFO - Skipping movie 1733156: could not fetch metadata.
[2026-07-18T11:52:27.641+0000] {logging_mixin.py:190} INFO - Skipping movie 1733177: could not fetch metadata.
[2026-07-18T11:52:28.342+0000] {logging_mixin.py:190} INFO - Skipping movie 725590: could not fetch metadata.
[2026-07-18T11:52:28.635+0000] {logging_mixin.py:190} INFO - Skipping movie 1733205: could not fetch metadata.
[2026-07-18T11:52:28.692+0000] {logging_mixin.py:190} INFO - Skipping movie 1725015: could not fetch metadata.
[2026-07-18T11:52:28.907+0000] {logging_mixin.py:190} INFO - Skipping movie 1733209: could not fetch metadata.
[2026-07-18T11:52:28.972+0000] {logging_mixin.py:190} INFO - Skipping movie 1733211: could not fetch metadata.
[2026-07-18T11:52:29.369+0000] {logging_mixin.py:190} INFO - Skipping movie 201321: could not fetch metadata.
[2026-07-18T11:52:29.459+0000] {logging_mixin.py:190} INFO - Skipping movie 1733219: could not fetch metadata.
[2026-07-18T11:52:29.513+0000] {logging_mixin.py:190} INFO - Skipping movie 1733222: could not fetch metadata.
[2026-07-18T11:52:29.656+0000] {logging_mixin.py:190} INFO - Skipping movie 1733224: could not fetch metadata.
[2026-07-18T11:52:29.779+0000] {logging_mixin.py:190} INFO - Skipping movie 1733226: could not fetch metadata.
[2026-07-18T11:52:30.039+0000] {logging_mixin.py:190} INFO - Skipping movie 1733232: could not fetch metadata.
[2026-07-18T11:52:30.073+0000] {logging_mixin.py:190} INFO - Skipping movie 1733235: could not fetch metadata.
[2026-07-18T11:52:30.107+0000] {logging_mixin.py:190} INFO - Skipping movie 1733237: could not fetch metadata.
[2026-07-18T11:52:30.234+0000] {logging_mixin.py:190} INFO - Skipping movie 1733238: could not fetch metadata.
[2026-07-18T11:52:30.323+0000] {logging_mixin.py:190} INFO - Skipping movie 1733241: could not fetch metadata.
[2026-07-18T11:52:30.331+0000] {logging_mixin.py:190} INFO - Skipping movie 1733239: could not fetch metadata.
[2026-07-18T11:52:30.425+0000] {logging_mixin.py:190} INFO - Skipping movie 1397359: could not fetch metadata.
[2026-07-18T11:52:31.517+0000] {logging_mixin.py:190} INFO - Skipping movie 1634972: could not fetch metadata.
[2026-07-18T11:52:32.072+0000] {logging_mixin.py:190} INFO - Skipping movie 1725094: could not fetch metadata.
[2026-07-18T11:52:32.489+0000] {logging_mixin.py:190} INFO - Skipping movie 725685: could not fetch metadata.
[2026-07-18T11:52:33.000+0000] {logging_mixin.py:190} INFO - Skipping movie 963268: could not fetch metadata.
[2026-07-18T11:52:33.871+0000] {logging_mixin.py:190} INFO - Skipping movie 611024: could not fetch metadata.
[2026-07-18T11:52:34.500+0000] {logging_mixin.py:190} INFO - Skipping movie 1503968: could not fetch metadata.
[2026-07-18T11:52:35.833+0000] {logging_mixin.py:190} INFO - Skipping movie 1389317: could not fetch metadata.
[2026-07-18T11:52:36.761+0000] {logging_mixin.py:190} INFO - Skipping movie 1733397: could not fetch metadata.
[2026-07-18T11:52:36.833+0000] {logging_mixin.py:190} INFO - Skipping movie 1479434: could not fetch metadata.
[2026-07-18T11:52:37.031+0000] {logging_mixin.py:190} INFO - Skipping movie 1544995: could not fetch metadata.
[2026-07-18T11:52:39.286+0000] {logging_mixin.py:190} INFO - Skipping movie 1659741: could not fetch metadata.
[2026-07-18T11:52:40.163+0000] {logging_mixin.py:190} INFO - Skipping movie 725877: could not fetch metadata.
[2026-07-18T11:52:40.281+0000] {logging_mixin.py:190} INFO - Skipping movie 725880: could not fetch metadata.
[2026-07-18T11:52:40.919+0000] {logging_mixin.py:190} INFO - Skipping movie 1282951: could not fetch metadata.
[2026-07-18T11:52:41.115+0000] {logging_mixin.py:190} INFO - Skipping movie 790683: could not fetch metadata.
[2026-07-18T11:52:41.829+0000] {logging_mixin.py:190} INFO - Skipping movie 1455020: could not fetch metadata.
[2026-07-18T11:52:42.159+0000] {logging_mixin.py:190} INFO - Skipping movie 1381315: could not fetch metadata.
[2026-07-18T11:52:42.417+0000] {logging_mixin.py:190} INFO - Skipping movie 947139: could not fetch metadata.
[2026-07-18T11:52:42.599+0000] {logging_mixin.py:190} INFO - Skipping movie 873420: could not fetch metadata.
[2026-07-18T11:52:45.063+0000] {logging_mixin.py:190} INFO - Skipping movie 963632: could not fetch metadata.
[2026-07-18T11:52:45.619+0000] {logging_mixin.py:190} INFO - Skipping movie 1733449: could not fetch metadata.
[2026-07-18T11:52:46.242+0000] {logging_mixin.py:190} INFO - Skipping movie 226403: could not fetch metadata.
[2026-07-18T11:52:46.989+0000] {logging_mixin.py:190} INFO - Skipping movie 1373318: could not fetch metadata.
[2026-07-18T11:52:47.255+0000] {logging_mixin.py:190} INFO - Skipping movie 1373329: could not fetch metadata.
[2026-07-18T11:52:48.191+0000] {logging_mixin.py:190} INFO - Skipping movie 1012909: could not fetch metadata.
[2026-07-18T11:52:48.251+0000] {logging_mixin.py:190} INFO - Skipping movie 1479867: could not fetch metadata.
[2026-07-18T11:52:48.287+0000] {logging_mixin.py:190} INFO - Skipping movie 693422: could not fetch metadata.
[2026-07-18T11:52:49.021+0000] {logging_mixin.py:190} INFO - Skipping movie 1512657: could not fetch metadata.
[2026-07-18T11:52:49.375+0000] {logging_mixin.py:190} INFO - Skipping movie 1242348: could not fetch metadata.
[2026-07-18T11:52:50.021+0000] {logging_mixin.py:190} INFO - Skipping movie 1660199: could not fetch metadata.
[2026-07-18T11:52:50.655+0000] {logging_mixin.py:190} INFO - Skipping movie 1119543: could not fetch metadata.
[2026-07-18T11:52:51.056+0000] {logging_mixin.py:190} INFO - Skipping movie 1512773: could not fetch metadata.
[2026-07-18T11:52:51.083+0000] {logging_mixin.py:190} INFO - Skipping movie 857381: could not fetch metadata.
[2026-07-18T11:52:51.128+0000] {logging_mixin.py:190} INFO - Skipping movie 988491: could not fetch metadata.
[2026-07-18T11:52:51.254+0000] {logging_mixin.py:190} INFO - Skipping movie 1570129: could not fetch metadata.
[2026-07-18T11:52:51.345+0000] {logging_mixin.py:190} INFO - Skipping movie 1275229: could not fetch metadata.
[2026-07-18T11:52:51.502+0000] {logging_mixin.py:190} INFO - Skipping movie 1275237: could not fetch metadata.
[2026-07-18T11:52:51.539+0000] {logging_mixin.py:190} INFO - Skipping movie 1275241: could not fetch metadata.
[2026-07-18T11:52:51.591+0000] {logging_mixin.py:190} INFO - Skipping movie 1275242: could not fetch metadata.
[2026-07-18T11:52:53.470+0000] {logging_mixin.py:190} INFO - Skipping movie 1331363: could not fetch metadata.
[2026-07-18T11:52:53.521+0000] {logging_mixin.py:190} INFO - Skipping movie 1545683: could not fetch metadata.
[2026-07-18T11:52:53.865+0000] {logging_mixin.py:190} INFO - Skipping movie 1447394: could not fetch metadata.
[2026-07-18T11:52:53.952+0000] {logging_mixin.py:190} INFO - Skipping movie 947645: could not fetch metadata.
[2026-07-18T11:52:54.143+0000] {logging_mixin.py:190} INFO - Skipping movie 1594872: could not fetch metadata.
[2026-07-18T11:52:54.145+0000] {logging_mixin.py:190} INFO - Skipping movie 1594863: could not fetch metadata.
[2026-07-18T11:52:54.376+0000] {logging_mixin.py:190} INFO - Skipping movie 1660419: could not fetch metadata.
[2026-07-18T11:52:54.696+0000] {logging_mixin.py:190} INFO - Skipping movie 1029662: could not fetch metadata.
[2026-07-18T11:52:55.186+0000] {logging_mixin.py:190} INFO - Skipping movie 546350: could not fetch metadata.
[2026-07-18T11:52:55.891+0000] {logging_mixin.py:190} INFO - Skipping movie 988774: could not fetch metadata.
[2026-07-18T11:52:56.041+0000] {logging_mixin.py:190} INFO - Skipping movie 1406577: could not fetch metadata.
[2026-07-18T11:52:56.233+0000] {logging_mixin.py:190} INFO - Skipping movie 1406579: could not fetch metadata.
[2026-07-18T11:52:56.837+0000] {logging_mixin.py:190} INFO - Skipping movie 1619626: could not fetch metadata.
[2026-07-18T11:52:57.701+0000] {logging_mixin.py:190} INFO - Skipping movie 1619660: could not fetch metadata.
[2026-07-18T11:52:57.890+0000] {logging_mixin.py:190} INFO - Skipping movie 1619662: could not fetch metadata.
[2026-07-18T11:52:58.234+0000] {logging_mixin.py:190} INFO - Skipping movie 890598: could not fetch metadata.
[2026-07-18T11:52:58.253+0000] {logging_mixin.py:190} INFO - Skipping movie 1636059: could not fetch metadata.
[2026-07-18T11:52:59.284+0000] {logging_mixin.py:190} INFO - Skipping movie 980785: could not fetch metadata.
[2026-07-18T11:52:59.644+0000] {logging_mixin.py:190} INFO - Skipping movie 1365827: could not fetch metadata.
[2026-07-18T11:53:00.730+0000] {logging_mixin.py:190} INFO - Skipping movie 1374074: could not fetch metadata.
[2026-07-18T11:53:01.412+0000] {logging_mixin.py:190} INFO - Skipping movie 1267614: could not fetch metadata.
[2026-07-18T11:53:01.490+0000] {logging_mixin.py:190} INFO - Skipping movie 1267615: could not fetch metadata.
[2026-07-18T11:53:01.565+0000] {logging_mixin.py:190} INFO - Skipping movie 1267617: could not fetch metadata.
[2026-07-18T11:53:02.083+0000] {logging_mixin.py:190} INFO - Skipping movie 1234889: could not fetch metadata.
[2026-07-18T11:53:02.612+0000] {logging_mixin.py:190} INFO - Skipping movie 1267675: could not fetch metadata.
[2026-07-18T11:53:03.075+0000] {logging_mixin.py:190} INFO - Skipping movie 1609903: could not fetch metadata.
[2026-07-18T11:53:03.325+0000] {logging_mixin.py:190} INFO - Skipping movie 1267671: could not fetch metadata.
[2026-07-18T11:53:03.417+0000] {logging_mixin.py:190} INFO - Skipping movie 1308674: could not fetch metadata.
[2026-07-18T11:53:03.560+0000] {logging_mixin.py:190} INFO - Skipping movie 1308675: could not fetch metadata.
[2026-07-18T11:53:03.883+0000] {logging_mixin.py:190} INFO - Skipping movie 948254: could not fetch metadata.
[2026-07-18T11:53:04.346+0000] {logging_mixin.py:190} INFO - Skipping movie 1292312: could not fetch metadata.
[2026-07-18T11:53:04.502+0000] {logging_mixin.py:190} INFO - Skipping movie 1595445: could not fetch metadata.
[2026-07-18T11:53:05.074+0000] {logging_mixin.py:190} INFO - Skipping movie 1609922: could not fetch metadata.
[2026-07-18T11:53:05.577+0000] {logging_mixin.py:190} INFO - Skipping movie 1609926: could not fetch metadata.
[2026-07-18T11:53:05.599+0000] {logging_mixin.py:190} INFO - Skipping movie 890985: could not fetch metadata.
[2026-07-18T11:53:06.150+0000] {logging_mixin.py:190} INFO - Skipping movie 1423479: could not fetch metadata.
[2026-07-18T11:53:06.456+0000] {logging_mixin.py:190} INFO - Skipping movie 891003: could not fetch metadata.
[2026-07-18T11:53:06.733+0000] {logging_mixin.py:190} INFO - Skipping movie 1609931: could not fetch metadata.
[2026-07-18T11:53:06.887+0000] {logging_mixin.py:190} INFO - Skipping movie 891004: could not fetch metadata.
[2026-07-18T11:53:07.102+0000] {logging_mixin.py:190} INFO - Skipping movie 391292: could not fetch metadata.
[2026-07-18T11:53:07.179+0000] {logging_mixin.py:190} INFO - Skipping movie 1423494: could not fetch metadata.
[2026-07-18T11:53:07.312+0000] {logging_mixin.py:190} INFO - Skipping movie 1341575: could not fetch metadata.
[2026-07-18T11:53:08.284+0000] {logging_mixin.py:190} INFO - Skipping movie 1562772: could not fetch metadata.
[2026-07-18T11:53:08.287+0000] {logging_mixin.py:190} INFO - Skipping movie 1407160: could not fetch metadata.
[2026-07-18T11:53:08.795+0000] {logging_mixin.py:190} INFO - Skipping movie 1390798: could not fetch metadata.
[2026-07-18T11:53:08.903+0000] {logging_mixin.py:190} INFO - Skipping movie 956633: could not fetch metadata.
[2026-07-18T11:53:08.986+0000] {logging_mixin.py:190} INFO - Skipping movie 1726630: could not fetch metadata.
[2026-07-18T11:53:09.124+0000] {logging_mixin.py:190} INFO - Skipping movie 956638: could not fetch metadata.
[2026-07-18T11:53:09.679+0000] {logging_mixin.py:190} INFO - Skipping movie 1308942: could not fetch metadata.
[2026-07-18T11:53:09.700+0000] {logging_mixin.py:190} INFO - Skipping movie 1587464: could not fetch metadata.
[2026-07-18T11:53:10.490+0000] {logging_mixin.py:190} INFO - Skipping movie 1587500: could not fetch metadata.
[2026-07-18T11:53:10.963+0000] {logging_mixin.py:190} INFO - Skipping movie 1358111: could not fetch metadata.
[2026-07-18T11:53:11.048+0000] {logging_mixin.py:190} INFO - Skipping movie 1431875: could not fetch metadata.
[2026-07-18T11:53:11.060+0000] {logging_mixin.py:190} INFO - Skipping movie 1407301: could not fetch metadata.
[2026-07-18T11:53:11.647+0000] {logging_mixin.py:190} INFO - Skipping movie 1522011: could not fetch metadata.
[2026-07-18T11:53:12.115+0000] {logging_mixin.py:190} INFO - Skipping movie 1546593: could not fetch metadata.
[2026-07-18T11:53:12.479+0000] {logging_mixin.py:190} INFO - Skipping movie 1268095: could not fetch metadata.
[2026-07-18T11:53:13.009+0000] {logging_mixin.py:190} INFO - Skipping movie 1251718: could not fetch metadata.
[2026-07-18T11:53:13.038+0000] {logging_mixin.py:190} INFO - Skipping movie 1522063: could not fetch metadata.
[2026-07-18T11:53:13.359+0000] {logging_mixin.py:190} INFO - Skipping movie 817567: could not fetch metadata.
[2026-07-18T11:53:14.208+0000] {logging_mixin.py:190} INFO - Skipping movie 391624: could not fetch metadata.
[2026-07-18T11:53:15.188+0000] {logging_mixin.py:190} INFO - Skipping movie 1546722: could not fetch metadata.
[2026-07-18T11:53:16.951+0000] {logging_mixin.py:190} INFO - Skipping movie 875066: could not fetch metadata.
[2026-07-18T11:53:17.345+0000] {logging_mixin.py:190} INFO - Skipping movie 1694286: could not fetch metadata.
[2026-07-18T11:53:17.422+0000] {logging_mixin.py:190} INFO - Skipping movie 1710673: could not fetch metadata.
[2026-07-18T11:53:17.546+0000] {logging_mixin.py:190} INFO - Skipping movie 1595990: could not fetch metadata.
[2026-07-18T11:53:18.718+0000] {logging_mixin.py:190} INFO - Skipping movie 1694305: could not fetch metadata.
[2026-07-18T11:53:18.804+0000] {logging_mixin.py:190} INFO - Skipping movie 1546887: could not fetch metadata.
[2026-07-18T11:53:19.072+0000] {logging_mixin.py:190} INFO - Skipping movie 1694344: could not fetch metadata.
[2026-07-18T11:53:19.262+0000] {logging_mixin.py:190} INFO - Skipping movie 1702556: could not fetch metadata.
[2026-07-18T11:53:19.408+0000] {logging_mixin.py:190} INFO - Skipping movie 1219233: could not fetch metadata.
[2026-07-18T11:53:19.500+0000] {logging_mixin.py:190} INFO - Skipping movie 498346: could not fetch metadata.
[2026-07-18T11:53:20.356+0000] {logging_mixin.py:190} INFO - Skipping movie 1309389: could not fetch metadata.
[2026-07-18T11:53:20.450+0000] {logging_mixin.py:190} INFO - Skipping movie 1653454: could not fetch metadata.
[2026-07-18T11:53:21.009+0000] {logging_mixin.py:190} INFO - Skipping movie 1702624: could not fetch metadata.
[2026-07-18T11:53:21.252+0000] {logging_mixin.py:190} INFO - Skipping movie 1440501: could not fetch metadata.
[2026-07-18T11:53:21.255+0000] {logging_mixin.py:190} INFO - Skipping movie 1612534: could not fetch metadata.
[2026-07-18T11:53:22.087+0000] {logging_mixin.py:190} INFO - Skipping movie 891680: could not fetch metadata.
[2026-07-18T11:53:22.266+0000] {logging_mixin.py:190} INFO - Skipping movie 1686291: could not fetch metadata.
[2026-07-18T11:53:22.813+0000] {logging_mixin.py:190} INFO - Skipping movie 1440580: could not fetch metadata.
[2026-07-18T11:53:22.983+0000] {logging_mixin.py:190} INFO - Skipping movie 817993: could not fetch metadata.
[2026-07-18T11:53:23.211+0000] {logging_mixin.py:190} INFO - Skipping movie 1669967: could not fetch metadata.
[2026-07-18T11:53:23.264+0000] {logging_mixin.py:190} INFO - Skipping movie 1733292: could not fetch metadata.
[2026-07-18T11:53:23.423+0000] {logging_mixin.py:190} INFO - Skipping movie 1039196: could not fetch metadata.
[2026-07-18T11:53:23.687+0000] {logging_mixin.py:190} INFO - Skipping movie 1506162: could not fetch metadata.
[2026-07-18T11:53:25.070+0000] {logging_mixin.py:190} INFO - Skipping movie 1670062: could not fetch metadata.
[2026-07-18T11:53:25.730+0000] {logging_mixin.py:190} INFO - Skipping movie 834537: could not fetch metadata.
[2026-07-18T11:53:26.133+0000] {logging_mixin.py:190} INFO - Skipping movie 1293270: could not fetch metadata.
[2026-07-18T11:53:26.292+0000] {logging_mixin.py:190} INFO - Skipping movie 1711107: could not fetch metadata.
[2026-07-18T11:53:26.386+0000] {logging_mixin.py:190} INFO - Skipping movie 1727477: could not fetch metadata.
[2026-07-18T11:53:27.213+0000] {logging_mixin.py:190} INFO - Skipping movie 1702909: could not fetch metadata.
[2026-07-18T11:53:27.524+0000] {logging_mixin.py:190} INFO - Skipping movie 1416256: could not fetch metadata.
[2026-07-18T11:53:27.567+0000] {logging_mixin.py:190} INFO - Skipping movie 785480: could not fetch metadata.
[2026-07-18T11:53:28.853+0000] {logging_mixin.py:190} INFO - Skipping movie 1399941: could not fetch metadata.
[2026-07-18T11:53:29.118+0000] {logging_mixin.py:190} INFO - Skipping movie 1080495: could not fetch metadata.
[2026-07-18T11:53:29.698+0000] {logging_mixin.py:190} INFO - Skipping movie 769208: could not fetch metadata.
[2026-07-18T11:53:29.707+0000] {logging_mixin.py:190} INFO - Skipping movie 1719482: could not fetch metadata.
[2026-07-18T11:53:29.712+0000] {logging_mixin.py:190} INFO - Skipping movie 1514683: could not fetch metadata.
[2026-07-18T11:53:29.949+0000] {logging_mixin.py:190} INFO - Skipping movie 1506499: could not fetch metadata.
[2026-07-18T11:53:29.959+0000] {logging_mixin.py:190} INFO - Skipping movie 1514695: could not fetch metadata.
[2026-07-18T11:53:29.985+0000] {logging_mixin.py:190} INFO - Skipping movie 1514701: could not fetch metadata.
[2026-07-18T11:53:29.989+0000] {logging_mixin.py:190} INFO - Skipping movie 1400012: could not fetch metadata.
[2026-07-18T11:53:29.999+0000] {logging_mixin.py:190} INFO - Skipping movie 1727694: could not fetch metadata.
[2026-07-18T11:53:30.451+0000] {logging_mixin.py:190} INFO - Skipping movie 1473752: could not fetch metadata.
[2026-07-18T11:53:30.525+0000] {logging_mixin.py:190} INFO - Skipping movie 1400021: could not fetch metadata.
[2026-07-18T11:53:30.589+0000] {logging_mixin.py:190} INFO - Skipping movie 1514714: could not fetch metadata.
[2026-07-18T11:53:30.620+0000] {logging_mixin.py:190} INFO - Skipping movie 1514718: could not fetch metadata.
[2026-07-18T11:53:32.324+0000] {logging_mixin.py:190} INFO - Skipping movie 1629491: could not fetch metadata.
[2026-07-18T11:53:32.570+0000] {logging_mixin.py:190} INFO - Skipping movie 1211684: could not fetch metadata.
[2026-07-18T11:53:32.858+0000] {logging_mixin.py:190} INFO - Skipping movie 1695046: could not fetch metadata.
[2026-07-18T11:53:32.870+0000] {logging_mixin.py:190} INFO - Skipping movie 1064266: could not fetch metadata.
[2026-07-18T11:53:33.048+0000] {logging_mixin.py:190} INFO - Skipping movie 1695057: could not fetch metadata.
[2026-07-18T11:53:33.261+0000] {logging_mixin.py:190} INFO - Skipping movie 1703282: could not fetch metadata.
[2026-07-18T11:53:33.314+0000] {logging_mixin.py:190} INFO - Skipping movie 777592: could not fetch metadata.
[2026-07-18T11:53:33.326+0000] {logging_mixin.py:190} INFO - Skipping movie 777593: could not fetch metadata.
[2026-07-18T11:53:33.383+0000] {logging_mixin.py:190} INFO - Skipping movie 777594: could not fetch metadata.
[2026-07-18T11:53:33.408+0000] {logging_mixin.py:190} INFO - Skipping movie 777597: could not fetch metadata.
[2026-07-18T11:53:33.447+0000] {logging_mixin.py:190} INFO - Skipping movie 777596: could not fetch metadata.
[2026-07-18T11:53:33.844+0000] {logging_mixin.py:190} INFO - Skipping movie 1424768: could not fetch metadata.
[2026-07-18T11:53:34.045+0000] {logging_mixin.py:190} INFO - Skipping movie 1719675: could not fetch metadata.
[2026-07-18T11:53:35.469+0000] {logging_mixin.py:190} INFO - Skipping movie 1356195: could not fetch metadata.
[2026-07-18T11:53:36.207+0000] {logging_mixin.py:190} INFO - Skipping movie 1514991: could not fetch metadata.
[2026-07-18T11:53:36.400+0000] {logging_mixin.py:190} INFO - Skipping movie 1195511: could not fetch metadata.
[2026-07-18T11:53:37.257+0000] {logging_mixin.py:190} INFO - Skipping movie 1195561: could not fetch metadata.
[2026-07-18T11:53:37.717+0000] {logging_mixin.py:190} INFO - Skipping movie 1310277: could not fetch metadata.
[2026-07-18T11:53:38.259+0000] {logging_mixin.py:190} INFO - Skipping movie 1654341: could not fetch metadata.
[2026-07-18T11:53:38.838+0000] {logging_mixin.py:190} INFO - Skipping movie 1506885: could not fetch metadata.
[2026-07-18T11:53:39.089+0000] {logging_mixin.py:190} INFO - Skipping movie 786066: could not fetch metadata.
[2026-07-18T11:53:39.390+0000] {logging_mixin.py:190} INFO - Skipping movie 1449627: could not fetch metadata.
[2026-07-18T11:53:39.707+0000] {logging_mixin.py:190} INFO - Skipping movie 1449659: could not fetch metadata.
[2026-07-18T11:53:40.113+0000] {logging_mixin.py:190} INFO - Skipping movie 794295: could not fetch metadata.
[2026-07-18T11:53:40.775+0000] {logging_mixin.py:190} INFO - Skipping movie 1695463: could not fetch metadata.
[2026-07-18T11:53:40.992+0000] {logging_mixin.py:190} INFO - Skipping movie 1662659: could not fetch metadata.
[2026-07-18T11:53:41.046+0000] {logging_mixin.py:190} INFO - Skipping movie 802571: could not fetch metadata.
[2026-07-18T11:53:41.978+0000] {logging_mixin.py:190} INFO - Skipping movie 1629956: could not fetch metadata.
[2026-07-18T11:53:42.143+0000] {logging_mixin.py:190} INFO - Skipping movie 1408824: could not fetch metadata.
[2026-07-18T11:53:42.422+0000] {logging_mixin.py:190} INFO - Skipping movie 1384264: could not fetch metadata.
[2026-07-18T11:53:42.523+0000] {logging_mixin.py:190} INFO - Skipping movie 1695575: could not fetch metadata.
[2026-07-18T11:53:42.544+0000] {logging_mixin.py:190} INFO - Skipping movie 540504: could not fetch metadata.
[2026-07-18T11:53:42.636+0000] {logging_mixin.py:190} INFO - Skipping movie 1720155: could not fetch metadata.
[2026-07-18T11:53:42.747+0000] {logging_mixin.py:190} INFO - Skipping movie 1302374: could not fetch metadata.
[2026-07-18T11:53:43.446+0000] {logging_mixin.py:190} INFO - Skipping movie 1720196: could not fetch metadata.
[2026-07-18T11:53:43.553+0000] {logging_mixin.py:190} INFO - Skipping movie 1531782: could not fetch metadata.
[2026-07-18T11:53:44.010+0000] {logging_mixin.py:190} INFO - Skipping movie 1630120: could not fetch metadata.
[2026-07-18T11:53:44.120+0000] {logging_mixin.py:190} INFO - Skipping movie 892845: could not fetch metadata.
[2026-07-18T11:53:44.165+0000] {logging_mixin.py:190} INFO - Skipping movie 1261485: could not fetch metadata.
[2026-07-18T11:53:44.230+0000] {logging_mixin.py:190} INFO - Skipping movie 1630132: could not fetch metadata.
[2026-07-18T11:53:44.590+0000] {logging_mixin.py:190} INFO - Skipping movie 1728456: could not fetch metadata.
[2026-07-18T11:53:44.593+0000] {logging_mixin.py:190} INFO - Skipping movie 1630152: could not fetch metadata.
[2026-07-18T11:53:44.772+0000] {logging_mixin.py:190} INFO - Skipping movie 1384382: could not fetch metadata.
[2026-07-18T11:53:45.137+0000] {logging_mixin.py:190} INFO - Skipping movie 548825: could not fetch metadata.
[2026-07-18T11:53:45.331+0000] {logging_mixin.py:190} INFO - Skipping movie 1630172: could not fetch metadata.
[2026-07-18T11:53:45.457+0000] {logging_mixin.py:190} INFO - Skipping movie 1662932: could not fetch metadata.
[2026-07-18T11:53:45.543+0000] {logging_mixin.py:190} INFO - Skipping movie 180198: could not fetch metadata.
[2026-07-18T11:53:45.889+0000] {logging_mixin.py:190} INFO - Skipping movie 1466318: could not fetch metadata.
[2026-07-18T11:53:46.537+0000] {logging_mixin.py:190} INFO - 2348 movies queued for deep extraction...
[2026-07-18T11:54:04.074+0000] {logging_mixin.py:190} INFO - Skipping deep extraction for movie 903414: could not fetch data.
[2026-07-18T11:54:14.075+0000] {logging_mixin.py:190} INFO - Skipping deep extraction for movie 1695604: could not fetch data.
[2026-07-18T11:54:15.074+0000] {logging_mixin.py:190} INFO - Skipping deep extraction for movie 1697904: could not fetch data.
[2026-07-18T11:55:26.750+0000] {logging_mixin.py:190} INFO - Pipeline finished successfully.
[2026-07-18T11:55:26.752+0000] {python.py:240} INFO - Done. Returned value was: None
[2026-07-18T11:55:26.769+0000] {taskinstance.py:340} INFO - ::group::Post task execution logs
[2026-07-18T11:55:26.770+0000] {taskinstance.py:352} INFO - Marking task as SUCCESS. dag_id=tmdb_incremental_sync, task_id=incremental_sync_pipeline, run_id=scheduled__2026-07-17T00:00:00+00:00, execution_date=20260717T000000, start_date=20260718T115009, end_date=20260718T115526
[2026-07-18T11:55:26.826+0000] {local_task_job_runner.py:261} INFO - Task exited with return code 0
[2026-07-18T11:55:26.852+0000] {taskinstance.py:3891} INFO - 0 downstream tasks scheduled from follow-on schedule check
[2026-07-18T11:55:26.854+0000] {local_task_job_runner.py:240} INFO - ::endgroup::
