[2026-05-19T15:03:08.578+0000] {local_task_job_runner.py:123} INFO - ::group::Pre task execution logs
[2026-05-19T15:03:08.607+0000] {taskinstance.py:2603} INFO - Dependencies all met for dep_context=non-requeueable deps ti=<TaskInstance: tmdb_incremental_sync.incremental_sync_pipeline scheduled__2026-05-18T00:00:00+00:00 [queued]>
[2026-05-19T15:03:08.620+0000] {taskinstance.py:2603} INFO - Dependencies all met for dep_context=requeueable deps ti=<TaskInstance: tmdb_incremental_sync.incremental_sync_pipeline scheduled__2026-05-18T00:00:00+00:00 [queued]>
[2026-05-19T15:03:08.621+0000] {taskinstance.py:2856} INFO - Starting attempt 1 of 3
[2026-05-19T15:03:08.641+0000] {taskinstance.py:2879} INFO - Executing <Task(PythonOperator): incremental_sync_pipeline> on 2026-05-18 00:00:00+00:00
[2026-05-19T15:03:08.651+0000] {logging_mixin.py:190} WARNING - /home/***/.local/lib/python3.12/site-packages/***/task/task_runner/standard_task_runner.py:70 DeprecationWarning: This process (pid=414) is multi-threaded, use of fork() may lead to deadlocks in the child.
[2026-05-19T15:03:08.654+0000] {standard_task_runner.py:72} INFO - Started process 416 to run task
[2026-05-19T15:03:08.651+0000] {standard_task_runner.py:104} INFO - Running: ['***', 'tasks', 'run', 'tmdb_incremental_sync', 'incremental_sync_pipeline', 'scheduled__2026-05-18T00:00:00+00:00', '--job-id', '4', '--raw', '--subdir', 'DAGS_FOLDER/tmdb_incremental_sync.py', '--cfg-path', '/tmp/tmp6xs2aqwf']
[2026-05-19T15:03:08.655+0000] {standard_task_runner.py:105} INFO - Job 4: Subtask incremental_sync_pipeline
[2026-05-19T15:03:08.786+0000] {task_command.py:467} INFO - Running <TaskInstance: tmdb_incremental_sync.incremental_sync_pipeline scheduled__2026-05-18T00:00:00+00:00 [running]> on host 17056969b316
[2026-05-19T15:03:08.992+0000] {taskinstance.py:3122} INFO - Exporting env vars: AIRFLOW_CTX_DAG_OWNER='***' AIRFLOW_CTX_DAG_ID='tmdb_incremental_sync' AIRFLOW_CTX_TASK_ID='incremental_sync_pipeline' AIRFLOW_CTX_EXECUTION_DATE='2026-05-18T00:00:00+00:00' AIRFLOW_CTX_TRY_NUMBER='1' AIRFLOW_CTX_DAG_RUN_ID='scheduled__2026-05-18T00:00:00+00:00'
[2026-05-19T15:03:08.994+0000] {taskinstance.py:731} INFO - ::endgroup::
[2026-05-19T15:03:09.205+0000] {logging_mixin.py:190} INFO - Starting incremental sync for 2026-05-15 → 2026-05-19...
[2026-05-19T15:04:27.863+0000] {logging_mixin.py:190} INFO - Found 19394 changed IDs. Syncing metadata...
[2026-05-19T15:07:06.428+0000] {logging_mixin.py:190} INFO - Error syncing staging ID 1036108: deadlock detected
DETAIL:  Process 181 waits for ShareLock on transaction 15356; blocked by process 180.
Process 180 waits for ShareLock on transaction 15355; blocked by process 181.
HINT:  See server log for query details.
CONTEXT:  while inserting index tuple (2445,70) in relation "staging_movie_ids"
[2026-05-19T15:07:06.430+0000] {logging_mixin.py:190} INFO - Error syncing staging ID 1694765: current transaction is aborted, commands ignored until end of transaction block
[2026-05-19T15:13:48.982+0000] {logging_mixin.py:190} INFO - Error syncing staging ID 1147701: deadlock detected
DETAIL:  Process 181 waits for ShareLock on transaction 34069; blocked by process 180.
Process 180 waits for ShareLock on transaction 34068; blocked by process 181.
HINT:  See server log for query details.
CONTEXT:  while inserting index tuple (7343,85) in relation "staging_movie_ids"
[2026-05-19T15:13:48.984+0000] {logging_mixin.py:190} INFO - Error syncing staging ID 1361457: current transaction is aborted, commands ignored until end of transaction block
[2026-05-19T15:16:28.153+0000] {logging_mixin.py:190} INFO - Error syncing staging ID 128821: deadlock detected
DETAIL:  Process 181 waits for ShareLock on transaction 42370; blocked by process 180.
Process 180 waits for ShareLock on transaction 42369; blocked by process 181.
HINT:  See server log for query details.
CONTEXT:  while inserting index tuple (751,67) in relation "staging_movie_ids"
[2026-05-19T15:16:43.937+0000] {logging_mixin.py:190} INFO - Error syncing staging ID 1698222: deadlock detected
DETAIL:  Process 181 waits for ShareLock on transaction 43136; blocked by process 180.
Process 180 waits for ShareLock on transaction 43135; blocked by process 181.
HINT:  See server log for query details.
CONTEXT:  while inserting index tuple (3244,101) in relation "staging_movie_ids"
[2026-05-19T15:17:27.575+0000] {logging_mixin.py:190} INFO - 7327 movies queued for deep extraction...
[2026-05-19T15:23:34.089+0000] {logging_mixin.py:190} INFO - Deep extraction failed for 1476362: HTTPSConnectionPool(host='api.themoviedb.org', port=443): Max retries exceeded with url: /3/movie/1476362?api_key=6f73ac85d32f789d075631f40192f5ab&append_to_response=credits%2Ckeywords (Caused by SSLError(SSLEOFError(8, '[SSL: UNEXPECTED_EOF_WHILE_READING] EOF occurred in violation of protocol (_ssl.c:1000)')))
[2026-05-19T15:23:40.223+0000] {logging_mixin.py:190} INFO - Pipeline finished successfully.
[2026-05-19T15:23:40.225+0000] {python.py:240} INFO - Done. Returned value was: None
[2026-05-19T15:23:40.253+0000] {taskinstance.py:340} INFO - ::group::Post task execution logs
[2026-05-19T15:23:40.254+0000] {taskinstance.py:352} INFO - Marking task as SUCCESS. dag_id=tmdb_incremental_sync, task_id=incremental_sync_pipeline, run_id=scheduled__2026-05-18T00:00:00+00:00, execution_date=20260518T000000, start_date=20260519T150308, end_date=20260519T152340
[2026-05-19T15:23:40.304+0000] {local_task_job_runner.py:261} INFO - Task exited with return code 0
[2026-05-19T15:23:40.334+0000] {taskinstance.py:3891} INFO - 0 downstream tasks scheduled from follow-on schedule check
[2026-05-19T15:23:40.336+0000] {local_task_job_runner.py:240} INFO - ::endgroup::
