[2026-06-16T14:50:35.787+0000] {local_task_job_runner.py:123} INFO - ::group::Pre task execution logs
[2026-06-16T14:50:35.838+0000] {taskinstance.py:2603} INFO - Dependencies all met for dep_context=non-requeueable deps ti=<TaskInstance: tmdb_incremental_sync.incremental_sync_pipeline manual__2026-06-16T14:50:30.341204+00:00 [queued]>
[2026-06-16T14:50:35.862+0000] {taskinstance.py:2603} INFO - Dependencies all met for dep_context=requeueable deps ti=<TaskInstance: tmdb_incremental_sync.incremental_sync_pipeline manual__2026-06-16T14:50:30.341204+00:00 [queued]>
[2026-06-16T14:50:35.863+0000] {taskinstance.py:2856} INFO - Starting attempt 1 of 3
[2026-06-16T14:50:35.895+0000] {taskinstance.py:2879} INFO - Executing <Task(PythonOperator): incremental_sync_pipeline> on 2026-06-16 14:50:30.341204+00:00
[2026-06-16T14:50:35.906+0000] {standard_task_runner.py:104} INFO - Running: ['***', 'tasks', 'run', 'tmdb_incremental_sync', 'incremental_sync_pipeline', 'manual__2026-06-16T14:50:30.341204+00:00', '--job-id', '9', '--raw', '--subdir', 'DAGS_FOLDER/tmdb_incremental_sync.py', '--cfg-path', '/tmp/tmprosk35u8']
[2026-06-16T14:50:35.908+0000] {logging_mixin.py:190} WARNING - /home/***/.local/lib/python3.12/site-packages/***/task/task_runner/standard_task_runner.py:70 DeprecationWarning: This process (pid=174) is multi-threaded, use of fork() may lead to deadlocks in the child.
[2026-06-16T14:50:35.909+0000] {standard_task_runner.py:105} INFO - Job 9: Subtask incremental_sync_pipeline
[2026-06-16T14:50:35.910+0000] {standard_task_runner.py:72} INFO - Started process 175 to run task
[2026-06-16T14:50:35.996+0000] {task_command.py:467} INFO - Running <TaskInstance: tmdb_incremental_sync.incremental_sync_pipeline manual__2026-06-16T14:50:30.341204+00:00 [running]> on host d8c53ec118ae
[2026-06-16T14:50:36.221+0000] {taskinstance.py:3122} INFO - Exporting env vars: AIRFLOW_CTX_DAG_OWNER='***' AIRFLOW_CTX_DAG_ID='tmdb_incremental_sync' AIRFLOW_CTX_TASK_ID='incremental_sync_pipeline' AIRFLOW_CTX_EXECUTION_DATE='2026-06-16T14:50:30.341204+00:00' AIRFLOW_CTX_TRY_NUMBER='1' AIRFLOW_CTX_DAG_RUN_ID='manual__2026-06-16T14:50:30.341204+00:00'
[2026-06-16T14:50:36.222+0000] {taskinstance.py:731} INFO - ::endgroup::
[2026-06-16T14:50:36.279+0000] {logging_mixin.py:190} INFO - Starting incremental sync for 2026-05-15 → 2026-06-16...
[2026-06-16T14:50:36.290+0000] {logging_mixin.py:190} INFO - Fetching changes: 2026-05-15 -> 2026-05-21
[2026-06-16T14:51:25.395+0000] {logging_mixin.py:190} INFO - Fetching changes: 2026-05-22 -> 2026-05-28
[2026-06-16T14:52:18.046+0000] {logging_mixin.py:190} INFO - Fetching changes: 2026-05-29 -> 2026-06-04
[2026-06-16T14:53:05.697+0000] {logging_mixin.py:190} INFO - Fetching changes: 2026-06-05 -> 2026-06-11
[2026-06-16T14:53:58.178+0000] {logging_mixin.py:190} INFO - Fetching changes: 2026-06-12 -> 2026-06-16
[2026-06-16T14:54:47.497+0000] {logging_mixin.py:190} INFO - Found 101678 changed IDs. Syncing metadata...
[2026-06-16T15:02:24.415+0000] {logging_mixin.py:190} INFO - Error syncing (284219, <connection object at 0x7fd709d2fb00; dsn: 'user=postgres password=xxx dbname=MovieVerse_DB host=MovieVerse-postgres port=5432', closed: 0>): HTTPSConnectionPool(host='api.themoviedb.org', port=443): Max retries exceeded with url: /3/movie/(284219,%20%3Cconnection%20object%20at%200x7fd709d2fb00;%20dsn:%20'user=postgres%20password=xxx%20dbname=MovieVerse_DB%20host=MovieVerse-postgres%20port=5432',%20closed:%200%3E)?api_key=6f73ac85d32f789d075631f40192f5ab (Caused by SSLError(SSLEOFError(8, 'EOF occurred in violation of protocol (_ssl.c:2406)')))
[2026-06-16T15:02:24.415+0000] {logging_mixin.py:190} INFO - Error syncing (22074, <connection object at 0x7fd709d2fb00; dsn: 'user=postgres password=xxx dbname=MovieVerse_DB host=MovieVerse-postgres port=5432', closed: 0>): HTTPSConnectionPool(host='api.themoviedb.org', port=443): Max retries exceeded with url: /3/movie/(22074,%20%3Cconnection%20object%20at%200x7fd709d2fb00;%20dsn:%20'user=postgres%20password=xxx%20dbname=MovieVerse_DB%20host=MovieVerse-postgres%20port=5432',%20closed:%200%3E)?api_key=6f73ac85d32f789d075631f40192f5ab (Caused by SSLError(SSLEOFError(8, 'EOF occurred in violation of protocol (_ssl.c:2406)')))
[2026-06-16T15:03:24.267+0000] {job.py:229} INFO - Heartbeat recovered after 59.87 seconds
[2026-06-16T15:03:39.950+0000] {logging_mixin.py:190} INFO - Error syncing (809826, <connection object at 0x7fd709d2fb00; dsn: 'user=postgres password=xxx dbname=MovieVerse_DB host=MovieVerse-postgres port=5432', closed: 0>): HTTPSConnectionPool(host='api.themoviedb.org', port=443): Max retries exceeded with url: /3/movie/(809826,%20%3Cconnection%20object%20at%200x7fd709d2fb00;%20dsn:%20'user=postgres%20password=xxx%20dbname=MovieVerse_DB%20host=MovieVerse-postgres%20port=5432',%20closed:%200%3E)?api_key=6f73ac85d32f789d075631f40192f5ab (Caused by SSLError(SSLEOFError(8, '[SSL: UNEXPECTED_EOF_WHILE_READING] EOF occurred in violation of protocol (_ssl.c:1000)')))
[2026-06-16T15:03:39.950+0000] {logging_mixin.py:190} INFO - Error syncing (1071976, <connection object at 0x7fd709d2fb00; dsn: 'user=postgres password=xxx dbname=MovieVerse_DB host=MovieVerse-postgres port=5432', closed: 0>): HTTPSConnectionPool(host='api.themoviedb.org', port=443): Max retries exceeded with url: /3/movie/(1071976,%20%3Cconnection%20object%20at%200x7fd709d2fb00;%20dsn:%20'user=postgres%20password=xxx%20dbname=MovieVerse_DB%20host=MovieVerse-postgres%20port=5432',%20closed:%200%3E)?api_key=6f73ac85d32f789d075631f40192f5ab (Caused by SSLError(SSLEOFError(8, '[SSL: UNEXPECTED_EOF_WHILE_READING] EOF occurred in violation of protocol (_ssl.c:1000)')))
[2026-06-16T15:03:39.950+0000] {logging_mixin.py:190} INFO - Error syncing (23398, <connection object at 0x7fd709d2fb00; dsn: 'user=postgres password=xxx dbname=MovieVerse_DB host=MovieVerse-postgres port=5432', closed: 0>): HTTPSConnectionPool(host='api.themoviedb.org', port=443): Max retries exceeded with url: /3/movie/(23398,%20%3Cconnection%20object%20at%200x7fd709d2fb00;%20dsn:%20'user=postgres%20password=xxx%20dbname=MovieVerse_DB%20host=MovieVerse-postgres%20port=5432',%20closed:%200%3E)?api_key=6f73ac85d32f789d075631f40192f5ab (Caused by SSLError(SSLEOFError(8, '[SSL: UNEXPECTED_EOF_WHILE_READING] EOF occurred in violation of protocol (_ssl.c:1000)')))
[2026-06-16T15:03:39.950+0000] {logging_mixin.py:190} INFO - Error syncing (23404, <connection object at 0x7fd709d2fb00; dsn: 'user=postgres password=xxx dbname=MovieVerse_DB host=MovieVerse-postgres port=5432', closed: 0>): HTTPSConnectionPool(host='api.themoviedb.org', port=443): Max retries exceeded with url: /3/movie/(23404,%20%3Cconnection%20object%20at%200x7fd709d2fb00;%20dsn:%20'user=postgres%20password=xxx%20dbname=MovieVerse_DB%20host=MovieVerse-postgres%20port=5432',%20closed:%200%3E)?api_key=6f73ac85d32f789d075631f40192f5ab (Caused by SSLError(SSLEOFError(8, '[SSL: UNEXPECTED_EOF_WHILE_READING] EOF occurred in violation of protocol (_ssl.c:1000)')))
[2026-06-16T15:03:39.950+0000] {logging_mixin.py:190} INFO - Error syncing (1596260, <connection object at 0x7fd709d2fb00; dsn: 'user=postgres password=xxx dbname=MovieVerse_DB host=MovieVerse-postgres port=5432', closed: 0>): HTTPSConnectionPool(host='api.themoviedb.org', port=443): Max retries exceeded with url: /3/movie/(1596260,%20%3Cconnection%20object%20at%200x7fd709d2fb00;%20dsn:%20'user=postgres%20password=xxx%20dbname=MovieVerse_DB%20host=MovieVerse-postgres%20port=5432',%20closed:%200%3E)?api_key=6f73ac85d32f789d075631f40192f5ab (Caused by SSLError(SSLEOFError(8, '[SSL: UNEXPECTED_EOF_WHILE_READING] EOF occurred in violation of protocol (_ssl.c:1000)')))
[2026-06-16T15:03:39.950+0000] {logging_mixin.py:190} INFO - Error syncing (23397, <connection object at 0x7fd709d2fb00; dsn: 'user=postgres password=xxx dbname=MovieVerse_DB host=MovieVerse-postgres port=5432', closed: 0>): HTTPSConnectionPool(host='api.themoviedb.org', port=443): Max retries exceeded with url: /3/movie/(23397,%20%3Cconnection%20object%20at%200x7fd709d2fb00;%20dsn:%20'user=postgres%20password=xxx%20dbname=MovieVerse_DB%20host=MovieVerse-postgres%20port=5432',%20closed:%200%3E)?api_key=6f73ac85d32f789d075631f40192f5ab (Caused by SSLError(SSLEOFError(8, '[SSL: UNEXPECTED_EOF_WHILE_READING] EOF occurred in violation of protocol (_ssl.c:1000)')))
[2026-06-16T15:03:39.950+0000] {logging_mixin.py:190} INFO - Error syncing (285537, <connection object at 0x7fd709d2fb00; dsn: 'user=postgres password=xxx dbname=MovieVerse_DB host=MovieVerse-postgres port=5432', closed: 0>): HTTPSConnectionPool(host='api.themoviedb.org', port=443): Max retries exceeded with url: /3/movie/(285537,%20%3Cconnection%20object%20at%200x7fd709d2fb00;%20dsn:%20'user=postgres%20password=xxx%20dbname=MovieVerse_DB%20host=MovieVerse-postgres%20port=5432',%20closed:%200%3E)?api_key=6f73ac85d32f789d075631f40192f5ab (Caused by SSLError(SSLEOFError(8, '[SSL: UNEXPECTED_EOF_WHILE_READING] EOF occurred in violation of protocol (_ssl.c:1000)')))
[2026-06-16T15:06:54.128+0000] {job.py:229} INFO - Heartbeat recovered after 184.52 seconds
[2026-06-16T15:07:09.171+0000] {logging_mixin.py:190} INFO - Error syncing (285533, <connection object at 0x7fd709d2fb00; dsn: 'user=postgres password=xxx dbname=MovieVerse_DB host=MovieVerse-postgres port=5432', closed: 0>): HTTPSConnectionPool(host='api.themoviedb.org', port=443): Read timed out. (read timeout=30)
[2026-06-16T15:07:09.178+0000] {logging_mixin.py:190} INFO - Error syncing (547674, <connection object at 0x7fd709d2fb00; dsn: 'user=postgres password=xxx dbname=MovieVerse_DB host=MovieVerse-postgres port=5432', closed: 0>): HTTPSConnectionPool(host='api.themoviedb.org', port=443): Read timed out. (read timeout=30)
[2026-06-16T16:08:07.209+0000] {logging_mixin.py:190} INFO - 0 movies queued for deep extraction...
[2026-06-16T16:08:07.215+0000] {logging_mixin.py:190} INFO - Pipeline finished successfully.
[2026-06-16T16:08:07.227+0000] {python.py:240} INFO - Done. Returned value was: None
[2026-06-16T16:08:07.294+0000] {taskinstance.py:340} INFO - ::group::Post task execution logs
[2026-06-16T16:08:07.296+0000] {taskinstance.py:352} INFO - Marking task as SUCCESS. dag_id=tmdb_incremental_sync, task_id=incremental_sync_pipeline, run_id=manual__2026-06-16T14:50:30.341204+00:00, execution_date=20260616T145030, start_date=20260616T145035, end_date=20260616T160807
[2026-06-16T16:08:07.388+0000] {local_task_job_runner.py:261} INFO - Task exited with return code 0
[2026-06-16T16:08:07.554+0000] {taskinstance.py:3891} INFO - 0 downstream tasks scheduled from follow-on schedule check
[2026-06-16T16:08:07.560+0000] {local_task_job_runner.py:240} INFO - ::endgroup::
