[2026-07-22T05:52:22.292+0000] {local_task_job_runner.py:123} INFO - ::group::Pre task execution logs
[2026-07-22T05:52:22.292+0000] {taskinstance.py:2603} INFO - Dependencies all met for dep_context=non-requeueable deps ti=<TaskInstance: tmdb_incremental_sync.incremental_sync_pipeline scheduled__2026-07-21T00:00:00+00:00 [queued]>
[2026-07-22T05:52:22.292+0000] {taskinstance.py:2603} INFO - Dependencies all met for dep_context=requeueable deps ti=<TaskInstance: tmdb_incremental_sync.incremental_sync_pipeline scheduled__2026-07-21T00:00:00+00:00 [queued]>
[2026-07-22T05:52:22.292+0000] {taskinstance.py:2856} INFO - Starting attempt 2 of 3
[2026-07-22T05:52:22.292+0000] {taskinstance.py:2879} INFO - Executing <Task(PythonOperator): incremental_sync_pipeline> on 2026-07-21 00:00:00+00:00
[2026-07-22T05:52:22.292+0000] {logging_mixin.py:190} WARNING - /home/***/.local/lib/python3.12/site-packages/***/task/task_runner/standard_task_runner.py:70 DeprecationWarning: This process (pid=40117) is multi-threaded, use of fork() may lead to deadlocks in the child.
[2026-07-22T05:52:22.292+0000] {standard_task_runner.py:72} INFO - Started process 40118 to run task
[2026-07-22T05:52:22.292+0000] {standard_task_runner.py:104} INFO - Running: ['***', 'tasks', 'run', 'tmdb_incremental_sync', 'incremental_sync_pipeline', 'scheduled__2026-07-21T00:00:00+00:00', '--job-id', '88', '--raw', '--subdir', 'DAGS_FOLDER/tmdb_incremental_sync.py', '--cfg-path', '/tmp/tmpzw4q7k8i']
[2026-07-22T05:52:22.292+0000] {standard_task_runner.py:105} INFO - Job 88: Subtask incremental_sync_pipeline
[2026-07-22T05:52:22.292+0000] {task_command.py:467} INFO - Running <TaskInstance: tmdb_incremental_sync.incremental_sync_pipeline scheduled__2026-07-21T00:00:00+00:00 [running]> on host d8c53ec118ae
[2026-07-22T05:52:22.292+0000] {taskinstance.py:3122} INFO - Exporting env vars: AIRFLOW_CTX_DAG_OWNER='***' AIRFLOW_CTX_DAG_ID='tmdb_incremental_sync' AIRFLOW_CTX_TASK_ID='incremental_sync_pipeline' AIRFLOW_CTX_EXECUTION_DATE='2026-07-21T00:00:00+00:00' AIRFLOW_CTX_TRY_NUMBER='2' AIRFLOW_CTX_DAG_RUN_ID='scheduled__2026-07-21T00:00:00+00:00'
[2026-07-22T05:52:22.292+0000] {taskinstance.py:731} INFO - ::endgroup::
[2026-07-22T05:52:22.292+0000] {logging_mixin.py:190} INFO - Starting incremental sync for 2026-07-21 → 2026-07-22...
[2026-07-22T05:52:22.292+0000] {logging_mixin.py:190} INFO - Fetching changes: 2026-07-21 -> 2026-07-22
[2026-07-22T05:52:36.895+0000] {logging_mixin.py:190} INFO - Found 5377 changed IDs. Syncing metadata...
[2026-07-22T05:52:39.769+0000] {logging_mixin.py:190} INFO - Skipping movie 1081731: could not fetch metadata.
[2026-07-22T05:52:39.950+0000] {logging_mixin.py:190} INFO - Skipping movie 688423: could not fetch metadata.
[2026-07-22T05:52:40.675+0000] {logging_mixin.py:190} INFO - Skipping movie 1704512: could not fetch metadata.
[2026-07-22T05:52:40.729+0000] {logging_mixin.py:190} INFO - Skipping movie 1704529: could not fetch metadata.
[2026-07-22T05:52:40.780+0000] {logging_mixin.py:190} INFO - Skipping movie 1704480: could not fetch metadata.
[2026-07-22T05:52:40.957+0000] {logging_mixin.py:190} INFO - Skipping movie 1704545: could not fetch metadata.
[2026-07-22T05:52:41.491+0000] {logging_mixin.py:190} INFO - Skipping movie 1704499: could not fetch metadata.
[2026-07-22T05:52:43.499+0000] {logging_mixin.py:190} INFO - Skipping movie 1704819: could not fetch metadata.
[2026-07-22T05:52:43.509+0000] {logging_mixin.py:190} INFO - Skipping movie 1704821: could not fetch metadata.
[2026-07-22T05:52:44.155+0000] {logging_mixin.py:190} INFO - Skipping movie 1115118: could not fetch metadata.
[2026-07-22T05:52:44.265+0000] {logging_mixin.py:190} INFO - Skipping movie 1508345: could not fetch metadata.
[2026-07-22T05:52:44.322+0000] {logging_mixin.py:190} INFO - Skipping movie 590879: could not fetch metadata.
[2026-07-22T05:52:44.373+0000] {logging_mixin.py:190} INFO - Skipping movie 1016698: could not fetch metadata.
[2026-07-22T05:52:44.568+0000] {logging_mixin.py:190} INFO - Skipping movie 1311798: could not fetch metadata.
[2026-07-22T05:52:45.237+0000] {logging_mixin.py:190} INFO - Skipping movie 1705108: could not fetch metadata.
[2026-07-22T05:52:45.862+0000] {logging_mixin.py:190} INFO - Skipping movie 1705335: could not fetch metadata.
[2026-07-22T05:52:45.863+0000] {logging_mixin.py:190} INFO - Skipping movie 1705350: could not fetch metadata.
[2026-07-22T05:52:46.074+0000] {logging_mixin.py:190} INFO - Skipping movie 1705371: could not fetch metadata.
[2026-07-22T05:52:46.096+0000] {logging_mixin.py:190} INFO - Skipping movie 1705374: could not fetch metadata.
[2026-07-22T05:52:46.355+0000] {logging_mixin.py:190} INFO - Skipping movie 1309394: could not fetch metadata.
[2026-07-22T05:52:46.383+0000] {logging_mixin.py:190} INFO - Skipping movie 1705467: could not fetch metadata.
[2026-07-22T05:52:46.510+0000] {logging_mixin.py:190} INFO - Skipping movie 1541637: could not fetch metadata.
[2026-07-22T05:52:46.839+0000] {logging_mixin.py:190} INFO - Skipping movie 1541640: could not fetch metadata.
[2026-07-22T05:52:48.896+0000] {logging_mixin.py:190} INFO - Skipping movie 460686: could not fetch metadata.
[2026-07-22T05:52:49.894+0000] {logging_mixin.py:190} INFO - Skipping movie 1509343: could not fetch metadata.
[2026-07-22T11:07:23.111+0000] {logging_mixin.py:190} INFO - Skipping movie 887187: could not fetch metadata.
[2026-07-22T11:07:23.222+0000] {logging_mixin.py:190} INFO - Skipping movie 887226: could not fetch metadata.
[2026-07-22T11:07:23.281+0000] {logging_mixin.py:190} INFO - Skipping movie 887237: could not fetch metadata.
[2026-07-22T11:07:23.308+0000] {logging_mixin.py:190} INFO - Skipping movie 887247: could not fetch metadata.
[2026-07-22T11:07:23.366+0000] {logging_mixin.py:190} INFO - Skipping movie 887256: could not fetch metadata.
[2026-07-22T11:07:24.050+0000] {job.py:229} INFO - Heartbeat recovered after 18876.47 seconds
[2026-07-22T11:07:24.735+0000] {logging_mixin.py:190} INFO - Skipping movie 1706588: could not fetch metadata.
[2026-07-22T11:07:24.841+0000] {logging_mixin.py:190} INFO - Skipping movie 1706603: could not fetch metadata.
[2026-07-22T11:07:24.915+0000] {logging_mixin.py:190} INFO - Skipping movie 1706608: could not fetch metadata.
[2026-07-22T11:07:26.144+0000] {logging_mixin.py:190} INFO - Skipping movie 1641159: could not fetch metadata.
[2026-07-22T11:07:26.306+0000] {logging_mixin.py:190} INFO - Skipping movie 1641169: could not fetch metadata.
[2026-07-22T11:07:26.454+0000] {logging_mixin.py:190} INFO - Skipping movie 1641174: could not fetch metadata.
[2026-07-22T11:07:28.341+0000] {logging_mixin.py:190} INFO - Skipping movie 1149755: could not fetch metadata.
[2026-07-22T11:07:28.518+0000] {logging_mixin.py:190} INFO - Skipping movie 68621: could not fetch metadata.
[2026-07-22T11:07:28.805+0000] {logging_mixin.py:190} INFO - Skipping movie 756837: could not fetch metadata.
[2026-07-22T11:07:28.810+0000] {logging_mixin.py:190} INFO - Skipping movie 756848: could not fetch metadata.
[2026-07-22T11:07:32.758+0000] {logging_mixin.py:190} INFO - Skipping movie 1707967: could not fetch metadata.
[2026-07-22T11:07:32.927+0000] {logging_mixin.py:190} INFO - Skipping movie 1707977: could not fetch metadata.
[2026-07-22T11:07:33.705+0000] {logging_mixin.py:190} INFO - Skipping movie 1019861: could not fetch metadata.
[2026-07-22T11:07:33.935+0000] {logging_mixin.py:190} INFO - Skipping movie 561252: could not fetch metadata.
[2026-07-22T11:07:34.479+0000] {logging_mixin.py:190} INFO - Skipping movie 1052920: could not fetch metadata.
[2026-07-22T11:07:34.678+0000] {logging_mixin.py:190} INFO - Skipping movie 1413472: could not fetch metadata.
[2026-07-22T11:07:34.879+0000] {logging_mixin.py:190} INFO - Skipping movie 1052924: could not fetch metadata.
[2026-07-22T11:07:35.144+0000] {logging_mixin.py:190} INFO - Skipping movie 1544688: could not fetch metadata.
[2026-07-22T11:07:35.319+0000] {logging_mixin.py:190} INFO - Skipping movie 1282558: could not fetch metadata.
[2026-07-22T11:07:36.595+0000] {logging_mixin.py:190} INFO - Skipping movie 1676008: could not fetch metadata.
[2026-07-22T11:07:37.180+0000] {logging_mixin.py:190} INFO - Skipping movie 332626: could not fetch metadata.
[2026-07-22T11:07:38.065+0000] {logging_mixin.py:190} INFO - Skipping movie 1643595: could not fetch metadata.
[2026-07-22T11:07:38.580+0000] {logging_mixin.py:190} INFO - Skipping movie 1545329: could not fetch metadata.
[2026-07-22T11:07:38.618+0000] {logging_mixin.py:190} INFO - Skipping movie 1479800: could not fetch metadata.
[2026-07-22T11:07:40.335+0000] {logging_mixin.py:190} INFO - Skipping movie 857575: could not fetch metadata.
[2026-07-22T11:07:40.374+0000] {logging_mixin.py:190} INFO - Skipping movie 1480173: could not fetch metadata.
[2026-07-22T11:07:40.607+0000] {logging_mixin.py:190} INFO - Skipping movie 1644058: could not fetch metadata.
[2026-07-22T11:07:40.698+0000] {logging_mixin.py:190} INFO - Skipping movie 1512853: could not fetch metadata.
[2026-07-22T11:07:41.034+0000] {logging_mixin.py:190} INFO - Skipping movie 1021554: could not fetch metadata.
[2026-07-22T11:07:41.730+0000] {logging_mixin.py:190} INFO - Skipping movie 1677088: could not fetch metadata.
[2026-07-22T11:07:42.943+0000] {logging_mixin.py:190} INFO - Skipping movie 1185744: could not fetch metadata.
[2026-07-22T11:07:45.397+0000] {logging_mixin.py:190} INFO - Skipping movie 1612055: could not fetch metadata.
[2026-07-22T11:07:45.850+0000] {logging_mixin.py:190} INFO - Skipping movie 1284598: could not fetch metadata.
[2026-07-22T11:07:46.414+0000] {logging_mixin.py:190} INFO - Skipping movie 465469: could not fetch metadata.
[2026-07-22T11:07:46.848+0000] {logging_mixin.py:190} INFO - Skipping movie 1219248: could not fetch metadata.
[2026-07-22T11:07:47.392+0000] {logging_mixin.py:190} INFO - Skipping movie 858904: could not fetch metadata.
[2026-07-22T11:07:47.706+0000] {logging_mixin.py:190} INFO - Skipping movie 1284994: could not fetch metadata.
[2026-07-22T11:07:48.733+0000] {logging_mixin.py:190} INFO - Skipping movie 1514556: could not fetch metadata.
[2026-07-22T11:07:49.434+0000] {logging_mixin.py:190} INFO - Skipping movie 1055959: could not fetch metadata.
[2026-07-22T11:07:51.100+0000] {logging_mixin.py:190} INFO - Skipping movie 1187442: could not fetch metadata.
[2026-07-22T11:07:51.438+0000] {logging_mixin.py:190} INFO - Skipping movie 1711777: could not fetch metadata.
[2026-07-22T11:07:51.711+0000] {logging_mixin.py:190} INFO - Skipping movie 1515214: could not fetch metadata.
[2026-07-22T11:07:52.075+0000] {logging_mixin.py:190} INFO - Skipping movie 1613599: could not fetch metadata.
[2026-07-22T11:07:52.227+0000] {logging_mixin.py:190} INFO - Skipping movie 1515322: could not fetch metadata.
[2026-07-22T11:07:52.376+0000] {logging_mixin.py:190} INFO - Skipping movie 1515354: could not fetch metadata.
[2026-07-22T11:07:52.390+0000] {logging_mixin.py:190} INFO - Skipping movie 1515337: could not fetch metadata.
[2026-07-22T11:07:52.953+0000] {logging_mixin.py:190} INFO - Skipping movie 1154953: could not fetch metadata.
[2026-07-22T11:07:53.667+0000] {logging_mixin.py:190} INFO - Skipping movie 1712145: could not fetch metadata.
[2026-07-22T11:07:54.280+0000] {logging_mixin.py:190} INFO - Skipping movie 1286253: could not fetch metadata.
[2026-07-22T11:07:54.888+0000] {logging_mixin.py:190} INFO - Skipping movie 1712337: could not fetch metadata.
[2026-07-22T11:07:55.622+0000] {logging_mixin.py:190} INFO - Skipping movie 1712445: could not fetch metadata.
[2026-07-22T11:07:55.671+0000] {logging_mixin.py:190} INFO - Skipping movie 1712342: could not fetch metadata.
[2026-07-22T11:07:57.020+0000] {logging_mixin.py:190} INFO - Skipping movie 1450583: could not fetch metadata.
[2026-07-22T11:07:57.063+0000] {logging_mixin.py:190} INFO - Skipping movie 1450597: could not fetch metadata.
[2026-07-22T11:07:57.618+0000] {logging_mixin.py:190} INFO - Skipping movie 1516182: could not fetch metadata.
[2026-07-22T11:07:58.117+0000] {logging_mixin.py:190} INFO - Skipping movie 533208: could not fetch metadata.
[2026-07-22T11:07:58.270+0000] {logging_mixin.py:190} INFO - Skipping movie 1123015: could not fetch metadata.
[2026-07-22T11:07:59.328+0000] {logging_mixin.py:190} INFO - Skipping movie 828348: could not fetch metadata.
[2026-07-22T11:07:59.630+0000] {logging_mixin.py:190} INFO - Skipping movie 1450976: could not fetch metadata.
[2026-07-22T11:08:01.676+0000] {logging_mixin.py:190} INFO - Skipping movie 1484059: could not fetch metadata.
[2026-07-22T11:08:02.427+0000] {logging_mixin.py:190} INFO - Skipping movie 1451319: could not fetch metadata.
[2026-07-22T11:08:03.334+0000] {logging_mixin.py:190} INFO - Skipping movie 1680864: could not fetch metadata.
[2026-07-22T11:08:04.171+0000] {logging_mixin.py:190} INFO - Skipping movie 992868: could not fetch metadata.
[2026-07-22T11:08:04.660+0000] {logging_mixin.py:190} INFO - Skipping movie 1517214: could not fetch metadata.
[2026-07-22T11:08:04.707+0000] {logging_mixin.py:190} INFO - Skipping movie 1549985: could not fetch metadata.
[2026-07-22T11:08:04.757+0000] {logging_mixin.py:190} INFO - Skipping movie 1517220: could not fetch metadata.
[2026-07-22T11:08:06.399+0000] {logging_mixin.py:190} INFO - Skipping movie 1583001: could not fetch metadata.
[2026-07-22T11:08:11.804+0000] {logging_mixin.py:190} INFO - Skipping movie 76366: could not fetch metadata.
[2026-07-22T11:08:11.846+0000] {logging_mixin.py:190} INFO - Skipping movie 1550935: could not fetch metadata.
[2026-07-22T11:08:13.091+0000] {logging_mixin.py:190} INFO - Skipping movie 142164: could not fetch metadata.
[2026-07-22T11:08:13.515+0000] {logging_mixin.py:190} INFO - Skipping movie 1452934: could not fetch metadata.
[2026-07-22T11:08:13.529+0000] {logging_mixin.py:190} INFO - Skipping movie 1354631: could not fetch metadata.
[2026-07-22T11:08:13.729+0000] {logging_mixin.py:190} INFO - Skipping movie 633769: could not fetch metadata.
[2026-07-22T11:08:15.412+0000] {logging_mixin.py:190} INFO - Skipping movie 1649877: could not fetch metadata.
[2026-07-22T11:08:15.613+0000] {logging_mixin.py:190} INFO - Skipping movie 1715423: could not fetch metadata.
[2026-07-22T11:08:16.552+0000] {logging_mixin.py:190} INFO - Skipping movie 961930: could not fetch metadata.
[2026-07-22T11:08:17.380+0000] {logging_mixin.py:190} INFO - Skipping movie 929223: could not fetch metadata.
[2026-07-22T11:08:17.482+0000] {logging_mixin.py:190} INFO - Skipping movie 1125812: could not fetch metadata.
[2026-07-22T11:08:18.155+0000] {logging_mixin.py:190} INFO - Skipping movie 1388121: could not fetch metadata.
[2026-07-22T11:08:18.396+0000] {logging_mixin.py:190} INFO - Skipping movie 1355407: could not fetch metadata.
[2026-07-22T11:08:18.427+0000] {logging_mixin.py:190} INFO - Skipping movie 1355427: could not fetch metadata.
[2026-07-22T11:08:20.499+0000] {logging_mixin.py:190} INFO - Skipping movie 1355805: could not fetch metadata.
[2026-07-22T11:08:20.991+0000] {logging_mixin.py:190} INFO - Skipping movie 1355761: could not fetch metadata.
[2026-07-22T11:08:21.506+0000] {logging_mixin.py:190} INFO - Skipping movie 1028140: could not fetch metadata.
[2026-07-22T11:08:24.726+0000] {logging_mixin.py:190} INFO - Skipping movie 1257871: could not fetch metadata.
[2026-07-22T11:08:24.919+0000] {logging_mixin.py:190} INFO - Skipping movie 1192427: could not fetch metadata.
[2026-07-22T11:08:24.930+0000] {logging_mixin.py:190} INFO - Skipping movie 1028678: could not fetch metadata.
[2026-07-22T11:08:25.045+0000] {logging_mixin.py:190} INFO - Skipping movie 1094252: could not fetch metadata.
[2026-07-22T11:08:25.337+0000] {logging_mixin.py:190} INFO - Skipping movie 438987: could not fetch metadata.
[2026-07-22T11:08:25.399+0000] {logging_mixin.py:190} INFO - Skipping movie 1192657: could not fetch metadata.
[2026-07-22T11:08:25.779+0000] {logging_mixin.py:190} INFO - Skipping movie 1520420: could not fetch metadata.
[2026-07-22T11:08:26.159+0000] {logging_mixin.py:190} INFO - Skipping movie 1651587: could not fetch metadata.
[2026-07-22T11:08:26.204+0000] {logging_mixin.py:190} INFO - Skipping movie 1651592: could not fetch metadata.
[2026-07-22T11:08:26.328+0000] {logging_mixin.py:190} INFO - Skipping movie 1651594: could not fetch metadata.
[2026-07-22T11:08:26.432+0000] {logging_mixin.py:190} INFO - Skipping movie 1651601: could not fetch metadata.
[2026-07-22T11:08:26.593+0000] {logging_mixin.py:190} INFO - Skipping movie 1586127: could not fetch metadata.
[2026-07-22T11:08:26.712+0000] {logging_mixin.py:190} INFO - Skipping movie 1160185: could not fetch metadata.
[2026-07-22T11:08:27.004+0000] {logging_mixin.py:190} INFO - Skipping movie 1356863: could not fetch metadata.
[2026-07-22T11:08:27.140+0000] {logging_mixin.py:190} INFO - Skipping movie 537683: could not fetch metadata.
[2026-07-22T11:08:28.087+0000] {logging_mixin.py:190} INFO - Skipping movie 1422530: could not fetch metadata.
[2026-07-22T11:08:28.138+0000] {logging_mixin.py:190} INFO - Skipping movie 1488071: could not fetch metadata.
[2026-07-22T11:08:29.031+0000] {logging_mixin.py:190} INFO - Skipping movie 1684859: could not fetch metadata.
[2026-07-22T11:08:29.127+0000] {logging_mixin.py:190} INFO - Skipping movie 1586586: could not fetch metadata.
[2026-07-22T11:08:29.437+0000] {logging_mixin.py:190} INFO - Skipping movie 832968: could not fetch metadata.
[2026-07-22T11:08:30.133+0000] {logging_mixin.py:190} INFO - Skipping movie 1685054: could not fetch metadata.
[2026-07-22T11:08:30.795+0000] {logging_mixin.py:190} INFO - Skipping movie 1735213: could not fetch metadata.
[2026-07-22T11:08:31.208+0000] {logging_mixin.py:190} INFO - Skipping movie 1735189: could not fetch metadata.
[2026-07-22T11:08:32.738+0000] {logging_mixin.py:190} INFO - Skipping movie 1587117: could not fetch metadata.
[2026-07-22T11:08:32.876+0000] {logging_mixin.py:190} INFO - Skipping movie 1587123: could not fetch metadata.
[2026-07-22T11:08:33.608+0000] {logging_mixin.py:190} INFO - Skipping movie 1718284: could not fetch metadata.
[2026-07-22T11:08:33.807+0000] {logging_mixin.py:190} INFO - Skipping movie 1390435: could not fetch metadata.
[2026-07-22T11:08:33.888+0000] {logging_mixin.py:190} INFO - Skipping movie 1259563: could not fetch metadata.
[2026-07-22T11:08:34.070+0000] {logging_mixin.py:190} INFO - Skipping movie 1620045: could not fetch metadata.
[2026-07-22T11:08:34.219+0000] {logging_mixin.py:190} INFO - Skipping movie 1685602: could not fetch metadata.
[2026-07-22T11:08:34.304+0000] {logging_mixin.py:190} INFO - Skipping movie 1587326: could not fetch metadata.
[2026-07-22T11:08:34.615+0000] {logging_mixin.py:190} INFO - Skipping movie 1652969: could not fetch metadata.
[2026-07-22T11:08:35.448+0000] {logging_mixin.py:190} INFO - Skipping movie 1735345: could not fetch metadata.
[2026-07-22T11:08:36.437+0000] {logging_mixin.py:190} INFO - Skipping movie 1194505: could not fetch metadata.
[2026-07-22T11:08:38.011+0000] {logging_mixin.py:190} INFO - Skipping movie 1129163: could not fetch metadata.
[2026-07-22T11:08:38.812+0000] {logging_mixin.py:190} INFO - Skipping movie 1653578: could not fetch metadata.
[2026-07-22T11:08:39.125+0000] {logging_mixin.py:190} INFO - Skipping movie 899938: could not fetch metadata.
[2026-07-22T11:08:39.459+0000] {logging_mixin.py:190} INFO - Skipping movie 932773: could not fetch metadata.
[2026-07-22T11:08:39.970+0000] {logging_mixin.py:190} INFO - Skipping movie 834536: could not fetch metadata.
[2026-07-22T11:08:42.050+0000] {logging_mixin.py:190} INFO - Skipping movie 1686813: could not fetch metadata.
[2026-07-22T11:08:42.215+0000] {logging_mixin.py:190} INFO - Skipping movie 1735541: could not fetch metadata.
[2026-07-22T11:08:42.793+0000] {logging_mixin.py:190} INFO - Skipping movie 1588695: could not fetch metadata.
[2026-07-22T11:08:50.059+0000] {logging_mixin.py:190} INFO - Skipping movie 1524212: could not fetch metadata.
[2026-07-22T11:08:51.051+0000] {logging_mixin.py:190} INFO - Skipping movie 1688170: could not fetch metadata.
[2026-07-22T11:08:51.398+0000] {logging_mixin.py:190} INFO - Skipping movie 1360615: could not fetch metadata.
[2026-07-22T11:08:51.716+0000] {logging_mixin.py:190} INFO - Skipping movie 1360627: could not fetch metadata.
[2026-07-22T11:08:51.771+0000] {logging_mixin.py:190} INFO - Skipping movie 1557284: could not fetch metadata.
[2026-07-22T11:08:52.368+0000] {logging_mixin.py:190} INFO - Skipping movie 1229708: could not fetch metadata.
[2026-07-22T11:08:52.638+0000] {logging_mixin.py:190} INFO - Skipping movie 1524700: could not fetch metadata.
[2026-07-22T11:08:53.318+0000] {logging_mixin.py:190} INFO - Skipping movie 1328257: could not fetch metadata.
[2026-07-22T11:08:53.528+0000] {logging_mixin.py:190} INFO - Skipping movie 1328267: could not fetch metadata.
[2026-07-22T11:08:54.036+0000] {logging_mixin.py:190} INFO - Skipping movie 705609: could not fetch metadata.
[2026-07-22T11:08:55.325+0000] {logging_mixin.py:190} INFO - Skipping movie 1164762: could not fetch metadata.
[2026-07-22T11:08:56.239+0000] {logging_mixin.py:190} INFO - Skipping movie 1492508: could not fetch metadata.
[2026-07-22T11:08:56.578+0000] {logging_mixin.py:190} INFO - Skipping movie 1722042: could not fetch metadata.
[2026-07-22T11:08:56.724+0000] {logging_mixin.py:190} INFO - Skipping movie 1656520: could not fetch metadata.
[2026-07-22T11:08:58.074+0000] {logging_mixin.py:190} INFO - Skipping movie 1689642: could not fetch metadata.
[2026-07-22T11:08:58.376+0000] {logging_mixin.py:190} INFO - Skipping movie 1525906: could not fetch metadata.
[2026-07-22T11:08:58.519+0000] {logging_mixin.py:190} INFO - Skipping movie 1689752: could not fetch metadata.
[2026-07-22T11:08:58.538+0000] {logging_mixin.py:190} INFO - Skipping movie 1689754: could not fetch metadata.
[2026-07-22T11:08:58.602+0000] {logging_mixin.py:190} INFO - Skipping movie 1591258: could not fetch metadata.
[2026-07-22T11:08:59.322+0000] {logging_mixin.py:190} INFO - Skipping movie 1689579: could not fetch metadata.
[2026-07-22T11:09:00.752+0000] {logging_mixin.py:190} INFO - Skipping movie 1690148: could not fetch metadata.
[2026-07-22T11:09:01.505+0000] {logging_mixin.py:190} INFO - Skipping movie 1624678: could not fetch metadata.
[2026-07-22T11:09:01.651+0000] {logging_mixin.py:190} INFO - Skipping movie 1526392: could not fetch metadata.
[2026-07-22T11:09:02.477+0000] {logging_mixin.py:190} INFO - Skipping movie 838424: could not fetch metadata.
[2026-07-22T11:09:03.036+0000] {logging_mixin.py:190} INFO - Skipping movie 969608: could not fetch metadata.
[2026-07-22T11:09:03.212+0000] {logging_mixin.py:190} INFO - Skipping movie 1723307: could not fetch metadata.
[2026-07-22T11:09:04.212+0000] {logging_mixin.py:190} INFO - Skipping movie 1723482: could not fetch metadata.
[2026-07-22T11:09:04.935+0000] {logging_mixin.py:190} INFO - Skipping movie 1559741: could not fetch metadata.
[2026-07-22T11:09:04.965+0000] {logging_mixin.py:190} INFO - Skipping movie 1559743: could not fetch metadata.
[2026-07-22T11:09:04.971+0000] {logging_mixin.py:190} INFO - Skipping movie 642235: could not fetch metadata.
[2026-07-22T11:09:07.608+0000] {logging_mixin.py:190} INFO - Skipping movie 1396431: could not fetch metadata.
[2026-07-22T11:09:07.658+0000] {logging_mixin.py:190} INFO - Skipping movie 1396464: could not fetch metadata.
[2026-07-22T11:09:07.661+0000] {logging_mixin.py:190} INFO - Skipping movie 642798: could not fetch metadata.
[2026-07-22T11:09:09.224+0000] {logging_mixin.py:190} INFO - Skipping movie 1593272: could not fetch metadata.
[2026-07-22T11:09:09.307+0000] {logging_mixin.py:190} INFO - Skipping movie 850734: could not fetch metadata.
[2026-07-22T11:09:09.499+0000] {logging_mixin.py:190} INFO - Skipping movie 1527788: could not fetch metadata.
[2026-07-22T11:09:09.552+0000] {logging_mixin.py:190} INFO - Skipping movie 1593329: could not fetch metadata.
[2026-07-22T11:09:10.291+0000] {logging_mixin.py:190} INFO - Skipping movie 1298499: could not fetch metadata.
[2026-07-22T11:09:10.974+0000] {logging_mixin.py:190} INFO - Skipping movie 1429694: could not fetch metadata.
[2026-07-22T11:09:11.223+0000] {logging_mixin.py:190} INFO - Skipping movie 1593593: could not fetch metadata.
[2026-07-22T11:09:11.236+0000] {logging_mixin.py:190} INFO - Skipping movie 1233146: could not fetch metadata.
[2026-07-22T11:09:11.346+0000] {logging_mixin.py:190} INFO - Skipping movie 1593619: could not fetch metadata.
[2026-07-22T11:09:11.494+0000] {logging_mixin.py:190} INFO - Skipping movie 348450: could not fetch metadata.
[2026-07-22T11:09:11.538+0000] {logging_mixin.py:190} INFO - Skipping movie 840025: could not fetch metadata.
[2026-07-22T11:09:12.912+0000] {logging_mixin.py:190} INFO - Skipping movie 1298960: could not fetch metadata.
[2026-07-22T11:09:12.918+0000] {logging_mixin.py:190} INFO - Skipping movie 1298966: could not fetch metadata.
[2026-07-22T11:09:14.138+0000] {logging_mixin.py:190} INFO - Skipping movie 1725047: could not fetch metadata.
[2026-07-22T11:09:14.199+0000] {logging_mixin.py:190} INFO - Skipping movie 1659619: could not fetch metadata.
[2026-07-22T11:09:14.488+0000] {logging_mixin.py:190} INFO - Skipping movie 1626900: could not fetch metadata.
[2026-07-22T11:09:16.533+0000] {logging_mixin.py:190} INFO - Skipping movie 218000: could not fetch metadata.
[2026-07-22T11:09:16.860+0000] {logging_mixin.py:190} INFO - Skipping movie 1692765: could not fetch metadata.
[2026-07-22T11:09:17.517+0000] {logging_mixin.py:190} INFO - Skipping movie 1234050: could not fetch metadata.
[2026-07-22T11:09:17.631+0000] {logging_mixin.py:190} INFO - Skipping movie 1725620: could not fetch metadata.
[2026-07-22T11:09:17.700+0000] {logging_mixin.py:190} INFO - Skipping movie 1725625: could not fetch metadata.
[2026-07-22T11:09:18.684+0000] {logging_mixin.py:190} INFO - Skipping movie 1037623: could not fetch metadata.
[2026-07-22T11:09:19.539+0000] {logging_mixin.py:190} INFO - Skipping movie 1693082: could not fetch metadata.
[2026-07-22T11:09:19.884+0000] {logging_mixin.py:190} INFO - Skipping movie 1267139: could not fetch metadata.
[2026-07-22T11:09:20.852+0000] {logging_mixin.py:190} INFO - Skipping movie 1070770: could not fetch metadata.
[2026-07-22T11:09:21.158+0000] {logging_mixin.py:190} INFO - Skipping movie 1070755: could not fetch metadata.
[2026-07-22T11:09:21.425+0000] {logging_mixin.py:190} INFO - Skipping movie 1595133: could not fetch metadata.
[2026-07-22T11:09:21.758+0000] {logging_mixin.py:190} INFO - Skipping movie 972595: could not fetch metadata.
[2026-07-22T11:09:22.170+0000] {logging_mixin.py:190} INFO - Skipping movie 808828: could not fetch metadata.
[2026-07-22T11:09:22.683+0000] {logging_mixin.py:190} INFO - Skipping movie 1726400: could not fetch metadata.
[2026-07-22T11:09:22.755+0000] {logging_mixin.py:190} INFO - Skipping movie 841698: could not fetch metadata.
[2026-07-22T11:09:22.818+0000] {logging_mixin.py:190} INFO - Skipping movie 1726439: could not fetch metadata.
[2026-07-22T11:09:22.987+0000] {logging_mixin.py:190} INFO - Skipping movie 841709: could not fetch metadata.
[2026-07-22T11:09:23.040+0000] {logging_mixin.py:190} INFO - Skipping movie 841718: could not fetch metadata.
[2026-07-22T11:09:23.508+0000] {logging_mixin.py:190} INFO - Skipping movie 841703: could not fetch metadata.
[2026-07-22T11:09:23.811+0000] {logging_mixin.py:190} INFO - Skipping movie 1628305: could not fetch metadata.
[2026-07-22T11:09:24.061+0000] {logging_mixin.py:190} INFO - Skipping movie 1693918: could not fetch metadata.
[2026-07-22T11:09:24.068+0000] {logging_mixin.py:190} INFO - Skipping movie 1693924: could not fetch metadata.
[2026-07-22T11:09:24.119+0000] {logging_mixin.py:190} INFO - Skipping movie 1726705: could not fetch metadata.
[2026-07-22T11:09:25.183+0000] {logging_mixin.py:190} INFO - Skipping movie 1726953: could not fetch metadata.
[2026-07-22T11:09:25.421+0000] {logging_mixin.py:190} INFO - Skipping movie 1726974: could not fetch metadata.
[2026-07-22T11:09:26.092+0000] {logging_mixin.py:190} INFO - Skipping movie 1694381: could not fetch metadata.
[2026-07-22T11:09:26.347+0000] {logging_mixin.py:190} INFO - Skipping movie 1694401: could not fetch metadata.
[2026-07-22T11:09:28.119+0000] {logging_mixin.py:190} INFO - Skipping movie 1727410: could not fetch metadata.
[2026-07-22T11:09:28.309+0000] {logging_mixin.py:190} INFO - Skipping movie 1498048: could not fetch metadata.
[2026-07-22T11:09:30.355+0000] {logging_mixin.py:190} INFO - Skipping movie 1727562: could not fetch metadata.
[2026-07-22T11:09:30.517+0000] {logging_mixin.py:190} INFO - Skipping movie 1268982: could not fetch metadata.
[2026-07-22T11:09:30.826+0000] {logging_mixin.py:190} INFO - Skipping movie 1727824: could not fetch metadata.
[2026-07-22T11:09:31.240+0000] {logging_mixin.py:190} INFO - Skipping movie 744831: could not fetch metadata.
[2026-07-22T11:09:31.470+0000] {logging_mixin.py:190} INFO - Skipping movie 1662466: could not fetch metadata.
[2026-07-22T11:09:31.552+0000] {logging_mixin.py:190} INFO - Skipping movie 1629708: could not fetch metadata.
[2026-07-22T11:09:31.979+0000] {logging_mixin.py:190} INFO - Skipping movie 1596989: could not fetch metadata.
[2026-07-22T11:09:33.067+0000] {logging_mixin.py:190} INFO - Skipping movie 1302086: could not fetch metadata.
[2026-07-22T11:09:33.560+0000] {logging_mixin.py:190} INFO - Skipping movie 974729: could not fetch metadata.
[2026-07-22T11:09:34.076+0000] {logging_mixin.py:190} INFO - Skipping movie 450535: could not fetch metadata.
[2026-07-22T11:09:34.230+0000] {logging_mixin.py:190} INFO - Skipping movie 1728422: could not fetch metadata.
[2026-07-22T11:09:34.873+0000] {logging_mixin.py:190} INFO - Skipping movie 1728449: could not fetch metadata.
[2026-07-22T11:09:35.530+0000] {logging_mixin.py:190} INFO - Skipping movie 1564957: could not fetch metadata.
[2026-07-22T11:09:36.420+0000] {logging_mixin.py:190} INFO - Skipping movie 1401234: could not fetch metadata.
[2026-07-22T11:09:36.614+0000] {logging_mixin.py:190} INFO - Skipping movie 1466752: could not fetch metadata.
[2026-07-22T11:09:37.350+0000] {logging_mixin.py:190} INFO - Skipping movie 1434104: could not fetch metadata.
[2026-07-22T11:09:37.468+0000] {logging_mixin.py:190} INFO - Skipping movie 1237365: could not fetch metadata.
[2026-07-22T11:09:38.176+0000] {logging_mixin.py:190} INFO - Skipping movie 877229: could not fetch metadata.
[2026-07-22T11:09:39.126+0000] {logging_mixin.py:190} INFO - Skipping movie 1237774: could not fetch metadata.
[2026-07-22T11:09:39.683+0000] {logging_mixin.py:190} INFO - Skipping movie 1729385: could not fetch metadata.
[2026-07-22T11:09:40.561+0000] {logging_mixin.py:190} INFO - Skipping movie 1008547: could not fetch metadata.
[2026-07-22T11:09:40.887+0000] {logging_mixin.py:190} INFO - Skipping movie 1434809: could not fetch metadata.
[2026-07-22T11:09:42.038+0000] {logging_mixin.py:190} INFO - Skipping movie 550312: could not fetch metadata.
[2026-07-22T11:09:42.084+0000] {logging_mixin.py:190} INFO - Skipping movie 1467822: could not fetch metadata.
[2026-07-22T11:09:42.385+0000] {logging_mixin.py:190} INFO - Skipping movie 1009153: could not fetch metadata.
[2026-07-22T11:09:44.410+0000] {logging_mixin.py:190} INFO - Skipping movie 1599282: could not fetch metadata.
[2026-07-22T11:09:46.114+0000] {logging_mixin.py:190} INFO - Skipping movie 1730699: could not fetch metadata.
[2026-07-22T11:09:46.389+0000] {logging_mixin.py:190} INFO - Skipping movie 1730752: could not fetch metadata.
[2026-07-22T11:09:47.160+0000] {logging_mixin.py:190} INFO - Skipping movie 1534277: could not fetch metadata.
[2026-07-22T11:09:47.825+0000] {logging_mixin.py:190} INFO - Skipping movie 1304970: could not fetch metadata.
[2026-07-22T11:09:49.152+0000] {logging_mixin.py:190} INFO - Skipping movie 1534538: could not fetch metadata.
[2026-07-22T11:09:49.223+0000] {logging_mixin.py:190} INFO - Skipping movie 1239708: could not fetch metadata.
[2026-07-22T11:09:49.256+0000] {logging_mixin.py:190} INFO - Skipping movie 1469119: could not fetch metadata.
[2026-07-22T11:09:49.488+0000] {logging_mixin.py:190} INFO - Skipping movie 1665747: could not fetch metadata.
[2026-07-22T11:09:49.730+0000] {logging_mixin.py:190} INFO - Skipping movie 1731189: could not fetch metadata.
[2026-07-22T11:09:49.773+0000] {logging_mixin.py:190} INFO - Skipping movie 1731405: could not fetch metadata.
[2026-07-22T11:09:49.794+0000] {logging_mixin.py:190} INFO - Skipping movie 1731382: could not fetch metadata.
[2026-07-22T11:09:49.806+0000] {logging_mixin.py:190} INFO - Skipping movie 584526: could not fetch metadata.
[2026-07-22T11:09:49.819+0000] {logging_mixin.py:190} INFO - Skipping movie 584527: could not fetch metadata.
[2026-07-22T11:09:50.083+0000] {logging_mixin.py:190} INFO - Skipping movie 977810: could not fetch metadata.
[2026-07-22T11:09:51.402+0000] {logging_mixin.py:190} INFO - Skipping movie 1731648: could not fetch metadata.
[2026-07-22T11:09:51.686+0000] {logging_mixin.py:190} INFO - Skipping movie 1567843: could not fetch metadata.
[2026-07-22T11:09:51.839+0000] {logging_mixin.py:190} INFO - Skipping movie 1698964: could not fetch metadata.
[2026-07-22T11:09:53.762+0000] {logging_mixin.py:190} INFO - Skipping movie 1305958: could not fetch metadata.
[2026-07-22T11:09:56.881+0000] {logging_mixin.py:190} INFO - Skipping movie 1732552: could not fetch metadata.
[2026-07-22T11:09:58.910+0000] {logging_mixin.py:190} INFO - Skipping movie 1732883: could not fetch metadata.
[2026-07-22T11:10:00.087+0000] {logging_mixin.py:190} INFO - Skipping movie 1208892: could not fetch metadata.
[2026-07-22T11:10:00.712+0000] {logging_mixin.py:190} INFO - Skipping movie 881281: could not fetch metadata.
[2026-07-22T11:10:01.286+0000] {logging_mixin.py:190} INFO - Skipping movie 1733233: could not fetch metadata.
[2026-07-22T11:10:01.877+0000] {logging_mixin.py:190} INFO - Skipping movie 1733412: could not fetch metadata.
[2026-07-22T11:10:02.156+0000] {logging_mixin.py:190} INFO - Skipping movie 1241951: could not fetch metadata.
[2026-07-22T11:10:03.807+0000] {logging_mixin.py:190} INFO - Skipping movie 455671: could not fetch metadata.
[2026-07-22T11:10:04.566+0000] {logging_mixin.py:190} INFO - Skipping movie 1733818: could not fetch metadata.
[2026-07-22T11:10:05.404+0000] {logging_mixin.py:190} INFO - Skipping movie 750880: could not fetch metadata.
[2026-07-22T11:10:06.487+0000] {logging_mixin.py:190} INFO - Skipping movie 1734082: could not fetch metadata.
[2026-07-22T11:10:06.576+0000] {logging_mixin.py:190} INFO - Skipping movie 1734103: could not fetch metadata.
[2026-07-22T11:10:06.697+0000] {logging_mixin.py:190} INFO - Skipping movie 1734144: could not fetch metadata.
[2026-07-22T11:10:06.844+0000] {logging_mixin.py:190} INFO - Skipping movie 1734162: could not fetch metadata.
[2026-07-22T11:10:08.352+0000] {logging_mixin.py:190} INFO - Skipping movie 947822: could not fetch metadata.
[2026-07-22T11:10:08.734+0000] {logging_mixin.py:190} INFO - Skipping movie 1734157: could not fetch metadata.
[2026-07-22T11:10:10.478+0000] {logging_mixin.py:190} INFO - Skipping movie 1734546: could not fetch metadata.
[2026-07-22T11:10:10.488+0000] {logging_mixin.py:190} INFO - Skipping movie 1734548: could not fetch metadata.
[2026-07-22T11:10:10.610+0000] {logging_mixin.py:190} INFO - Skipping movie 1734550: could not fetch metadata.
[2026-07-22T11:10:10.611+0000] {logging_mixin.py:190} INFO - Skipping movie 1734549: could not fetch metadata.
[2026-07-22T11:10:10.624+0000] {logging_mixin.py:190} INFO - Skipping movie 1734554: could not fetch metadata.
[2026-07-22T11:10:10.754+0000] {logging_mixin.py:190} INFO - Skipping movie 1734558: could not fetch metadata.
[2026-07-22T11:10:10.760+0000] {logging_mixin.py:190} INFO - Skipping movie 1734556: could not fetch metadata.
[2026-07-22T11:10:10.864+0000] {logging_mixin.py:190} INFO - Skipping movie 1734560: could not fetch metadata.
[2026-07-22T11:10:10.879+0000] {logging_mixin.py:190} INFO - Skipping movie 1734563: could not fetch metadata.
[2026-07-22T11:10:10.882+0000] {logging_mixin.py:190} INFO - Skipping movie 1734562: could not fetch metadata.
[2026-07-22T11:10:11.039+0000] {logging_mixin.py:190} INFO - Skipping movie 1734570: could not fetch metadata.
[2026-07-22T11:10:11.107+0000] {logging_mixin.py:190} INFO - Skipping movie 1734571: could not fetch metadata.
[2026-07-22T11:10:11.126+0000] {logging_mixin.py:190} INFO - Skipping movie 1734578: could not fetch metadata.
[2026-07-22T11:10:11.149+0000] {logging_mixin.py:190} INFO - Skipping movie 1734580: could not fetch metadata.
[2026-07-22T11:10:11.188+0000] {logging_mixin.py:190} INFO - Skipping movie 1734573: could not fetch metadata.
[2026-07-22T11:10:11.205+0000] {logging_mixin.py:190} INFO - Skipping movie 1734583: could not fetch metadata.
[2026-07-22T11:10:11.304+0000] {logging_mixin.py:190} INFO - Skipping movie 1734584: could not fetch metadata.
[2026-07-22T11:10:11.347+0000] {logging_mixin.py:190} INFO - Skipping movie 1734567: could not fetch metadata.
[2026-07-22T11:10:11.416+0000] {logging_mixin.py:190} INFO - Skipping movie 1734586: could not fetch metadata.
[2026-07-22T11:10:11.428+0000] {logging_mixin.py:190} INFO - Skipping movie 1734588: could not fetch metadata.
[2026-07-22T11:10:11.437+0000] {logging_mixin.py:190} INFO - Skipping movie 1734589: could not fetch metadata.
[2026-07-22T11:10:11.477+0000] {logging_mixin.py:190} INFO - Skipping movie 1734592: could not fetch metadata.
[2026-07-22T11:10:11.482+0000] {logging_mixin.py:190} INFO - Skipping movie 1111999: could not fetch metadata.
[2026-07-22T11:10:11.485+0000] {logging_mixin.py:190} INFO - Skipping movie 1734590: could not fetch metadata.
[2026-07-22T11:10:11.573+0000] {logging_mixin.py:190} INFO - Skipping movie 1734593: could not fetch metadata.
[2026-07-22T11:10:11.606+0000] {logging_mixin.py:190} INFO - Skipping movie 1734594: could not fetch metadata.
[2026-07-22T11:10:11.692+0000] {logging_mixin.py:190} INFO - Skipping movie 1734596: could not fetch metadata.
[2026-07-22T11:10:11.703+0000] {logging_mixin.py:190} INFO - Skipping movie 1734597: could not fetch metadata.
[2026-07-22T11:10:11.829+0000] {logging_mixin.py:190} INFO - Skipping movie 1734606: could not fetch metadata.
[2026-07-22T11:10:11.841+0000] {logging_mixin.py:190} INFO - Skipping movie 1734608: could not fetch metadata.
[2026-07-22T11:10:12.113+0000] {logging_mixin.py:190} INFO - Skipping movie 1112027: could not fetch metadata.
[2026-07-22T11:10:12.377+0000] {logging_mixin.py:190} INFO - Skipping movie 1734621: could not fetch metadata.
[2026-07-22T11:10:12.396+0000] {logging_mixin.py:190} INFO - Skipping movie 1734622: could not fetch metadata.
[2026-07-22T11:10:12.869+0000] {logging_mixin.py:190} INFO - Skipping movie 1734603: could not fetch metadata.
[2026-07-22T11:10:12.874+0000] {logging_mixin.py:190} INFO - Skipping movie 1734635: could not fetch metadata.
[2026-07-22T11:10:12.964+0000] {logging_mixin.py:190} INFO - Skipping movie 1734643: could not fetch metadata.
[2026-07-22T11:10:13.041+0000] {logging_mixin.py:190} INFO - Skipping movie 1734647: could not fetch metadata.
[2026-07-22T11:10:13.048+0000] {logging_mixin.py:190} INFO - Skipping movie 1734644: could not fetch metadata.
[2026-07-22T11:10:13.142+0000] {logging_mixin.py:190} INFO - Skipping movie 1734648: could not fetch metadata.
[2026-07-22T11:10:13.206+0000] {logging_mixin.py:190} INFO - Skipping movie 1734651: could not fetch metadata.
[2026-07-22T11:10:13.225+0000] {logging_mixin.py:190} INFO - Skipping movie 1734653: could not fetch metadata.
[2026-07-22T11:10:13.286+0000] {logging_mixin.py:190} INFO - Skipping movie 1734610: could not fetch metadata.
[2026-07-22T11:10:13.330+0000] {logging_mixin.py:190} INFO - Skipping movie 1734655: could not fetch metadata.
[2026-07-22T11:10:13.543+0000] {logging_mixin.py:190} INFO - Skipping movie 1734657: could not fetch metadata.
[2026-07-22T11:10:13.566+0000] {logging_mixin.py:190} INFO - Skipping movie 1734659: could not fetch metadata.
[2026-07-22T11:10:13.588+0000] {logging_mixin.py:190} INFO - Skipping movie 1734613: could not fetch metadata.
[2026-07-22T11:10:13.595+0000] {logging_mixin.py:190} INFO - Skipping movie 1734663: could not fetch metadata.
[2026-07-22T11:10:13.631+0000] {logging_mixin.py:190} INFO - Skipping movie 1734661: could not fetch metadata.
[2026-07-22T11:10:13.632+0000] {logging_mixin.py:190} INFO - Skipping movie 1734677: could not fetch metadata.
[2026-07-22T11:10:13.636+0000] {logging_mixin.py:190} INFO - Skipping movie 1734665: could not fetch metadata.
[2026-07-22T11:10:13.898+0000] {logging_mixin.py:190} INFO - Skipping movie 686123: could not fetch metadata.
[2026-07-22T11:10:14.566+0000] {logging_mixin.py:190} INFO - Skipping movie 1734757: could not fetch metadata.
[2026-07-22T11:10:14.614+0000] {logging_mixin.py:190} INFO - Skipping movie 1734758: could not fetch metadata.
[2026-07-22T11:10:14.701+0000] {logging_mixin.py:190} INFO - Skipping movie 1734761: could not fetch metadata.
[2026-07-22T11:10:14.872+0000] {logging_mixin.py:190} INFO - Skipping movie 1734770: could not fetch metadata.
[2026-07-22T11:10:15.056+0000] {logging_mixin.py:190} INFO - Skipping movie 1734790: could not fetch metadata.
[2026-07-22T11:10:15.068+0000] {logging_mixin.py:190} INFO - Skipping movie 1734791: could not fetch metadata.
[2026-07-22T11:10:15.332+0000] {logging_mixin.py:190} INFO - Skipping movie 1734773: could not fetch metadata.
[2026-07-22T11:10:15.359+0000] {logging_mixin.py:190} INFO - Skipping movie 1734807: could not fetch metadata.
[2026-07-22T11:10:15.495+0000] {logging_mixin.py:190} INFO - Skipping movie 1734810: could not fetch metadata.
[2026-07-22T11:10:15.617+0000] {logging_mixin.py:190} INFO - Skipping movie 1734816: could not fetch metadata.
[2026-07-22T11:10:15.883+0000] {logging_mixin.py:190} INFO - Skipping movie 1734836: could not fetch metadata.
[2026-07-22T11:10:15.897+0000] {logging_mixin.py:190} INFO - Skipping movie 1734840: could not fetch metadata.
[2026-07-22T11:10:16.288+0000] {logging_mixin.py:190} INFO - Skipping movie 1734846: could not fetch metadata.
[2026-07-22T11:10:16.467+0000] {logging_mixin.py:190} INFO - Skipping movie 1734857: could not fetch metadata.
[2026-07-22T11:10:16.916+0000] {logging_mixin.py:190} INFO - Skipping movie 1734870: could not fetch metadata.
[2026-07-22T11:10:16.943+0000] {logging_mixin.py:190} INFO - Skipping movie 1734839: could not fetch metadata.
[2026-07-22T11:10:16.964+0000] {logging_mixin.py:190} INFO - Skipping movie 817366: could not fetch metadata.
[2026-07-22T11:10:17.193+0000] {logging_mixin.py:190} INFO - Skipping movie 1734921: could not fetch metadata.
[2026-07-22T11:10:17.300+0000] {logging_mixin.py:190} INFO - Skipping movie 1734940: could not fetch metadata.
[2026-07-22T11:10:17.476+0000] {logging_mixin.py:190} INFO - Skipping movie 1734965: could not fetch metadata.
[2026-07-22T11:10:17.770+0000] {logging_mixin.py:190} INFO - Skipping movie 1735008: could not fetch metadata.
[2026-07-22T11:10:18.697+0000] {logging_mixin.py:190} INFO - Skipping movie 1735062: could not fetch metadata.
[2026-07-22T11:10:20.534+0000] {logging_mixin.py:190} INFO - Skipping movie 1571279: could not fetch metadata.
[2026-07-22T11:10:21.063+0000] {logging_mixin.py:190} INFO - Skipping movie 1735130: could not fetch metadata.
[2026-07-22T11:10:21.338+0000] {logging_mixin.py:190} INFO - Skipping movie 653796: could not fetch metadata.
[2026-07-22T11:10:21.574+0000] {logging_mixin.py:190} INFO - Skipping movie 1735135: could not fetch metadata.
[2026-07-22T11:10:21.842+0000] {logging_mixin.py:190} INFO - Skipping movie 1735141: could not fetch metadata.
[2026-07-22T11:10:23.526+0000] {logging_mixin.py:190} INFO - Skipping movie 1735191: could not fetch metadata.
[2026-07-22T11:10:23.632+0000] {logging_mixin.py:190} INFO - Skipping movie 1735173: could not fetch metadata.
[2026-07-22T11:10:23.938+0000] {logging_mixin.py:190} INFO - Skipping movie 1735195: could not fetch metadata.
[2026-07-22T11:10:24.498+0000] {logging_mixin.py:190} INFO - Skipping movie 1735210: could not fetch metadata.
[2026-07-22T11:10:25.455+0000] {logging_mixin.py:190} INFO - Skipping movie 1604159: could not fetch metadata.
[2026-07-22T11:10:26.637+0000] {logging_mixin.py:190} INFO - Skipping movie 1735268: could not fetch metadata.
[2026-07-22T11:10:26.858+0000] {logging_mixin.py:190} INFO - Skipping movie 1735280: could not fetch metadata.
[2026-07-22T11:10:27.545+0000] {logging_mixin.py:190} INFO - Skipping movie 1735288: could not fetch metadata.
[2026-07-22T11:10:27.609+0000] {logging_mixin.py:190} INFO - Skipping movie 1735290: could not fetch metadata.
[2026-07-22T11:10:27.956+0000] {logging_mixin.py:190} INFO - Skipping movie 1735298: could not fetch metadata.
[2026-07-22T11:10:29.150+0000] {logging_mixin.py:190} INFO - Skipping movie 1735314: could not fetch metadata.
[2026-07-22T11:10:29.182+0000] {logging_mixin.py:190} INFO - Skipping movie 1735326: could not fetch metadata.
[2026-07-22T11:10:30.066+0000] {logging_mixin.py:190} INFO - Skipping movie 1735352: could not fetch metadata.
[2026-07-22T11:10:30.378+0000] {logging_mixin.py:190} INFO - Skipping movie 1735347: could not fetch metadata.
[2026-07-22T11:10:30.400+0000] {logging_mixin.py:190} INFO - Skipping movie 1735349: could not fetch metadata.
[2026-07-22T11:10:30.678+0000] {logging_mixin.py:190} INFO - Skipping movie 1735351: could not fetch metadata.
[2026-07-22T11:10:30.744+0000] {logging_mixin.py:190} INFO - Skipping movie 1735353: could not fetch metadata.
[2026-07-22T11:10:30.773+0000] {logging_mixin.py:190} INFO - Skipping movie 1735356: could not fetch metadata.
[2026-07-22T11:10:30.963+0000] {logging_mixin.py:190} INFO - Skipping movie 1735363: could not fetch metadata.
[2026-07-22T11:10:31.377+0000] {logging_mixin.py:190} INFO - Skipping movie 1735377: could not fetch metadata.
[2026-07-22T11:10:31.505+0000] {logging_mixin.py:190} INFO - Skipping movie 1735381: could not fetch metadata.
[2026-07-22T11:10:33.653+0000] {logging_mixin.py:190} INFO - Skipping movie 1735431: could not fetch metadata.
[2026-07-22T11:10:34.599+0000] {logging_mixin.py:190} INFO - Skipping movie 1440545: could not fetch metadata.
[2026-07-22T11:10:34.794+0000] {logging_mixin.py:190} INFO - Skipping movie 1440549: could not fetch metadata.
[2026-07-22T11:10:36.612+0000] {logging_mixin.py:190} INFO - Skipping movie 1735504: could not fetch metadata.
[2026-07-22T11:10:37.046+0000] {logging_mixin.py:190} INFO - Skipping movie 1735506: could not fetch metadata.
[2026-07-22T11:10:39.353+0000] {logging_mixin.py:190} INFO - Skipping movie 1735552: could not fetch metadata.
[2026-07-22T11:10:41.845+0000] {logging_mixin.py:190} INFO - Skipping movie 1735590: could not fetch metadata.
[2026-07-22T11:10:47.491+0000] {logging_mixin.py:190} INFO - Skipping movie 1244203: could not fetch metadata.
[2026-07-22T11:10:48.114+0000] {logging_mixin.py:190} INFO - Skipping movie 1735746: could not fetch metadata.
[2026-07-22T11:10:50.680+0000] {logging_mixin.py:190} INFO - Skipping movie 588938: could not fetch metadata.
[2026-07-22T11:10:51.364+0000] {logging_mixin.py:190} INFO - Skipping movie 1735825: could not fetch metadata.
[2026-07-22T11:10:54.581+0000] {logging_mixin.py:190} INFO - Skipping movie 1637713: could not fetch metadata.
[2026-07-22T11:10:54.836+0000] {logging_mixin.py:190} INFO - Skipping movie 1277402: could not fetch metadata.
[2026-07-22T11:10:56.159+0000] {logging_mixin.py:190} INFO - Skipping movie 720654: could not fetch metadata.
[2026-07-22T11:10:56.262+0000] {logging_mixin.py:190} INFO - Skipping movie 1048345: could not fetch metadata.
[2026-07-22T11:10:56.474+0000] {logging_mixin.py:190} INFO - Skipping movie 1572715: could not fetch metadata.
[2026-07-22T11:10:56.712+0000] {logging_mixin.py:190} INFO - Skipping movie 1310676: could not fetch metadata.
[2026-07-22T11:10:57.697+0000] {logging_mixin.py:190} INFO - Skipping movie 1441740: could not fetch metadata.
[2026-07-22T11:10:57.871+0000] {logging_mixin.py:190} INFO - Skipping movie 720869: could not fetch metadata.
[2026-07-22T11:10:59.733+0000] {logging_mixin.py:190} INFO - 2725 movies queued for deep extraction...
[2026-07-22T11:11:14.702+0000] {logging_mixin.py:190} INFO - Skipping deep extraction for movie 1695604: could not fetch data.
[2026-07-22T11:11:20.076+0000] {logging_mixin.py:190} INFO - Skipping deep extraction for movie 903414: could not fetch data.
[2026-07-22T11:11:20.621+0000] {logging_mixin.py:190} INFO - Skipping deep extraction for movie 1160185: could not fetch data.
[2026-07-22T11:11:22.357+0000] {logging_mixin.py:190} INFO - Skipping deep extraction for movie 1460073: could not fetch data.
[2026-07-22T11:11:39.815+0000] {logging_mixin.py:190} INFO - Skipping deep extraction for movie 1697904: could not fetch data.
[2026-07-22T11:12:08.111+0000] {logging_mixin.py:190} INFO - Skipping deep extraction for movie 1656520: could not fetch data.
[2026-07-22T11:12:21.525+0000] {logging_mixin.py:190} INFO - Skipping deep extraction for movie 1721620: could not fetch data.
[2026-07-22T11:12:43.917+0000] {logging_mixin.py:190} INFO - Skipping deep extraction for movie 1726953: could not fetch data.
[2026-07-22T11:12:44.555+0000] {logging_mixin.py:190} INFO - Skipping deep extraction for movie 1728167: could not fetch data.
[2026-07-22T11:12:57.782+0000] {logging_mixin.py:190} INFO - Pipeline finished successfully.
[2026-07-22T11:12:57.783+0000] {python.py:240} INFO - Done. Returned value was: None
[2026-07-22T11:12:57.800+0000] {taskinstance.py:340} INFO - ::group::Post task execution logs
[2026-07-22T11:12:57.801+0000] {taskinstance.py:352} INFO - Marking task as SUCCESS. dag_id=tmdb_incremental_sync, task_id=incremental_sync_pipeline, run_id=scheduled__2026-07-21T00:00:00+00:00, execution_date=20260721T000000, start_date=20260722T055222, end_date=20260722T111257
[2026-07-22T11:12:57.873+0000] {local_task_job_runner.py:261} INFO - Task exited with return code 0
[2026-07-22T11:12:57.900+0000] {taskinstance.py:3891} INFO - 0 downstream tasks scheduled from follow-on schedule check
[2026-07-22T11:12:57.905+0000] {local_task_job_runner.py:240} INFO - ::endgroup::
