[2026-07-21T13:44:25.003+0000] {local_task_job_runner.py:123} INFO - ::group::Pre task execution logs
[2026-07-21T13:44:25.047+0000] {taskinstance.py:2603} INFO - Dependencies all met for dep_context=non-requeueable deps ti=<TaskInstance: tmdb_incremental_sync.incremental_sync_pipeline scheduled__2026-07-20T00:00:00+00:00 [queued]>
[2026-07-21T13:44:25.083+0000] {taskinstance.py:2603} INFO - Dependencies all met for dep_context=requeueable deps ti=<TaskInstance: tmdb_incremental_sync.incremental_sync_pipeline scheduled__2026-07-20T00:00:00+00:00 [queued]>
[2026-07-21T13:44:25.087+0000] {taskinstance.py:2856} INFO - Starting attempt 1 of 3
[2026-07-21T13:44:25.182+0000] {taskinstance.py:2879} INFO - Executing <Task(PythonOperator): incremental_sync_pipeline> on 2026-07-20 00:00:00+00:00
[2026-07-21T13:44:25.217+0000] {logging_mixin.py:190} WARNING - /home/***/.local/lib/python3.12/site-packages/***/task/task_runner/standard_task_runner.py:70 DeprecationWarning: This process (pid=33791) is multi-threaded, use of fork() may lead to deadlocks in the child.
[2026-07-21T13:44:25.222+0000] {standard_task_runner.py:72} INFO - Started process 33792 to run task
[2026-07-21T13:44:25.223+0000] {standard_task_runner.py:104} INFO - Running: ['***', 'tasks', 'run', 'tmdb_incremental_sync', 'incremental_sync_pipeline', 'scheduled__2026-07-20T00:00:00+00:00', '--job-id', '86', '--raw', '--subdir', 'DAGS_FOLDER/tmdb_incremental_sync.py', '--cfg-path', '/tmp/tmpcbmxza4t']
[2026-07-21T13:44:25.246+0000] {standard_task_runner.py:105} INFO - Job 86: Subtask incremental_sync_pipeline
[2026-07-21T13:44:25.461+0000] {task_command.py:467} INFO - Running <TaskInstance: tmdb_incremental_sync.incremental_sync_pipeline scheduled__2026-07-20T00:00:00+00:00 [running]> on host d8c53ec118ae
[2026-07-21T13:44:25.815+0000] {taskinstance.py:3122} INFO - Exporting env vars: AIRFLOW_CTX_DAG_OWNER='***' AIRFLOW_CTX_DAG_ID='tmdb_incremental_sync' AIRFLOW_CTX_TASK_ID='incremental_sync_pipeline' AIRFLOW_CTX_EXECUTION_DATE='2026-07-20T00:00:00+00:00' AIRFLOW_CTX_TRY_NUMBER='1' AIRFLOW_CTX_DAG_RUN_ID='scheduled__2026-07-20T00:00:00+00:00'
[2026-07-21T13:44:25.820+0000] {taskinstance.py:731} INFO - ::endgroup::
[2026-07-21T13:44:25.903+0000] {logging_mixin.py:190} INFO - Starting incremental sync for 2026-07-19 → 2026-07-21...
[2026-07-21T13:44:26.006+0000] {logging_mixin.py:190} INFO - Fetching changes: 2026-07-19 -> 2026-07-21
[2026-07-21T13:45:10.768+0000] {logging_mixin.py:190} INFO - Found 9226 changed IDs. Syncing metadata...
[2026-07-21T13:45:12.090+0000] {logging_mixin.py:190} INFO - Skipping movie 1671185: could not fetch metadata.
[2026-07-21T13:45:12.694+0000] {logging_mixin.py:190} INFO - Skipping movie 294953: could not fetch metadata.
[2026-07-21T13:45:20.253+0000] {logging_mixin.py:190} INFO - Skipping movie 491851: could not fetch metadata.
[2026-07-21T13:45:22.860+0000] {logging_mixin.py:190} INFO - Skipping movie 1278425: could not fetch metadata.
[2026-07-21T13:45:23.018+0000] {logging_mixin.py:190} INFO - Skipping movie 1081731: could not fetch metadata.
[2026-07-21T13:45:27.483+0000] {logging_mixin.py:190} INFO - Skipping movie 426625: could not fetch metadata.
[2026-07-21T13:45:35.258+0000] {logging_mixin.py:190} INFO - Skipping movie 1246153: could not fetch metadata.
[2026-07-21T13:45:38.114+0000] {logging_mixin.py:190} INFO - Skipping movie 1115416: could not fetch metadata.
[2026-07-21T13:45:38.399+0000] {logging_mixin.py:190} INFO - Skipping movie 1705279: could not fetch metadata.
[2026-07-21T13:45:50.371+0000] {logging_mixin.py:190} INFO - Skipping movie 1443851: could not fetch metadata.
[2026-07-21T13:45:53.242+0000] {logging_mixin.py:190} INFO - Skipping movie 1570048: could not fetch metadata.
[2026-07-21T13:45:56.325+0000] {logging_mixin.py:190} INFO - Skipping movie 887237: could not fetch metadata.
[2026-07-21T13:45:56.853+0000] {logging_mixin.py:190} INFO - Skipping movie 1444253: could not fetch metadata.
[2026-07-21T13:45:59.095+0000] {logging_mixin.py:190} INFO - Skipping movie 1477194: could not fetch metadata.
[2026-07-21T13:45:59.684+0000] {logging_mixin.py:190} INFO - Skipping movie 1706649: could not fetch metadata.
[2026-07-21T13:46:00.642+0000] {logging_mixin.py:190} INFO - Skipping movie 1641174: could not fetch metadata.
[2026-07-21T13:46:06.058+0000] {logging_mixin.py:190} INFO - Skipping movie 756834: could not fetch metadata.
[2026-07-21T13:46:08.119+0000] {logging_mixin.py:190} INFO - Skipping movie 1707276: could not fetch metadata.
[2026-07-21T13:46:13.805+0000] {logging_mixin.py:190} INFO - Skipping movie 1019696: could not fetch metadata.
[2026-07-21T13:46:14.125+0000] {logging_mixin.py:190} INFO - Skipping movie 1019714: could not fetch metadata.
[2026-07-21T13:46:14.293+0000] {logging_mixin.py:190} INFO - Skipping movie 1150787: could not fetch metadata.
[2026-07-21T13:46:14.591+0000] {logging_mixin.py:190} INFO - Skipping movie 1019719: could not fetch metadata.
[2026-07-21T13:46:14.607+0000] {logging_mixin.py:190} INFO - Skipping movie 1019724: could not fetch metadata.
[2026-07-21T13:46:14.714+0000] {logging_mixin.py:190} INFO - Skipping movie 1019726: could not fetch metadata.
[2026-07-21T13:46:15.047+0000] {logging_mixin.py:190} INFO - Skipping movie 1019770: could not fetch metadata.
[2026-07-21T13:46:15.208+0000] {logging_mixin.py:190} INFO - Skipping movie 1019785: could not fetch metadata.
[2026-07-21T13:46:15.267+0000] {logging_mixin.py:190} INFO - Skipping movie 1019792: could not fetch metadata.
[2026-07-21T13:46:15.315+0000] {logging_mixin.py:190} INFO - Skipping movie 1019794: could not fetch metadata.
[2026-07-21T13:46:15.438+0000] {logging_mixin.py:190} INFO - Skipping movie 1019798: could not fetch metadata.
[2026-07-21T13:46:15.518+0000] {logging_mixin.py:190} INFO - Skipping movie 1019688: could not fetch metadata.
[2026-07-21T13:46:15.530+0000] {logging_mixin.py:190} INFO - Skipping movie 1019802: could not fetch metadata.
[2026-07-21T13:46:15.729+0000] {logging_mixin.py:190} INFO - Skipping movie 1019697: could not fetch metadata.
[2026-07-21T13:46:17.036+0000] {logging_mixin.py:190} INFO - Skipping movie 1150971: could not fetch metadata.
[2026-07-21T13:46:17.095+0000] {logging_mixin.py:190} INFO - Skipping movie 1249280: could not fetch metadata.
[2026-07-21T13:46:18.108+0000] {logging_mixin.py:190} INFO - Skipping movie 1216644: could not fetch metadata.
[2026-07-21T13:46:18.827+0000] {logging_mixin.py:190} INFO - Skipping movie 790685: could not fetch metadata.
[2026-07-21T13:46:19.478+0000] {logging_mixin.py:190} INFO - Skipping movie 1052920: could not fetch metadata.
[2026-07-21T13:46:21.812+0000] {logging_mixin.py:190} INFO - Skipping movie 1544688: could not fetch metadata.
[2026-07-21T13:46:29.341+0000] {logging_mixin.py:190} INFO - Skipping movie 922906: could not fetch metadata.
[2026-07-21T13:46:31.516+0000] {logging_mixin.py:190} INFO - Skipping movie 1611326: could not fetch metadata.
[2026-07-21T13:46:31.943+0000] {logging_mixin.py:190} INFO - Skipping movie 1447563: could not fetch metadata.
[2026-07-21T13:46:32.128+0000] {logging_mixin.py:190} INFO - Skipping movie 1676951: could not fetch metadata.
[2026-07-21T13:46:35.442+0000] {logging_mixin.py:190} INFO - Skipping movie 1185897: could not fetch metadata.
[2026-07-21T13:46:35.466+0000] {logging_mixin.py:190} INFO - Skipping movie 890987: could not fetch metadata.
[2026-07-21T13:46:35.532+0000] {logging_mixin.py:190} INFO - Skipping movie 890995: could not fetch metadata.
[2026-07-21T13:46:37.322+0000] {logging_mixin.py:190} INFO - Skipping movie 923906: could not fetch metadata.
[2026-07-21T13:46:41.064+0000] {logging_mixin.py:190} INFO - Skipping movie 1219231: could not fetch metadata.
[2026-07-21T13:46:41.416+0000] {logging_mixin.py:190} INFO - Skipping movie 1514204: could not fetch metadata.
[2026-07-21T13:46:41.561+0000] {logging_mixin.py:190} INFO - Skipping movie 1514214: could not fetch metadata.
[2026-07-21T13:46:41.805+0000] {logging_mixin.py:190} INFO - Skipping movie 1612396: could not fetch metadata.
[2026-07-21T13:46:42.589+0000] {logging_mixin.py:190} INFO - Skipping movie 1514121: could not fetch metadata.
[2026-07-21T13:46:43.917+0000] {logging_mixin.py:190} INFO - Skipping movie 1416051: could not fetch metadata.
[2026-07-21T13:46:44.662+0000] {logging_mixin.py:190} INFO - Skipping movie 1514556: could not fetch metadata.
[2026-07-21T13:46:45.266+0000] {logging_mixin.py:190} INFO - Skipping movie 695464: could not fetch metadata.
[2026-07-21T13:46:45.577+0000] {logging_mixin.py:190} INFO - Skipping movie 564406: could not fetch metadata.
[2026-07-21T13:46:45.962+0000] {logging_mixin.py:190} INFO - Skipping movie 859380: could not fetch metadata.
[2026-07-21T13:46:48.121+0000] {logging_mixin.py:190} INFO - Skipping movie 826907: could not fetch metadata.
[2026-07-21T13:46:48.518+0000] {logging_mixin.py:190} INFO - Skipping movie 1154592: could not fetch metadata.
[2026-07-21T13:46:48.873+0000] {logging_mixin.py:190} INFO - Skipping movie 826904: could not fetch metadata.
[2026-07-21T13:46:49.164+0000] {logging_mixin.py:190} INFO - Skipping movie 1733968: could not fetch metadata.
[2026-07-21T13:46:52.510+0000] {logging_mixin.py:190} INFO - Skipping movie 1646561: could not fetch metadata.
[2026-07-21T13:46:52.610+0000] {logging_mixin.py:190} INFO - Skipping movie 1646564: could not fetch metadata.
[2026-07-21T13:46:53.701+0000] {logging_mixin.py:190} INFO - Skipping movie 1646593: could not fetch metadata.
[2026-07-21T13:46:54.755+0000] {logging_mixin.py:190} INFO - Skipping movie 1187946: could not fetch metadata.
[2026-07-21T13:46:55.069+0000] {logging_mixin.py:190} INFO - Skipping movie 991353: could not fetch metadata.
[2026-07-21T13:46:56.509+0000] {logging_mixin.py:190} INFO - Skipping movie 1056957: could not fetch metadata.
[2026-07-21T13:46:57.154+0000] {logging_mixin.py:190} INFO - Skipping movie 1548509: could not fetch metadata.
[2026-07-21T13:46:59.013+0000] {logging_mixin.py:190} INFO - Skipping movie 893307: could not fetch metadata.
[2026-07-21T13:46:59.293+0000] {logging_mixin.py:190} INFO - Skipping movie 762254: could not fetch metadata.
[2026-07-21T13:47:00.261+0000] {logging_mixin.py:190} INFO - Skipping movie 729576: could not fetch metadata.
[2026-07-21T13:47:01.047+0000] {logging_mixin.py:190} INFO - Skipping movie 795135: could not fetch metadata.
[2026-07-21T13:47:01.064+0000] {logging_mixin.py:190} INFO - Skipping movie 1734156: could not fetch metadata.
[2026-07-21T13:47:01.164+0000] {logging_mixin.py:190} INFO - Skipping movie 795137: could not fetch metadata.
[2026-07-21T13:47:03.164+0000] {logging_mixin.py:190} INFO - Skipping movie 991832: could not fetch metadata.
[2026-07-21T13:47:05.282+0000] {logging_mixin.py:190} INFO - Skipping movie 1734206: could not fetch metadata.
[2026-07-21T13:47:06.597+0000] {logging_mixin.py:190} INFO - Skipping movie 1734218: could not fetch metadata.
[2026-07-21T13:47:12.601+0000] {logging_mixin.py:190} INFO - Skipping movie 1582234: could not fetch metadata.
[2026-07-21T13:47:13.942+0000] {logging_mixin.py:190} INFO - Skipping movie 1320135: could not fetch metadata.
[2026-07-21T13:47:15.383+0000] {logging_mixin.py:190} INFO - Skipping movie 1287434: could not fetch metadata.
[2026-07-21T13:47:16.133+0000] {logging_mixin.py:190} INFO - Skipping movie 697642: could not fetch metadata.
[2026-07-21T13:47:17.653+0000] {logging_mixin.py:190} INFO - Skipping movie 1582451: could not fetch metadata.
[2026-07-21T13:47:20.899+0000] {logging_mixin.py:190} INFO - Skipping movie 1680914: could not fetch metadata.
[2026-07-21T13:47:25.192+0000] {logging_mixin.py:190} INFO - Skipping movie 992892: could not fetch metadata.
[2026-07-21T13:47:25.604+0000] {logging_mixin.py:190} INFO - Skipping movie 1604159: could not fetch metadata.
[2026-07-21T13:47:28.580+0000] {logging_mixin.py:190} INFO - Skipping movie 894891: could not fetch metadata.
[2026-07-21T13:47:30.008+0000] {logging_mixin.py:190} INFO - Skipping movie 1255396: could not fetch metadata.
[2026-07-21T13:47:30.723+0000] {logging_mixin.py:190} INFO - Skipping movie 1615840: could not fetch metadata.
[2026-07-21T13:47:40.237+0000] {logging_mixin.py:190} INFO - Skipping movie 1026570: could not fetch metadata.
[2026-07-21T13:47:42.296+0000] {logging_mixin.py:190} INFO - Skipping movie 1518212: could not fetch metadata.
[2026-07-21T13:47:42.984+0000] {logging_mixin.py:190} INFO - Skipping movie 1714828: could not fetch metadata.
[2026-07-21T13:47:43.245+0000] {logging_mixin.py:190} INFO - Skipping movie 1734597: could not fetch metadata.
[2026-07-21T13:47:44.960+0000] {logging_mixin.py:190} INFO - Skipping movie 1223451: could not fetch metadata.
[2026-07-21T13:47:47.939+0000] {logging_mixin.py:190} INFO - Skipping movie 1092526: could not fetch metadata.
[2026-07-21T13:47:48.044+0000] {logging_mixin.py:190} INFO - Skipping movie 1092529: could not fetch metadata.
[2026-07-21T13:47:53.930+0000] {logging_mixin.py:190} INFO - Skipping movie 1518889: could not fetch metadata.
[2026-07-21T13:47:54.350+0000] {logging_mixin.py:190} INFO - Skipping movie 1518893: could not fetch metadata.
[2026-07-21T13:47:57.979+0000] {logging_mixin.py:190} INFO - Skipping movie 994802: could not fetch metadata.
[2026-07-21T13:47:58.961+0000] {logging_mixin.py:190} INFO - Skipping movie 1715756: could not fetch metadata.
[2026-07-21T13:48:00.332+0000] {logging_mixin.py:190} INFO - Skipping movie 863801: could not fetch metadata.
[2026-07-21T13:48:02.793+0000] {logging_mixin.py:190} INFO - Skipping movie 994991: could not fetch metadata.
[2026-07-21T13:48:04.487+0000] {logging_mixin.py:190} INFO - Skipping movie 896804: could not fetch metadata.
[2026-07-21T13:48:09.465+0000] {logging_mixin.py:190} INFO - Skipping movie 1683505: could not fetch metadata.
[2026-07-21T13:48:09.511+0000] {logging_mixin.py:190} INFO - Skipping movie 1388537: could not fetch metadata.
[2026-07-21T13:48:09.727+0000] {logging_mixin.py:190} INFO - Skipping movie 1388622: could not fetch metadata.
[2026-07-21T13:48:09.872+0000] {logging_mixin.py:190} INFO - Skipping movie 1388635: could not fetch metadata.
[2026-07-21T13:48:10.038+0000] {logging_mixin.py:190} INFO - Skipping movie 1388654: could not fetch metadata.
[2026-07-21T13:48:10.194+0000] {logging_mixin.py:190} INFO - Skipping movie 1683576: could not fetch metadata.
[2026-07-21T13:48:12.903+0000] {logging_mixin.py:190} INFO - Skipping movie 1683729: could not fetch metadata.
[2026-07-21T13:48:15.458+0000] {logging_mixin.py:190} INFO - Skipping movie 1454432: could not fetch metadata.
[2026-07-21T13:48:15.875+0000] {logging_mixin.py:190} INFO - Skipping movie 1454429: could not fetch metadata.
[2026-07-21T13:48:17.371+0000] {logging_mixin.py:190} INFO - Skipping movie 995967: could not fetch metadata.
[2026-07-21T13:48:19.139+0000] {logging_mixin.py:190} INFO - Skipping movie 1160073: could not fetch metadata.
[2026-07-21T13:48:19.443+0000] {logging_mixin.py:190} INFO - Skipping movie 1225591: could not fetch metadata.
[2026-07-21T13:48:20.836+0000] {logging_mixin.py:190} INFO - Skipping movie 832510: could not fetch metadata.
[2026-07-21T13:48:23.901+0000] {logging_mixin.py:190} INFO - Skipping movie 1586458: could not fetch metadata.
[2026-07-21T13:48:24.003+0000] {logging_mixin.py:190} INFO - Skipping movie 1735135: could not fetch metadata.
[2026-07-21T13:48:24.313+0000] {logging_mixin.py:190} INFO - Skipping movie 1389909: could not fetch metadata.
[2026-07-21T13:48:25.244+0000] {logging_mixin.py:190} INFO - Skipping movie 1291672: could not fetch metadata.
[2026-07-21T13:48:25.393+0000] {logging_mixin.py:190} INFO - Skipping movie 1684859: could not fetch metadata.
[2026-07-21T13:48:26.623+0000] {logging_mixin.py:190} INFO - Skipping movie 1685054: could not fetch metadata.
[2026-07-21T13:48:28.067+0000] {logging_mixin.py:190} INFO - Skipping movie 1455778: could not fetch metadata.
[2026-07-21T13:48:31.831+0000] {logging_mixin.py:190} INFO - Skipping movie 79882: could not fetch metadata.
[2026-07-21T13:48:32.461+0000] {logging_mixin.py:190} INFO - Skipping movie 1685602: could not fetch metadata.
[2026-07-21T13:48:32.784+0000] {logging_mixin.py:190} INFO - Skipping movie 1587326: could not fetch metadata.
[2026-07-21T13:48:37.924+0000] {logging_mixin.py:190} INFO - Skipping movie 1718911: could not fetch metadata.
[2026-07-21T13:48:39.178+0000] {logging_mixin.py:190} INFO - Skipping movie 899836: could not fetch metadata.
[2026-07-21T13:48:40.358+0000] {logging_mixin.py:190} INFO - Skipping movie 1653578: could not fetch metadata.
[2026-07-21T13:48:41.036+0000] {logging_mixin.py:190} INFO - Skipping movie 1358824: could not fetch metadata.
[2026-07-21T13:48:42.115+0000] {logging_mixin.py:190} INFO - Skipping movie 1522778: could not fetch metadata.
[2026-07-21T13:48:43.682+0000] {logging_mixin.py:190} INFO - Skipping movie 638078: could not fetch metadata.
[2026-07-21T13:48:45.190+0000] {logging_mixin.py:190} INFO - Skipping movie 1391981: could not fetch metadata.
[2026-07-21T13:48:49.016+0000] {logging_mixin.py:190} INFO - Skipping movie 1621781: could not fetch metadata.
[2026-07-21T13:48:49.208+0000] {logging_mixin.py:190} INFO - Skipping movie 1621762: could not fetch metadata.
[2026-07-21T13:48:49.440+0000] {logging_mixin.py:190} INFO - Skipping movie 1097372: could not fetch metadata.
[2026-07-21T13:48:51.072+0000] {logging_mixin.py:190} INFO - Skipping movie 1425365: could not fetch metadata.
[2026-07-21T13:48:51.078+0000] {logging_mixin.py:190} INFO - Skipping movie 1425377: could not fetch metadata.
[2026-07-21T13:48:54.294+0000] {logging_mixin.py:190} INFO - Skipping movie 1622172: could not fetch metadata.
[2026-07-21T13:48:55.421+0000] {logging_mixin.py:190} INFO - Skipping movie 966943: could not fetch metadata.
[2026-07-21T13:48:59.035+0000] {logging_mixin.py:190} INFO - Skipping movie 1131058: could not fetch metadata.
[2026-07-21T13:48:59.134+0000] {logging_mixin.py:190} INFO - Skipping movie 1688170: could not fetch metadata.
[2026-07-21T13:48:59.453+0000] {logging_mixin.py:190} INFO - Skipping movie 1196622: could not fetch metadata.
[2026-07-21T13:49:01.660+0000] {logging_mixin.py:190} INFO - Skipping movie 934653: could not fetch metadata.
[2026-07-21T13:49:03.382+0000] {logging_mixin.py:190} INFO - Skipping movie 1229708: could not fetch metadata.
[2026-07-21T13:49:04.776+0000] {logging_mixin.py:190} INFO - Skipping movie 1524721: could not fetch metadata.
[2026-07-21T13:49:05.562+0000] {logging_mixin.py:190} INFO - Skipping movie 1721412: could not fetch metadata.
[2026-07-21T13:49:07.374+0000] {logging_mixin.py:190} INFO - Skipping movie 1328267: could not fetch metadata.
[2026-07-21T13:49:09.891+0000] {logging_mixin.py:190} INFO - Skipping movie 1721620: could not fetch metadata.
[2026-07-21T13:49:12.525+0000] {logging_mixin.py:190} INFO - Skipping movie 1590672: could not fetch metadata.
[2026-07-21T13:49:13.180+0000] {logging_mixin.py:190} INFO - Skipping movie 1590693: could not fetch metadata.
[2026-07-21T13:49:14.235+0000] {logging_mixin.py:190} INFO - Skipping movie 378403: could not fetch metadata.
[2026-07-21T13:49:17.310+0000] {logging_mixin.py:190} INFO - Skipping movie 1656659: could not fetch metadata.
[2026-07-21T13:49:20.097+0000] {logging_mixin.py:190} INFO - Skipping movie 1689642: could not fetch metadata.
[2026-07-21T13:49:21.117+0000] {logging_mixin.py:190} INFO - Skipping movie 1689752: could not fetch metadata.
[2026-07-21T13:49:21.378+0000] {logging_mixin.py:190} INFO - Skipping movie 1689754: could not fetch metadata.
[2026-07-21T13:49:26.644+0000] {logging_mixin.py:190} INFO - Skipping movie 1526253: could not fetch metadata.
[2026-07-21T13:49:26.673+0000] {logging_mixin.py:190} INFO - Skipping movie 1296862: could not fetch metadata.
[2026-07-21T13:49:31.108+0000] {logging_mixin.py:190} INFO - Skipping movie 1526392: could not fetch metadata.
[2026-07-21T13:49:32.255+0000] {logging_mixin.py:190} INFO - Skipping movie 1362646: could not fetch metadata.
[2026-07-21T13:49:32.737+0000] {logging_mixin.py:190} INFO - Skipping movie 1493759: could not fetch metadata.
[2026-07-21T13:49:34.515+0000] {logging_mixin.py:190} INFO - Skipping movie 740230: could not fetch metadata.
[2026-07-21T13:49:39.522+0000] {logging_mixin.py:190} INFO - Skipping movie 281749: could not fetch metadata.
[2026-07-21T13:49:40.824+0000] {logging_mixin.py:190} INFO - Skipping movie 1559743: could not fetch metadata.
[2026-07-21T13:49:41.710+0000] {logging_mixin.py:190} INFO - Skipping movie 1559741: could not fetch metadata.
[2026-07-21T13:49:42.618+0000] {logging_mixin.py:190} INFO - Skipping movie 1461551: could not fetch metadata.
[2026-07-21T13:49:43.165+0000] {logging_mixin.py:190} INFO - Skipping movie 1723732: could not fetch metadata.
[2026-07-21T13:49:43.166+0000] {logging_mixin.py:190} INFO - Skipping movie 1428833: could not fetch metadata.
[2026-07-21T13:49:43.211+0000] {logging_mixin.py:190} INFO - Skipping movie 544099: could not fetch metadata.
[2026-07-21T13:49:50.014+0000] {logging_mixin.py:190} INFO - Skipping movie 1592983: could not fetch metadata.
[2026-07-21T13:49:52.755+0000] {logging_mixin.py:190} INFO - Skipping movie 937804: could not fetch metadata.
[2026-07-21T13:49:53.117+0000] {logging_mixin.py:190} INFO - Skipping movie 1167246: could not fetch metadata.
[2026-07-21T13:49:53.580+0000] {logging_mixin.py:190} INFO - Skipping movie 937951: could not fetch metadata.
[2026-07-21T13:49:55.205+0000] {logging_mixin.py:190} INFO - Skipping movie 1593329: could not fetch metadata.
[2026-07-21T13:49:56.320+0000] {logging_mixin.py:190} INFO - Skipping movie 1233146: could not fetch metadata.
[2026-07-21T13:49:58.443+0000] {logging_mixin.py:190} INFO - Skipping movie 1724828: could not fetch metadata.
[2026-07-21T13:49:59.666+0000] {logging_mixin.py:190} INFO - Skipping movie 1593925: could not fetch metadata.
[2026-07-21T13:50:07.418+0000] {logging_mixin.py:190} INFO - Skipping movie 1659619: could not fetch metadata.
[2026-07-21T13:50:10.559+0000] {logging_mixin.py:190} INFO - Skipping movie 381881: could not fetch metadata.
[2026-07-21T13:50:12.295+0000] {logging_mixin.py:190} INFO - Skipping movie 283750: could not fetch metadata.
[2026-07-21T13:50:12.489+0000] {logging_mixin.py:190} INFO - Skipping movie 1266815: could not fetch metadata.
[2026-07-21T13:50:13.938+0000] {logging_mixin.py:190} INFO - Skipping movie 447802: could not fetch metadata.
[2026-07-21T13:50:14.685+0000] {logging_mixin.py:190} INFO - Skipping movie 1725776: could not fetch metadata.
[2026-07-21T13:50:18.563+0000] {logging_mixin.py:190} INFO - Skipping movie 1398635: could not fetch metadata.
[2026-07-21T13:50:20.199+0000] {logging_mixin.py:190} INFO - Skipping movie 1169542: could not fetch metadata.
[2026-07-21T13:50:20.428+0000] {logging_mixin.py:190} INFO - Skipping movie 1398922: could not fetch metadata.
[2026-07-21T13:50:20.899+0000] {logging_mixin.py:190} INFO - Skipping movie 1693918: could not fetch metadata.
[2026-07-21T13:50:21.380+0000] {logging_mixin.py:190} INFO - Skipping movie 1693924: could not fetch metadata.
[2026-07-21T13:50:21.673+0000] {logging_mixin.py:190} INFO - Skipping movie 678247: could not fetch metadata.
[2026-07-21T13:50:23.379+0000] {logging_mixin.py:190} INFO - Skipping movie 1694381: could not fetch metadata.
[2026-07-21T13:50:23.500+0000] {logging_mixin.py:190} INFO - Skipping movie 1694401: could not fetch metadata.
[2026-07-21T13:50:25.774+0000] {logging_mixin.py:190} INFO - Skipping movie 1727562: could not fetch metadata.
[2026-07-21T13:50:26.925+0000] {logging_mixin.py:190} INFO - Skipping movie 1268982: could not fetch metadata.
[2026-07-21T13:50:27.625+0000] {logging_mixin.py:190} INFO - Skipping movie 1301902: could not fetch metadata.
[2026-07-21T13:50:29.336+0000] {logging_mixin.py:190} INFO - Skipping movie 450096: could not fetch metadata.
[2026-07-21T13:50:29.414+0000] {logging_mixin.py:190} INFO - Skipping movie 1629745: could not fetch metadata.
[2026-07-21T13:50:30.109+0000] {logging_mixin.py:190} INFO - Skipping movie 1531559: could not fetch metadata.
[2026-07-21T13:50:30.151+0000] {logging_mixin.py:190} INFO - Skipping movie 1112010: could not fetch metadata.
[2026-07-21T13:50:33.343+0000] {logging_mixin.py:190} INFO - Skipping movie 1242364: could not fetch metadata.
[2026-07-21T13:50:33.472+0000] {logging_mixin.py:190} INFO - Skipping movie 1269913: could not fetch metadata.
[2026-07-21T13:50:34.119+0000] {logging_mixin.py:190} INFO - Skipping movie 1499346: could not fetch metadata.
[2026-07-21T13:50:36.334+0000] {logging_mixin.py:190} INFO - Skipping movie 1564989: could not fetch metadata.
[2026-07-21T13:50:37.516+0000] {logging_mixin.py:190} INFO - Skipping movie 1729068: could not fetch metadata.
[2026-07-21T13:50:40.507+0000] {logging_mixin.py:190} INFO - Skipping movie 1696562: could not fetch metadata.
[2026-07-21T13:50:40.927+0000] {logging_mixin.py:190} INFO - Skipping movie 1729385: could not fetch metadata.
[2026-07-21T13:50:41.054+0000] {logging_mixin.py:190} INFO - Skipping movie 1434497: could not fetch metadata.
[2026-07-21T13:50:41.328+0000] {logging_mixin.py:190} INFO - Skipping movie 1336254: could not fetch metadata.
[2026-07-21T13:50:42.312+0000] {logging_mixin.py:190} INFO - Skipping movie 1532947: could not fetch metadata.
[2026-07-21T13:50:42.736+0000] {logging_mixin.py:190} INFO - Skipping movie 779336: could not fetch metadata.
[2026-07-21T13:50:49.572+0000] {logging_mixin.py:190} INFO - Skipping movie 976579: could not fetch metadata.
[2026-07-21T13:50:50.052+0000] {logging_mixin.py:190} INFO - Skipping movie 1173297: could not fetch metadata.
[2026-07-21T13:50:50.165+0000] {logging_mixin.py:190} INFO - Skipping movie 1173301: could not fetch metadata.
[2026-07-21T13:50:51.371+0000] {logging_mixin.py:190} INFO - Skipping movie 1599435: could not fetch metadata.
[2026-07-21T13:50:51.638+0000] {logging_mixin.py:190} INFO - Skipping movie 1632242: could not fetch metadata.
[2026-07-21T13:50:51.878+0000] {logging_mixin.py:190} INFO - Skipping movie 1632285: could not fetch metadata.
[2026-07-21T13:50:51.966+0000] {logging_mixin.py:190} INFO - Skipping movie 1632300: could not fetch metadata.
[2026-07-21T13:50:52.142+0000] {logging_mixin.py:190} INFO - Skipping movie 944179: could not fetch metadata.
[2026-07-21T13:50:52.270+0000] {logging_mixin.py:190} INFO - Skipping movie 1697825: could not fetch metadata.
[2026-07-21T13:50:52.916+0000] {logging_mixin.py:190} INFO - Skipping movie 1632293: could not fetch metadata.
[2026-07-21T13:50:53.018+0000] {logging_mixin.py:190} INFO - Skipping movie 1730714: could not fetch metadata.
[2026-07-21T13:50:53.155+0000] {logging_mixin.py:190} INFO - Skipping movie 1730723: could not fetch metadata.
[2026-07-21T13:50:53.213+0000] {logging_mixin.py:190} INFO - Skipping movie 1730727: could not fetch metadata.
[2026-07-21T13:50:53.238+0000] {logging_mixin.py:190} INFO - Skipping movie 1730731: could not fetch metadata.
[2026-07-21T13:50:53.517+0000] {logging_mixin.py:190} INFO - Skipping movie 1534171: could not fetch metadata.
[2026-07-21T13:50:56.826+0000] {logging_mixin.py:190} INFO - Skipping movie 1665559: could not fetch metadata.
[2026-07-21T13:50:57.073+0000] {logging_mixin.py:190} INFO - Skipping movie 1600035: could not fetch metadata.
[2026-07-21T13:50:58.597+0000] {logging_mixin.py:190} INFO - Skipping movie 1338105: could not fetch metadata.
[2026-07-21T13:51:01.853+0000] {logging_mixin.py:190} INFO - Skipping movie 1731567: could not fetch metadata.
[2026-07-21T13:51:01.963+0000] {logging_mixin.py:190} INFO - Skipping movie 1731577: could not fetch metadata.
[2026-07-21T13:51:02.439+0000] {logging_mixin.py:190} INFO - Skipping movie 945221: could not fetch metadata.
[2026-07-21T13:51:04.293+0000] {logging_mixin.py:190} INFO - Skipping movie 1633535: could not fetch metadata.
[2026-07-21T13:51:04.458+0000] {logging_mixin.py:190} INFO - Skipping movie 1207563: could not fetch metadata.
[2026-07-21T13:51:05.306+0000] {logging_mixin.py:190} INFO - Skipping movie 1568045: could not fetch metadata.
[2026-07-21T13:51:05.854+0000] {logging_mixin.py:190} INFO - Skipping movie 1568140: could not fetch metadata.
[2026-07-21T13:51:06.479+0000] {logging_mixin.py:190} INFO - Skipping movie 1469889: could not fetch metadata.
[2026-07-21T13:51:06.980+0000] {logging_mixin.py:190} INFO - Skipping movie 1732104: could not fetch metadata.
[2026-07-21T13:51:08.527+0000] {logging_mixin.py:190} INFO - Skipping movie 1240721: could not fetch metadata.
[2026-07-21T13:51:11.270+0000] {logging_mixin.py:190} INFO - Skipping movie 1732607: could not fetch metadata.
[2026-07-21T13:51:11.274+0000] {logging_mixin.py:190} INFO - Skipping movie 1503278: could not fetch metadata.
[2026-07-21T13:51:12.567+0000] {logging_mixin.py:190} INFO - Skipping movie 1732816: could not fetch metadata.
[2026-07-21T13:51:13.543+0000] {logging_mixin.py:190} INFO - Skipping movie 1732927: could not fetch metadata.
[2026-07-21T13:51:13.893+0000] {logging_mixin.py:190} INFO - Skipping movie 1438050: could not fetch metadata.
[2026-07-21T13:51:14.172+0000] {logging_mixin.py:190} INFO - Skipping movie 1373484: could not fetch metadata.
[2026-07-21T13:51:14.669+0000] {logging_mixin.py:190} INFO - Skipping movie 1733057: could not fetch metadata.
[2026-07-21T13:51:15.374+0000] {logging_mixin.py:190} INFO - Skipping movie 1733109: could not fetch metadata.
[2026-07-21T13:51:16.591+0000] {logging_mixin.py:190} INFO - Skipping movie 1733227: could not fetch metadata.
[2026-07-21T13:51:17.490+0000] {logging_mixin.py:190} INFO - Skipping movie 1438432: could not fetch metadata.
[2026-07-21T13:51:18.184+0000] {logging_mixin.py:190} INFO - Skipping movie 1733412: could not fetch metadata.
[2026-07-21T13:51:18.498+0000] {logging_mixin.py:190} INFO - Skipping movie 62290: could not fetch metadata.
[2026-07-21T13:51:18.672+0000] {logging_mixin.py:190} INFO - Skipping movie 1733473: could not fetch metadata.
[2026-07-21T13:51:18.678+0000] {logging_mixin.py:190} INFO - Skipping movie 1241951: could not fetch metadata.
[2026-07-21T13:51:18.806+0000] {logging_mixin.py:190} INFO - Skipping movie 1733479: could not fetch metadata.
[2026-07-21T13:51:18.833+0000] {logging_mixin.py:190} INFO - Skipping movie 1733481: could not fetch metadata.
[2026-07-21T13:51:19.072+0000] {logging_mixin.py:190} INFO - Skipping movie 1733502: could not fetch metadata.
[2026-07-21T13:51:19.143+0000] {logging_mixin.py:190} INFO - Skipping movie 1143683: could not fetch metadata.
[2026-07-21T13:51:19.242+0000] {logging_mixin.py:190} INFO - Skipping movie 1733485: could not fetch metadata.
[2026-07-21T13:51:19.698+0000] {logging_mixin.py:190} INFO - Skipping movie 1733553: could not fetch metadata.
[2026-07-21T13:51:19.965+0000] {logging_mixin.py:190} INFO - Skipping movie 1733579: could not fetch metadata.
[2026-07-21T13:51:20.126+0000] {logging_mixin.py:190} INFO - Skipping movie 1733598: could not fetch metadata.
[2026-07-21T13:51:20.137+0000] {logging_mixin.py:190} INFO - Skipping movie 1733599: could not fetch metadata.
[2026-07-21T13:51:20.162+0000] {logging_mixin.py:190} INFO - Skipping movie 1733605: could not fetch metadata.
[2026-07-21T13:51:20.345+0000] {logging_mixin.py:190} INFO - Skipping movie 1733613: could not fetch metadata.
[2026-07-21T13:51:21.083+0000] {logging_mixin.py:190} INFO - Skipping movie 1733684: could not fetch metadata.
[2026-07-21T13:51:21.316+0000] {logging_mixin.py:190} INFO - Skipping movie 1733697: could not fetch metadata.
[2026-07-21T13:51:21.331+0000] {logging_mixin.py:190} INFO - Skipping movie 1733703: could not fetch metadata.
[2026-07-21T13:51:21.489+0000] {logging_mixin.py:190} INFO - Skipping movie 1733712: could not fetch metadata.
[2026-07-21T13:51:21.698+0000] {logging_mixin.py:190} INFO - Skipping movie 1733733: could not fetch metadata.
[2026-07-21T13:51:22.137+0000] {logging_mixin.py:190} INFO - Skipping movie 1733758: could not fetch metadata.
[2026-07-21T13:51:22.187+0000] {logging_mixin.py:190} INFO - Skipping movie 1733759: could not fetch metadata.
[2026-07-21T13:51:22.449+0000] {logging_mixin.py:190} INFO - Skipping movie 1733760: could not fetch metadata.
[2026-07-21T13:51:22.532+0000] {logging_mixin.py:190} INFO - Skipping movie 1733765: could not fetch metadata.
[2026-07-21T13:51:22.533+0000] {logging_mixin.py:190} INFO - Skipping movie 1733768: could not fetch metadata.
[2026-07-21T13:51:22.877+0000] {logging_mixin.py:190} INFO - Skipping movie 1078411: could not fetch metadata.
[2026-07-21T13:51:22.908+0000] {logging_mixin.py:190} INFO - Skipping movie 1733771: could not fetch metadata.
[2026-07-21T13:51:23.269+0000] {logging_mixin.py:190} INFO - Skipping movie 1733786: could not fetch metadata.
[2026-07-21T13:51:23.451+0000] {logging_mixin.py:190} INFO - Skipping movie 1733793: could not fetch metadata.
[2026-07-21T13:51:23.597+0000] {logging_mixin.py:190} INFO - Skipping movie 1733800: could not fetch metadata.
[2026-07-21T13:51:23.696+0000] {logging_mixin.py:190} INFO - Skipping movie 1733804: could not fetch metadata.
[2026-07-21T13:51:24.525+0000] {logging_mixin.py:190} INFO - Skipping movie 1733838: could not fetch metadata.
[2026-07-21T13:51:24.586+0000] {logging_mixin.py:190} INFO - Skipping movie 1733845: could not fetch metadata.
[2026-07-21T13:51:24.614+0000] {logging_mixin.py:190} INFO - Skipping movie 1733840: could not fetch metadata.
[2026-07-21T13:51:24.716+0000] {logging_mixin.py:190} INFO - Skipping movie 1733853: could not fetch metadata.
[2026-07-21T13:51:24.799+0000] {logging_mixin.py:190} INFO - Skipping movie 1733850: could not fetch metadata.
[2026-07-21T13:51:25.113+0000] {logging_mixin.py:190} INFO - Skipping movie 1733873: could not fetch metadata.
[2026-07-21T13:51:25.171+0000] {logging_mixin.py:190} INFO - Skipping movie 1733874: could not fetch metadata.
[2026-07-21T13:51:25.249+0000] {logging_mixin.py:190} INFO - Skipping movie 1733880: could not fetch metadata.
[2026-07-21T13:51:25.260+0000] {logging_mixin.py:190} INFO - Skipping movie 1733878: could not fetch metadata.
[2026-07-21T13:51:25.376+0000] {logging_mixin.py:190} INFO - Skipping movie 1733883: could not fetch metadata.
[2026-07-21T13:51:25.378+0000] {logging_mixin.py:190} INFO - Skipping movie 1733885: could not fetch metadata.
[2026-07-21T13:51:25.379+0000] {logging_mixin.py:190} INFO - Skipping movie 1733882: could not fetch metadata.
[2026-07-21T13:51:25.414+0000] {logging_mixin.py:190} INFO - Skipping movie 1733886: could not fetch metadata.
[2026-07-21T13:51:25.439+0000] {logging_mixin.py:190} INFO - Skipping movie 1733888: could not fetch metadata.
[2026-07-21T13:51:25.486+0000] {logging_mixin.py:190} INFO - Skipping movie 1733889: could not fetch metadata.
[2026-07-21T13:51:25.641+0000] {logging_mixin.py:190} INFO - Skipping movie 1733893: could not fetch metadata.
[2026-07-21T13:51:25.697+0000] {logging_mixin.py:190} INFO - Skipping movie 1733894: could not fetch metadata.
[2026-07-21T13:51:25.708+0000] {logging_mixin.py:190} INFO - Skipping movie 1733895: could not fetch metadata.
[2026-07-21T13:51:25.735+0000] {logging_mixin.py:190} INFO - Skipping movie 1733897: could not fetch metadata.
[2026-07-21T13:51:25.744+0000] {logging_mixin.py:190} INFO - Skipping movie 1733898: could not fetch metadata.
[2026-07-21T13:51:25.778+0000] {logging_mixin.py:190} INFO - Skipping movie 1733900: could not fetch metadata.
[2026-07-21T13:51:25.847+0000] {logging_mixin.py:190} INFO - Skipping movie 1733901: could not fetch metadata.
[2026-07-21T13:51:25.937+0000] {logging_mixin.py:190} INFO - Skipping movie 1733902: could not fetch metadata.
[2026-07-21T13:51:25.980+0000] {logging_mixin.py:190} INFO - Skipping movie 1733907: could not fetch metadata.
[2026-07-21T13:51:26.243+0000] {logging_mixin.py:190} INFO - Skipping movie 1733917: could not fetch metadata.
[2026-07-21T13:51:26.269+0000] {logging_mixin.py:190} INFO - Skipping movie 1733914: could not fetch metadata.
[2026-07-21T13:51:26.428+0000] {logging_mixin.py:190} INFO - Skipping movie 1733923: could not fetch metadata.
[2026-07-21T13:51:26.529+0000] {logging_mixin.py:190} INFO - Skipping movie 1733926: could not fetch metadata.
[2026-07-21T13:51:27.207+0000] {logging_mixin.py:190} INFO - Skipping movie 1733957: could not fetch metadata.
[2026-07-21T13:51:28.311+0000] {logging_mixin.py:190} INFO - Skipping movie 1734004: could not fetch metadata.
[2026-07-21T13:51:28.566+0000] {logging_mixin.py:190} INFO - Skipping movie 1734017: could not fetch metadata.
[2026-07-21T13:51:28.661+0000] {logging_mixin.py:190} INFO - Skipping movie 1734024: could not fetch metadata.
[2026-07-21T13:51:28.701+0000] {logging_mixin.py:190} INFO - Skipping movie 1734026: could not fetch metadata.
[2026-07-21T13:51:28.786+0000] {logging_mixin.py:190} INFO - Skipping movie 1734030: could not fetch metadata.
[2026-07-21T13:51:30.106+0000] {logging_mixin.py:190} INFO - Skipping movie 1734082: could not fetch metadata.
[2026-07-21T13:51:30.167+0000] {logging_mixin.py:190} INFO - Skipping movie 1701317: could not fetch metadata.
[2026-07-21T13:51:30.835+0000] {logging_mixin.py:190} INFO - Skipping movie 1734103: could not fetch metadata.
[2026-07-21T13:51:31.004+0000] {logging_mixin.py:190} INFO - Skipping movie 1734111: could not fetch metadata.
[2026-07-21T13:51:31.805+0000] {logging_mixin.py:190} INFO - Skipping movie 1734144: could not fetch metadata.
[2026-07-21T13:51:31.877+0000] {logging_mixin.py:190} INFO - Skipping movie 1734148: could not fetch metadata.
[2026-07-21T13:51:32.152+0000] {logging_mixin.py:190} INFO - Skipping movie 1734157: could not fetch metadata.
[2026-07-21T13:51:32.155+0000] {logging_mixin.py:190} INFO - Skipping movie 1734150: could not fetch metadata.
[2026-07-21T13:51:32.860+0000] {logging_mixin.py:190} INFO - Skipping movie 1734177: could not fetch metadata.
[2026-07-21T13:51:33.462+0000] {logging_mixin.py:190} INFO - Skipping movie 1734202: could not fetch metadata.
[2026-07-21T13:51:34.037+0000] {logging_mixin.py:190} INFO - Skipping movie 1734223: could not fetch metadata.
[2026-07-21T13:51:34.135+0000] {logging_mixin.py:190} INFO - Skipping movie 1734230: could not fetch metadata.
[2026-07-21T13:51:35.639+0000] {logging_mixin.py:190} INFO - Skipping movie 1734291: could not fetch metadata.
[2026-07-21T13:51:35.640+0000] {logging_mixin.py:190} INFO - Skipping movie 1701518: could not fetch metadata.
[2026-07-21T13:51:36.170+0000] {logging_mixin.py:190} INFO - Skipping movie 1734301: could not fetch metadata.
[2026-07-21T13:51:36.308+0000] {logging_mixin.py:190} INFO - Skipping movie 1734303: could not fetch metadata.
[2026-07-21T13:51:37.545+0000] {logging_mixin.py:190} INFO - Skipping movie 1734349: could not fetch metadata.
[2026-07-21T13:51:37.621+0000] {logging_mixin.py:190} INFO - Skipping movie 1734353: could not fetch metadata.
[2026-07-21T13:51:37.687+0000] {logging_mixin.py:190} INFO - Skipping movie 1734360: could not fetch metadata.
[2026-07-21T13:51:37.775+0000] {logging_mixin.py:190} INFO - Skipping movie 1734359: could not fetch metadata.
[2026-07-21T13:51:37.901+0000] {logging_mixin.py:190} INFO - Skipping movie 1734365: could not fetch metadata.
[2026-07-21T13:51:37.983+0000] {logging_mixin.py:190} INFO - Skipping movie 1734367: could not fetch metadata.
[2026-07-21T13:51:38.821+0000] {logging_mixin.py:190} INFO - Skipping movie 1734403: could not fetch metadata.
[2026-07-21T13:51:39.406+0000] {logging_mixin.py:190} INFO - Skipping movie 1734419: could not fetch metadata.
[2026-07-21T13:51:40.299+0000] {logging_mixin.py:190} INFO - Skipping movie 1734440: could not fetch metadata.
[2026-07-21T13:51:40.425+0000] {logging_mixin.py:190} INFO - Skipping movie 1734442: could not fetch metadata.
[2026-07-21T13:51:40.427+0000] {logging_mixin.py:190} INFO - Skipping movie 1734443: could not fetch metadata.
[2026-07-21T13:51:40.566+0000] {logging_mixin.py:190} INFO - Skipping movie 1734446: could not fetch metadata.
[2026-07-21T13:51:44.031+0000] {logging_mixin.py:190} INFO - Skipping movie 1734536: could not fetch metadata.
[2026-07-21T13:51:44.358+0000] {logging_mixin.py:190} INFO - Skipping movie 1734546: could not fetch metadata.
[2026-07-21T13:51:44.418+0000] {logging_mixin.py:190} INFO - Skipping movie 1734548: could not fetch metadata.
[2026-07-21T13:51:44.682+0000] {logging_mixin.py:190} INFO - Skipping movie 1734549: could not fetch metadata.
[2026-07-21T13:51:45.102+0000] {logging_mixin.py:190} INFO - Skipping movie 1734567: could not fetch metadata.
[2026-07-21T13:51:45.380+0000] {logging_mixin.py:190} INFO - Skipping movie 1734562: could not fetch metadata.
[2026-07-21T13:51:45.442+0000] {logging_mixin.py:190} INFO - Skipping movie 1734570: could not fetch metadata.
[2026-07-21T13:51:45.595+0000] {logging_mixin.py:190} INFO - Skipping movie 1734571: could not fetch metadata.
[2026-07-21T13:51:45.602+0000] {logging_mixin.py:190} INFO - Skipping movie 1734554: could not fetch metadata.
[2026-07-21T13:51:46.044+0000] {logging_mixin.py:190} INFO - Skipping movie 1734580: could not fetch metadata.
[2026-07-21T13:51:46.111+0000] {logging_mixin.py:190} INFO - Skipping movie 1734583: could not fetch metadata.
[2026-07-21T13:51:46.112+0000] {logging_mixin.py:190} INFO - Skipping movie 1734560: could not fetch metadata.
[2026-07-21T13:51:46.166+0000] {logging_mixin.py:190} INFO - Skipping movie 1734584: could not fetch metadata.
[2026-07-21T13:51:46.386+0000] {logging_mixin.py:190} INFO - Skipping movie 1734592: could not fetch metadata.
[2026-07-21T13:51:46.434+0000] {logging_mixin.py:190} INFO - Skipping movie 1734593: could not fetch metadata.
[2026-07-21T13:51:46.459+0000] {logging_mixin.py:190} INFO - Skipping movie 1734594: could not fetch metadata.
[2026-07-21T13:51:46.933+0000] {logging_mixin.py:190} INFO - Skipping movie 1734596: could not fetch metadata.
[2026-07-21T13:51:47.079+0000] {logging_mixin.py:190} INFO - Skipping movie 1734606: could not fetch metadata.
[2026-07-21T13:51:47.109+0000] {logging_mixin.py:190} INFO - Skipping movie 1734610: could not fetch metadata.
[2026-07-21T13:51:47.118+0000] {logging_mixin.py:190} INFO - Skipping movie 1734608: could not fetch metadata.
[2026-07-21T13:51:47.283+0000] {logging_mixin.py:190} INFO - Skipping movie 1734613: could not fetch metadata.
[2026-07-21T13:51:48.483+0000] {logging_mixin.py:190} INFO - Skipping movie 1734643: could not fetch metadata.
[2026-07-21T13:51:48.705+0000] {logging_mixin.py:190} INFO - Skipping movie 1734644: could not fetch metadata.
[2026-07-21T13:51:48.753+0000] {logging_mixin.py:190} INFO - Skipping movie 1734647: could not fetch metadata.
[2026-07-21T13:51:48.778+0000] {logging_mixin.py:190} INFO - Skipping movie 1734635: could not fetch metadata.
[2026-07-21T13:51:48.810+0000] {logging_mixin.py:190} INFO - Skipping movie 1734648: could not fetch metadata.
[2026-07-21T13:51:48.948+0000] {logging_mixin.py:190} INFO - Skipping movie 1734651: could not fetch metadata.
[2026-07-21T13:51:48.974+0000] {logging_mixin.py:190} INFO - Skipping movie 1734653: could not fetch metadata.
[2026-07-21T13:51:49.037+0000] {logging_mixin.py:190} INFO - Skipping movie 1734655: could not fetch metadata.
[2026-07-21T13:51:49.287+0000] {logging_mixin.py:190} INFO - Skipping movie 1734661: could not fetch metadata.
[2026-07-21T13:51:49.304+0000] {logging_mixin.py:190} INFO - Skipping movie 1734663: could not fetch metadata.
[2026-07-21T13:51:49.762+0000] {logging_mixin.py:190} INFO - Skipping movie 1734677: could not fetch metadata.
[2026-07-21T13:51:51.726+0000] {logging_mixin.py:190} INFO - Skipping movie 1472594: could not fetch metadata.
[2026-07-21T13:51:53.377+0000] {logging_mixin.py:190} INFO - Skipping movie 1734770: could not fetch metadata.
[2026-07-21T13:51:53.785+0000] {logging_mixin.py:190} INFO - Skipping movie 1734757: could not fetch metadata.
[2026-07-21T13:51:55.981+0000] {logging_mixin.py:190} INFO - Skipping movie 1734839: could not fetch metadata.
[2026-07-21T13:51:57.122+0000] {logging_mixin.py:190} INFO - Skipping movie 1734870: could not fetch metadata.
[2026-07-21T13:51:59.182+0000] {logging_mixin.py:190} INFO - Skipping movie 1734921: could not fetch metadata.
[2026-07-21T13:51:59.462+0000] {logging_mixin.py:190} INFO - Skipping movie 1702168: could not fetch metadata.
[2026-07-21T13:52:00.022+0000] {logging_mixin.py:190} INFO - Skipping movie 1702156: could not fetch metadata.
[2026-07-21T13:52:00.186+0000] {logging_mixin.py:190} INFO - Skipping movie 1734940: could not fetch metadata.
[2026-07-21T13:52:01.542+0000] {logging_mixin.py:190} INFO - Skipping movie 948541: could not fetch metadata.
[2026-07-21T13:52:01.665+0000] {logging_mixin.py:190} INFO - Skipping movie 1734965: could not fetch metadata.
[2026-07-21T13:52:02.473+0000] {logging_mixin.py:190} INFO - Skipping movie 1735008: could not fetch metadata.
[2026-07-21T13:52:05.294+0000] {logging_mixin.py:190} INFO - Skipping movie 752060: could not fetch metadata.
[2026-07-21T13:52:07.021+0000] {logging_mixin.py:190} INFO - Skipping movie 1735141: could not fetch metadata.
[2026-07-21T13:52:09.205+0000] {logging_mixin.py:190} INFO - Skipping movie 1735191: could not fetch metadata.
[2026-07-21T13:52:09.363+0000] {logging_mixin.py:190} INFO - Skipping movie 1735195: could not fetch metadata.
[2026-07-21T13:52:09.939+0000] {logging_mixin.py:190} INFO - Skipping movie 1309208: could not fetch metadata.
[2026-07-21T13:52:10.027+0000] {logging_mixin.py:190} INFO - Skipping movie 1735213: could not fetch metadata.
[2026-07-21T13:52:10.360+0000] {logging_mixin.py:190} INFO - Skipping movie 1735210: could not fetch metadata.
[2026-07-21T13:52:11.709+0000] {logging_mixin.py:190} INFO - Skipping movie 1735268: could not fetch metadata.
[2026-07-21T13:52:12.648+0000] {logging_mixin.py:190} INFO - Skipping movie 1735288: could not fetch metadata.
[2026-07-21T13:52:15.840+0000] {logging_mixin.py:190} INFO - Skipping movie 1571631: could not fetch metadata.
[2026-07-21T13:52:16.471+0000] {logging_mixin.py:190} INFO - Skipping movie 392084: could not fetch metadata.
[2026-07-21T13:52:16.901+0000] {logging_mixin.py:190} INFO - Skipping movie 1702870: could not fetch metadata.
[2026-07-21T13:52:17.348+0000] {logging_mixin.py:190} INFO - Skipping movie 1375281: could not fetch metadata.
[2026-07-21T13:52:22.334+0000] {logging_mixin.py:190} INFO - 3255 movies queued for deep extraction...
[2026-07-21T13:52:36.942+0000] {logging_mixin.py:190} INFO - Skipping deep extraction for movie 1695604: could not fetch data.
[2026-07-21T13:52:38.642+0000] {logging_mixin.py:190} INFO - Skipping deep extraction for movie 1697904: could not fetch data.
[2026-07-21T13:52:57.042+0000] {logging_mixin.py:190} INFO - Skipping deep extraction for movie 903414: could not fetch data.
[2026-07-21T13:52:57.572+0000] {logging_mixin.py:190} INFO - Skipping deep extraction for movie 1160185: could not fetch data.
[2026-07-21T13:53:32.364+0000] {logging_mixin.py:190} INFO - Skipping deep extraction for movie 1656520: could not fetch data.
[2026-07-21T13:53:45.393+0000] {logging_mixin.py:190} INFO - Skipping deep extraction for movie 1721620: could not fetch data.
[2026-07-21T13:53:46.011+0000] {logging_mixin.py:190} INFO - Skipping deep extraction for movie 1726953: could not fetch data.
[2026-07-21T13:54:06.138+0000] {logging_mixin.py:190} INFO - Pipeline finished successfully.
[2026-07-21T13:54:06.142+0000] {python.py:240} INFO - Done. Returned value was: None
[2026-07-21T13:54:06.192+0000] {taskinstance.py:340} INFO - ::group::Post task execution logs
[2026-07-21T13:54:06.193+0000] {taskinstance.py:352} INFO - Marking task as SUCCESS. dag_id=tmdb_incremental_sync, task_id=incremental_sync_pipeline, run_id=scheduled__2026-07-20T00:00:00+00:00, execution_date=20260720T000000, start_date=20260721T134425, end_date=20260721T135406
[2026-07-21T13:54:06.254+0000] {local_task_job_runner.py:261} INFO - Task exited with return code 0
[2026-07-21T13:54:06.298+0000] {taskinstance.py:3891} INFO - 0 downstream tasks scheduled from follow-on schedule check
[2026-07-21T13:54:06.301+0000] {local_task_job_runner.py:240} INFO - ::endgroup::
