[2026-07-24T07:52:19.520+0000] {processor.py:186} INFO - Started process (PID=7867) to work on /opt/airflow/dags/tmdb_incremental_sync.py
[2026-07-24T07:52:19.522+0000] {processor.py:914} INFO - Processing file /opt/airflow/dags/tmdb_incremental_sync.py for tasks to queue
[2026-07-24T07:52:19.526+0000] {logging_mixin.py:190} INFO - [2026-07-24T07:52:19.526+0000] {dagbag.py:587} INFO - Filling up the DagBag from /opt/airflow/dags/tmdb_incremental_sync.py
[2026-07-24T07:52:19.596+0000] {processor.py:925} INFO - DAG(s) 'tmdb_incremental_sync' retrieved from /opt/airflow/dags/tmdb_incremental_sync.py
[2026-07-24T07:52:19.654+0000] {logging_mixin.py:190} INFO - [2026-07-24T07:52:19.654+0000] {dag.py:3211} INFO - Sync 1 DAGs
[2026-07-24T07:52:19.713+0000] {logging_mixin.py:190} INFO - [2026-07-24T07:52:19.712+0000] {dag.py:4138} INFO - Setting next_dagrun for tmdb_incremental_sync to 2026-07-24 00:00:00+00:00, run_after=2026-07-25 00:00:00+00:00
[2026-07-24T07:52:19.763+0000] {processor.py:208} INFO - Processing /opt/airflow/dags/tmdb_incremental_sync.py took 0.258 seconds
[2026-07-24T09:27:57.246+0000] {processor.py:186} INFO - Started process (PID=7887) to work on /opt/airflow/dags/tmdb_incremental_sync.py
[2026-07-24T09:27:57.266+0000] {processor.py:914} INFO - Processing file /opt/airflow/dags/tmdb_incremental_sync.py for tasks to queue
[2026-07-24T09:27:57.329+0000] {logging_mixin.py:190} INFO - [2026-07-24T09:27:57.325+0000] {dagbag.py:587} INFO - Filling up the DagBag from /opt/airflow/dags/tmdb_incremental_sync.py
[2026-07-24T09:27:57.601+0000] {processor.py:925} INFO - DAG(s) 'tmdb_incremental_sync' retrieved from /opt/airflow/dags/tmdb_incremental_sync.py
[2026-07-24T09:27:58.139+0000] {logging_mixin.py:190} INFO - [2026-07-24T09:27:58.137+0000] {dag.py:3211} INFO - Sync 1 DAGs
[2026-07-24T09:27:58.510+0000] {logging_mixin.py:190} INFO - [2026-07-24T09:27:58.508+0000] {dag.py:4138} INFO - Setting next_dagrun for tmdb_incremental_sync to 2026-07-24 00:00:00+00:00, run_after=2026-07-25 00:00:00+00:00
[2026-07-24T09:27:58.770+0000] {processor.py:208} INFO - Processing /opt/airflow/dags/tmdb_incremental_sync.py took 1.635 seconds
[2026-07-24T09:28:41.623+0000] {processor.py:186} INFO - Started process (PID=7912) to work on /opt/airflow/dags/tmdb_incremental_sync.py
[2026-07-24T09:28:41.628+0000] {processor.py:914} INFO - Processing file /opt/airflow/dags/tmdb_incremental_sync.py for tasks to queue
[2026-07-24T09:28:41.648+0000] {logging_mixin.py:190} INFO - [2026-07-24T09:28:41.646+0000] {dagbag.py:587} INFO - Filling up the DagBag from /opt/airflow/dags/tmdb_incremental_sync.py
[2026-07-24T09:28:41.773+0000] {processor.py:925} INFO - DAG(s) 'tmdb_incremental_sync' retrieved from /opt/airflow/dags/tmdb_incremental_sync.py
[2026-07-24T09:28:41.867+0000] {logging_mixin.py:190} INFO - [2026-07-24T09:28:41.866+0000] {dag.py:3211} INFO - Sync 1 DAGs
[2026-07-24T09:28:41.935+0000] {logging_mixin.py:190} INFO - [2026-07-24T09:28:41.934+0000] {dag.py:4138} INFO - Setting next_dagrun for tmdb_incremental_sync to 2026-07-24 00:00:00+00:00, run_after=2026-07-25 00:00:00+00:00
[2026-07-24T09:28:41.971+0000] {processor.py:208} INFO - Processing /opt/airflow/dags/tmdb_incremental_sync.py took 0.395 seconds
[2026-07-24T10:52:28.022+0000] {processor.py:186} INFO - Started process (PID=7927) to work on /opt/airflow/dags/tmdb_incremental_sync.py
[2026-07-24T10:52:28.039+0000] {processor.py:914} INFO - Processing file /opt/airflow/dags/tmdb_incremental_sync.py for tasks to queue
[2026-07-24T10:52:28.083+0000] {logging_mixin.py:190} INFO - [2026-07-24T10:52:28.076+0000] {dagbag.py:587} INFO - Filling up the DagBag from /opt/airflow/dags/tmdb_incremental_sync.py
[2026-07-24T10:52:28.136+0000] {processor.py:925} INFO - DAG(s) 'tmdb_incremental_sync' retrieved from /opt/airflow/dags/tmdb_incremental_sync.py
[2026-07-24T10:52:28.136+0000] {logging_mixin.py:190} INFO - [2026-07-24T10:52:28.136+0000] {dag.py:3211} INFO - Sync 1 DAGs
[2026-07-24T10:52:28.136+0000] {logging_mixin.py:190} INFO - [2026-07-24T10:52:28.136+0000] {dag.py:4138} INFO - Setting next_dagrun for tmdb_incremental_sync to 2026-07-24 00:00:00+00:00, run_after=2026-07-25 00:00:00+00:00
[2026-07-24T10:52:28.136+0000] {processor.py:208} INFO - Processing /opt/airflow/dags/tmdb_incremental_sync.py took 0.265 seconds
