{"data":{"log_version":3,"version":"=2.0.0-preview.173"},"info":{"category":"","code":"A001","extra":{},"invocation_id":"019e10f8-fb47-7740-8683-6a13df7822b8","level":"info","msg":"Running with dbt-fusion=2.0.0-preview.173","name":"MainReportVersion","pid":36816,"thread":"tokio-rt-worker","ts":"2026-05-10T08:20:13.299518Z"}}
{"data":{"args":{"debug":"false","invocation_command":"/Users/user/.local/bin/dbt license info --json --log-format json","log_format":"json","quiet":"false","write_json":"true"}},"info":{"category":"","code":"A002","extra":{},"invocation_id":"019e10f8-fb47-7740-8683-6a13df7822b8","level":"debug","msg":"running dbt-fusion with argumets {\"command\":\"license\",\"vars\":\"{}\",\"limit\":\"10\",\"debug\":false,\"log_format\":\"json\",\"quiet\":false,\"write_json\":true,\"write_catalog\":false}","name":"MainReportArgs","pid":36816,"thread":"tokio-rt-worker","ts":"2026-05-10T08:20:13.301290Z"}}
{"data":{},"info":{"category":"","code":"","extra":{},"invocation_id":"019e10f8-fb47-7740-8683-6a13df7822b8","level":"debug","msg":"No active cloud project configured, skipping remote license","name":"Generic","pid":36816,"thread":"tokio-rt-worker","ts":"2026-05-10T08:20:13.307279Z"}}
{"data":{"columns":[],"is_inline":true,"node_name":"license_info","output_format":"json","preview":"{\n  \"status\": \"not_found\",\n  \"licensing_enabled\": true\n}","unique_id":"license.info"},"info":{"category":"","code":"Q041","extra":{},"invocation_id":"019e10f8-fb47-7740-8683-6a13df7822b8","level":"info","msg":"{\n  \"status\": \"not_found\",\n  \"licensing_enabled\": true\n}","name":"ShowNode","pid":36816,"thread":"tokio-rt-worker","ts":"2026-05-10T08:20:13.309307Z"}}
{"data":{"completed_at":"2026-05-10T08:20:14.019480Z","elapsed":0.7260389924049377,"success":true},"info":{"category":"","code":"Q039","extra":{},"invocation_id":"019e10f8-fb47-7740-8683-6a13df7822b8","level":"info","msg":"\n==================== Execution Summary =====================\nFinished 'license' successfully [726ms]","name":"CommandCompleted","pid":36816,"thread":"tokio-rt-worker","ts":"2026-05-10T08:20:14.024343Z"}}
{"data":{"log_version":3,"version":"=2.0.0-preview.173"},"info":{"category":"","code":"A001","extra":{},"invocation_id":"019e1672-042f-7592-85a3-5dffbda98ef7","level":"info","msg":"Running with dbt-fusion=2.0.0-preview.173","name":"MainReportVersion","pid":69253,"thread":"tokio-rt-worker","ts":"2026-05-11T09:50:31.550071Z"}}
{"data":{"args":{"debug":"false","invocation_command":"/Users/user/.local/bin/dbt license info --json --log-format json","log_format":"json","quiet":"false","write_json":"true"}},"info":{"category":"","code":"A002","extra":{},"invocation_id":"019e1672-042f-7592-85a3-5dffbda98ef7","level":"debug","msg":"running dbt-fusion with argumets {\"command\":\"license\",\"vars\":\"{}\",\"limit\":\"10\",\"debug\":false,\"log_format\":\"json\",\"quiet\":false,\"write_json\":true,\"write_catalog\":false}","name":"MainReportArgs","pid":69253,"thread":"tokio-rt-worker","ts":"2026-05-11T09:50:31.550192Z"}}
{"data":{},"info":{"category":"","code":"","extra":{},"invocation_id":"019e1672-042f-7592-85a3-5dffbda98ef7","level":"debug","msg":"No active cloud project configured, skipping remote license","name":"Generic","pid":69253,"thread":"tokio-rt-worker","ts":"2026-05-11T09:50:31.560601Z"}}
{"data":{"columns":[],"is_inline":true,"node_name":"license_info","output_format":"json","preview":"{\n  \"status\": \"not_found\",\n  \"licensing_enabled\": true\n}","unique_id":"license.info"},"info":{"category":"","code":"Q041","extra":{},"invocation_id":"019e1672-042f-7592-85a3-5dffbda98ef7","level":"info","msg":"{\n  \"status\": \"not_found\",\n  \"licensing_enabled\": true\n}","name":"ShowNode","pid":69253,"thread":"tokio-rt-worker","ts":"2026-05-11T09:50:31.563507Z"}}
{"data":{"completed_at":"2026-05-11T09:50:32.283916Z","elapsed":0.7403820157051086,"success":true},"info":{"category":"","code":"Q039","extra":{},"invocation_id":"019e1672-042f-7592-85a3-5dffbda98ef7","level":"info","msg":"\n==================== Execution Summary =====================\nFinished 'license' successfully [740ms]","name":"CommandCompleted","pid":69253,"thread":"tokio-rt-worker","ts":"2026-05-11T09:50:32.288316Z"}}
[0m01:26:05.296073 [debug] [MainThread]: Sending event: {'category': 'dbt', 'action': 'invocation', 'label': 'start', 'context': [<snowplow_tracker.self_describing_json.SelfDescribingJson object at 0x10faa06e0>, <snowplow_tracker.self_describing_json.SelfDescribingJson object at 0x110953750>, <snowplow_tracker.self_describing_json.SelfDescribingJson object at 0x110953610>]}


============================== 01:26:05.306024 | f7b32aea-103b-4d2a-a74d-89598aac6fa5 ==============================
[0m01:26:05.306024 [info ] [MainThread]: Running with dbt=1.12.0-b1
[0m01:26:05.306964 [debug] [MainThread]: running dbt with arguments {'quiet': 'False', 'invocation_command': 'dbt init tmdwh', 'log_path': 'logs', 'static_parser': 'True', 'no_print': 'None', 'debug': 'False', 'use_experimental_parser': 'False', 'indirect_selection': 'eager', 'partial_parse': 'True', 'fail_fast': 'False', 'log_cache_events': 'False', 'empty': 'None', 'profiles_dir': '/Users/user/.dbt', 'log_format': 'default', 'use_colors': 'True', 'warn_error': 'None', 'cache_selected_only': 'False', 'write_json': 'True', 'introspect': 'True', 'version_check': 'True', 'target_path': 'None', 'printer_width': '80', 'warn_error_options': 'WarnErrorOptionsV2(error=[], warn=[], silence=[])', 'send_anonymous_usage_stats': 'True'}
[0m01:26:05.331328 [debug] [MainThread]: Starter project path: /Users/user/Documents/sideProject/MovieVerse-DB/.venv/lib/python3.13/site-packages/dbt/include/starter_project
[0m01:26:05.340894 [info ] [MainThread]: Setting up your profile.
[0m01:33:28.399258 [error] [MainThread]: [[31mERROR[0m]: Encountered an error:

[0m01:33:28.409049 [error] [MainThread]: Traceback (most recent call last):
  File "/Users/user/Documents/sideProject/MovieVerse-DB/.venv/lib/python3.13/site-packages/dbt/cli/requires.py", line 184, in wrapper
    result, success = func(*args, **kwargs)
                      ~~~~^^^^^^^^^^^^^^^^^
  File "/Users/user/Documents/sideProject/MovieVerse-DB/.venv/lib/python3.13/site-packages/dbt/cli/requires.py", line 130, in wrapper
    return func(*args, **kwargs)
  File "/Users/user/Documents/sideProject/MovieVerse-DB/.venv/lib/python3.13/site-packages/dbt/cli/main.py", line 499, in init
    results = task.run()
  File "/Users/user/Documents/sideProject/MovieVerse-DB/.venv/lib/python3.13/site-packages/dbt/task/init.py", line 360, in run
    self.setup_profile(profile_name)
    ~~~~~~~~~~~~~~~~~~^^^^^^^^^^^^^^
  File "/Users/user/Documents/sideProject/MovieVerse-DB/.venv/lib/python3.13/site-packages/dbt/task/init.py", line 263, in setup_profile
    adapter = self.ask_for_adapter_choice()
  File "/Users/user/Documents/sideProject/MovieVerse-DB/.venv/lib/python3.13/site-packages/dbt/task/init.py", line 244, in ask_for_adapter_choice
    numeric_choice = click.prompt(prompt_msg, type=click.INT)
  File "/Users/user/Documents/sideProject/MovieVerse-DB/.venv/lib/python3.13/site-packages/click/termui.py", line 179, in prompt
    value = prompt_func(prompt)
  File "/Users/user/Documents/sideProject/MovieVerse-DB/.venv/lib/python3.13/site-packages/click/termui.py", line 162, in prompt_func
    raise Abort() from None
click.exceptions.Abort

[0m01:33:28.922624 [debug] [MainThread]: Resource report: {"command_name": "init", "command_success": false, "command_wall_clock_time": 443.78085, "process_in_blocks": "0", "process_kernel_time": 0.467735, "process_mem_max_rss": "105316352", "process_out_blocks": "0", "process_user_time": 2.020828}
[0m01:33:28.923686 [debug] [MainThread]: Command `dbt init` failed at 01:33:28.923491 after 443.78 seconds
[0m01:33:28.924494 [debug] [MainThread]: Sending event: {'category': 'dbt', 'action': 'invocation', 'label': 'end', 'context': [<snowplow_tracker.self_describing_json.SelfDescribingJson object at 0x1109a2780>, <snowplow_tracker.self_describing_json.SelfDescribingJson object at 0x110a1f530>, <snowplow_tracker.self_describing_json.SelfDescribingJson object at 0x110a06f10>]}
[0m01:33:28.925282 [debug] [MainThread]: Flushing usage events
[0m01:33:29.782309 [debug] [MainThread]: An error was encountered while trying to flush usage events
{"data":{"log_version":3,"version":"=2.0.0-preview.173"},"info":{"category":"","code":"A001","extra":{},"invocation_id":"019e2719-fc89-7671-b920-019469ee38cd","level":"info","msg":"Running with dbt-fusion=2.0.0-preview.173","name":"MainReportVersion","pid":87367,"thread":"tokio-rt-worker","ts":"2026-05-14T15:27:55.019921Z"}}
{"data":{"args":{"debug":"false","invocation_command":"/Users/user/.local/bin/dbt license info --json --log-format json","log_format":"json","quiet":"false","write_json":"true"}},"info":{"category":"","code":"A002","extra":{},"invocation_id":"019e2719-fc89-7671-b920-019469ee38cd","level":"debug","msg":"running dbt-fusion with argumets {\"command\":\"license\",\"vars\":\"{}\",\"limit\":\"10\",\"debug\":false,\"log_format\":\"json\",\"quiet\":false,\"write_json\":true,\"write_catalog\":false}","name":"MainReportArgs","pid":87367,"thread":"tokio-rt-worker","ts":"2026-05-14T15:27:55.019967Z"}}
{"data":{},"info":{"category":"","code":"","extra":{},"invocation_id":"019e2719-fc89-7671-b920-019469ee38cd","level":"debug","msg":"No active cloud project configured, skipping remote license","name":"Generic","pid":87367,"thread":"tokio-rt-worker","ts":"2026-05-14T15:27:55.020421Z"}}
{"data":{"columns":[],"is_inline":true,"node_name":"license_info","output_format":"json","preview":"{\n  \"status\": \"not_found\",\n  \"licensing_enabled\": true\n}","unique_id":"license.info"},"info":{"category":"","code":"Q041","extra":{},"invocation_id":"019e2719-fc89-7671-b920-019469ee38cd","level":"info","msg":"{\n  \"status\": \"not_found\",\n  \"licensing_enabled\": true\n}","name":"ShowNode","pid":87367,"thread":"tokio-rt-worker","ts":"2026-05-14T15:27:55.020631Z"}}
{"data":{"completed_at":"2026-05-14T15:27:55.673109Z","elapsed":0.653548002243042,"success":true},"info":{"category":"","code":"Q039","extra":{},"invocation_id":"019e2719-fc89-7671-b920-019469ee38cd","level":"info","msg":"\n==================== Execution Summary =====================\nFinished 'license' successfully [653ms]","name":"CommandCompleted","pid":87367,"thread":"tokio-rt-worker","ts":"2026-05-14T15:27:55.673245Z"}}
{"data":{"log_version":3,"version":"=2.0.0-preview.173"},"info":{"category":"","code":"A001","extra":{},"invocation_id":"019e2aff-37c4-75a1-8e3d-90a818ea0be8","level":"info","msg":"Running with dbt-fusion=2.0.0-preview.173","name":"MainReportVersion","pid":32200,"thread":"tokio-rt-worker","ts":"2026-05-15T09:37:09.595530Z"}}
{"data":{"args":{"debug":"false","invocation_command":"/Users/user/.local/bin/dbt license info --json --log-format json","log_format":"json","quiet":"false","write_json":"true"}},"info":{"category":"","code":"A002","extra":{},"invocation_id":"019e2aff-37c4-75a1-8e3d-90a818ea0be8","level":"debug","msg":"running dbt-fusion with argumets {\"command\":\"license\",\"vars\":\"{}\",\"limit\":\"10\",\"debug\":false,\"log_format\":\"json\",\"quiet\":false,\"write_json\":true,\"write_catalog\":false}","name":"MainReportArgs","pid":32200,"thread":"tokio-rt-worker","ts":"2026-05-15T09:37:09.595560Z"}}
{"data":{},"info":{"category":"","code":"","extra":{},"invocation_id":"019e2aff-37c4-75a1-8e3d-90a818ea0be8","level":"debug","msg":"No active cloud project configured, skipping remote license","name":"Generic","pid":32200,"thread":"tokio-rt-worker","ts":"2026-05-15T09:37:09.601387Z"}}
{"data":{"columns":[],"is_inline":true,"node_name":"license_info","output_format":"json","preview":"{\n  \"status\": \"not_found\",\n  \"licensing_enabled\": true\n}","unique_id":"license.info"},"info":{"category":"","code":"Q041","extra":{},"invocation_id":"019e2aff-37c4-75a1-8e3d-90a818ea0be8","level":"info","msg":"{\n  \"status\": \"not_found\",\n  \"licensing_enabled\": true\n}","name":"ShowNode","pid":32200,"thread":"tokio-rt-worker","ts":"2026-05-15T09:37:09.602813Z"}}
{"data":{"completed_at":"2026-05-15T09:37:10.005831Z","elapsed":0.413318008184433,"success":true},"info":{"category":"","code":"Q039","extra":{},"invocation_id":"019e2aff-37c4-75a1-8e3d-90a818ea0be8","level":"info","msg":"\n==================== Execution Summary =====================\nFinished 'license' successfully [413ms]","name":"CommandCompleted","pid":32200,"thread":"tokio-rt-worker","ts":"2026-05-15T09:37:10.006354Z"}}
{"data":{"log_version":3,"version":"=2.0.0-preview.173"},"info":{"category":"","code":"A001","extra":{},"invocation_id":"019e3644-c5bc-7851-a221-6b41c2d97de6","level":"info","msg":"Running with dbt-fusion=2.0.0-preview.173","name":"MainReportVersion","pid":31156,"thread":"tokio-rt-worker","ts":"2026-05-17T14:08:57.330838Z"}}
{"data":{"args":{"debug":"false","invocation_command":"/Users/user/.local/bin/dbt license info --json --log-format json","log_format":"json","quiet":"false","write_json":"true"}},"info":{"category":"","code":"A002","extra":{},"invocation_id":"019e3644-c5bc-7851-a221-6b41c2d97de6","level":"debug","msg":"running dbt-fusion with argumets {\"command\":\"license\",\"vars\":\"{}\",\"limit\":\"10\",\"debug\":false,\"log_format\":\"json\",\"quiet\":false,\"write_json\":true,\"write_catalog\":false}","name":"MainReportArgs","pid":31156,"thread":"tokio-rt-worker","ts":"2026-05-17T14:08:57.330917Z"}}
{"data":{},"info":{"category":"","code":"","extra":{},"invocation_id":"019e3644-c5bc-7851-a221-6b41c2d97de6","level":"debug","msg":"No active cloud project configured, skipping remote license","name":"Generic","pid":31156,"thread":"tokio-rt-worker","ts":"2026-05-17T14:08:57.340461Z"}}
{"data":{"columns":[],"is_inline":true,"node_name":"license_info","output_format":"json","preview":"{\n  \"status\": \"not_found\",\n  \"licensing_enabled\": true\n}","unique_id":"license.info"},"info":{"category":"","code":"Q041","extra":{},"invocation_id":"019e3644-c5bc-7851-a221-6b41c2d97de6","level":"info","msg":"{\n  \"status\": \"not_found\",\n  \"licensing_enabled\": true\n}","name":"ShowNode","pid":31156,"thread":"tokio-rt-worker","ts":"2026-05-17T14:08:57.342660Z"}}
{"data":{"completed_at":"2026-05-17T14:08:58.159113Z","elapsed":0.83399897813797,"success":true},"info":{"category":"","code":"Q039","extra":{},"invocation_id":"019e3644-c5bc-7851-a221-6b41c2d97de6","level":"info","msg":"\n==================== Execution Summary =====================\nFinished 'license' successfully [833ms]","name":"CommandCompleted","pid":31156,"thread":"tokio-rt-worker","ts":"2026-05-17T14:08:58.161485Z"}}
{"data":{"log_version":3,"version":"=2.0.0-preview.173"},"info":{"category":"","code":"A001","extra":{},"invocation_id":"019e400d-7ae7-7811-a166-2366cb55a60a","level":"info","msg":"Running with dbt-fusion=2.0.0-preview.173","name":"MainReportVersion","pid":82565,"thread":"tokio-rt-worker","ts":"2026-05-19T11:44:45.830119Z"}}
{"data":{"args":{"debug":"false","invocation_command":"/Users/user/.local/bin/dbt license info --json --log-format json","log_format":"json","quiet":"false","write_json":"true"}},"info":{"category":"","code":"A002","extra":{},"invocation_id":"019e400d-7ae7-7811-a166-2366cb55a60a","level":"debug","msg":"running dbt-fusion with argumets {\"command\":\"license\",\"vars\":\"{}\",\"limit\":\"10\",\"debug\":false,\"log_format\":\"json\",\"quiet\":false,\"write_json\":true,\"write_catalog\":false}","name":"MainReportArgs","pid":82565,"thread":"tokio-rt-worker","ts":"2026-05-19T11:44:45.830167Z"}}
{"data":{},"info":{"category":"","code":"","extra":{},"invocation_id":"019e400d-7ae7-7811-a166-2366cb55a60a","level":"debug","msg":"No active cloud project configured, skipping remote license","name":"Generic","pid":82565,"thread":"tokio-rt-worker","ts":"2026-05-19T11:44:45.835458Z"}}
{"data":{"columns":[],"is_inline":true,"node_name":"license_info","output_format":"json","preview":"{\n  \"status\": \"not_found\",\n  \"licensing_enabled\": true\n}","unique_id":"license.info"},"info":{"category":"","code":"Q041","extra":{},"invocation_id":"019e400d-7ae7-7811-a166-2366cb55a60a","level":"info","msg":"{\n  \"status\": \"not_found\",\n  \"licensing_enabled\": true\n}","name":"ShowNode","pid":82565,"thread":"tokio-rt-worker","ts":"2026-05-19T11:44:45.837706Z"}}
{"data":{"completed_at":"2026-05-19T11:44:46.418912Z","elapsed":0.5922750234603882,"success":true},"info":{"category":"","code":"Q039","extra":{},"invocation_id":"019e400d-7ae7-7811-a166-2366cb55a60a","level":"info","msg":"\n==================== Execution Summary =====================\nFinished 'license' successfully [592ms]","name":"CommandCompleted","pid":82565,"thread":"tokio-rt-worker","ts":"2026-05-19T11:44:46.460108Z"}}
{"data":{"log_version":3,"version":"=2.0.0-preview.173"},"info":{"category":"","code":"A001","extra":{},"invocation_id":"019e4079-20da-7913-a1d0-8635b0e9032d","level":"info","msg":"Running with dbt-fusion=2.0.0-preview.173","name":"MainReportVersion","pid":97156,"thread":"tokio-rt-worker","ts":"2026-05-19T13:42:20.664702Z"}}
{"data":{"args":{"debug":"false","invocation_command":"/Users/user/.local/bin/dbt license info --json --log-format json","log_format":"json","quiet":"false","write_json":"true"}},"info":{"category":"","code":"A002","extra":{},"invocation_id":"019e4079-20da-7913-a1d0-8635b0e9032d","level":"debug","msg":"running dbt-fusion with argumets {\"command\":\"license\",\"vars\":\"{}\",\"limit\":\"10\",\"debug\":false,\"log_format\":\"json\",\"quiet\":false,\"write_json\":true,\"write_catalog\":false}","name":"MainReportArgs","pid":97156,"thread":"tokio-rt-worker","ts":"2026-05-19T13:42:20.664747Z"}}
{"data":{},"info":{"category":"","code":"","extra":{},"invocation_id":"019e4079-20da-7913-a1d0-8635b0e9032d","level":"debug","msg":"No active cloud project configured, skipping remote license","name":"Generic","pid":97156,"thread":"tokio-rt-worker","ts":"2026-05-19T13:42:20.669528Z"}}
{"data":{"columns":[],"is_inline":true,"node_name":"license_info","output_format":"json","preview":"{\n  \"status\": \"not_found\",\n  \"licensing_enabled\": true\n}","unique_id":"license.info"},"info":{"category":"","code":"Q041","extra":{},"invocation_id":"019e4079-20da-7913-a1d0-8635b0e9032d","level":"info","msg":"{\n  \"status\": \"not_found\",\n  \"licensing_enabled\": true\n}","name":"ShowNode","pid":97156,"thread":"tokio-rt-worker","ts":"2026-05-19T13:42:20.670598Z"}}
{"data":{"completed_at":"2026-05-19T13:42:21.388956Z","elapsed":0.7280949950218201,"success":true},"info":{"category":"","code":"Q039","extra":{},"invocation_id":"019e4079-20da-7913-a1d0-8635b0e9032d","level":"info","msg":"\n==================== Execution Summary =====================\nFinished 'license' successfully [728ms]","name":"CommandCompleted","pid":97156,"thread":"tokio-rt-worker","ts":"2026-05-19T13:42:21.390282Z"}}
{"data":{"log_version":3,"version":"=2.0.0-preview.173"},"info":{"category":"","code":"A001","extra":{},"invocation_id":"019e4bdd-973b-79e2-bfde-4ff01d7f7274","level":"info","msg":"Running with dbt-fusion=2.0.0-preview.173","name":"MainReportVersion","pid":84175,"thread":"tokio-rt-worker","ts":"2026-05-21T18:47:53.935896Z"}}
{"data":{"args":{"debug":"false","invocation_command":"/Users/user/.local/bin/dbt license info --json --log-format json","log_format":"json","quiet":"false","write_json":"true"}},"info":{"category":"","code":"A002","extra":{},"invocation_id":"019e4bdd-973b-79e2-bfde-4ff01d7f7274","level":"debug","msg":"running dbt-fusion with argumets {\"command\":\"license\",\"vars\":\"{}\",\"limit\":\"10\",\"debug\":false,\"log_format\":\"json\",\"quiet\":false,\"write_json\":true,\"write_catalog\":false}","name":"MainReportArgs","pid":84175,"thread":"tokio-rt-worker","ts":"2026-05-21T18:47:53.935974Z"}}
{"data":{},"info":{"category":"","code":"","extra":{},"invocation_id":"019e4bdd-973b-79e2-bfde-4ff01d7f7274","level":"debug","msg":"No active cloud project configured, skipping remote license","name":"Generic","pid":84175,"thread":"tokio-rt-worker","ts":"2026-05-21T18:47:53.937678Z"}}
{"data":{"columns":[],"is_inline":true,"node_name":"license_info","output_format":"json","preview":"{\n  \"status\": \"not_found\",\n  \"licensing_enabled\": true\n}","unique_id":"license.info"},"info":{"category":"","code":"Q041","extra":{},"invocation_id":"019e4bdd-973b-79e2-bfde-4ff01d7f7274","level":"info","msg":"{\n  \"status\": \"not_found\",\n  \"licensing_enabled\": true\n}","name":"ShowNode","pid":84175,"thread":"tokio-rt-worker","ts":"2026-05-21T18:47:53.938289Z"}}
{"data":{"completed_at":"2026-05-21T18:47:54.670898Z","elapsed":0.7367969751358032,"success":true},"info":{"category":"","code":"Q039","extra":{},"invocation_id":"019e4bdd-973b-79e2-bfde-4ff01d7f7274","level":"info","msg":"\n==================== Execution Summary =====================\nFinished 'license' successfully [736ms]","name":"CommandCompleted","pid":84175,"thread":"tokio-rt-worker","ts":"2026-05-21T18:47:54.671582Z"}}
{"data":{"log_version":3,"version":"=2.0.0-preview.173"},"info":{"category":"","code":"A001","extra":{},"invocation_id":"019e4c1f-3ec0-74d1-9d87-858ea52a14de","level":"info","msg":"Running with dbt-fusion=2.0.0-preview.173","name":"MainReportVersion","pid":93894,"thread":"tokio-rt-worker","ts":"2026-05-21T19:59:36.677564Z"}}
{"data":{"args":{"debug":"false","invocation_command":"/Users/user/.local/bin/dbt license info --json --log-format json","log_format":"json","quiet":"false","write_json":"true"}},"info":{"category":"","code":"A002","extra":{},"invocation_id":"019e4c1f-3ec0-74d1-9d87-858ea52a14de","level":"debug","msg":"running dbt-fusion with argumets {\"command\":\"license\",\"vars\":\"{}\",\"limit\":\"10\",\"debug\":false,\"log_format\":\"json\",\"quiet\":false,\"write_json\":true,\"write_catalog\":false}","name":"MainReportArgs","pid":93894,"thread":"tokio-rt-worker","ts":"2026-05-21T19:59:36.677706Z"}}
{"data":{},"info":{"category":"","code":"","extra":{},"invocation_id":"019e4c1f-3ec0-74d1-9d87-858ea52a14de","level":"debug","msg":"No active cloud project configured, skipping remote license","name":"Generic","pid":93894,"thread":"tokio-rt-worker","ts":"2026-05-21T19:59:36.682730Z"}}
{"data":{"columns":[],"is_inline":true,"node_name":"license_info","output_format":"json","preview":"{\n  \"status\": \"not_found\",\n  \"licensing_enabled\": true\n}","unique_id":"license.info"},"info":{"category":"","code":"Q041","extra":{},"invocation_id":"019e4c1f-3ec0-74d1-9d87-858ea52a14de","level":"info","msg":"{\n  \"status\": \"not_found\",\n  \"licensing_enabled\": true\n}","name":"ShowNode","pid":93894,"thread":"tokio-rt-worker","ts":"2026-05-21T19:59:36.684093Z"}}
{"data":{"completed_at":"2026-05-21T19:59:37.477793Z","elapsed":0.8046990036964417,"success":true},"info":{"category":"","code":"Q039","extra":{},"invocation_id":"019e4c1f-3ec0-74d1-9d87-858ea52a14de","level":"info","msg":"\n==================== Execution Summary =====================\nFinished 'license' successfully [804ms]","name":"CommandCompleted","pid":93894,"thread":"tokio-rt-worker","ts":"2026-05-21T19:59:37.485559Z"}}
[0m13:36:09.912791 [debug] [MainThread]: Sending event: {'category': 'dbt', 'action': 'invocation', 'label': 'start', 'context': [<snowplow_tracker.self_describing_json.SelfDescribingJson object at 0x104d53e00>, <snowplow_tracker.self_describing_json.SelfDescribingJson object at 0x1054cb650>, <snowplow_tracker.self_describing_json.SelfDescribingJson object at 0x105cef590>]}


============================== 13:36:09.974022 | 89c2798f-90f3-4709-b544-ce58949181ee ==============================
[0m13:36:09.974022 [info ] [MainThread]: Running with dbt=1.11.11
[0m13:36:09.975213 [debug] [MainThread]: running dbt with arguments {'quiet': 'False', 'send_anonymous_usage_stats': 'True', 'cache_selected_only': 'False', 'log_cache_events': 'False', 'target_path': 'None', 'no_print': 'None', 'printer_width': '80', 'static_parser': 'True', 'partial_parse': 'True', 'profiles_dir': '/Users/user/.dbt', 'invocation_command': 'dbt debug', 'use_experimental_parser': 'False', 'fail_fast': 'False', 'empty': 'None', 'warn_error': 'None', 'use_colors': 'True', 'log_format': 'default', 'write_json': 'True', 'warn_error_options': 'WarnErrorOptionsV2(error=[], warn=[], silence=[])', 'introspect': 'True', 'log_path': 'logs', 'version_check': 'True', 'indirect_selection': 'eager', 'debug': 'False'}
[0m13:36:10.053329 [info ] [MainThread]: dbt version: 1.11.11
[0m13:36:10.053941 [info ] [MainThread]: python version: 3.12.13
[0m13:36:10.054453 [info ] [MainThread]: python path: /Users/user/Documents/sideProject/MovieVerse-DB/.venv/bin/python3
[0m13:36:10.054929 [info ] [MainThread]: os info: macOS-12.7.6-x86_64-i386-64bit
[0m13:36:10.063372 [info ] [MainThread]: Error importing adapter: No module named 'dbt.adapters.snowflake'
[0m13:36:10.064178 [info ] [MainThread]: Using profiles dir at /Users/user/.dbt
[0m13:36:10.064667 [info ] [MainThread]: Using profiles.yml file at /Users/user/.dbt/profiles.yml
[0m13:36:10.065120 [info ] [MainThread]: Using dbt_project.yml file at /Users/user/Documents/sideProject/MovieVerse-DB/dbt_project.yml
[0m13:36:10.065614 [info ] [MainThread]: Configuration:
[0m13:36:10.066057 [info ] [MainThread]:   profiles.yml file [[31mERROR invalid[0m]
[0m13:36:10.066488 [info ] [MainThread]:   dbt_project.yml file [[31mERROR not found[0m]
[0m13:36:10.066918 [info ] [MainThread]: Required dependencies:
[0m13:36:10.067681 [debug] [MainThread]: Executing "git --help"
[0m13:36:10.090865 [debug] [MainThread]: STDOUT: "b"usage: git [-v | --version] [-h | --help] [-C <path>] [-c <name>=<value>]\n           [--exec-path[=<path>]] [--html-path] [--man-path] [--info-path]\n           [-p | --paginate | -P | --no-pager] [--no-replace-objects] [--bare]\n           [--git-dir=<path>] [--work-tree=<path>] [--namespace=<name>]\n           [--super-prefix=<path>] [--config-env=<name>=<envvar>]\n           <command> [<args>]\n\nThese are common Git commands used in various situations:\n\nstart a working area (see also: git help tutorial)\n   clone     Clone a repository into a new directory\n   init      Create an empty Git repository or reinitialize an existing one\n\nwork on the current change (see also: git help everyday)\n   add       Add file contents to the index\n   mv        Move or rename a file, a directory, or a symlink\n   restore   Restore working tree files\n   rm        Remove files from the working tree and from the index\n\nexamine the history and state (see also: git help revisions)\n   bisect    Use binary search to find the commit that introduced a bug\n   diff      Show changes between commits, commit and working tree, etc\n   grep      Print lines matching a pattern\n   log       Show commit logs\n   show      Show various types of objects\n   status    Show the working tree status\n\ngrow, mark and tweak your common history\n   branch    List, create, or delete branches\n   commit    Record changes to the repository\n   merge     Join two or more development histories together\n   rebase    Reapply commits on top of another base tip\n   reset     Reset current HEAD to the specified state\n   switch    Switch branches\n   tag       Create, list, delete or verify a tag object signed with GPG\n\ncollaborate (see also: git help workflows)\n   fetch     Download objects and refs from another repository\n   pull      Fetch from and integrate with another repository or a local branch\n   push      Update remote refs along with associated objects\n\n'git help -a' and 'git help -g' list available subcommands and some\nconcept guides. See 'git help <command>' or 'git help <concept>'\nto read about a specific subcommand or concept.\nSee 'git help git' for an overview of the system.\n""
[0m13:36:10.093054 [debug] [MainThread]: STDERR: "b''"
[0m13:36:10.093820 [info ] [MainThread]:  - git [[32mOK found[0m]

[0m13:36:10.094424 [info ] [MainThread]: Connection test skipped since no profile was found
[0m13:36:10.095304 [info ] [MainThread]: [31m2 checks failed:[0m
[0m13:36:10.095933 [info ] [MainThread]: Could not load dbt_project.yml
Profile loading failed for the following reason:
Runtime Error
  Credentials in profile "dbt_snowflake", target "dev" invalid: Runtime Error
    Could not find adapter type snowflake!


[0m13:36:10.096405 [info ] [MainThread]: Project loading failed for the following reason:
 project path </Users/user/Documents/sideProject/MovieVerse-DB/dbt_project.yml> not found

[0m13:36:10.097986 [debug] [MainThread]: Resource report: {"command_name": "debug", "command_success": false, "command_wall_clock_time": 0.3113256, "process_in_blocks": "0", "process_kernel_time": 1.007995, "process_mem_max_rss": "132947968", "process_out_blocks": "0", "process_user_time": 4.634438}
[0m13:36:10.098861 [debug] [MainThread]: Command `dbt debug` failed at 13:36:10.098703 after 0.31 seconds
[0m13:36:10.099693 [debug] [MainThread]: Sending event: {'category': 'dbt', 'action': 'invocation', 'label': 'end', 'context': [<snowplow_tracker.self_describing_json.SelfDescribingJson object at 0x1059fb4a0>, <snowplow_tracker.self_describing_json.SelfDescribingJson object at 0x105ce9c40>, <snowplow_tracker.self_describing_json.SelfDescribingJson object at 0x105ce9b20>]}
[0m13:36:10.100675 [debug] [MainThread]: Flushing usage events
[0m13:36:10.866679 [debug] [MainThread]: An error was encountered while trying to flush usage events
[0m20:49:17.320481 [debug] [MainThread]: Sending event: {'category': 'dbt', 'action': 'invocation', 'label': 'start', 'context': [<snowplow_tracker.self_describing_json.SelfDescribingJson object at 0x1133d7740>, <snowplow_tracker.self_describing_json.SelfDescribingJson object at 0x113ca4bc0>, <snowplow_tracker.self_describing_json.SelfDescribingJson object at 0x113ca4860>]}


============================== 20:49:17.329247 | cbe2e405-e17b-4c5b-a306-6d505a4dcb73 ==============================
[0m20:49:17.329247 [info ] [MainThread]: Running with dbt=1.11.11
[0m20:49:17.330277 [debug] [MainThread]: running dbt with arguments {'indirect_selection': 'eager', 'log_cache_events': 'False', 'send_anonymous_usage_stats': 'True', 'debug': 'False', 'partial_parse': 'True', 'empty': 'False', 'warn_error': 'None', 'target_path': 'None', 'static_parser': 'True', 'printer_width': '80', 'profiles_dir': '/Users/user/.dbt', 'version_check': 'True', 'introspect': 'True', 'log_format': 'default', 'use_experimental_parser': 'False', 'no_print': 'None', 'quiet': 'False', 'fail_fast': 'False', 'write_json': 'True', 'log_path': 'logs', 'invocation_command': 'dbt run --full-refresh', 'use_colors': 'True', 'warn_error_options': 'WarnErrorOptionsV2(error=[], warn=[], silence=[])', 'cache_selected_only': 'False'}
[0m20:49:17.331096 [error] [MainThread]: Encountered an error:
Runtime Error
  No dbt_project.yml found at expected path /Users/user/Documents/sideProject/MovieVerse-DB/dbt_project.yml
  Verify that each entry within packages.yml (and their transitive dependencies) contains a file named dbt_project.yml
  
[0m20:49:17.332107 [debug] [MainThread]: Resource report: {"command_name": "run", "command_success": false, "command_wall_clock_time": 0.12758203, "process_in_blocks": "0", "process_kernel_time": 0.372334, "process_mem_max_rss": "102092800", "process_out_blocks": "0", "process_user_time": 2.046915}
[0m20:49:17.332908 [debug] [MainThread]: Command `dbt run` failed at 20:49:17.332745 after 0.13 seconds
[0m20:49:17.333704 [debug] [MainThread]: Sending event: {'category': 'dbt', 'action': 'invocation', 'label': 'end', 'context': [<snowplow_tracker.self_describing_json.SelfDescribingJson object at 0x112ff1730>, <snowplow_tracker.self_describing_json.SelfDescribingJson object at 0x113ca4d40>, <snowplow_tracker.self_describing_json.SelfDescribingJson object at 0x113ca6720>]}
[0m20:49:17.334307 [debug] [MainThread]: Flushing usage events
[0m20:49:18.108010 [debug] [MainThread]: An error was encountered while trying to flush usage events
[0m20:33:09.135688 [debug] [MainThread]: Sending event: {'category': 'dbt', 'action': 'invocation', 'label': 'start', 'context': [<snowplow_tracker.self_describing_json.SelfDescribingJson object at 0x109cd92e0>, <snowplow_tracker.self_describing_json.SelfDescribingJson object at 0x10aee8d70>, <snowplow_tracker.self_describing_json.SelfDescribingJson object at 0x10aee8980>]}


============================== 20:33:09.143729 | 88cda266-d56c-4791-9776-28bc85c43c31 ==============================
[0m20:33:09.143729 [info ] [MainThread]: Running with dbt=1.11.11
[0m20:33:09.144774 [debug] [MainThread]: running dbt with arguments {'quiet': 'False', 'use_experimental_parser': 'False', 'cache_selected_only': 'False', 'debug': 'False', 'profiles_dir': '/Users/user/.dbt', 'indirect_selection': 'eager', 'printer_width': '80', 'fail_fast': 'False', 'log_cache_events': 'False', 'partial_parse': 'True', 'invocation_command': 'dbt run --select dim_movie', 'send_anonymous_usage_stats': 'True', 'empty': 'False', 'log_format': 'default', 'static_parser': 'True', 'version_check': 'True', 'warn_error_options': 'WarnErrorOptionsV2(error=[], warn=[], silence=[])', 'introspect': 'True', 'write_json': 'True', 'target_path': 'None', 'warn_error': 'None', 'log_path': 'logs', 'use_colors': 'True', 'no_print': 'None'}
[0m20:33:09.145591 [error] [MainThread]: Encountered an error:
Runtime Error
  No dbt_project.yml found at expected path /Users/user/Documents/sideProject/MovieVerse-DB/dbt_project.yml
  Verify that each entry within packages.yml (and their transitive dependencies) contains a file named dbt_project.yml
  
[0m20:33:09.146578 [debug] [MainThread]: Resource report: {"command_name": "run", "command_success": false, "command_wall_clock_time": 0.13325986, "process_in_blocks": "0", "process_kernel_time": 0.396803, "process_mem_max_rss": "101937152", "process_out_blocks": "0", "process_user_time": 2.029299}
[0m20:33:09.147333 [debug] [MainThread]: Command `dbt run` failed at 20:33:09.147185 after 0.13 seconds
[0m20:33:09.147975 [debug] [MainThread]: Sending event: {'category': 'dbt', 'action': 'invocation', 'label': 'end', 'context': [<snowplow_tracker.self_describing_json.SelfDescribingJson object at 0x10ac3b2c0>, <snowplow_tracker.self_describing_json.SelfDescribingJson object at 0x10a6f1700>, <snowplow_tracker.self_describing_json.SelfDescribingJson object at 0x10aee8ec0>]}
[0m20:33:09.148593 [debug] [MainThread]: Flushing usage events
[0m20:33:09.818090 [debug] [MainThread]: An error was encountered while trying to flush usage events
