[2026-06-17T10:07:45.130+0000] {local_task_job_runner.py:123} INFO - ::group::Pre task execution logs
[2026-06-17T10:07:45.163+0000] {taskinstance.py:2603} INFO - Dependencies all met for dep_context=non-requeueable deps ti=<TaskInstance: tmdb_incremental_sync.incremental_sync_pipeline manual__2026-06-17T10:07:43.237192+00:00 [queued]>
[2026-06-17T10:07:45.176+0000] {taskinstance.py:2603} INFO - Dependencies all met for dep_context=requeueable deps ti=<TaskInstance: tmdb_incremental_sync.incremental_sync_pipeline manual__2026-06-17T10:07:43.237192+00:00 [queued]>
[2026-06-17T10:07:45.178+0000] {taskinstance.py:2856} INFO - Starting attempt 1 of 3
[2026-06-17T10:07:45.198+0000] {taskinstance.py:2879} INFO - Executing <Task(PythonOperator): incremental_sync_pipeline> on 2026-06-17 10:07:43.237192+00:00
[2026-06-17T10:07:45.220+0000] {logging_mixin.py:190} WARNING - /home/***/.local/lib/python3.12/site-packages/***/task/task_runner/standard_task_runner.py:70 DeprecationWarning: This process (pid=2031) is multi-threaded, use of fork() may lead to deadlocks in the child.
[2026-06-17T10:07:45.218+0000] {standard_task_runner.py:104} INFO - Running: ['***', 'tasks', 'run', 'tmdb_incremental_sync', 'incremental_sync_pipeline', 'manual__2026-06-17T10:07:43.237192+00:00', '--job-id', '13', '--raw', '--subdir', 'DAGS_FOLDER/tmdb_incremental_sync.py', '--cfg-path', '/tmp/tmpru9o83c0']
[2026-06-17T10:07:45.222+0000] {standard_task_runner.py:72} INFO - Started process 2032 to run task
[2026-06-17T10:07:45.223+0000] {standard_task_runner.py:105} INFO - Job 13: Subtask incremental_sync_pipeline
[2026-06-17T10:07:45.298+0000] {task_command.py:467} INFO - Running <TaskInstance: tmdb_incremental_sync.incremental_sync_pipeline manual__2026-06-17T10:07:43.237192+00:00 [running]> on host d8c53ec118ae
[2026-06-17T10:07:45.454+0000] {taskinstance.py:3122} INFO - Exporting env vars: AIRFLOW_CTX_DAG_OWNER='***' AIRFLOW_CTX_DAG_ID='tmdb_incremental_sync' AIRFLOW_CTX_TASK_ID='incremental_sync_pipeline' AIRFLOW_CTX_EXECUTION_DATE='2026-06-17T10:07:43.237192+00:00' AIRFLOW_CTX_TRY_NUMBER='1' AIRFLOW_CTX_DAG_RUN_ID='manual__2026-06-17T10:07:43.237192+00:00'
[2026-06-17T10:07:45.456+0000] {taskinstance.py:731} INFO - ::endgroup::
[2026-06-17T10:07:45.492+0000] {logging_mixin.py:190} INFO - Starting incremental sync for 2026-06-16 → 2026-06-17...
[2026-06-17T10:07:45.505+0000] {logging_mixin.py:190} INFO - Fetching changes: 2026-06-16 -> 2026-06-17
[2026-06-17T10:07:54.408+0000] {logging_mixin.py:190} INFO - Found 4954 changed IDs. Syncing metadata...
[2026-06-17T10:12:44.600+0000] {logging_mixin.py:190} INFO - 0 movies queued for deep extraction...
[2026-06-17T10:12:44.602+0000] {logging_mixin.py:190} INFO - Pipeline finished successfully.
[2026-06-17T10:12:44.604+0000] {python.py:240} INFO - Done. Returned value was: None
[2026-06-17T10:12:44.640+0000] {taskinstance.py:340} INFO - ::group::Post task execution logs
[2026-06-17T10:12:44.642+0000] {taskinstance.py:352} INFO - Marking task as SUCCESS. dag_id=tmdb_incremental_sync, task_id=incremental_sync_pipeline, run_id=manual__2026-06-17T10:07:43.237192+00:00, execution_date=20260617T100743, start_date=20260617T100745, end_date=20260617T101244
[2026-06-17T10:12:44.717+0000] {local_task_job_runner.py:261} INFO - Task exited with return code 0
[2026-06-17T10:12:44.803+0000] {taskinstance.py:3891} INFO - 0 downstream tasks scheduled from follow-on schedule check
[2026-06-17T10:12:44.842+0000] {local_task_job_runner.py:240} INFO - ::endgroup::
