[2026-08-01T04:48:25.833+0000] {local_task_job_runner.py:123} INFO - ::group::Pre task execution logs
[2026-08-01T04:48:26.062+0000] {taskinstance.py:2603} INFO - Dependencies all met for dep_context=non-requeueable deps ti=<TaskInstance: dbt_pipeline.dbt_run scheduled__2026-07-31T00:00:00+00:00 [queued]>
[2026-08-01T04:48:26.130+0000] {taskinstance.py:2603} INFO - Dependencies all met for dep_context=requeueable deps ti=<TaskInstance: dbt_pipeline.dbt_run scheduled__2026-07-31T00:00:00+00:00 [queued]>
[2026-08-01T04:48:26.134+0000] {taskinstance.py:2856} INFO - Starting attempt 1 of 1
[2026-08-01T04:48:26.257+0000] {taskinstance.py:2879} INFO - Executing <Task(BashOperator): dbt_run> on 2026-07-31 00:00:00+00:00
[2026-08-01T04:48:26.420+0000] {logging_mixin.py:190} WARNING - /home/***/.local/lib/python3.12/site-packages/***/task/task_runner/standard_task_runner.py:70 DeprecationWarning: This process (pid=27515) is multi-threaded, use of fork() may lead to deadlocks in the child.
[2026-08-01T04:48:26.367+0000] {standard_task_runner.py:104} INFO - Running: ['***', 'tasks', 'run', 'dbt_pipeline', 'dbt_run', 'scheduled__2026-07-31T00:00:00+00:00', '--job-id', '137', '--raw', '--subdir', 'DAGS_FOLDER/dbt_pipeline.py', '--cfg-path', '/tmp/tmpghh8erpa']
[2026-08-01T04:48:26.443+0000] {standard_task_runner.py:105} INFO - Job 137: Subtask dbt_run
[2026-08-01T04:48:26.441+0000] {standard_task_runner.py:72} INFO - Started process 27516 to run task
[2026-08-01T04:48:27.539+0000] {task_command.py:467} INFO - Running <TaskInstance: dbt_pipeline.dbt_run scheduled__2026-07-31T00:00:00+00:00 [running]> on host 2c9dbb404379
[2026-08-01T04:48:28.537+0000] {taskinstance.py:3122} INFO - Exporting env vars: AIRFLOW_CTX_DAG_OWNER='***' AIRFLOW_CTX_DAG_ID='dbt_pipeline' AIRFLOW_CTX_TASK_ID='dbt_run' AIRFLOW_CTX_EXECUTION_DATE='2026-07-31T00:00:00+00:00' AIRFLOW_CTX_TRY_NUMBER='1' AIRFLOW_CTX_DAG_RUN_ID='scheduled__2026-07-31T00:00:00+00:00'
[2026-08-01T04:48:28.546+0000] {taskinstance.py:731} INFO - ::endgroup::
[2026-08-01T04:48:28.714+0000] {subprocess.py:63} INFO - Tmp dir root location: /tmp
[2026-08-01T04:48:28.732+0000] {subprocess.py:75} INFO - Running command: ['/usr/bin/bash', '-c', '\n        cd /opt/***/tmdwh &&\n        dbt run --profiles-dir /opt/***/tmdwh\n        ']
[2026-08-01T04:48:28.828+0000] {subprocess.py:86} INFO - Output:
[2026-08-01T05:28:30.020+0000] {job.py:229} INFO - Heartbeat recovered after 2381.84 seconds
[2026-08-01T05:28:35.514+0000] {subprocess.py:93} INFO - [0m05:28:35  Running with dbt=1.12.0
[2026-08-01T05:28:38.777+0000] {subprocess.py:93} INFO - [0m05:28:38  Registered adapter: postgres=1.11.0
[2026-08-01T05:28:48.160+0000] {subprocess.py:93} INFO - [0m05:28:48  Found 24 models, 31 data tests, 1 source, 592 macros
[2026-08-01T05:28:48.176+0000] {subprocess.py:93} INFO - [0m05:28:48
[2026-08-01T05:28:48.179+0000] {subprocess.py:93} INFO - [0m05:28:48  Concurrency: 4 threads (target='dev')
[2026-08-01T05:28:48.182+0000] {subprocess.py:93} INFO - [0m05:28:48
[2026-08-01T05:28:49.099+0000] {subprocess.py:93} INFO - [0m05:28:49
[2026-08-01T05:28:49.101+0000] {subprocess.py:93} INFO - [0m05:28:49  Finished running  in 0 hours 0 minutes and 0.92 seconds (0.92s).
[2026-08-01T05:28:49.103+0000] {subprocess.py:93} INFO - [0m05:28:49  [[31mERROR[0m]: Encountered an error:
[2026-08-01T05:28:49.108+0000] {subprocess.py:93} INFO - Database Error
[2026-08-01T05:28:49.110+0000] {subprocess.py:93} INFO -   could not translate host name "movie-postgres" to address: Name or service not known
[2026-08-01T05:28:49.112+0000] {subprocess.py:93} INFO - 
[2026-08-01T05:28:52.457+0000] {subprocess.py:97} INFO - Command exited with return code 2
[2026-08-01T05:28:53.130+0000] {taskinstance.py:3301} ERROR - Task failed with exception
Traceback (most recent call last):
  File "/home/airflow/.local/lib/python3.12/site-packages/airflow/models/taskinstance.py", line 767, in _execute_task
    result = _execute_callable(context=context, **execute_callable_kwargs)
             ^^^^^^^^^^^^^^^^^^^^^^^^^^^^^^^^^^^^^^^^^^^^^^^^^^^^^^^^^^^^^
  File "/home/airflow/.local/lib/python3.12/site-packages/airflow/models/taskinstance.py", line 733, in _execute_callable
    return ExecutionCallableRunner(
           ^^^^^^^^^^^^^^^^^^^^^^^^
  File "/home/airflow/.local/lib/python3.12/site-packages/airflow/utils/operator_helpers.py", line 252, in run
    return self.func(*args, **kwargs)
           ^^^^^^^^^^^^^^^^^^^^^^^^^^
  File "/home/airflow/.local/lib/python3.12/site-packages/airflow/models/baseoperator.py", line 406, in wrapper
    return func(self, *args, **kwargs)
           ^^^^^^^^^^^^^^^^^^^^^^^^^^^
  File "/home/airflow/.local/lib/python3.12/site-packages/airflow/operators/bash.py", line 249, in execute
    raise AirflowException(
airflow.exceptions.AirflowException: Bash command failed. The command returned a non-zero exit code 2.
[2026-08-01T05:28:53.352+0000] {taskinstance.py:1225} INFO - Marking task as FAILED. dag_id=dbt_pipeline, task_id=dbt_run, run_id=scheduled__2026-07-31T00:00:00+00:00, execution_date=20260731T000000, start_date=20260801T044826, end_date=20260801T052853
[2026-08-01T05:28:53.776+0000] {taskinstance.py:340} INFO - ::group::Post task execution logs
[2026-08-01T05:28:53.790+0000] {standard_task_runner.py:124} ERROR - Failed to execute job 137 for task dbt_run (Bash command failed. The command returned a non-zero exit code 2.; 27516)
Traceback (most recent call last):
  File "/home/airflow/.local/lib/python3.12/site-packages/airflow/task/task_runner/standard_task_runner.py", line 117, in _start_by_fork
    ret = args.func(args, dag=self.dag)
          ^^^^^^^^^^^^^^^^^^^^^^^^^^^^^
  File "/home/airflow/.local/lib/python3.12/site-packages/airflow/cli/cli_config.py", line 49, in command
    return func(*args, **kwargs)
           ^^^^^^^^^^^^^^^^^^^^^
  File "/home/airflow/.local/lib/python3.12/site-packages/airflow/utils/cli.py", line 115, in wrapper
    return f(*args, **kwargs)
           ^^^^^^^^^^^^^^^^^^
  File "/home/airflow/.local/lib/python3.12/site-packages/airflow/cli/commands/task_command.py", line 483, in task_run
    task_return_code = _run_task_by_selected_method(args, _dag, ti)
                       ^^^^^^^^^^^^^^^^^^^^^^^^^^^^^^^^^^^^^^^^^^^^
  File "/home/airflow/.local/lib/python3.12/site-packages/airflow/cli/commands/task_command.py", line 256, in _run_task_by_selected_method
    return _run_raw_task(args, ti)
           ^^^^^^^^^^^^^^^^^^^^^^^
  File "/home/airflow/.local/lib/python3.12/site-packages/airflow/cli/commands/task_command.py", line 341, in _run_raw_task
    return ti._run_raw_task(
           ^^^^^^^^^^^^^^^^^
  File "/home/airflow/.local/lib/python3.12/site-packages/airflow/utils/session.py", line 97, in wrapper
    return func(*args, session=session, **kwargs)
           ^^^^^^^^^^^^^^^^^^^^^^^^^^^^^^^^^^^^^^
  File "/home/airflow/.local/lib/python3.12/site-packages/airflow/models/taskinstance.py", line 2995, in _run_raw_task
    return _run_raw_task(
           ^^^^^^^^^^^^^^
  File "/home/airflow/.local/lib/python3.12/site-packages/airflow/models/taskinstance.py", line 273, in _run_raw_task
    TaskInstance._execute_task_with_callbacks(
  File "/home/airflow/.local/lib/python3.12/site-packages/airflow/models/taskinstance.py", line 3149, in _execute_task_with_callbacks
    result = self._execute_task(context, task_orig)
             ^^^^^^^^^^^^^^^^^^^^^^^^^^^^^^^^^^^^^^
  File "/home/airflow/.local/lib/python3.12/site-packages/airflow/models/taskinstance.py", line 3173, in _execute_task
    return _execute_task(self, context, task_orig)
           ^^^^^^^^^^^^^^^^^^^^^^^^^^^^^^^^^^^^^^^
  File "/home/airflow/.local/lib/python3.12/site-packages/airflow/models/taskinstance.py", line 767, in _execute_task
    result = _execute_callable(context=context, **execute_callable_kwargs)
             ^^^^^^^^^^^^^^^^^^^^^^^^^^^^^^^^^^^^^^^^^^^^^^^^^^^^^^^^^^^^^
  File "/home/airflow/.local/lib/python3.12/site-packages/airflow/models/taskinstance.py", line 733, in _execute_callable
    return ExecutionCallableRunner(
           ^^^^^^^^^^^^^^^^^^^^^^^^
  File "/home/airflow/.local/lib/python3.12/site-packages/airflow/utils/operator_helpers.py", line 252, in run
    return self.func(*args, **kwargs)
           ^^^^^^^^^^^^^^^^^^^^^^^^^^
  File "/home/airflow/.local/lib/python3.12/site-packages/airflow/models/baseoperator.py", line 406, in wrapper
    return func(self, *args, **kwargs)
           ^^^^^^^^^^^^^^^^^^^^^^^^^^^
  File "/home/airflow/.local/lib/python3.12/site-packages/airflow/operators/bash.py", line 249, in execute
    raise AirflowException(
airflow.exceptions.AirflowException: Bash command failed. The command returned a non-zero exit code 2.
[2026-08-01T05:28:54.376+0000] {local_task_job_runner.py:261} INFO - Task exited with return code 1
[2026-08-01T05:28:54.603+0000] {local_task_job_runner.py:240} INFO - ::endgroup::
[2026-08-01T05:28:54.928+0000] {standard_task_runner.py:217} INFO - Process not found (most likely exited), stop collecting metrics
