[2026-05-22T02:39:21.039+0000] {processor.py:186} INFO - Started process (PID=6850) to work on /opt/airflow/dags/sanity_checks.py
[2026-05-22T02:39:21.047+0000] {processor.py:914} INFO - Processing file /opt/airflow/dags/sanity_checks.py for tasks to queue
[2026-05-22T02:39:21.074+0000] {logging_mixin.py:190} INFO - [2026-05-22T02:39:21.069+0000] {dagbag.py:587} INFO - Filling up the DagBag from /opt/airflow/dags/sanity_checks.py
[2026-05-22T02:39:21.298+0000] {processor.py:925} INFO - DAG(s) 'airflow_sanity_check' retrieved from /opt/airflow/dags/sanity_checks.py
[2026-05-22T02:39:22.241+0000] {logging_mixin.py:190} INFO - [2026-05-22T02:39:22.239+0000] {dag.py:3211} INFO - Sync 1 DAGs
[2026-05-22T02:39:22.681+0000] {logging_mixin.py:190} INFO - [2026-05-22T02:39:22.679+0000] {dag.py:4138} INFO - Setting next_dagrun for airflow_sanity_check to None, run_after=None
[2026-05-22T02:39:23.196+0000] {processor.py:208} INFO - Processing /opt/airflow/dags/sanity_checks.py took 2.233 seconds
[2026-05-22T11:05:02.053+0000] {processor.py:186} INFO - Started process (PID=6858) to work on /opt/airflow/dags/sanity_checks.py
[2026-05-22T11:05:02.063+0000] {processor.py:914} INFO - Processing file /opt/airflow/dags/sanity_checks.py for tasks to queue
[2026-05-22T11:05:02.073+0000] {logging_mixin.py:190} INFO - [2026-05-22T11:05:02.072+0000] {dagbag.py:587} INFO - Filling up the DagBag from /opt/airflow/dags/sanity_checks.py
[2026-05-22T11:05:02.177+0000] {processor.py:925} INFO - DAG(s) 'airflow_sanity_check' retrieved from /opt/airflow/dags/sanity_checks.py
[2026-05-22T11:05:02.395+0000] {logging_mixin.py:190} INFO - [2026-05-22T11:05:02.394+0000] {dag.py:3211} INFO - Sync 1 DAGs
[2026-05-22T11:05:02.467+0000] {logging_mixin.py:190} INFO - [2026-05-22T11:05:02.466+0000] {dag.py:4138} INFO - Setting next_dagrun for airflow_sanity_check to None, run_after=None
[2026-05-22T11:05:02.528+0000] {processor.py:208} INFO - Processing /opt/airflow/dags/sanity_checks.py took 0.559 seconds
[2026-05-22T11:05:32.971+0000] {processor.py:186} INFO - Started process (PID=6868) to work on /opt/airflow/dags/sanity_checks.py
[2026-05-22T11:05:32.973+0000] {processor.py:914} INFO - Processing file /opt/airflow/dags/sanity_checks.py for tasks to queue
[2026-05-22T11:05:32.976+0000] {logging_mixin.py:190} INFO - [2026-05-22T11:05:32.975+0000] {dagbag.py:587} INFO - Filling up the DagBag from /opt/airflow/dags/sanity_checks.py
[2026-05-22T11:05:32.996+0000] {processor.py:925} INFO - DAG(s) 'airflow_sanity_check' retrieved from /opt/airflow/dags/sanity_checks.py
[2026-05-22T11:05:33.048+0000] {logging_mixin.py:190} INFO - [2026-05-22T11:05:33.047+0000] {dag.py:3211} INFO - Sync 1 DAGs
[2026-05-22T11:05:33.074+0000] {logging_mixin.py:190} INFO - [2026-05-22T11:05:33.074+0000] {dag.py:4138} INFO - Setting next_dagrun for airflow_sanity_check to None, run_after=None
[2026-05-22T11:05:33.108+0000] {processor.py:208} INFO - Processing /opt/airflow/dags/sanity_checks.py took 0.149 seconds
[2026-05-22T11:06:03.423+0000] {processor.py:186} INFO - Started process (PID=6878) to work on /opt/airflow/dags/sanity_checks.py
[2026-05-22T11:06:03.426+0000] {processor.py:914} INFO - Processing file /opt/airflow/dags/sanity_checks.py for tasks to queue
[2026-05-22T11:06:03.430+0000] {logging_mixin.py:190} INFO - [2026-05-22T11:06:03.429+0000] {dagbag.py:587} INFO - Filling up the DagBag from /opt/airflow/dags/sanity_checks.py
[2026-05-22T11:06:03.451+0000] {processor.py:925} INFO - DAG(s) 'airflow_sanity_check' retrieved from /opt/airflow/dags/sanity_checks.py
[2026-05-22T11:06:03.514+0000] {logging_mixin.py:190} INFO - [2026-05-22T11:06:03.514+0000] {dag.py:3211} INFO - Sync 1 DAGs
[2026-05-22T11:06:03.536+0000] {logging_mixin.py:190} INFO - [2026-05-22T11:06:03.536+0000] {dag.py:4138} INFO - Setting next_dagrun for airflow_sanity_check to None, run_after=None
[2026-05-22T11:06:03.563+0000] {processor.py:208} INFO - Processing /opt/airflow/dags/sanity_checks.py took 0.152 seconds
[2026-05-22T11:06:33.952+0000] {processor.py:186} INFO - Started process (PID=6898) to work on /opt/airflow/dags/sanity_checks.py
[2026-05-22T11:06:33.959+0000] {processor.py:914} INFO - Processing file /opt/airflow/dags/sanity_checks.py for tasks to queue
[2026-05-22T11:06:33.966+0000] {logging_mixin.py:190} INFO - [2026-05-22T11:06:33.964+0000] {dagbag.py:587} INFO - Filling up the DagBag from /opt/airflow/dags/sanity_checks.py
[2026-05-22T11:06:34.048+0000] {processor.py:925} INFO - DAG(s) 'airflow_sanity_check' retrieved from /opt/airflow/dags/sanity_checks.py
[2026-05-22T11:06:34.264+0000] {logging_mixin.py:190} INFO - [2026-05-22T11:06:34.264+0000] {dag.py:3211} INFO - Sync 1 DAGs
[2026-05-22T11:06:34.360+0000] {logging_mixin.py:190} INFO - [2026-05-22T11:06:34.360+0000] {dag.py:4138} INFO - Setting next_dagrun for airflow_sanity_check to None, run_after=None
[2026-05-22T11:06:34.449+0000] {processor.py:208} INFO - Processing /opt/airflow/dags/sanity_checks.py took 0.572 seconds
[2026-05-22T11:07:04.684+0000] {processor.py:186} INFO - Started process (PID=6908) to work on /opt/airflow/dags/sanity_checks.py
[2026-05-22T11:07:04.688+0000] {processor.py:914} INFO - Processing file /opt/airflow/dags/sanity_checks.py for tasks to queue
[2026-05-22T11:07:04.691+0000] {logging_mixin.py:190} INFO - [2026-05-22T11:07:04.690+0000] {dagbag.py:587} INFO - Filling up the DagBag from /opt/airflow/dags/sanity_checks.py
[2026-05-22T11:07:04.724+0000] {processor.py:925} INFO - DAG(s) 'airflow_sanity_check' retrieved from /opt/airflow/dags/sanity_checks.py
[2026-05-22T11:07:05.078+0000] {logging_mixin.py:190} INFO - [2026-05-22T11:07:05.078+0000] {dag.py:3211} INFO - Sync 1 DAGs
[2026-05-22T11:07:05.195+0000] {logging_mixin.py:190} INFO - [2026-05-22T11:07:05.194+0000] {dag.py:4138} INFO - Setting next_dagrun for airflow_sanity_check to None, run_after=None
[2026-05-22T11:07:05.303+0000] {processor.py:208} INFO - Processing /opt/airflow/dags/sanity_checks.py took 0.631 seconds
[2026-05-22T11:07:36.014+0000] {processor.py:186} INFO - Started process (PID=6918) to work on /opt/airflow/dags/sanity_checks.py
[2026-05-22T11:07:36.016+0000] {processor.py:914} INFO - Processing file /opt/airflow/dags/sanity_checks.py for tasks to queue
[2026-05-22T11:07:36.020+0000] {logging_mixin.py:190} INFO - [2026-05-22T11:07:36.019+0000] {dagbag.py:587} INFO - Filling up the DagBag from /opt/airflow/dags/sanity_checks.py
[2026-05-22T11:07:36.080+0000] {processor.py:925} INFO - DAG(s) 'airflow_sanity_check' retrieved from /opt/airflow/dags/sanity_checks.py
[2026-05-22T11:07:36.905+0000] {logging_mixin.py:190} INFO - [2026-05-22T11:07:36.904+0000] {dag.py:3211} INFO - Sync 1 DAGs
[2026-05-22T11:07:37.019+0000] {logging_mixin.py:190} INFO - [2026-05-22T11:07:37.018+0000] {dag.py:4138} INFO - Setting next_dagrun for airflow_sanity_check to None, run_after=None
[2026-05-22T11:07:37.075+0000] {processor.py:208} INFO - Processing /opt/airflow/dags/sanity_checks.py took 1.075 seconds
[2026-05-22T11:08:07.535+0000] {processor.py:186} INFO - Started process (PID=6928) to work on /opt/airflow/dags/sanity_checks.py
[2026-05-22T11:08:07.538+0000] {processor.py:914} INFO - Processing file /opt/airflow/dags/sanity_checks.py for tasks to queue
[2026-05-22T11:08:07.540+0000] {logging_mixin.py:190} INFO - [2026-05-22T11:08:07.539+0000] {dagbag.py:587} INFO - Filling up the DagBag from /opt/airflow/dags/sanity_checks.py
[2026-05-22T11:08:07.559+0000] {processor.py:925} INFO - DAG(s) 'airflow_sanity_check' retrieved from /opt/airflow/dags/sanity_checks.py
[2026-05-22T11:08:07.605+0000] {logging_mixin.py:190} INFO - [2026-05-22T11:08:07.605+0000] {dag.py:3211} INFO - Sync 1 DAGs
[2026-05-22T11:08:07.627+0000] {logging_mixin.py:190} INFO - [2026-05-22T11:08:07.627+0000] {dag.py:4138} INFO - Setting next_dagrun for airflow_sanity_check to None, run_after=None
[2026-05-22T11:08:07.725+0000] {processor.py:208} INFO - Processing /opt/airflow/dags/sanity_checks.py took 0.201 seconds
[2026-05-22T11:08:38.006+0000] {processor.py:186} INFO - Started process (PID=6938) to work on /opt/airflow/dags/sanity_checks.py
[2026-05-22T11:08:38.008+0000] {processor.py:914} INFO - Processing file /opt/airflow/dags/sanity_checks.py for tasks to queue
[2026-05-22T11:08:38.011+0000] {logging_mixin.py:190} INFO - [2026-05-22T11:08:38.010+0000] {dagbag.py:587} INFO - Filling up the DagBag from /opt/airflow/dags/sanity_checks.py
[2026-05-22T11:08:38.036+0000] {processor.py:925} INFO - DAG(s) 'airflow_sanity_check' retrieved from /opt/airflow/dags/sanity_checks.py
[2026-05-22T11:08:38.085+0000] {logging_mixin.py:190} INFO - [2026-05-22T11:08:38.085+0000] {dag.py:3211} INFO - Sync 1 DAGs
[2026-05-22T11:08:38.117+0000] {logging_mixin.py:190} INFO - [2026-05-22T11:08:38.116+0000] {dag.py:4138} INFO - Setting next_dagrun for airflow_sanity_check to None, run_after=None
[2026-05-22T11:08:38.219+0000] {processor.py:208} INFO - Processing /opt/airflow/dags/sanity_checks.py took 0.225 seconds
[2026-05-22T11:09:08.578+0000] {processor.py:186} INFO - Started process (PID=6948) to work on /opt/airflow/dags/sanity_checks.py
[2026-05-22T11:09:08.580+0000] {processor.py:914} INFO - Processing file /opt/airflow/dags/sanity_checks.py for tasks to queue
[2026-05-22T11:09:08.583+0000] {logging_mixin.py:190} INFO - [2026-05-22T11:09:08.583+0000] {dagbag.py:587} INFO - Filling up the DagBag from /opt/airflow/dags/sanity_checks.py
[2026-05-22T11:09:08.600+0000] {processor.py:925} INFO - DAG(s) 'airflow_sanity_check' retrieved from /opt/airflow/dags/sanity_checks.py
[2026-05-22T11:09:08.653+0000] {logging_mixin.py:190} INFO - [2026-05-22T11:09:08.653+0000] {dag.py:3211} INFO - Sync 1 DAGs
[2026-05-22T11:09:08.774+0000] {logging_mixin.py:190} INFO - [2026-05-22T11:09:08.773+0000] {dag.py:4138} INFO - Setting next_dagrun for airflow_sanity_check to None, run_after=None
[2026-05-22T11:09:08.947+0000] {processor.py:208} INFO - Processing /opt/airflow/dags/sanity_checks.py took 0.377 seconds
[2026-05-22T11:09:39.448+0000] {processor.py:186} INFO - Started process (PID=6958) to work on /opt/airflow/dags/sanity_checks.py
[2026-05-22T11:09:39.453+0000] {processor.py:914} INFO - Processing file /opt/airflow/dags/sanity_checks.py for tasks to queue
[2026-05-22T11:09:39.457+0000] {logging_mixin.py:190} INFO - [2026-05-22T11:09:39.456+0000] {dagbag.py:587} INFO - Filling up the DagBag from /opt/airflow/dags/sanity_checks.py
[2026-05-22T11:09:39.475+0000] {processor.py:925} INFO - DAG(s) 'airflow_sanity_check' retrieved from /opt/airflow/dags/sanity_checks.py
[2026-05-22T11:09:39.529+0000] {logging_mixin.py:190} INFO - [2026-05-22T11:09:39.529+0000] {dag.py:3211} INFO - Sync 1 DAGs
[2026-05-22T11:09:39.654+0000] {logging_mixin.py:190} INFO - [2026-05-22T11:09:39.653+0000] {dag.py:4138} INFO - Setting next_dagrun for airflow_sanity_check to None, run_after=None
[2026-05-22T11:09:39.839+0000] {processor.py:208} INFO - Processing /opt/airflow/dags/sanity_checks.py took 0.403 seconds
[2026-05-22T11:10:10.281+0000] {processor.py:186} INFO - Started process (PID=6968) to work on /opt/airflow/dags/sanity_checks.py
[2026-05-22T11:10:10.283+0000] {processor.py:914} INFO - Processing file /opt/airflow/dags/sanity_checks.py for tasks to queue
[2026-05-22T11:10:10.285+0000] {logging_mixin.py:190} INFO - [2026-05-22T11:10:10.284+0000] {dagbag.py:587} INFO - Filling up the DagBag from /opt/airflow/dags/sanity_checks.py
[2026-05-22T11:10:10.309+0000] {processor.py:925} INFO - DAG(s) 'airflow_sanity_check' retrieved from /opt/airflow/dags/sanity_checks.py
[2026-05-22T11:10:10.371+0000] {logging_mixin.py:190} INFO - [2026-05-22T11:10:10.371+0000] {dag.py:3211} INFO - Sync 1 DAGs
[2026-05-22T11:10:10.482+0000] {logging_mixin.py:190} INFO - [2026-05-22T11:10:10.481+0000] {dag.py:4138} INFO - Setting next_dagrun for airflow_sanity_check to None, run_after=None
[2026-05-22T11:10:10.754+0000] {processor.py:208} INFO - Processing /opt/airflow/dags/sanity_checks.py took 0.492 seconds
[2026-05-22T11:10:41.067+0000] {processor.py:186} INFO - Started process (PID=6978) to work on /opt/airflow/dags/sanity_checks.py
[2026-05-22T11:10:41.070+0000] {processor.py:914} INFO - Processing file /opt/airflow/dags/sanity_checks.py for tasks to queue
[2026-05-22T11:10:41.072+0000] {logging_mixin.py:190} INFO - [2026-05-22T11:10:41.072+0000] {dagbag.py:587} INFO - Filling up the DagBag from /opt/airflow/dags/sanity_checks.py
[2026-05-22T11:10:41.090+0000] {processor.py:925} INFO - DAG(s) 'airflow_sanity_check' retrieved from /opt/airflow/dags/sanity_checks.py
[2026-05-22T11:10:41.136+0000] {logging_mixin.py:190} INFO - [2026-05-22T11:10:41.136+0000] {dag.py:3211} INFO - Sync 1 DAGs
[2026-05-22T11:10:41.171+0000] {logging_mixin.py:190} INFO - [2026-05-22T11:10:41.171+0000] {dag.py:4138} INFO - Setting next_dagrun for airflow_sanity_check to None, run_after=None
[2026-05-22T11:10:41.200+0000] {processor.py:208} INFO - Processing /opt/airflow/dags/sanity_checks.py took 0.148 seconds
[2026-05-22T11:11:11.600+0000] {processor.py:186} INFO - Started process (PID=6988) to work on /opt/airflow/dags/sanity_checks.py
[2026-05-22T11:11:11.614+0000] {processor.py:914} INFO - Processing file /opt/airflow/dags/sanity_checks.py for tasks to queue
[2026-05-22T11:11:11.617+0000] {logging_mixin.py:190} INFO - [2026-05-22T11:11:11.617+0000] {dagbag.py:587} INFO - Filling up the DagBag from /opt/airflow/dags/sanity_checks.py
[2026-05-22T11:11:11.640+0000] {processor.py:925} INFO - DAG(s) 'airflow_sanity_check' retrieved from /opt/airflow/dags/sanity_checks.py
[2026-05-22T11:11:11.709+0000] {logging_mixin.py:190} INFO - [2026-05-22T11:11:11.709+0000] {dag.py:3211} INFO - Sync 1 DAGs
[2026-05-22T11:11:11.763+0000] {logging_mixin.py:190} INFO - [2026-05-22T11:11:11.762+0000] {dag.py:4138} INFO - Setting next_dagrun for airflow_sanity_check to None, run_after=None
[2026-05-22T11:11:11.959+0000] {processor.py:208} INFO - Processing /opt/airflow/dags/sanity_checks.py took 0.368 seconds
[2026-05-22T11:11:42.347+0000] {processor.py:186} INFO - Started process (PID=6998) to work on /opt/airflow/dags/sanity_checks.py
[2026-05-22T11:11:42.348+0000] {processor.py:914} INFO - Processing file /opt/airflow/dags/sanity_checks.py for tasks to queue
[2026-05-22T11:11:42.352+0000] {logging_mixin.py:190} INFO - [2026-05-22T11:11:42.351+0000] {dagbag.py:587} INFO - Filling up the DagBag from /opt/airflow/dags/sanity_checks.py
[2026-05-22T11:11:42.370+0000] {processor.py:925} INFO - DAG(s) 'airflow_sanity_check' retrieved from /opt/airflow/dags/sanity_checks.py
[2026-05-22T11:11:42.419+0000] {logging_mixin.py:190} INFO - [2026-05-22T11:11:42.418+0000] {dag.py:3211} INFO - Sync 1 DAGs
[2026-05-22T11:11:42.677+0000] {logging_mixin.py:190} INFO - [2026-05-22T11:11:42.676+0000] {dag.py:4138} INFO - Setting next_dagrun for airflow_sanity_check to None, run_after=None
[2026-05-22T11:11:42.815+0000] {processor.py:208} INFO - Processing /opt/airflow/dags/sanity_checks.py took 0.479 seconds
[2026-05-22T11:12:13.125+0000] {processor.py:186} INFO - Started process (PID=7008) to work on /opt/airflow/dags/sanity_checks.py
[2026-05-22T11:12:13.127+0000] {processor.py:914} INFO - Processing file /opt/airflow/dags/sanity_checks.py for tasks to queue
[2026-05-22T11:12:13.132+0000] {logging_mixin.py:190} INFO - [2026-05-22T11:12:13.131+0000] {dagbag.py:587} INFO - Filling up the DagBag from /opt/airflow/dags/sanity_checks.py
[2026-05-22T11:12:13.150+0000] {processor.py:925} INFO - DAG(s) 'airflow_sanity_check' retrieved from /opt/airflow/dags/sanity_checks.py
[2026-05-22T11:12:13.216+0000] {logging_mixin.py:190} INFO - [2026-05-22T11:12:13.216+0000] {dag.py:3211} INFO - Sync 1 DAGs
[2026-05-22T11:12:13.246+0000] {logging_mixin.py:190} INFO - [2026-05-22T11:12:13.244+0000] {dag.py:4138} INFO - Setting next_dagrun for airflow_sanity_check to None, run_after=None
[2026-05-22T11:12:13.421+0000] {processor.py:208} INFO - Processing /opt/airflow/dags/sanity_checks.py took 0.306 seconds
[2026-05-22T11:12:43.783+0000] {processor.py:186} INFO - Started process (PID=7018) to work on /opt/airflow/dags/sanity_checks.py
[2026-05-22T11:12:43.785+0000] {processor.py:914} INFO - Processing file /opt/airflow/dags/sanity_checks.py for tasks to queue
[2026-05-22T11:12:43.787+0000] {logging_mixin.py:190} INFO - [2026-05-22T11:12:43.786+0000] {dagbag.py:587} INFO - Filling up the DagBag from /opt/airflow/dags/sanity_checks.py
[2026-05-22T11:12:43.811+0000] {processor.py:925} INFO - DAG(s) 'airflow_sanity_check' retrieved from /opt/airflow/dags/sanity_checks.py
[2026-05-22T11:12:43.884+0000] {logging_mixin.py:190} INFO - [2026-05-22T11:12:43.884+0000] {dag.py:3211} INFO - Sync 1 DAGs
[2026-05-22T11:12:44.055+0000] {logging_mixin.py:190} INFO - [2026-05-22T11:12:44.054+0000] {dag.py:4138} INFO - Setting next_dagrun for airflow_sanity_check to None, run_after=None
[2026-05-22T11:12:44.226+0000] {processor.py:208} INFO - Processing /opt/airflow/dags/sanity_checks.py took 0.457 seconds
[2026-05-22T11:13:14.576+0000] {processor.py:186} INFO - Started process (PID=7028) to work on /opt/airflow/dags/sanity_checks.py
[2026-05-22T11:13:14.578+0000] {processor.py:914} INFO - Processing file /opt/airflow/dags/sanity_checks.py for tasks to queue
[2026-05-22T11:13:14.580+0000] {logging_mixin.py:190} INFO - [2026-05-22T11:13:14.579+0000] {dagbag.py:587} INFO - Filling up the DagBag from /opt/airflow/dags/sanity_checks.py
[2026-05-22T11:13:14.597+0000] {processor.py:925} INFO - DAG(s) 'airflow_sanity_check' retrieved from /opt/airflow/dags/sanity_checks.py
[2026-05-22T11:13:14.650+0000] {logging_mixin.py:190} INFO - [2026-05-22T11:13:14.650+0000] {dag.py:3211} INFO - Sync 1 DAGs
[2026-05-22T11:13:14.684+0000] {logging_mixin.py:190} INFO - [2026-05-22T11:13:14.683+0000] {dag.py:4138} INFO - Setting next_dagrun for airflow_sanity_check to None, run_after=None
[2026-05-22T11:13:14.774+0000] {processor.py:208} INFO - Processing /opt/airflow/dags/sanity_checks.py took 0.209 seconds
[2026-05-22T11:13:45.111+0000] {processor.py:186} INFO - Started process (PID=7038) to work on /opt/airflow/dags/sanity_checks.py
[2026-05-22T11:13:45.113+0000] {processor.py:914} INFO - Processing file /opt/airflow/dags/sanity_checks.py for tasks to queue
[2026-05-22T11:13:45.115+0000] {logging_mixin.py:190} INFO - [2026-05-22T11:13:45.115+0000] {dagbag.py:587} INFO - Filling up the DagBag from /opt/airflow/dags/sanity_checks.py
[2026-05-22T11:13:45.133+0000] {processor.py:925} INFO - DAG(s) 'airflow_sanity_check' retrieved from /opt/airflow/dags/sanity_checks.py
[2026-05-22T11:13:45.199+0000] {logging_mixin.py:190} INFO - [2026-05-22T11:13:45.199+0000] {dag.py:3211} INFO - Sync 1 DAGs
[2026-05-22T11:13:45.539+0000] {logging_mixin.py:190} INFO - [2026-05-22T11:13:45.538+0000] {dag.py:4138} INFO - Setting next_dagrun for airflow_sanity_check to None, run_after=None
[2026-05-22T11:13:45.928+0000] {processor.py:208} INFO - Processing /opt/airflow/dags/sanity_checks.py took 0.829 seconds
[2026-05-22T11:14:16.376+0000] {processor.py:186} INFO - Started process (PID=7048) to work on /opt/airflow/dags/sanity_checks.py
[2026-05-22T11:14:16.378+0000] {processor.py:914} INFO - Processing file /opt/airflow/dags/sanity_checks.py for tasks to queue
[2026-05-22T11:14:16.381+0000] {logging_mixin.py:190} INFO - [2026-05-22T11:14:16.380+0000] {dagbag.py:587} INFO - Filling up the DagBag from /opt/airflow/dags/sanity_checks.py
[2026-05-22T11:14:16.406+0000] {processor.py:925} INFO - DAG(s) 'airflow_sanity_check' retrieved from /opt/airflow/dags/sanity_checks.py
[2026-05-22T11:14:16.527+0000] {logging_mixin.py:190} INFO - [2026-05-22T11:14:16.526+0000] {dag.py:3211} INFO - Sync 1 DAGs
[2026-05-22T11:14:16.694+0000] {logging_mixin.py:190} INFO - [2026-05-22T11:14:16.693+0000] {dag.py:4138} INFO - Setting next_dagrun for airflow_sanity_check to None, run_after=None
[2026-05-22T11:14:16.776+0000] {processor.py:208} INFO - Processing /opt/airflow/dags/sanity_checks.py took 0.416 seconds
[2026-05-22T11:14:47.260+0000] {processor.py:186} INFO - Started process (PID=7058) to work on /opt/airflow/dags/sanity_checks.py
[2026-05-22T11:14:47.282+0000] {processor.py:914} INFO - Processing file /opt/airflow/dags/sanity_checks.py for tasks to queue
[2026-05-22T11:14:47.300+0000] {logging_mixin.py:190} INFO - [2026-05-22T11:14:47.295+0000] {dagbag.py:587} INFO - Filling up the DagBag from /opt/airflow/dags/sanity_checks.py
[2026-05-22T11:14:47.470+0000] {processor.py:925} INFO - DAG(s) 'airflow_sanity_check' retrieved from /opt/airflow/dags/sanity_checks.py
[2026-05-22T11:14:47.797+0000] {logging_mixin.py:190} INFO - [2026-05-22T11:14:47.795+0000] {dag.py:3211} INFO - Sync 1 DAGs
[2026-05-22T11:14:47.947+0000] {logging_mixin.py:190} INFO - [2026-05-22T11:14:47.947+0000] {dag.py:4138} INFO - Setting next_dagrun for airflow_sanity_check to None, run_after=None
[2026-05-22T11:14:48.043+0000] {processor.py:208} INFO - Processing /opt/airflow/dags/sanity_checks.py took 0.960 seconds
[2026-05-22T11:15:18.398+0000] {processor.py:186} INFO - Started process (PID=7068) to work on /opt/airflow/dags/sanity_checks.py
[2026-05-22T11:15:18.399+0000] {processor.py:914} INFO - Processing file /opt/airflow/dags/sanity_checks.py for tasks to queue
[2026-05-22T11:15:18.401+0000] {logging_mixin.py:190} INFO - [2026-05-22T11:15:18.401+0000] {dagbag.py:587} INFO - Filling up the DagBag from /opt/airflow/dags/sanity_checks.py
[2026-05-22T11:15:18.417+0000] {processor.py:925} INFO - DAG(s) 'airflow_sanity_check' retrieved from /opt/airflow/dags/sanity_checks.py
[2026-05-22T11:15:18.464+0000] {logging_mixin.py:190} INFO - [2026-05-22T11:15:18.464+0000] {dag.py:3211} INFO - Sync 1 DAGs
[2026-05-22T11:15:18.488+0000] {logging_mixin.py:190} INFO - [2026-05-22T11:15:18.488+0000] {dag.py:4138} INFO - Setting next_dagrun for airflow_sanity_check to None, run_after=None
[2026-05-22T11:15:18.519+0000] {processor.py:208} INFO - Processing /opt/airflow/dags/sanity_checks.py took 0.134 seconds
[2026-05-22T11:15:48.880+0000] {processor.py:186} INFO - Started process (PID=7078) to work on /opt/airflow/dags/sanity_checks.py
[2026-05-22T11:15:48.882+0000] {processor.py:914} INFO - Processing file /opt/airflow/dags/sanity_checks.py for tasks to queue
[2026-05-22T11:15:48.884+0000] {logging_mixin.py:190} INFO - [2026-05-22T11:15:48.883+0000] {dagbag.py:587} INFO - Filling up the DagBag from /opt/airflow/dags/sanity_checks.py
[2026-05-22T11:15:48.899+0000] {processor.py:925} INFO - DAG(s) 'airflow_sanity_check' retrieved from /opt/airflow/dags/sanity_checks.py
[2026-05-22T11:15:48.945+0000] {logging_mixin.py:190} INFO - [2026-05-22T11:15:48.944+0000] {dag.py:3211} INFO - Sync 1 DAGs
[2026-05-22T11:15:48.967+0000] {logging_mixin.py:190} INFO - [2026-05-22T11:15:48.966+0000] {dag.py:4138} INFO - Setting next_dagrun for airflow_sanity_check to None, run_after=None
[2026-05-22T11:15:49.049+0000] {processor.py:208} INFO - Processing /opt/airflow/dags/sanity_checks.py took 0.182 seconds
[2026-05-22T11:16:19.386+0000] {processor.py:186} INFO - Started process (PID=7088) to work on /opt/airflow/dags/sanity_checks.py
[2026-05-22T11:16:19.387+0000] {processor.py:914} INFO - Processing file /opt/airflow/dags/sanity_checks.py for tasks to queue
[2026-05-22T11:16:19.389+0000] {logging_mixin.py:190} INFO - [2026-05-22T11:16:19.389+0000] {dagbag.py:587} INFO - Filling up the DagBag from /opt/airflow/dags/sanity_checks.py
[2026-05-22T11:16:19.406+0000] {processor.py:925} INFO - DAG(s) 'airflow_sanity_check' retrieved from /opt/airflow/dags/sanity_checks.py
[2026-05-22T11:16:19.468+0000] {logging_mixin.py:190} INFO - [2026-05-22T11:16:19.468+0000] {dag.py:3211} INFO - Sync 1 DAGs
[2026-05-22T11:16:19.517+0000] {logging_mixin.py:190} INFO - [2026-05-22T11:16:19.516+0000] {dag.py:4138} INFO - Setting next_dagrun for airflow_sanity_check to None, run_after=None
[2026-05-22T11:16:19.611+0000] {processor.py:208} INFO - Processing /opt/airflow/dags/sanity_checks.py took 0.237 seconds
[2026-05-22T11:16:49.911+0000] {processor.py:186} INFO - Started process (PID=7098) to work on /opt/airflow/dags/sanity_checks.py
[2026-05-22T11:16:49.913+0000] {processor.py:914} INFO - Processing file /opt/airflow/dags/sanity_checks.py for tasks to queue
[2026-05-22T11:16:49.915+0000] {logging_mixin.py:190} INFO - [2026-05-22T11:16:49.914+0000] {dagbag.py:587} INFO - Filling up the DagBag from /opt/airflow/dags/sanity_checks.py
[2026-05-22T11:16:49.935+0000] {processor.py:925} INFO - DAG(s) 'airflow_sanity_check' retrieved from /opt/airflow/dags/sanity_checks.py
[2026-05-22T11:16:49.984+0000] {logging_mixin.py:190} INFO - [2026-05-22T11:16:49.984+0000] {dag.py:3211} INFO - Sync 1 DAGs
[2026-05-22T11:16:50.009+0000] {logging_mixin.py:190} INFO - [2026-05-22T11:16:50.009+0000] {dag.py:4138} INFO - Setting next_dagrun for airflow_sanity_check to None, run_after=None
[2026-05-22T11:16:50.101+0000] {processor.py:208} INFO - Processing /opt/airflow/dags/sanity_checks.py took 0.203 seconds
[2026-05-22T11:17:20.408+0000] {processor.py:186} INFO - Started process (PID=7108) to work on /opt/airflow/dags/sanity_checks.py
[2026-05-22T11:17:20.410+0000] {processor.py:914} INFO - Processing file /opt/airflow/dags/sanity_checks.py for tasks to queue
[2026-05-22T11:17:20.413+0000] {logging_mixin.py:190} INFO - [2026-05-22T11:17:20.412+0000] {dagbag.py:587} INFO - Filling up the DagBag from /opt/airflow/dags/sanity_checks.py
[2026-05-22T11:17:20.428+0000] {processor.py:925} INFO - DAG(s) 'airflow_sanity_check' retrieved from /opt/airflow/dags/sanity_checks.py
[2026-05-22T11:17:20.471+0000] {logging_mixin.py:190} INFO - [2026-05-22T11:17:20.471+0000] {dag.py:3211} INFO - Sync 1 DAGs
[2026-05-22T11:17:20.499+0000] {logging_mixin.py:190} INFO - [2026-05-22T11:17:20.499+0000] {dag.py:4138} INFO - Setting next_dagrun for airflow_sanity_check to None, run_after=None
[2026-05-22T11:17:20.528+0000] {processor.py:208} INFO - Processing /opt/airflow/dags/sanity_checks.py took 0.132 seconds
[2026-05-22T11:17:50.841+0000] {processor.py:186} INFO - Started process (PID=7118) to work on /opt/airflow/dags/sanity_checks.py
[2026-05-22T11:17:50.844+0000] {processor.py:914} INFO - Processing file /opt/airflow/dags/sanity_checks.py for tasks to queue
[2026-05-22T11:17:50.846+0000] {logging_mixin.py:190} INFO - [2026-05-22T11:17:50.846+0000] {dagbag.py:587} INFO - Filling up the DagBag from /opt/airflow/dags/sanity_checks.py
[2026-05-22T11:17:50.866+0000] {processor.py:925} INFO - DAG(s) 'airflow_sanity_check' retrieved from /opt/airflow/dags/sanity_checks.py
[2026-05-22T11:17:50.928+0000] {logging_mixin.py:190} INFO - [2026-05-22T11:17:50.927+0000] {dag.py:3211} INFO - Sync 1 DAGs
[2026-05-22T11:17:50.954+0000] {logging_mixin.py:190} INFO - [2026-05-22T11:17:50.953+0000] {dag.py:4138} INFO - Setting next_dagrun for airflow_sanity_check to None, run_after=None
[2026-05-22T11:17:50.983+0000] {processor.py:208} INFO - Processing /opt/airflow/dags/sanity_checks.py took 0.152 seconds
[2026-05-22T11:18:21.307+0000] {processor.py:186} INFO - Started process (PID=7128) to work on /opt/airflow/dags/sanity_checks.py
[2026-05-22T11:18:21.311+0000] {processor.py:914} INFO - Processing file /opt/airflow/dags/sanity_checks.py for tasks to queue
[2026-05-22T11:18:21.318+0000] {logging_mixin.py:190} INFO - [2026-05-22T11:18:21.318+0000] {dagbag.py:587} INFO - Filling up the DagBag from /opt/airflow/dags/sanity_checks.py
[2026-05-22T11:18:21.344+0000] {processor.py:925} INFO - DAG(s) 'airflow_sanity_check' retrieved from /opt/airflow/dags/sanity_checks.py
[2026-05-22T11:18:21.400+0000] {logging_mixin.py:190} INFO - [2026-05-22T11:18:21.399+0000] {dag.py:3211} INFO - Sync 1 DAGs
[2026-05-22T11:18:21.426+0000] {logging_mixin.py:190} INFO - [2026-05-22T11:18:21.426+0000] {dag.py:4138} INFO - Setting next_dagrun for airflow_sanity_check to None, run_after=None
[2026-05-22T11:18:21.456+0000] {processor.py:208} INFO - Processing /opt/airflow/dags/sanity_checks.py took 0.184 seconds
[2026-05-22T11:18:51.818+0000] {processor.py:186} INFO - Started process (PID=7138) to work on /opt/airflow/dags/sanity_checks.py
[2026-05-22T11:18:51.820+0000] {processor.py:914} INFO - Processing file /opt/airflow/dags/sanity_checks.py for tasks to queue
[2026-05-22T11:18:51.822+0000] {logging_mixin.py:190} INFO - [2026-05-22T11:18:51.822+0000] {dagbag.py:587} INFO - Filling up the DagBag from /opt/airflow/dags/sanity_checks.py
[2026-05-22T11:18:51.850+0000] {processor.py:925} INFO - DAG(s) 'airflow_sanity_check' retrieved from /opt/airflow/dags/sanity_checks.py
[2026-05-22T11:18:51.975+0000] {logging_mixin.py:190} INFO - [2026-05-22T11:18:51.974+0000] {dag.py:3211} INFO - Sync 1 DAGs
[2026-05-22T11:18:52.026+0000] {logging_mixin.py:190} INFO - [2026-05-22T11:18:52.025+0000] {dag.py:4138} INFO - Setting next_dagrun for airflow_sanity_check to None, run_after=None
[2026-05-22T11:18:52.134+0000] {processor.py:208} INFO - Processing /opt/airflow/dags/sanity_checks.py took 0.328 seconds
[2026-05-22T11:19:22.228+0000] {processor.py:186} INFO - Started process (PID=7148) to work on /opt/airflow/dags/sanity_checks.py
[2026-05-22T11:19:22.230+0000] {processor.py:914} INFO - Processing file /opt/airflow/dags/sanity_checks.py for tasks to queue
[2026-05-22T11:19:22.232+0000] {logging_mixin.py:190} INFO - [2026-05-22T11:19:22.231+0000] {dagbag.py:587} INFO - Filling up the DagBag from /opt/airflow/dags/sanity_checks.py
[2026-05-22T11:19:22.256+0000] {processor.py:925} INFO - DAG(s) 'airflow_sanity_check' retrieved from /opt/airflow/dags/sanity_checks.py
[2026-05-22T11:19:22.309+0000] {logging_mixin.py:190} INFO - [2026-05-22T11:19:22.308+0000] {dag.py:3211} INFO - Sync 1 DAGs
[2026-05-22T11:19:22.336+0000] {logging_mixin.py:190} INFO - [2026-05-22T11:19:22.335+0000] {dag.py:4138} INFO - Setting next_dagrun for airflow_sanity_check to None, run_after=None
[2026-05-22T11:19:22.368+0000] {processor.py:208} INFO - Processing /opt/airflow/dags/sanity_checks.py took 0.151 seconds
[2026-05-22T11:19:52.707+0000] {processor.py:186} INFO - Started process (PID=7158) to work on /opt/airflow/dags/sanity_checks.py
[2026-05-22T11:19:52.709+0000] {processor.py:914} INFO - Processing file /opt/airflow/dags/sanity_checks.py for tasks to queue
[2026-05-22T11:19:52.711+0000] {logging_mixin.py:190} INFO - [2026-05-22T11:19:52.711+0000] {dagbag.py:587} INFO - Filling up the DagBag from /opt/airflow/dags/sanity_checks.py
[2026-05-22T11:19:52.732+0000] {processor.py:925} INFO - DAG(s) 'airflow_sanity_check' retrieved from /opt/airflow/dags/sanity_checks.py
[2026-05-22T11:19:52.827+0000] {logging_mixin.py:190} INFO - [2026-05-22T11:19:52.826+0000] {dag.py:3211} INFO - Sync 1 DAGs
[2026-05-22T11:19:52.920+0000] {logging_mixin.py:190} INFO - [2026-05-22T11:19:52.920+0000] {dag.py:4138} INFO - Setting next_dagrun for airflow_sanity_check to None, run_after=None
[2026-05-22T11:19:52.961+0000] {processor.py:208} INFO - Processing /opt/airflow/dags/sanity_checks.py took 0.264 seconds
[2026-05-22T11:20:23.295+0000] {processor.py:186} INFO - Started process (PID=7178) to work on /opt/airflow/dags/sanity_checks.py
[2026-05-22T11:20:23.296+0000] {processor.py:914} INFO - Processing file /opt/airflow/dags/sanity_checks.py for tasks to queue
[2026-05-22T11:20:23.298+0000] {logging_mixin.py:190} INFO - [2026-05-22T11:20:23.298+0000] {dagbag.py:587} INFO - Filling up the DagBag from /opt/airflow/dags/sanity_checks.py
[2026-05-22T11:20:23.320+0000] {processor.py:925} INFO - DAG(s) 'airflow_sanity_check' retrieved from /opt/airflow/dags/sanity_checks.py
[2026-05-22T11:20:23.368+0000] {logging_mixin.py:190} INFO - [2026-05-22T11:20:23.368+0000] {dag.py:3211} INFO - Sync 1 DAGs
[2026-05-22T11:20:23.392+0000] {logging_mixin.py:190} INFO - [2026-05-22T11:20:23.391+0000] {dag.py:4138} INFO - Setting next_dagrun for airflow_sanity_check to None, run_after=None
[2026-05-22T11:20:23.448+0000] {processor.py:208} INFO - Processing /opt/airflow/dags/sanity_checks.py took 0.165 seconds
[2026-05-22T11:20:53.928+0000] {processor.py:186} INFO - Started process (PID=7188) to work on /opt/airflow/dags/sanity_checks.py
[2026-05-22T11:20:53.930+0000] {processor.py:914} INFO - Processing file /opt/airflow/dags/sanity_checks.py for tasks to queue
[2026-05-22T11:20:53.934+0000] {logging_mixin.py:190} INFO - [2026-05-22T11:20:53.933+0000] {dagbag.py:587} INFO - Filling up the DagBag from /opt/airflow/dags/sanity_checks.py
[2026-05-22T11:20:53.951+0000] {processor.py:925} INFO - DAG(s) 'airflow_sanity_check' retrieved from /opt/airflow/dags/sanity_checks.py
[2026-05-22T11:20:54.008+0000] {logging_mixin.py:190} INFO - [2026-05-22T11:20:54.007+0000] {dag.py:3211} INFO - Sync 1 DAGs
[2026-05-22T11:20:54.074+0000] {logging_mixin.py:190} INFO - [2026-05-22T11:20:54.073+0000] {dag.py:4138} INFO - Setting next_dagrun for airflow_sanity_check to None, run_after=None
[2026-05-22T11:20:54.143+0000] {processor.py:208} INFO - Processing /opt/airflow/dags/sanity_checks.py took 0.234 seconds
[2026-05-22T11:21:24.619+0000] {processor.py:186} INFO - Started process (PID=7198) to work on /opt/airflow/dags/sanity_checks.py
[2026-05-22T11:21:24.621+0000] {processor.py:914} INFO - Processing file /opt/airflow/dags/sanity_checks.py for tasks to queue
[2026-05-22T11:21:24.623+0000] {logging_mixin.py:190} INFO - [2026-05-22T11:21:24.623+0000] {dagbag.py:587} INFO - Filling up the DagBag from /opt/airflow/dags/sanity_checks.py
[2026-05-22T11:21:24.655+0000] {processor.py:925} INFO - DAG(s) 'airflow_sanity_check' retrieved from /opt/airflow/dags/sanity_checks.py
[2026-05-22T11:21:24.720+0000] {logging_mixin.py:190} INFO - [2026-05-22T11:21:24.719+0000] {dag.py:3211} INFO - Sync 1 DAGs
[2026-05-22T11:21:24.803+0000] {logging_mixin.py:190} INFO - [2026-05-22T11:21:24.802+0000] {dag.py:4138} INFO - Setting next_dagrun for airflow_sanity_check to None, run_after=None
[2026-05-22T11:21:24.848+0000] {processor.py:208} INFO - Processing /opt/airflow/dags/sanity_checks.py took 0.241 seconds
[2026-05-22T11:21:55.217+0000] {processor.py:186} INFO - Started process (PID=7208) to work on /opt/airflow/dags/sanity_checks.py
[2026-05-22T11:21:55.219+0000] {processor.py:914} INFO - Processing file /opt/airflow/dags/sanity_checks.py for tasks to queue
[2026-05-22T11:21:55.224+0000] {logging_mixin.py:190} INFO - [2026-05-22T11:21:55.223+0000] {dagbag.py:587} INFO - Filling up the DagBag from /opt/airflow/dags/sanity_checks.py
[2026-05-22T11:21:55.245+0000] {processor.py:925} INFO - DAG(s) 'airflow_sanity_check' retrieved from /opt/airflow/dags/sanity_checks.py
[2026-05-22T11:21:55.304+0000] {logging_mixin.py:190} INFO - [2026-05-22T11:21:55.303+0000] {dag.py:3211} INFO - Sync 1 DAGs
[2026-05-22T11:21:55.328+0000] {logging_mixin.py:190} INFO - [2026-05-22T11:21:55.327+0000] {dag.py:4138} INFO - Setting next_dagrun for airflow_sanity_check to None, run_after=None
[2026-05-22T11:21:55.359+0000] {processor.py:208} INFO - Processing /opt/airflow/dags/sanity_checks.py took 0.152 seconds
[2026-05-22T11:22:25.805+0000] {processor.py:186} INFO - Started process (PID=7218) to work on /opt/airflow/dags/sanity_checks.py
[2026-05-22T11:22:25.807+0000] {processor.py:914} INFO - Processing file /opt/airflow/dags/sanity_checks.py for tasks to queue
[2026-05-22T11:22:25.810+0000] {logging_mixin.py:190} INFO - [2026-05-22T11:22:25.809+0000] {dagbag.py:587} INFO - Filling up the DagBag from /opt/airflow/dags/sanity_checks.py
[2026-05-22T11:22:25.829+0000] {processor.py:925} INFO - DAG(s) 'airflow_sanity_check' retrieved from /opt/airflow/dags/sanity_checks.py
[2026-05-22T11:22:25.876+0000] {logging_mixin.py:190} INFO - [2026-05-22T11:22:25.876+0000] {dag.py:3211} INFO - Sync 1 DAGs
[2026-05-22T11:22:25.898+0000] {logging_mixin.py:190} INFO - [2026-05-22T11:22:25.898+0000] {dag.py:4138} INFO - Setting next_dagrun for airflow_sanity_check to None, run_after=None
[2026-05-22T11:22:25.928+0000] {processor.py:208} INFO - Processing /opt/airflow/dags/sanity_checks.py took 0.134 seconds
[2026-05-22T11:22:56.255+0000] {processor.py:186} INFO - Started process (PID=7228) to work on /opt/airflow/dags/sanity_checks.py
[2026-05-22T11:22:56.262+0000] {processor.py:914} INFO - Processing file /opt/airflow/dags/sanity_checks.py for tasks to queue
[2026-05-22T11:22:56.266+0000] {logging_mixin.py:190} INFO - [2026-05-22T11:22:56.265+0000] {dagbag.py:587} INFO - Filling up the DagBag from /opt/airflow/dags/sanity_checks.py
[2026-05-22T11:22:56.314+0000] {processor.py:925} INFO - DAG(s) 'airflow_sanity_check' retrieved from /opt/airflow/dags/sanity_checks.py
[2026-05-22T11:22:56.432+0000] {logging_mixin.py:190} INFO - [2026-05-22T11:22:56.432+0000] {dag.py:3211} INFO - Sync 1 DAGs
[2026-05-22T11:22:56.513+0000] {logging_mixin.py:190} INFO - [2026-05-22T11:22:56.512+0000] {dag.py:4138} INFO - Setting next_dagrun for airflow_sanity_check to None, run_after=None
[2026-05-22T11:22:56.560+0000] {processor.py:208} INFO - Processing /opt/airflow/dags/sanity_checks.py took 0.319 seconds
[2026-05-22T11:23:26.872+0000] {processor.py:186} INFO - Started process (PID=7238) to work on /opt/airflow/dags/sanity_checks.py
[2026-05-22T11:23:26.874+0000] {processor.py:914} INFO - Processing file /opt/airflow/dags/sanity_checks.py for tasks to queue
[2026-05-22T11:23:26.876+0000] {logging_mixin.py:190} INFO - [2026-05-22T11:23:26.875+0000] {dagbag.py:587} INFO - Filling up the DagBag from /opt/airflow/dags/sanity_checks.py
[2026-05-22T11:23:26.893+0000] {processor.py:925} INFO - DAG(s) 'airflow_sanity_check' retrieved from /opt/airflow/dags/sanity_checks.py
[2026-05-22T11:23:26.975+0000] {logging_mixin.py:190} INFO - [2026-05-22T11:23:26.974+0000] {dag.py:3211} INFO - Sync 1 DAGs
[2026-05-22T11:23:27.019+0000] {logging_mixin.py:190} INFO - [2026-05-22T11:23:27.019+0000] {dag.py:4138} INFO - Setting next_dagrun for airflow_sanity_check to None, run_after=None
[2026-05-22T11:23:27.066+0000] {processor.py:208} INFO - Processing /opt/airflow/dags/sanity_checks.py took 0.205 seconds
[2026-05-22T11:23:57.487+0000] {processor.py:186} INFO - Started process (PID=7248) to work on /opt/airflow/dags/sanity_checks.py
[2026-05-22T11:23:57.494+0000] {processor.py:914} INFO - Processing file /opt/airflow/dags/sanity_checks.py for tasks to queue
[2026-05-22T11:23:57.502+0000] {logging_mixin.py:190} INFO - [2026-05-22T11:23:57.498+0000] {dagbag.py:587} INFO - Filling up the DagBag from /opt/airflow/dags/sanity_checks.py
[2026-05-22T11:23:57.554+0000] {processor.py:925} INFO - DAG(s) 'airflow_sanity_check' retrieved from /opt/airflow/dags/sanity_checks.py
[2026-05-22T11:23:57.693+0000] {logging_mixin.py:190} INFO - [2026-05-22T11:23:57.692+0000] {dag.py:3211} INFO - Sync 1 DAGs
[2026-05-22T11:23:57.757+0000] {logging_mixin.py:190} INFO - [2026-05-22T11:23:57.756+0000] {dag.py:4138} INFO - Setting next_dagrun for airflow_sanity_check to None, run_after=None
[2026-05-22T11:23:57.813+0000] {processor.py:208} INFO - Processing /opt/airflow/dags/sanity_checks.py took 0.369 seconds
[2026-05-22T11:24:28.287+0000] {processor.py:186} INFO - Started process (PID=7258) to work on /opt/airflow/dags/sanity_checks.py
[2026-05-22T11:24:28.297+0000] {processor.py:914} INFO - Processing file /opt/airflow/dags/sanity_checks.py for tasks to queue
[2026-05-22T11:24:28.301+0000] {logging_mixin.py:190} INFO - [2026-05-22T11:24:28.301+0000] {dagbag.py:587} INFO - Filling up the DagBag from /opt/airflow/dags/sanity_checks.py
[2026-05-22T11:24:28.343+0000] {processor.py:925} INFO - DAG(s) 'airflow_sanity_check' retrieved from /opt/airflow/dags/sanity_checks.py
[2026-05-22T11:24:28.428+0000] {logging_mixin.py:190} INFO - [2026-05-22T11:24:28.426+0000] {dag.py:3211} INFO - Sync 1 DAGs
[2026-05-22T11:24:28.481+0000] {logging_mixin.py:190} INFO - [2026-05-22T11:24:28.481+0000] {dag.py:4138} INFO - Setting next_dagrun for airflow_sanity_check to None, run_after=None
[2026-05-22T11:24:28.547+0000] {processor.py:208} INFO - Processing /opt/airflow/dags/sanity_checks.py took 0.283 seconds
[2026-05-22T11:24:58.963+0000] {processor.py:186} INFO - Started process (PID=7268) to work on /opt/airflow/dags/sanity_checks.py
[2026-05-22T11:24:58.966+0000] {processor.py:914} INFO - Processing file /opt/airflow/dags/sanity_checks.py for tasks to queue
[2026-05-22T11:24:58.970+0000] {logging_mixin.py:190} INFO - [2026-05-22T11:24:58.969+0000] {dagbag.py:587} INFO - Filling up the DagBag from /opt/airflow/dags/sanity_checks.py
[2026-05-22T11:24:58.988+0000] {processor.py:925} INFO - DAG(s) 'airflow_sanity_check' retrieved from /opt/airflow/dags/sanity_checks.py
[2026-05-22T11:24:59.043+0000] {logging_mixin.py:190} INFO - [2026-05-22T11:24:59.043+0000] {dag.py:3211} INFO - Sync 1 DAGs
[2026-05-22T11:24:59.093+0000] {logging_mixin.py:190} INFO - [2026-05-22T11:24:59.093+0000] {dag.py:4138} INFO - Setting next_dagrun for airflow_sanity_check to None, run_after=None
[2026-05-22T11:24:59.140+0000] {processor.py:208} INFO - Processing /opt/airflow/dags/sanity_checks.py took 0.191 seconds
[2026-05-22T11:25:29.503+0000] {processor.py:186} INFO - Started process (PID=7278) to work on /opt/airflow/dags/sanity_checks.py
[2026-05-22T11:25:29.508+0000] {processor.py:914} INFO - Processing file /opt/airflow/dags/sanity_checks.py for tasks to queue
[2026-05-22T11:25:29.511+0000] {logging_mixin.py:190} INFO - [2026-05-22T11:25:29.511+0000] {dagbag.py:587} INFO - Filling up the DagBag from /opt/airflow/dags/sanity_checks.py
[2026-05-22T11:25:29.534+0000] {processor.py:925} INFO - DAG(s) 'airflow_sanity_check' retrieved from /opt/airflow/dags/sanity_checks.py
[2026-05-22T11:25:29.592+0000] {logging_mixin.py:190} INFO - [2026-05-22T11:25:29.591+0000] {dag.py:3211} INFO - Sync 1 DAGs
[2026-05-22T11:25:29.620+0000] {logging_mixin.py:190} INFO - [2026-05-22T11:25:29.620+0000] {dag.py:4138} INFO - Setting next_dagrun for airflow_sanity_check to None, run_after=None
[2026-05-22T11:25:29.664+0000] {processor.py:208} INFO - Processing /opt/airflow/dags/sanity_checks.py took 0.176 seconds
[2026-05-22T11:25:59.986+0000] {processor.py:186} INFO - Started process (PID=7288) to work on /opt/airflow/dags/sanity_checks.py
[2026-05-22T11:25:59.988+0000] {processor.py:914} INFO - Processing file /opt/airflow/dags/sanity_checks.py for tasks to queue
[2026-05-22T11:25:59.990+0000] {logging_mixin.py:190} INFO - [2026-05-22T11:25:59.990+0000] {dagbag.py:587} INFO - Filling up the DagBag from /opt/airflow/dags/sanity_checks.py
[2026-05-22T11:26:00.010+0000] {processor.py:925} INFO - DAG(s) 'airflow_sanity_check' retrieved from /opt/airflow/dags/sanity_checks.py
[2026-05-22T11:26:00.087+0000] {logging_mixin.py:190} INFO - [2026-05-22T11:26:00.087+0000] {dag.py:3211} INFO - Sync 1 DAGs
[2026-05-22T11:26:00.127+0000] {logging_mixin.py:190} INFO - [2026-05-22T11:26:00.126+0000] {dag.py:4138} INFO - Setting next_dagrun for airflow_sanity_check to None, run_after=None
[2026-05-22T11:26:00.170+0000] {processor.py:208} INFO - Processing /opt/airflow/dags/sanity_checks.py took 0.194 seconds
[2026-05-22T11:26:30.587+0000] {processor.py:186} INFO - Started process (PID=7298) to work on /opt/airflow/dags/sanity_checks.py
[2026-05-22T11:26:30.588+0000] {processor.py:914} INFO - Processing file /opt/airflow/dags/sanity_checks.py for tasks to queue
[2026-05-22T11:26:30.590+0000] {logging_mixin.py:190} INFO - [2026-05-22T11:26:30.590+0000] {dagbag.py:587} INFO - Filling up the DagBag from /opt/airflow/dags/sanity_checks.py
[2026-05-22T11:26:30.611+0000] {processor.py:925} INFO - DAG(s) 'airflow_sanity_check' retrieved from /opt/airflow/dags/sanity_checks.py
[2026-05-22T11:26:30.685+0000] {logging_mixin.py:190} INFO - [2026-05-22T11:26:30.684+0000] {dag.py:3211} INFO - Sync 1 DAGs
[2026-05-22T11:26:30.741+0000] {logging_mixin.py:190} INFO - [2026-05-22T11:26:30.733+0000] {dag.py:4138} INFO - Setting next_dagrun for airflow_sanity_check to None, run_after=None
[2026-05-22T11:26:30.778+0000] {processor.py:208} INFO - Processing /opt/airflow/dags/sanity_checks.py took 0.200 seconds
[2026-05-22T11:27:01.096+0000] {processor.py:186} INFO - Started process (PID=7308) to work on /opt/airflow/dags/sanity_checks.py
[2026-05-22T11:27:01.098+0000] {processor.py:914} INFO - Processing file /opt/airflow/dags/sanity_checks.py for tasks to queue
[2026-05-22T11:27:01.100+0000] {logging_mixin.py:190} INFO - [2026-05-22T11:27:01.099+0000] {dagbag.py:587} INFO - Filling up the DagBag from /opt/airflow/dags/sanity_checks.py
[2026-05-22T11:27:01.121+0000] {processor.py:925} INFO - DAG(s) 'airflow_sanity_check' retrieved from /opt/airflow/dags/sanity_checks.py
[2026-05-22T11:27:01.179+0000] {logging_mixin.py:190} INFO - [2026-05-22T11:27:01.179+0000] {dag.py:3211} INFO - Sync 1 DAGs
[2026-05-22T11:27:01.206+0000] {logging_mixin.py:190} INFO - [2026-05-22T11:27:01.206+0000] {dag.py:4138} INFO - Setting next_dagrun for airflow_sanity_check to None, run_after=None
[2026-05-22T11:27:01.238+0000] {processor.py:208} INFO - Processing /opt/airflow/dags/sanity_checks.py took 0.151 seconds
[2026-05-22T11:27:31.564+0000] {processor.py:186} INFO - Started process (PID=7318) to work on /opt/airflow/dags/sanity_checks.py
[2026-05-22T11:27:31.565+0000] {processor.py:914} INFO - Processing file /opt/airflow/dags/sanity_checks.py for tasks to queue
[2026-05-22T11:27:31.567+0000] {logging_mixin.py:190} INFO - [2026-05-22T11:27:31.567+0000] {dagbag.py:587} INFO - Filling up the DagBag from /opt/airflow/dags/sanity_checks.py
[2026-05-22T11:27:31.586+0000] {processor.py:925} INFO - DAG(s) 'airflow_sanity_check' retrieved from /opt/airflow/dags/sanity_checks.py
[2026-05-22T11:27:31.630+0000] {logging_mixin.py:190} INFO - [2026-05-22T11:27:31.630+0000] {dag.py:3211} INFO - Sync 1 DAGs
[2026-05-22T11:27:31.654+0000] {logging_mixin.py:190} INFO - [2026-05-22T11:27:31.653+0000] {dag.py:4138} INFO - Setting next_dagrun for airflow_sanity_check to None, run_after=None
[2026-05-22T11:27:31.686+0000] {processor.py:208} INFO - Processing /opt/airflow/dags/sanity_checks.py took 0.132 seconds
[2026-05-22T11:28:02.011+0000] {processor.py:186} INFO - Started process (PID=7328) to work on /opt/airflow/dags/sanity_checks.py
[2026-05-22T11:28:02.013+0000] {processor.py:914} INFO - Processing file /opt/airflow/dags/sanity_checks.py for tasks to queue
[2026-05-22T11:28:02.015+0000] {logging_mixin.py:190} INFO - [2026-05-22T11:28:02.015+0000] {dagbag.py:587} INFO - Filling up the DagBag from /opt/airflow/dags/sanity_checks.py
[2026-05-22T11:28:02.032+0000] {processor.py:925} INFO - DAG(s) 'airflow_sanity_check' retrieved from /opt/airflow/dags/sanity_checks.py
[2026-05-22T11:28:02.077+0000] {logging_mixin.py:190} INFO - [2026-05-22T11:28:02.076+0000] {dag.py:3211} INFO - Sync 1 DAGs
[2026-05-22T11:28:02.101+0000] {logging_mixin.py:190} INFO - [2026-05-22T11:28:02.101+0000] {dag.py:4138} INFO - Setting next_dagrun for airflow_sanity_check to None, run_after=None
[2026-05-22T11:28:02.131+0000] {processor.py:208} INFO - Processing /opt/airflow/dags/sanity_checks.py took 0.129 seconds
[2026-05-22T11:28:32.522+0000] {processor.py:186} INFO - Started process (PID=7338) to work on /opt/airflow/dags/sanity_checks.py
[2026-05-22T11:28:32.524+0000] {processor.py:914} INFO - Processing file /opt/airflow/dags/sanity_checks.py for tasks to queue
[2026-05-22T11:28:32.527+0000] {logging_mixin.py:190} INFO - [2026-05-22T11:28:32.526+0000] {dagbag.py:587} INFO - Filling up the DagBag from /opt/airflow/dags/sanity_checks.py
[2026-05-22T11:28:32.543+0000] {processor.py:925} INFO - DAG(s) 'airflow_sanity_check' retrieved from /opt/airflow/dags/sanity_checks.py
[2026-05-22T11:28:32.594+0000] {logging_mixin.py:190} INFO - [2026-05-22T11:28:32.594+0000] {dag.py:3211} INFO - Sync 1 DAGs
[2026-05-22T11:28:32.616+0000] {logging_mixin.py:190} INFO - [2026-05-22T11:28:32.615+0000] {dag.py:4138} INFO - Setting next_dagrun for airflow_sanity_check to None, run_after=None
[2026-05-22T11:28:32.650+0000] {processor.py:208} INFO - Processing /opt/airflow/dags/sanity_checks.py took 0.137 seconds
[2026-05-22T11:29:02.987+0000] {processor.py:186} INFO - Started process (PID=7348) to work on /opt/airflow/dags/sanity_checks.py
[2026-05-22T11:29:02.988+0000] {processor.py:914} INFO - Processing file /opt/airflow/dags/sanity_checks.py for tasks to queue
[2026-05-22T11:29:02.991+0000] {logging_mixin.py:190} INFO - [2026-05-22T11:29:02.990+0000] {dagbag.py:587} INFO - Filling up the DagBag from /opt/airflow/dags/sanity_checks.py
[2026-05-22T11:29:03.007+0000] {processor.py:925} INFO - DAG(s) 'airflow_sanity_check' retrieved from /opt/airflow/dags/sanity_checks.py
[2026-05-22T11:29:03.050+0000] {logging_mixin.py:190} INFO - [2026-05-22T11:29:03.049+0000] {dag.py:3211} INFO - Sync 1 DAGs
[2026-05-22T11:29:03.074+0000] {logging_mixin.py:190} INFO - [2026-05-22T11:29:03.074+0000] {dag.py:4138} INFO - Setting next_dagrun for airflow_sanity_check to None, run_after=None
[2026-05-22T11:29:03.103+0000] {processor.py:208} INFO - Processing /opt/airflow/dags/sanity_checks.py took 0.127 seconds
[2026-05-22T11:29:33.435+0000] {processor.py:186} INFO - Started process (PID=7358) to work on /opt/airflow/dags/sanity_checks.py
[2026-05-22T11:29:33.437+0000] {processor.py:914} INFO - Processing file /opt/airflow/dags/sanity_checks.py for tasks to queue
[2026-05-22T11:29:33.440+0000] {logging_mixin.py:190} INFO - [2026-05-22T11:29:33.439+0000] {dagbag.py:587} INFO - Filling up the DagBag from /opt/airflow/dags/sanity_checks.py
[2026-05-22T11:29:33.455+0000] {processor.py:925} INFO - DAG(s) 'airflow_sanity_check' retrieved from /opt/airflow/dags/sanity_checks.py
[2026-05-22T11:29:33.502+0000] {logging_mixin.py:190} INFO - [2026-05-22T11:29:33.501+0000] {dag.py:3211} INFO - Sync 1 DAGs
[2026-05-22T11:29:33.523+0000] {logging_mixin.py:190} INFO - [2026-05-22T11:29:33.523+0000] {dag.py:4138} INFO - Setting next_dagrun for airflow_sanity_check to None, run_after=None
[2026-05-22T11:29:33.553+0000] {processor.py:208} INFO - Processing /opt/airflow/dags/sanity_checks.py took 0.130 seconds
[2026-05-22T11:30:03.910+0000] {processor.py:186} INFO - Started process (PID=7368) to work on /opt/airflow/dags/sanity_checks.py
[2026-05-22T11:30:03.912+0000] {processor.py:914} INFO - Processing file /opt/airflow/dags/sanity_checks.py for tasks to queue
[2026-05-22T11:30:03.914+0000] {logging_mixin.py:190} INFO - [2026-05-22T11:30:03.914+0000] {dagbag.py:587} INFO - Filling up the DagBag from /opt/airflow/dags/sanity_checks.py
[2026-05-22T11:30:03.932+0000] {processor.py:925} INFO - DAG(s) 'airflow_sanity_check' retrieved from /opt/airflow/dags/sanity_checks.py
[2026-05-22T11:30:03.980+0000] {logging_mixin.py:190} INFO - [2026-05-22T11:30:03.980+0000] {dag.py:3211} INFO - Sync 1 DAGs
[2026-05-22T11:30:04.005+0000] {logging_mixin.py:190} INFO - [2026-05-22T11:30:04.004+0000] {dag.py:4138} INFO - Setting next_dagrun for airflow_sanity_check to None, run_after=None
[2026-05-22T11:30:04.038+0000] {processor.py:208} INFO - Processing /opt/airflow/dags/sanity_checks.py took 0.136 seconds
[2026-05-22T11:30:34.550+0000] {processor.py:186} INFO - Started process (PID=7378) to work on /opt/airflow/dags/sanity_checks.py
[2026-05-22T11:30:34.552+0000] {processor.py:914} INFO - Processing file /opt/airflow/dags/sanity_checks.py for tasks to queue
[2026-05-22T11:30:34.554+0000] {logging_mixin.py:190} INFO - [2026-05-22T11:30:34.553+0000] {dagbag.py:587} INFO - Filling up the DagBag from /opt/airflow/dags/sanity_checks.py
[2026-05-22T11:30:34.572+0000] {processor.py:925} INFO - DAG(s) 'airflow_sanity_check' retrieved from /opt/airflow/dags/sanity_checks.py
[2026-05-22T11:30:34.616+0000] {logging_mixin.py:190} INFO - [2026-05-22T11:30:34.616+0000] {dag.py:3211} INFO - Sync 1 DAGs
[2026-05-22T11:30:34.639+0000] {logging_mixin.py:190} INFO - [2026-05-22T11:30:34.639+0000] {dag.py:4138} INFO - Setting next_dagrun for airflow_sanity_check to None, run_after=None
[2026-05-22T11:30:34.666+0000] {processor.py:208} INFO - Processing /opt/airflow/dags/sanity_checks.py took 0.126 seconds
[2026-05-22T11:31:04.999+0000] {processor.py:186} INFO - Started process (PID=7388) to work on /opt/airflow/dags/sanity_checks.py
[2026-05-22T11:31:05.001+0000] {processor.py:914} INFO - Processing file /opt/airflow/dags/sanity_checks.py for tasks to queue
[2026-05-22T11:31:05.006+0000] {logging_mixin.py:190} INFO - [2026-05-22T11:31:05.005+0000] {dagbag.py:587} INFO - Filling up the DagBag from /opt/airflow/dags/sanity_checks.py
[2026-05-22T11:31:05.024+0000] {processor.py:925} INFO - DAG(s) 'airflow_sanity_check' retrieved from /opt/airflow/dags/sanity_checks.py
[2026-05-22T11:31:05.074+0000] {logging_mixin.py:190} INFO - [2026-05-22T11:31:05.073+0000] {dag.py:3211} INFO - Sync 1 DAGs
[2026-05-22T11:31:05.100+0000] {logging_mixin.py:190} INFO - [2026-05-22T11:31:05.099+0000] {dag.py:4138} INFO - Setting next_dagrun for airflow_sanity_check to None, run_after=None
[2026-05-22T11:31:05.130+0000] {processor.py:208} INFO - Processing /opt/airflow/dags/sanity_checks.py took 0.144 seconds
[2026-05-22T11:31:35.463+0000] {processor.py:186} INFO - Started process (PID=7398) to work on /opt/airflow/dags/sanity_checks.py
[2026-05-22T11:31:35.465+0000] {processor.py:914} INFO - Processing file /opt/airflow/dags/sanity_checks.py for tasks to queue
[2026-05-22T11:31:35.467+0000] {logging_mixin.py:190} INFO - [2026-05-22T11:31:35.467+0000] {dagbag.py:587} INFO - Filling up the DagBag from /opt/airflow/dags/sanity_checks.py
[2026-05-22T11:31:35.484+0000] {processor.py:925} INFO - DAG(s) 'airflow_sanity_check' retrieved from /opt/airflow/dags/sanity_checks.py
[2026-05-22T11:31:35.529+0000] {logging_mixin.py:190} INFO - [2026-05-22T11:31:35.528+0000] {dag.py:3211} INFO - Sync 1 DAGs
[2026-05-22T11:31:35.551+0000] {logging_mixin.py:190} INFO - [2026-05-22T11:31:35.551+0000] {dag.py:4138} INFO - Setting next_dagrun for airflow_sanity_check to None, run_after=None
[2026-05-22T11:31:35.581+0000] {processor.py:208} INFO - Processing /opt/airflow/dags/sanity_checks.py took 0.128 seconds
[2026-05-22T11:32:05.896+0000] {processor.py:186} INFO - Started process (PID=7408) to work on /opt/airflow/dags/sanity_checks.py
[2026-05-22T11:32:05.898+0000] {processor.py:914} INFO - Processing file /opt/airflow/dags/sanity_checks.py for tasks to queue
[2026-05-22T11:32:05.900+0000] {logging_mixin.py:190} INFO - [2026-05-22T11:32:05.900+0000] {dagbag.py:587} INFO - Filling up the DagBag from /opt/airflow/dags/sanity_checks.py
[2026-05-22T11:32:05.918+0000] {processor.py:925} INFO - DAG(s) 'airflow_sanity_check' retrieved from /opt/airflow/dags/sanity_checks.py
[2026-05-22T11:32:05.964+0000] {logging_mixin.py:190} INFO - [2026-05-22T11:32:05.964+0000] {dag.py:3211} INFO - Sync 1 DAGs
[2026-05-22T11:32:05.988+0000] {logging_mixin.py:190} INFO - [2026-05-22T11:32:05.987+0000] {dag.py:4138} INFO - Setting next_dagrun for airflow_sanity_check to None, run_after=None
[2026-05-22T11:32:06.016+0000] {processor.py:208} INFO - Processing /opt/airflow/dags/sanity_checks.py took 0.132 seconds
[2026-05-22T11:32:36.341+0000] {processor.py:186} INFO - Started process (PID=7418) to work on /opt/airflow/dags/sanity_checks.py
[2026-05-22T11:32:36.342+0000] {processor.py:914} INFO - Processing file /opt/airflow/dags/sanity_checks.py for tasks to queue
[2026-05-22T11:32:36.344+0000] {logging_mixin.py:190} INFO - [2026-05-22T11:32:36.344+0000] {dagbag.py:587} INFO - Filling up the DagBag from /opt/airflow/dags/sanity_checks.py
[2026-05-22T11:32:36.362+0000] {processor.py:925} INFO - DAG(s) 'airflow_sanity_check' retrieved from /opt/airflow/dags/sanity_checks.py
[2026-05-22T11:32:36.407+0000] {logging_mixin.py:190} INFO - [2026-05-22T11:32:36.407+0000] {dag.py:3211} INFO - Sync 1 DAGs
[2026-05-22T11:32:36.430+0000] {logging_mixin.py:190} INFO - [2026-05-22T11:32:36.429+0000] {dag.py:4138} INFO - Setting next_dagrun for airflow_sanity_check to None, run_after=None
[2026-05-22T11:32:36.457+0000] {processor.py:208} INFO - Processing /opt/airflow/dags/sanity_checks.py took 0.128 seconds
[2026-05-22T11:33:06.916+0000] {processor.py:186} INFO - Started process (PID=7428) to work on /opt/airflow/dags/sanity_checks.py
[2026-05-22T11:33:06.918+0000] {processor.py:914} INFO - Processing file /opt/airflow/dags/sanity_checks.py for tasks to queue
[2026-05-22T11:33:06.920+0000] {logging_mixin.py:190} INFO - [2026-05-22T11:33:06.920+0000] {dagbag.py:587} INFO - Filling up the DagBag from /opt/airflow/dags/sanity_checks.py
[2026-05-22T11:33:06.936+0000] {processor.py:925} INFO - DAG(s) 'airflow_sanity_check' retrieved from /opt/airflow/dags/sanity_checks.py
[2026-05-22T11:33:06.980+0000] {logging_mixin.py:190} INFO - [2026-05-22T11:33:06.980+0000] {dag.py:3211} INFO - Sync 1 DAGs
[2026-05-22T11:33:07.003+0000] {logging_mixin.py:190} INFO - [2026-05-22T11:33:07.003+0000] {dag.py:4138} INFO - Setting next_dagrun for airflow_sanity_check to None, run_after=None
[2026-05-22T11:33:07.032+0000] {processor.py:208} INFO - Processing /opt/airflow/dags/sanity_checks.py took 0.126 seconds
[2026-05-22T11:33:37.530+0000] {processor.py:186} INFO - Started process (PID=7438) to work on /opt/airflow/dags/sanity_checks.py
[2026-05-22T11:33:37.533+0000] {processor.py:914} INFO - Processing file /opt/airflow/dags/sanity_checks.py for tasks to queue
[2026-05-22T11:33:37.539+0000] {logging_mixin.py:190} INFO - [2026-05-22T11:33:37.537+0000] {dagbag.py:587} INFO - Filling up the DagBag from /opt/airflow/dags/sanity_checks.py
[2026-05-22T11:33:37.593+0000] {processor.py:925} INFO - DAG(s) 'airflow_sanity_check' retrieved from /opt/airflow/dags/sanity_checks.py
[2026-05-22T11:33:37.678+0000] {logging_mixin.py:190} INFO - [2026-05-22T11:33:37.677+0000] {dag.py:3211} INFO - Sync 1 DAGs
[2026-05-22T11:33:37.703+0000] {logging_mixin.py:190} INFO - [2026-05-22T11:33:37.703+0000] {dag.py:4138} INFO - Setting next_dagrun for airflow_sanity_check to None, run_after=None
[2026-05-22T11:33:37.730+0000] {processor.py:208} INFO - Processing /opt/airflow/dags/sanity_checks.py took 0.223 seconds
[2026-05-22T11:34:08.215+0000] {processor.py:186} INFO - Started process (PID=7448) to work on /opt/airflow/dags/sanity_checks.py
[2026-05-22T11:34:08.218+0000] {processor.py:914} INFO - Processing file /opt/airflow/dags/sanity_checks.py for tasks to queue
[2026-05-22T11:34:08.223+0000] {logging_mixin.py:190} INFO - [2026-05-22T11:34:08.222+0000] {dagbag.py:587} INFO - Filling up the DagBag from /opt/airflow/dags/sanity_checks.py
[2026-05-22T11:34:08.253+0000] {processor.py:925} INFO - DAG(s) 'airflow_sanity_check' retrieved from /opt/airflow/dags/sanity_checks.py
[2026-05-22T11:34:08.328+0000] {logging_mixin.py:190} INFO - [2026-05-22T11:34:08.327+0000] {dag.py:3211} INFO - Sync 1 DAGs
[2026-05-22T11:34:08.366+0000] {logging_mixin.py:190} INFO - [2026-05-22T11:34:08.365+0000] {dag.py:4138} INFO - Setting next_dagrun for airflow_sanity_check to None, run_after=None
[2026-05-22T11:34:08.412+0000] {processor.py:208} INFO - Processing /opt/airflow/dags/sanity_checks.py took 0.217 seconds
[2026-05-22T11:34:39.295+0000] {processor.py:186} INFO - Started process (PID=7458) to work on /opt/airflow/dags/sanity_checks.py
[2026-05-22T11:34:39.305+0000] {processor.py:914} INFO - Processing file /opt/airflow/dags/sanity_checks.py for tasks to queue
[2026-05-22T11:34:39.311+0000] {logging_mixin.py:190} INFO - [2026-05-22T11:34:39.310+0000] {dagbag.py:587} INFO - Filling up the DagBag from /opt/airflow/dags/sanity_checks.py
[2026-05-22T11:34:39.360+0000] {processor.py:925} INFO - DAG(s) 'airflow_sanity_check' retrieved from /opt/airflow/dags/sanity_checks.py
[2026-05-22T11:34:39.496+0000] {logging_mixin.py:190} INFO - [2026-05-22T11:34:39.496+0000] {dag.py:3211} INFO - Sync 1 DAGs
[2026-05-22T11:34:39.564+0000] {logging_mixin.py:190} INFO - [2026-05-22T11:34:39.563+0000] {dag.py:4138} INFO - Setting next_dagrun for airflow_sanity_check to None, run_after=None
[2026-05-22T11:34:39.659+0000] {processor.py:208} INFO - Processing /opt/airflow/dags/sanity_checks.py took 0.397 seconds
[2026-05-22T11:35:10.780+0000] {processor.py:186} INFO - Started process (PID=7468) to work on /opt/airflow/dags/sanity_checks.py
[2026-05-22T11:35:10.783+0000] {processor.py:914} INFO - Processing file /opt/airflow/dags/sanity_checks.py for tasks to queue
[2026-05-22T11:35:10.793+0000] {logging_mixin.py:190} INFO - [2026-05-22T11:35:10.793+0000] {dagbag.py:587} INFO - Filling up the DagBag from /opt/airflow/dags/sanity_checks.py
[2026-05-22T11:35:10.816+0000] {processor.py:925} INFO - DAG(s) 'airflow_sanity_check' retrieved from /opt/airflow/dags/sanity_checks.py
[2026-05-22T11:35:10.882+0000] {logging_mixin.py:190} INFO - [2026-05-22T11:35:10.881+0000] {dag.py:3211} INFO - Sync 1 DAGs
[2026-05-22T11:35:10.909+0000] {logging_mixin.py:190} INFO - [2026-05-22T11:35:10.908+0000] {dag.py:4138} INFO - Setting next_dagrun for airflow_sanity_check to None, run_after=None
[2026-05-22T11:35:10.945+0000] {processor.py:208} INFO - Processing /opt/airflow/dags/sanity_checks.py took 0.182 seconds
[2026-05-22T11:35:41.323+0000] {processor.py:186} INFO - Started process (PID=7478) to work on /opt/airflow/dags/sanity_checks.py
[2026-05-22T11:35:41.325+0000] {processor.py:914} INFO - Processing file /opt/airflow/dags/sanity_checks.py for tasks to queue
[2026-05-22T11:35:41.327+0000] {logging_mixin.py:190} INFO - [2026-05-22T11:35:41.327+0000] {dagbag.py:587} INFO - Filling up the DagBag from /opt/airflow/dags/sanity_checks.py
[2026-05-22T11:35:41.346+0000] {processor.py:925} INFO - DAG(s) 'airflow_sanity_check' retrieved from /opt/airflow/dags/sanity_checks.py
[2026-05-22T11:35:41.401+0000] {logging_mixin.py:190} INFO - [2026-05-22T11:35:41.400+0000] {dag.py:3211} INFO - Sync 1 DAGs
[2026-05-22T11:35:41.422+0000] {logging_mixin.py:190} INFO - [2026-05-22T11:35:41.422+0000] {dag.py:4138} INFO - Setting next_dagrun for airflow_sanity_check to None, run_after=None
[2026-05-22T11:35:41.448+0000] {processor.py:208} INFO - Processing /opt/airflow/dags/sanity_checks.py took 0.134 seconds
[2026-05-22T11:36:11.781+0000] {processor.py:186} INFO - Started process (PID=7488) to work on /opt/airflow/dags/sanity_checks.py
[2026-05-22T11:36:11.782+0000] {processor.py:914} INFO - Processing file /opt/airflow/dags/sanity_checks.py for tasks to queue
[2026-05-22T11:36:11.785+0000] {logging_mixin.py:190} INFO - [2026-05-22T11:36:11.784+0000] {dagbag.py:587} INFO - Filling up the DagBag from /opt/airflow/dags/sanity_checks.py
[2026-05-22T11:36:11.805+0000] {processor.py:925} INFO - DAG(s) 'airflow_sanity_check' retrieved from /opt/airflow/dags/sanity_checks.py
[2026-05-22T11:36:11.851+0000] {logging_mixin.py:190} INFO - [2026-05-22T11:36:11.850+0000] {dag.py:3211} INFO - Sync 1 DAGs
[2026-05-22T11:36:11.871+0000] {logging_mixin.py:190} INFO - [2026-05-22T11:36:11.871+0000] {dag.py:4138} INFO - Setting next_dagrun for airflow_sanity_check to None, run_after=None
[2026-05-22T11:36:11.898+0000] {processor.py:208} INFO - Processing /opt/airflow/dags/sanity_checks.py took 0.125 seconds
[2026-05-22T11:36:42.337+0000] {processor.py:186} INFO - Started process (PID=7498) to work on /opt/airflow/dags/sanity_checks.py
[2026-05-22T11:36:42.338+0000] {processor.py:914} INFO - Processing file /opt/airflow/dags/sanity_checks.py for tasks to queue
[2026-05-22T11:36:42.340+0000] {logging_mixin.py:190} INFO - [2026-05-22T11:36:42.339+0000] {dagbag.py:587} INFO - Filling up the DagBag from /opt/airflow/dags/sanity_checks.py
[2026-05-22T11:36:42.355+0000] {processor.py:925} INFO - DAG(s) 'airflow_sanity_check' retrieved from /opt/airflow/dags/sanity_checks.py
[2026-05-22T11:36:42.399+0000] {logging_mixin.py:190} INFO - [2026-05-22T11:36:42.399+0000] {dag.py:3211} INFO - Sync 1 DAGs
[2026-05-22T11:36:42.420+0000] {logging_mixin.py:190} INFO - [2026-05-22T11:36:42.419+0000] {dag.py:4138} INFO - Setting next_dagrun for airflow_sanity_check to None, run_after=None
[2026-05-22T11:36:42.447+0000] {processor.py:208} INFO - Processing /opt/airflow/dags/sanity_checks.py took 0.120 seconds
[2026-05-22T11:37:12.783+0000] {processor.py:186} INFO - Started process (PID=7508) to work on /opt/airflow/dags/sanity_checks.py
[2026-05-22T11:37:12.784+0000] {processor.py:914} INFO - Processing file /opt/airflow/dags/sanity_checks.py for tasks to queue
[2026-05-22T11:37:12.787+0000] {logging_mixin.py:190} INFO - [2026-05-22T11:37:12.786+0000] {dagbag.py:587} INFO - Filling up the DagBag from /opt/airflow/dags/sanity_checks.py
[2026-05-22T11:37:12.811+0000] {processor.py:925} INFO - DAG(s) 'airflow_sanity_check' retrieved from /opt/airflow/dags/sanity_checks.py
[2026-05-22T11:37:12.870+0000] {logging_mixin.py:190} INFO - [2026-05-22T11:37:12.870+0000] {dag.py:3211} INFO - Sync 1 DAGs
[2026-05-22T11:37:12.897+0000] {logging_mixin.py:190} INFO - [2026-05-22T11:37:12.896+0000] {dag.py:4138} INFO - Setting next_dagrun for airflow_sanity_check to None, run_after=None
[2026-05-22T11:37:12.958+0000] {processor.py:208} INFO - Processing /opt/airflow/dags/sanity_checks.py took 0.188 seconds
[2026-05-22T11:37:43.365+0000] {processor.py:186} INFO - Started process (PID=7518) to work on /opt/airflow/dags/sanity_checks.py
[2026-05-22T11:37:43.366+0000] {processor.py:914} INFO - Processing file /opt/airflow/dags/sanity_checks.py for tasks to queue
[2026-05-22T11:37:43.369+0000] {logging_mixin.py:190} INFO - [2026-05-22T11:37:43.369+0000] {dagbag.py:587} INFO - Filling up the DagBag from /opt/airflow/dags/sanity_checks.py
[2026-05-22T11:37:43.385+0000] {processor.py:925} INFO - DAG(s) 'airflow_sanity_check' retrieved from /opt/airflow/dags/sanity_checks.py
[2026-05-22T11:37:43.428+0000] {logging_mixin.py:190} INFO - [2026-05-22T11:37:43.427+0000] {dag.py:3211} INFO - Sync 1 DAGs
[2026-05-22T11:37:43.455+0000] {logging_mixin.py:190} INFO - [2026-05-22T11:37:43.454+0000] {dag.py:4138} INFO - Setting next_dagrun for airflow_sanity_check to None, run_after=None
[2026-05-22T11:37:43.482+0000] {processor.py:208} INFO - Processing /opt/airflow/dags/sanity_checks.py took 0.126 seconds
