[2026-05-22T11:05:02.053+0000] {processor.py:186} INFO - Started process (PID=6861) to work on /opt/airflow/dags/tmdb_incremental_sync.py
[2026-05-22T11:05:02.063+0000] {processor.py:914} INFO - Processing file /opt/airflow/dags/tmdb_incremental_sync.py for tasks to queue
[2026-05-22T11:05:02.073+0000] {logging_mixin.py:190} INFO - [2026-05-22T11:05:02.071+0000] {dagbag.py:587} INFO - Filling up the DagBag from /opt/airflow/dags/tmdb_incremental_sync.py
[2026-05-22T11:05:02.214+0000] {processor.py:925} INFO - DAG(s) 'tmdb_incremental_sync' retrieved from /opt/airflow/dags/tmdb_incremental_sync.py
[2026-05-22T11:05:03.442+0000] {logging_mixin.py:190} INFO - [2026-05-22T11:05:03.442+0000] {dag.py:3211} INFO - Sync 1 DAGs
[2026-05-22T11:05:03.501+0000] {logging_mixin.py:190} INFO - [2026-05-22T11:05:03.501+0000] {dag.py:4138} INFO - Setting next_dagrun for tmdb_incremental_sync to 2026-05-22 00:00:00+00:00, run_after=2026-05-23 00:00:00+00:00
[2026-05-22T11:05:03.537+0000] {processor.py:208} INFO - Processing /opt/airflow/dags/tmdb_incremental_sync.py took 1.543 seconds
[2026-05-22T11:05:33.993+0000] {processor.py:186} INFO - Started process (PID=6873) to work on /opt/airflow/dags/tmdb_incremental_sync.py
[2026-05-22T11:05:33.998+0000] {processor.py:914} INFO - Processing file /opt/airflow/dags/tmdb_incremental_sync.py for tasks to queue
[2026-05-22T11:05:34.001+0000] {logging_mixin.py:190} INFO - [2026-05-22T11:05:34.001+0000] {dagbag.py:587} INFO - Filling up the DagBag from /opt/airflow/dags/tmdb_incremental_sync.py
[2026-05-22T11:05:34.042+0000] {processor.py:925} INFO - DAG(s) 'tmdb_incremental_sync' retrieved from /opt/airflow/dags/tmdb_incremental_sync.py
[2026-05-22T11:05:34.092+0000] {logging_mixin.py:190} INFO - [2026-05-22T11:05:34.092+0000] {dag.py:3211} INFO - Sync 1 DAGs
[2026-05-22T11:05:34.138+0000] {logging_mixin.py:190} INFO - [2026-05-22T11:05:34.138+0000] {dag.py:4138} INFO - Setting next_dagrun for tmdb_incremental_sync to 2026-05-22 00:00:00+00:00, run_after=2026-05-23 00:00:00+00:00
[2026-05-22T11:05:34.200+0000] {processor.py:208} INFO - Processing /opt/airflow/dags/tmdb_incremental_sync.py took 0.228 seconds
[2026-05-22T11:06:04.473+0000] {processor.py:186} INFO - Started process (PID=6883) to work on /opt/airflow/dags/tmdb_incremental_sync.py
[2026-05-22T11:06:04.475+0000] {processor.py:914} INFO - Processing file /opt/airflow/dags/tmdb_incremental_sync.py for tasks to queue
[2026-05-22T11:06:04.477+0000] {logging_mixin.py:190} INFO - [2026-05-22T11:06:04.476+0000] {dagbag.py:587} INFO - Filling up the DagBag from /opt/airflow/dags/tmdb_incremental_sync.py
[2026-05-22T11:06:04.507+0000] {processor.py:925} INFO - DAG(s) 'tmdb_incremental_sync' retrieved from /opt/airflow/dags/tmdb_incremental_sync.py
[2026-05-22T11:06:04.548+0000] {logging_mixin.py:190} INFO - [2026-05-22T11:06:04.548+0000] {dag.py:3211} INFO - Sync 1 DAGs
[2026-05-22T11:06:04.586+0000] {logging_mixin.py:190} INFO - [2026-05-22T11:06:04.585+0000] {dag.py:4138} INFO - Setting next_dagrun for tmdb_incremental_sync to 2026-05-22 00:00:00+00:00, run_after=2026-05-23 00:00:00+00:00
[2026-05-22T11:06:04.614+0000] {processor.py:208} INFO - Processing /opt/airflow/dags/tmdb_incremental_sync.py took 0.151 seconds
[2026-05-22T11:06:34.973+0000] {processor.py:186} INFO - Started process (PID=6903) to work on /opt/airflow/dags/tmdb_incremental_sync.py
[2026-05-22T11:06:34.974+0000] {processor.py:914} INFO - Processing file /opt/airflow/dags/tmdb_incremental_sync.py for tasks to queue
[2026-05-22T11:06:34.978+0000] {logging_mixin.py:190} INFO - [2026-05-22T11:06:34.976+0000] {dagbag.py:587} INFO - Filling up the DagBag from /opt/airflow/dags/tmdb_incremental_sync.py
[2026-05-22T11:06:35.012+0000] {processor.py:925} INFO - DAG(s) 'tmdb_incremental_sync' retrieved from /opt/airflow/dags/tmdb_incremental_sync.py
[2026-05-22T11:06:35.080+0000] {logging_mixin.py:190} INFO - [2026-05-22T11:06:35.080+0000] {dag.py:3211} INFO - Sync 1 DAGs
[2026-05-22T11:06:35.131+0000] {logging_mixin.py:190} INFO - [2026-05-22T11:06:35.131+0000] {dag.py:4138} INFO - Setting next_dagrun for tmdb_incremental_sync to 2026-05-22 00:00:00+00:00, run_after=2026-05-23 00:00:00+00:00
[2026-05-22T11:06:35.212+0000] {processor.py:208} INFO - Processing /opt/airflow/dags/tmdb_incremental_sync.py took 0.250 seconds
[2026-05-22T11:07:05.378+0000] {processor.py:186} INFO - Started process (PID=6913) to work on /opt/airflow/dags/tmdb_incremental_sync.py
[2026-05-22T11:07:05.380+0000] {processor.py:914} INFO - Processing file /opt/airflow/dags/tmdb_incremental_sync.py for tasks to queue
[2026-05-22T11:07:05.385+0000] {logging_mixin.py:190} INFO - [2026-05-22T11:07:05.384+0000] {dagbag.py:587} INFO - Filling up the DagBag from /opt/airflow/dags/tmdb_incremental_sync.py
[2026-05-22T11:07:05.443+0000] {processor.py:925} INFO - DAG(s) 'tmdb_incremental_sync' retrieved from /opt/airflow/dags/tmdb_incremental_sync.py
[2026-05-22T11:07:05.526+0000] {logging_mixin.py:190} INFO - [2026-05-22T11:07:05.525+0000] {dag.py:3211} INFO - Sync 1 DAGs
[2026-05-22T11:07:05.593+0000] {logging_mixin.py:190} INFO - [2026-05-22T11:07:05.593+0000] {dag.py:4138} INFO - Setting next_dagrun for tmdb_incremental_sync to 2026-05-22 00:00:00+00:00, run_after=2026-05-23 00:00:00+00:00
[2026-05-22T11:07:05.797+0000] {processor.py:208} INFO - Processing /opt/airflow/dags/tmdb_incremental_sync.py took 0.343 seconds
[2026-05-22T11:07:36.092+0000] {processor.py:186} INFO - Started process (PID=6921) to work on /opt/airflow/dags/tmdb_incremental_sync.py
[2026-05-22T11:07:36.141+0000] {processor.py:914} INFO - Processing file /opt/airflow/dags/tmdb_incremental_sync.py for tasks to queue
[2026-05-22T11:07:36.185+0000] {logging_mixin.py:190} INFO - [2026-05-22T11:07:36.171+0000] {dagbag.py:587} INFO - Filling up the DagBag from /opt/airflow/dags/tmdb_incremental_sync.py
[2026-05-22T11:07:36.792+0000] {processor.py:925} INFO - DAG(s) 'tmdb_incremental_sync' retrieved from /opt/airflow/dags/tmdb_incremental_sync.py
[2026-05-22T11:07:37.022+0000] {logging_mixin.py:190} INFO - [2026-05-22T11:07:37.021+0000] {dag.py:3211} INFO - Sync 1 DAGs
[2026-05-22T11:07:37.097+0000] {logging_mixin.py:190} INFO - [2026-05-22T11:07:37.096+0000] {dag.py:4138} INFO - Setting next_dagrun for tmdb_incremental_sync to 2026-05-22 00:00:00+00:00, run_after=2026-05-23 00:00:00+00:00
[2026-05-22T11:07:37.127+0000] {processor.py:208} INFO - Processing /opt/airflow/dags/tmdb_incremental_sync.py took 1.085 seconds
[2026-05-22T11:08:07.544+0000] {processor.py:186} INFO - Started process (PID=6931) to work on /opt/airflow/dags/tmdb_incremental_sync.py
[2026-05-22T11:08:07.546+0000] {processor.py:914} INFO - Processing file /opt/airflow/dags/tmdb_incremental_sync.py for tasks to queue
[2026-05-22T11:08:07.549+0000] {logging_mixin.py:190} INFO - [2026-05-22T11:08:07.548+0000] {dagbag.py:587} INFO - Filling up the DagBag from /opt/airflow/dags/tmdb_incremental_sync.py
[2026-05-22T11:08:07.584+0000] {processor.py:925} INFO - DAG(s) 'tmdb_incremental_sync' retrieved from /opt/airflow/dags/tmdb_incremental_sync.py
[2026-05-22T11:08:07.625+0000] {logging_mixin.py:190} INFO - [2026-05-22T11:08:07.625+0000] {dag.py:3211} INFO - Sync 1 DAGs
[2026-05-22T11:08:07.759+0000] {logging_mixin.py:190} INFO - [2026-05-22T11:08:07.758+0000] {dag.py:4138} INFO - Setting next_dagrun for tmdb_incremental_sync to 2026-05-22 00:00:00+00:00, run_after=2026-05-23 00:00:00+00:00
[2026-05-22T11:08:07.789+0000] {processor.py:208} INFO - Processing /opt/airflow/dags/tmdb_incremental_sync.py took 0.255 seconds
[2026-05-22T11:08:38.020+0000] {processor.py:186} INFO - Started process (PID=6941) to work on /opt/airflow/dags/tmdb_incremental_sync.py
[2026-05-22T11:08:38.023+0000] {processor.py:914} INFO - Processing file /opt/airflow/dags/tmdb_incremental_sync.py for tasks to queue
[2026-05-22T11:08:38.025+0000] {logging_mixin.py:190} INFO - [2026-05-22T11:08:38.025+0000] {dagbag.py:587} INFO - Filling up the DagBag from /opt/airflow/dags/tmdb_incremental_sync.py
[2026-05-22T11:08:38.068+0000] {processor.py:925} INFO - DAG(s) 'tmdb_incremental_sync' retrieved from /opt/airflow/dags/tmdb_incremental_sync.py
[2026-05-22T11:08:38.111+0000] {logging_mixin.py:190} INFO - [2026-05-22T11:08:38.111+0000] {dag.py:3211} INFO - Sync 1 DAGs
[2026-05-22T11:08:38.259+0000] {logging_mixin.py:190} INFO - [2026-05-22T11:08:38.259+0000] {dag.py:4138} INFO - Setting next_dagrun for tmdb_incremental_sync to 2026-05-22 00:00:00+00:00, run_after=2026-05-23 00:00:00+00:00
[2026-05-22T11:08:38.294+0000] {processor.py:208} INFO - Processing /opt/airflow/dags/tmdb_incremental_sync.py took 0.289 seconds
[2026-05-22T11:09:08.587+0000] {processor.py:186} INFO - Started process (PID=6951) to work on /opt/airflow/dags/tmdb_incremental_sync.py
[2026-05-22T11:09:08.589+0000] {processor.py:914} INFO - Processing file /opt/airflow/dags/tmdb_incremental_sync.py for tasks to queue
[2026-05-22T11:09:08.592+0000] {logging_mixin.py:190} INFO - [2026-05-22T11:09:08.592+0000] {dagbag.py:587} INFO - Filling up the DagBag from /opt/airflow/dags/tmdb_incremental_sync.py
[2026-05-22T11:09:08.623+0000] {processor.py:925} INFO - DAG(s) 'tmdb_incremental_sync' retrieved from /opt/airflow/dags/tmdb_incremental_sync.py
[2026-05-22T11:09:08.696+0000] {logging_mixin.py:190} INFO - [2026-05-22T11:09:08.695+0000] {dag.py:3211} INFO - Sync 1 DAGs
[2026-05-22T11:09:08.974+0000] {logging_mixin.py:190} INFO - [2026-05-22T11:09:08.973+0000] {dag.py:4138} INFO - Setting next_dagrun for tmdb_incremental_sync to 2026-05-22 00:00:00+00:00, run_after=2026-05-23 00:00:00+00:00
[2026-05-22T11:09:09.007+0000] {processor.py:208} INFO - Processing /opt/airflow/dags/tmdb_incremental_sync.py took 0.429 seconds
[2026-05-22T11:09:39.457+0000] {processor.py:186} INFO - Started process (PID=6961) to work on /opt/airflow/dags/tmdb_incremental_sync.py
[2026-05-22T11:09:39.458+0000] {processor.py:914} INFO - Processing file /opt/airflow/dags/tmdb_incremental_sync.py for tasks to queue
[2026-05-22T11:09:39.461+0000] {logging_mixin.py:190} INFO - [2026-05-22T11:09:39.461+0000] {dagbag.py:587} INFO - Filling up the DagBag from /opt/airflow/dags/tmdb_incremental_sync.py
[2026-05-22T11:09:39.495+0000] {processor.py:925} INFO - DAG(s) 'tmdb_incremental_sync' retrieved from /opt/airflow/dags/tmdb_incremental_sync.py
[2026-05-22T11:09:39.570+0000] {logging_mixin.py:190} INFO - [2026-05-22T11:09:39.568+0000] {dag.py:3211} INFO - Sync 1 DAGs
[2026-05-22T11:09:39.952+0000] {logging_mixin.py:190} INFO - [2026-05-22T11:09:39.952+0000] {dag.py:4138} INFO - Setting next_dagrun for tmdb_incremental_sync to 2026-05-22 00:00:00+00:00, run_after=2026-05-23 00:00:00+00:00
[2026-05-22T11:09:40.002+0000] {processor.py:208} INFO - Processing /opt/airflow/dags/tmdb_incremental_sync.py took 0.557 seconds
[2026-05-22T11:10:10.291+0000] {processor.py:186} INFO - Started process (PID=6971) to work on /opt/airflow/dags/tmdb_incremental_sync.py
[2026-05-22T11:10:10.293+0000] {processor.py:914} INFO - Processing file /opt/airflow/dags/tmdb_incremental_sync.py for tasks to queue
[2026-05-22T11:10:10.296+0000] {logging_mixin.py:190} INFO - [2026-05-22T11:10:10.295+0000] {dagbag.py:587} INFO - Filling up the DagBag from /opt/airflow/dags/tmdb_incremental_sync.py
[2026-05-22T11:10:10.343+0000] {processor.py:925} INFO - DAG(s) 'tmdb_incremental_sync' retrieved from /opt/airflow/dags/tmdb_incremental_sync.py
[2026-05-22T11:10:10.553+0000] {logging_mixin.py:190} INFO - [2026-05-22T11:10:10.551+0000] {dag.py:3211} INFO - Sync 1 DAGs
[2026-05-22T11:10:10.805+0000] {logging_mixin.py:190} INFO - [2026-05-22T11:10:10.805+0000] {dag.py:4138} INFO - Setting next_dagrun for tmdb_incremental_sync to 2026-05-22 00:00:00+00:00, run_after=2026-05-23 00:00:00+00:00
[2026-05-22T11:10:10.842+0000] {processor.py:208} INFO - Processing /opt/airflow/dags/tmdb_incremental_sync.py took 0.563 seconds
[2026-05-22T11:10:41.076+0000] {processor.py:186} INFO - Started process (PID=6981) to work on /opt/airflow/dags/tmdb_incremental_sync.py
[2026-05-22T11:10:41.078+0000] {processor.py:914} INFO - Processing file /opt/airflow/dags/tmdb_incremental_sync.py for tasks to queue
[2026-05-22T11:10:41.080+0000] {logging_mixin.py:190} INFO - [2026-05-22T11:10:41.079+0000] {dagbag.py:587} INFO - Filling up the DagBag from /opt/airflow/dags/tmdb_incremental_sync.py
[2026-05-22T11:10:41.121+0000] {processor.py:925} INFO - DAG(s) 'tmdb_incremental_sync' retrieved from /opt/airflow/dags/tmdb_incremental_sync.py
[2026-05-22T11:10:41.174+0000] {logging_mixin.py:190} INFO - [2026-05-22T11:10:41.174+0000] {dag.py:3211} INFO - Sync 1 DAGs
[2026-05-22T11:10:41.217+0000] {logging_mixin.py:190} INFO - [2026-05-22T11:10:41.217+0000] {dag.py:4138} INFO - Setting next_dagrun for tmdb_incremental_sync to 2026-05-22 00:00:00+00:00, run_after=2026-05-23 00:00:00+00:00
[2026-05-22T11:10:41.244+0000] {processor.py:208} INFO - Processing /opt/airflow/dags/tmdb_incremental_sync.py took 0.179 seconds
[2026-05-22T11:11:11.607+0000] {processor.py:186} INFO - Started process (PID=6991) to work on /opt/airflow/dags/tmdb_incremental_sync.py
[2026-05-22T11:11:11.609+0000] {processor.py:914} INFO - Processing file /opt/airflow/dags/tmdb_incremental_sync.py for tasks to queue
[2026-05-22T11:11:11.612+0000] {logging_mixin.py:190} INFO - [2026-05-22T11:11:11.611+0000] {dagbag.py:587} INFO - Filling up the DagBag from /opt/airflow/dags/tmdb_incremental_sync.py
[2026-05-22T11:11:11.665+0000] {processor.py:925} INFO - DAG(s) 'tmdb_incremental_sync' retrieved from /opt/airflow/dags/tmdb_incremental_sync.py
[2026-05-22T11:11:11.728+0000] {logging_mixin.py:190} INFO - [2026-05-22T11:11:11.727+0000] {dag.py:3211} INFO - Sync 1 DAGs
[2026-05-22T11:11:11.980+0000] {logging_mixin.py:190} INFO - [2026-05-22T11:11:11.979+0000] {dag.py:4138} INFO - Setting next_dagrun for tmdb_incremental_sync to 2026-05-22 00:00:00+00:00, run_after=2026-05-23 00:00:00+00:00
[2026-05-22T11:11:12.030+0000] {processor.py:208} INFO - Processing /opt/airflow/dags/tmdb_incremental_sync.py took 0.431 seconds
[2026-05-22T11:11:42.287+0000] {processor.py:186} INFO - Started process (PID=6999) to work on /opt/airflow/dags/tmdb_incremental_sync.py
[2026-05-22T11:11:42.289+0000] {processor.py:914} INFO - Processing file /opt/airflow/dags/tmdb_incremental_sync.py for tasks to queue
[2026-05-22T11:11:42.292+0000] {logging_mixin.py:190} INFO - [2026-05-22T11:11:42.291+0000] {dagbag.py:587} INFO - Filling up the DagBag from /opt/airflow/dags/tmdb_incremental_sync.py
[2026-05-22T11:11:42.347+0000] {processor.py:925} INFO - DAG(s) 'tmdb_incremental_sync' retrieved from /opt/airflow/dags/tmdb_incremental_sync.py
[2026-05-22T11:11:42.410+0000] {logging_mixin.py:190} INFO - [2026-05-22T11:11:42.410+0000] {dag.py:3211} INFO - Sync 1 DAGs
[2026-05-22T11:11:42.612+0000] {logging_mixin.py:190} INFO - [2026-05-22T11:11:42.610+0000] {dag.py:4138} INFO - Setting next_dagrun for tmdb_incremental_sync to 2026-05-22 00:00:00+00:00, run_after=2026-05-23 00:00:00+00:00
[2026-05-22T11:11:42.788+0000] {processor.py:208} INFO - Processing /opt/airflow/dags/tmdb_incremental_sync.py took 0.511 seconds
[2026-05-22T11:12:13.138+0000] {processor.py:186} INFO - Started process (PID=7011) to work on /opt/airflow/dags/tmdb_incremental_sync.py
[2026-05-22T11:12:13.140+0000] {processor.py:914} INFO - Processing file /opt/airflow/dags/tmdb_incremental_sync.py for tasks to queue
[2026-05-22T11:12:13.142+0000] {logging_mixin.py:190} INFO - [2026-05-22T11:12:13.141+0000] {dagbag.py:587} INFO - Filling up the DagBag from /opt/airflow/dags/tmdb_incremental_sync.py
[2026-05-22T11:12:13.175+0000] {processor.py:925} INFO - DAG(s) 'tmdb_incremental_sync' retrieved from /opt/airflow/dags/tmdb_incremental_sync.py
[2026-05-22T11:12:13.234+0000] {logging_mixin.py:190} INFO - [2026-05-22T11:12:13.234+0000] {dag.py:3211} INFO - Sync 1 DAGs
[2026-05-22T11:12:13.475+0000] {logging_mixin.py:190} INFO - [2026-05-22T11:12:13.475+0000] {dag.py:4138} INFO - Setting next_dagrun for tmdb_incremental_sync to 2026-05-22 00:00:00+00:00, run_after=2026-05-23 00:00:00+00:00
[2026-05-22T11:12:13.504+0000] {processor.py:208} INFO - Processing /opt/airflow/dags/tmdb_incremental_sync.py took 0.378 seconds
[2026-05-22T11:12:43.792+0000] {processor.py:186} INFO - Started process (PID=7021) to work on /opt/airflow/dags/tmdb_incremental_sync.py
[2026-05-22T11:12:43.793+0000] {processor.py:914} INFO - Processing file /opt/airflow/dags/tmdb_incremental_sync.py for tasks to queue
[2026-05-22T11:12:43.796+0000] {logging_mixin.py:190} INFO - [2026-05-22T11:12:43.795+0000] {dagbag.py:587} INFO - Filling up the DagBag from /opt/airflow/dags/tmdb_incremental_sync.py
[2026-05-22T11:12:43.844+0000] {processor.py:925} INFO - DAG(s) 'tmdb_incremental_sync' retrieved from /opt/airflow/dags/tmdb_incremental_sync.py
[2026-05-22T11:12:44.047+0000] {logging_mixin.py:190} INFO - [2026-05-22T11:12:44.047+0000] {dag.py:3211} INFO - Sync 1 DAGs
[2026-05-22T11:12:44.294+0000] {logging_mixin.py:190} INFO - [2026-05-22T11:12:44.293+0000] {dag.py:4138} INFO - Setting next_dagrun for tmdb_incremental_sync to 2026-05-22 00:00:00+00:00, run_after=2026-05-23 00:00:00+00:00
[2026-05-22T11:12:44.330+0000] {processor.py:208} INFO - Processing /opt/airflow/dags/tmdb_incremental_sync.py took 0.550 seconds
[2026-05-22T11:13:14.584+0000] {processor.py:186} INFO - Started process (PID=7031) to work on /opt/airflow/dags/tmdb_incremental_sync.py
[2026-05-22T11:13:14.587+0000] {processor.py:914} INFO - Processing file /opt/airflow/dags/tmdb_incremental_sync.py for tasks to queue
[2026-05-22T11:13:14.589+0000] {logging_mixin.py:190} INFO - [2026-05-22T11:13:14.589+0000] {dagbag.py:587} INFO - Filling up the DagBag from /opt/airflow/dags/tmdb_incremental_sync.py
[2026-05-22T11:13:14.635+0000] {processor.py:925} INFO - DAG(s) 'tmdb_incremental_sync' retrieved from /opt/airflow/dags/tmdb_incremental_sync.py
[2026-05-22T11:13:14.751+0000] {logging_mixin.py:190} INFO - [2026-05-22T11:13:14.750+0000] {dag.py:3211} INFO - Sync 1 DAGs
[2026-05-22T11:13:14.829+0000] {logging_mixin.py:190} INFO - [2026-05-22T11:13:14.828+0000] {dag.py:4138} INFO - Setting next_dagrun for tmdb_incremental_sync to 2026-05-22 00:00:00+00:00, run_after=2026-05-23 00:00:00+00:00
[2026-05-22T11:13:14.856+0000] {processor.py:208} INFO - Processing /opt/airflow/dags/tmdb_incremental_sync.py took 0.281 seconds
[2026-05-22T11:13:45.119+0000] {processor.py:186} INFO - Started process (PID=7041) to work on /opt/airflow/dags/tmdb_incremental_sync.py
[2026-05-22T11:13:45.120+0000] {processor.py:914} INFO - Processing file /opt/airflow/dags/tmdb_incremental_sync.py for tasks to queue
[2026-05-22T11:13:45.123+0000] {logging_mixin.py:190} INFO - [2026-05-22T11:13:45.122+0000] {dagbag.py:587} INFO - Filling up the DagBag from /opt/airflow/dags/tmdb_incremental_sync.py
[2026-05-22T11:13:45.156+0000] {processor.py:925} INFO - DAG(s) 'tmdb_incremental_sync' retrieved from /opt/airflow/dags/tmdb_incremental_sync.py
[2026-05-22T11:13:45.619+0000] {logging_mixin.py:190} INFO - [2026-05-22T11:13:45.612+0000] {dag.py:3211} INFO - Sync 1 DAGs
[2026-05-22T11:13:45.980+0000] {logging_mixin.py:190} INFO - [2026-05-22T11:13:45.980+0000] {dag.py:4138} INFO - Setting next_dagrun for tmdb_incremental_sync to 2026-05-22 00:00:00+00:00, run_after=2026-05-23 00:00:00+00:00
[2026-05-22T11:13:46.008+0000] {processor.py:208} INFO - Processing /opt/airflow/dags/tmdb_incremental_sync.py took 0.898 seconds
[2026-05-22T11:14:16.392+0000] {processor.py:186} INFO - Started process (PID=7051) to work on /opt/airflow/dags/tmdb_incremental_sync.py
[2026-05-22T11:14:16.393+0000] {processor.py:914} INFO - Processing file /opt/airflow/dags/tmdb_incremental_sync.py for tasks to queue
[2026-05-22T11:14:16.396+0000] {logging_mixin.py:190} INFO - [2026-05-22T11:14:16.395+0000] {dagbag.py:587} INFO - Filling up the DagBag from /opt/airflow/dags/tmdb_incremental_sync.py
[2026-05-22T11:14:16.434+0000] {processor.py:925} INFO - DAG(s) 'tmdb_incremental_sync' retrieved from /opt/airflow/dags/tmdb_incremental_sync.py
[2026-05-22T11:14:16.501+0000] {logging_mixin.py:190} INFO - [2026-05-22T11:14:16.501+0000] {dag.py:3211} INFO - Sync 1 DAGs
[2026-05-22T11:14:16.685+0000] {logging_mixin.py:190} INFO - [2026-05-22T11:14:16.684+0000] {dag.py:4138} INFO - Setting next_dagrun for tmdb_incremental_sync to 2026-05-22 00:00:00+00:00, run_after=2026-05-23 00:00:00+00:00
[2026-05-22T11:14:16.817+0000] {processor.py:208} INFO - Processing /opt/airflow/dags/tmdb_incremental_sync.py took 0.437 seconds
[2026-05-22T11:14:47.298+0000] {processor.py:186} INFO - Started process (PID=7061) to work on /opt/airflow/dags/tmdb_incremental_sync.py
[2026-05-22T11:14:47.312+0000] {processor.py:914} INFO - Processing file /opt/airflow/dags/tmdb_incremental_sync.py for tasks to queue
[2026-05-22T11:14:47.342+0000] {logging_mixin.py:190} INFO - [2026-05-22T11:14:47.333+0000] {dagbag.py:587} INFO - Filling up the DagBag from /opt/airflow/dags/tmdb_incremental_sync.py
[2026-05-22T11:14:47.612+0000] {processor.py:925} INFO - DAG(s) 'tmdb_incremental_sync' retrieved from /opt/airflow/dags/tmdb_incremental_sync.py
[2026-05-22T11:14:47.865+0000] {logging_mixin.py:190} INFO - [2026-05-22T11:14:47.864+0000] {dag.py:3211} INFO - Sync 1 DAGs
[2026-05-22T11:14:48.042+0000] {logging_mixin.py:190} INFO - [2026-05-22T11:14:48.041+0000] {dag.py:4138} INFO - Setting next_dagrun for tmdb_incremental_sync to 2026-05-22 00:00:00+00:00, run_after=2026-05-23 00:00:00+00:00
[2026-05-22T11:14:48.085+0000] {processor.py:208} INFO - Processing /opt/airflow/dags/tmdb_incremental_sync.py took 0.932 seconds
[2026-05-22T11:15:18.403+0000] {processor.py:186} INFO - Started process (PID=7071) to work on /opt/airflow/dags/tmdb_incremental_sync.py
[2026-05-22T11:15:18.405+0000] {processor.py:914} INFO - Processing file /opt/airflow/dags/tmdb_incremental_sync.py for tasks to queue
[2026-05-22T11:15:18.407+0000] {logging_mixin.py:190} INFO - [2026-05-22T11:15:18.407+0000] {dagbag.py:587} INFO - Filling up the DagBag from /opt/airflow/dags/tmdb_incremental_sync.py
[2026-05-22T11:15:18.439+0000] {processor.py:925} INFO - DAG(s) 'tmdb_incremental_sync' retrieved from /opt/airflow/dags/tmdb_incremental_sync.py
[2026-05-22T11:15:18.486+0000] {logging_mixin.py:190} INFO - [2026-05-22T11:15:18.486+0000] {dag.py:3211} INFO - Sync 1 DAGs
[2026-05-22T11:15:18.531+0000] {logging_mixin.py:190} INFO - [2026-05-22T11:15:18.530+0000] {dag.py:4138} INFO - Setting next_dagrun for tmdb_incremental_sync to 2026-05-22 00:00:00+00:00, run_after=2026-05-23 00:00:00+00:00
[2026-05-22T11:15:18.558+0000] {processor.py:208} INFO - Processing /opt/airflow/dags/tmdb_incremental_sync.py took 0.165 seconds
[2026-05-22T11:15:48.889+0000] {processor.py:186} INFO - Started process (PID=7081) to work on /opt/airflow/dags/tmdb_incremental_sync.py
[2026-05-22T11:15:48.890+0000] {processor.py:914} INFO - Processing file /opt/airflow/dags/tmdb_incremental_sync.py for tasks to queue
[2026-05-22T11:15:48.892+0000] {logging_mixin.py:190} INFO - [2026-05-22T11:15:48.891+0000] {dagbag.py:587} INFO - Filling up the DagBag from /opt/airflow/dags/tmdb_incremental_sync.py
[2026-05-22T11:15:48.922+0000] {processor.py:925} INFO - DAG(s) 'tmdb_incremental_sync' retrieved from /opt/airflow/dags/tmdb_incremental_sync.py
[2026-05-22T11:15:48.968+0000] {logging_mixin.py:190} INFO - [2026-05-22T11:15:48.967+0000] {dag.py:3211} INFO - Sync 1 DAGs
[2026-05-22T11:15:49.082+0000] {logging_mixin.py:190} INFO - [2026-05-22T11:15:49.082+0000] {dag.py:4138} INFO - Setting next_dagrun for tmdb_incremental_sync to 2026-05-22 00:00:00+00:00, run_after=2026-05-23 00:00:00+00:00
[2026-05-22T11:15:49.108+0000] {processor.py:208} INFO - Processing /opt/airflow/dags/tmdb_incremental_sync.py took 0.229 seconds
[2026-05-22T11:16:19.393+0000] {processor.py:186} INFO - Started process (PID=7091) to work on /opt/airflow/dags/tmdb_incremental_sync.py
[2026-05-22T11:16:19.394+0000] {processor.py:914} INFO - Processing file /opt/airflow/dags/tmdb_incremental_sync.py for tasks to queue
[2026-05-22T11:16:19.396+0000] {logging_mixin.py:190} INFO - [2026-05-22T11:16:19.396+0000] {dagbag.py:587} INFO - Filling up the DagBag from /opt/airflow/dags/tmdb_incremental_sync.py
[2026-05-22T11:16:19.435+0000] {processor.py:925} INFO - DAG(s) 'tmdb_incremental_sync' retrieved from /opt/airflow/dags/tmdb_incremental_sync.py
[2026-05-22T11:16:19.505+0000] {logging_mixin.py:190} INFO - [2026-05-22T11:16:19.505+0000] {dag.py:3211} INFO - Sync 1 DAGs
[2026-05-22T11:16:19.637+0000] {logging_mixin.py:190} INFO - [2026-05-22T11:16:19.637+0000] {dag.py:4138} INFO - Setting next_dagrun for tmdb_incremental_sync to 2026-05-22 00:00:00+00:00, run_after=2026-05-23 00:00:00+00:00
[2026-05-22T11:16:19.668+0000] {processor.py:208} INFO - Processing /opt/airflow/dags/tmdb_incremental_sync.py took 0.283 seconds
[2026-05-22T11:16:49.918+0000] {processor.py:186} INFO - Started process (PID=7101) to work on /opt/airflow/dags/tmdb_incremental_sync.py
[2026-05-22T11:16:49.920+0000] {processor.py:914} INFO - Processing file /opt/airflow/dags/tmdb_incremental_sync.py for tasks to queue
[2026-05-22T11:16:49.922+0000] {logging_mixin.py:190} INFO - [2026-05-22T11:16:49.922+0000] {dagbag.py:587} INFO - Filling up the DagBag from /opt/airflow/dags/tmdb_incremental_sync.py
[2026-05-22T11:16:49.962+0000] {processor.py:925} INFO - DAG(s) 'tmdb_incremental_sync' retrieved from /opt/airflow/dags/tmdb_incremental_sync.py
[2026-05-22T11:16:50.006+0000] {logging_mixin.py:190} INFO - [2026-05-22T11:16:50.006+0000] {dag.py:3211} INFO - Sync 1 DAGs
[2026-05-22T11:16:50.130+0000] {logging_mixin.py:190} INFO - [2026-05-22T11:16:50.129+0000] {dag.py:4138} INFO - Setting next_dagrun for tmdb_incremental_sync to 2026-05-22 00:00:00+00:00, run_after=2026-05-23 00:00:00+00:00
[2026-05-22T11:16:50.163+0000] {processor.py:208} INFO - Processing /opt/airflow/dags/tmdb_incremental_sync.py took 0.254 seconds
[2026-05-22T11:17:20.420+0000] {processor.py:186} INFO - Started process (PID=7111) to work on /opt/airflow/dags/tmdb_incremental_sync.py
[2026-05-22T11:17:20.421+0000] {processor.py:914} INFO - Processing file /opt/airflow/dags/tmdb_incremental_sync.py for tasks to queue
[2026-05-22T11:17:20.423+0000] {logging_mixin.py:190} INFO - [2026-05-22T11:17:20.423+0000] {dagbag.py:587} INFO - Filling up the DagBag from /opt/airflow/dags/tmdb_incremental_sync.py
[2026-05-22T11:17:20.455+0000] {processor.py:925} INFO - DAG(s) 'tmdb_incremental_sync' retrieved from /opt/airflow/dags/tmdb_incremental_sync.py
[2026-05-22T11:17:20.500+0000] {logging_mixin.py:190} INFO - [2026-05-22T11:17:20.500+0000] {dag.py:3211} INFO - Sync 1 DAGs
[2026-05-22T11:17:20.545+0000] {logging_mixin.py:190} INFO - [2026-05-22T11:17:20.544+0000] {dag.py:4138} INFO - Setting next_dagrun for tmdb_incremental_sync to 2026-05-22 00:00:00+00:00, run_after=2026-05-23 00:00:00+00:00
[2026-05-22T11:17:20.570+0000] {processor.py:208} INFO - Processing /opt/airflow/dags/tmdb_incremental_sync.py took 0.164 seconds
[2026-05-22T11:17:50.850+0000] {processor.py:186} INFO - Started process (PID=7121) to work on /opt/airflow/dags/tmdb_incremental_sync.py
[2026-05-22T11:17:50.852+0000] {processor.py:914} INFO - Processing file /opt/airflow/dags/tmdb_incremental_sync.py for tasks to queue
[2026-05-22T11:17:50.855+0000] {logging_mixin.py:190} INFO - [2026-05-22T11:17:50.854+0000] {dagbag.py:587} INFO - Filling up the DagBag from /opt/airflow/dags/tmdb_incremental_sync.py
[2026-05-22T11:17:50.898+0000] {processor.py:925} INFO - DAG(s) 'tmdb_incremental_sync' retrieved from /opt/airflow/dags/tmdb_incremental_sync.py
[2026-05-22T11:17:50.951+0000] {logging_mixin.py:190} INFO - [2026-05-22T11:17:50.950+0000] {dag.py:3211} INFO - Sync 1 DAGs
[2026-05-22T11:17:50.998+0000] {logging_mixin.py:190} INFO - [2026-05-22T11:17:50.997+0000] {dag.py:4138} INFO - Setting next_dagrun for tmdb_incremental_sync to 2026-05-22 00:00:00+00:00, run_after=2026-05-23 00:00:00+00:00
[2026-05-22T11:17:51.028+0000] {processor.py:208} INFO - Processing /opt/airflow/dags/tmdb_incremental_sync.py took 0.188 seconds
[2026-05-22T11:18:21.322+0000] {processor.py:186} INFO - Started process (PID=7131) to work on /opt/airflow/dags/tmdb_incremental_sync.py
[2026-05-22T11:18:21.325+0000] {processor.py:914} INFO - Processing file /opt/airflow/dags/tmdb_incremental_sync.py for tasks to queue
[2026-05-22T11:18:21.331+0000] {logging_mixin.py:190} INFO - [2026-05-22T11:18:21.330+0000] {dagbag.py:587} INFO - Filling up the DagBag from /opt/airflow/dags/tmdb_incremental_sync.py
[2026-05-22T11:18:21.364+0000] {processor.py:925} INFO - DAG(s) 'tmdb_incremental_sync' retrieved from /opt/airflow/dags/tmdb_incremental_sync.py
[2026-05-22T11:18:21.425+0000] {logging_mixin.py:190} INFO - [2026-05-22T11:18:21.424+0000] {dag.py:3211} INFO - Sync 1 DAGs
[2026-05-22T11:18:21.480+0000] {logging_mixin.py:190} INFO - [2026-05-22T11:18:21.480+0000] {dag.py:4138} INFO - Setting next_dagrun for tmdb_incremental_sync to 2026-05-22 00:00:00+00:00, run_after=2026-05-23 00:00:00+00:00
[2026-05-22T11:18:21.531+0000] {processor.py:208} INFO - Processing /opt/airflow/dags/tmdb_incremental_sync.py took 0.226 seconds
[2026-05-22T11:18:51.828+0000] {processor.py:186} INFO - Started process (PID=7141) to work on /opt/airflow/dags/tmdb_incremental_sync.py
[2026-05-22T11:18:51.832+0000] {processor.py:914} INFO - Processing file /opt/airflow/dags/tmdb_incremental_sync.py for tasks to queue
[2026-05-22T11:18:51.837+0000] {logging_mixin.py:190} INFO - [2026-05-22T11:18:51.836+0000] {dagbag.py:587} INFO - Filling up the DagBag from /opt/airflow/dags/tmdb_incremental_sync.py
[2026-05-22T11:18:51.915+0000] {processor.py:925} INFO - DAG(s) 'tmdb_incremental_sync' retrieved from /opt/airflow/dags/tmdb_incremental_sync.py
[2026-05-22T11:18:52.029+0000] {logging_mixin.py:190} INFO - [2026-05-22T11:18:52.028+0000] {dag.py:3211} INFO - Sync 1 DAGs
[2026-05-22T11:18:52.197+0000] {logging_mixin.py:190} INFO - [2026-05-22T11:18:52.197+0000] {dag.py:4138} INFO - Setting next_dagrun for tmdb_incremental_sync to 2026-05-22 00:00:00+00:00, run_after=2026-05-23 00:00:00+00:00
[2026-05-22T11:18:52.245+0000] {processor.py:208} INFO - Processing /opt/airflow/dags/tmdb_incremental_sync.py took 0.427 seconds
[2026-05-22T11:19:22.439+0000] {processor.py:186} INFO - Started process (PID=7153) to work on /opt/airflow/dags/tmdb_incremental_sync.py
[2026-05-22T11:19:22.441+0000] {processor.py:914} INFO - Processing file /opt/airflow/dags/tmdb_incremental_sync.py for tasks to queue
[2026-05-22T11:19:22.445+0000] {logging_mixin.py:190} INFO - [2026-05-22T11:19:22.444+0000] {dagbag.py:587} INFO - Filling up the DagBag from /opt/airflow/dags/tmdb_incremental_sync.py
[2026-05-22T11:19:22.481+0000] {processor.py:925} INFO - DAG(s) 'tmdb_incremental_sync' retrieved from /opt/airflow/dags/tmdb_incremental_sync.py
[2026-05-22T11:19:22.529+0000] {logging_mixin.py:190} INFO - [2026-05-22T11:19:22.529+0000] {dag.py:3211} INFO - Sync 1 DAGs
[2026-05-22T11:19:22.573+0000] {logging_mixin.py:190} INFO - [2026-05-22T11:19:22.573+0000] {dag.py:4138} INFO - Setting next_dagrun for tmdb_incremental_sync to 2026-05-22 00:00:00+00:00, run_after=2026-05-23 00:00:00+00:00
[2026-05-22T11:19:22.604+0000] {processor.py:208} INFO - Processing /opt/airflow/dags/tmdb_incremental_sync.py took 0.188 seconds
[2026-05-22T11:19:52.715+0000] {processor.py:186} INFO - Started process (PID=7161) to work on /opt/airflow/dags/tmdb_incremental_sync.py
[2026-05-22T11:19:52.716+0000] {processor.py:914} INFO - Processing file /opt/airflow/dags/tmdb_incremental_sync.py for tasks to queue
[2026-05-22T11:19:52.719+0000] {logging_mixin.py:190} INFO - [2026-05-22T11:19:52.718+0000] {dagbag.py:587} INFO - Filling up the DagBag from /opt/airflow/dags/tmdb_incremental_sync.py
[2026-05-22T11:19:52.754+0000] {processor.py:925} INFO - DAG(s) 'tmdb_incremental_sync' retrieved from /opt/airflow/dags/tmdb_incremental_sync.py
[2026-05-22T11:19:52.920+0000] {logging_mixin.py:190} INFO - [2026-05-22T11:19:52.919+0000] {dag.py:3211} INFO - Sync 1 DAGs
[2026-05-22T11:19:52.985+0000] {logging_mixin.py:190} INFO - [2026-05-22T11:19:52.985+0000] {dag.py:4138} INFO - Setting next_dagrun for tmdb_incremental_sync to 2026-05-22 00:00:00+00:00, run_after=2026-05-23 00:00:00+00:00
[2026-05-22T11:19:53.016+0000] {processor.py:208} INFO - Processing /opt/airflow/dags/tmdb_incremental_sync.py took 0.312 seconds
[2026-05-22T11:20:23.304+0000] {processor.py:186} INFO - Started process (PID=7181) to work on /opt/airflow/dags/tmdb_incremental_sync.py
[2026-05-22T11:20:23.306+0000] {processor.py:914} INFO - Processing file /opt/airflow/dags/tmdb_incremental_sync.py for tasks to queue
[2026-05-22T11:20:23.308+0000] {logging_mixin.py:190} INFO - [2026-05-22T11:20:23.308+0000] {dagbag.py:587} INFO - Filling up the DagBag from /opt/airflow/dags/tmdb_incremental_sync.py
[2026-05-22T11:20:23.345+0000] {processor.py:925} INFO - DAG(s) 'tmdb_incremental_sync' retrieved from /opt/airflow/dags/tmdb_incremental_sync.py
[2026-05-22T11:20:23.396+0000] {logging_mixin.py:190} INFO - [2026-05-22T11:20:23.396+0000] {dag.py:3211} INFO - Sync 1 DAGs
[2026-05-22T11:20:23.472+0000] {logging_mixin.py:190} INFO - [2026-05-22T11:20:23.472+0000] {dag.py:4138} INFO - Setting next_dagrun for tmdb_incremental_sync to 2026-05-22 00:00:00+00:00, run_after=2026-05-23 00:00:00+00:00
[2026-05-22T11:20:23.499+0000] {processor.py:208} INFO - Processing /opt/airflow/dags/tmdb_incremental_sync.py took 0.205 seconds
[2026-05-22T11:20:53.937+0000] {processor.py:186} INFO - Started process (PID=7191) to work on /opt/airflow/dags/tmdb_incremental_sync.py
[2026-05-22T11:20:53.939+0000] {processor.py:914} INFO - Processing file /opt/airflow/dags/tmdb_incremental_sync.py for tasks to queue
[2026-05-22T11:20:53.941+0000] {logging_mixin.py:190} INFO - [2026-05-22T11:20:53.941+0000] {dagbag.py:587} INFO - Filling up the DagBag from /opt/airflow/dags/tmdb_incremental_sync.py
[2026-05-22T11:20:53.978+0000] {processor.py:925} INFO - DAG(s) 'tmdb_incremental_sync' retrieved from /opt/airflow/dags/tmdb_incremental_sync.py
[2026-05-22T11:20:54.086+0000] {logging_mixin.py:190} INFO - [2026-05-22T11:20:54.086+0000] {dag.py:3211} INFO - Sync 1 DAGs
[2026-05-22T11:20:54.174+0000] {logging_mixin.py:190} INFO - [2026-05-22T11:20:54.174+0000] {dag.py:4138} INFO - Setting next_dagrun for tmdb_incremental_sync to 2026-05-22 00:00:00+00:00, run_after=2026-05-23 00:00:00+00:00
[2026-05-22T11:20:54.203+0000] {processor.py:208} INFO - Processing /opt/airflow/dags/tmdb_incremental_sync.py took 0.278 seconds
[2026-05-22T11:21:24.627+0000] {processor.py:186} INFO - Started process (PID=7201) to work on /opt/airflow/dags/tmdb_incremental_sync.py
[2026-05-22T11:21:24.629+0000] {processor.py:914} INFO - Processing file /opt/airflow/dags/tmdb_incremental_sync.py for tasks to queue
[2026-05-22T11:21:24.632+0000] {logging_mixin.py:190} INFO - [2026-05-22T11:21:24.631+0000] {dagbag.py:587} INFO - Filling up the DagBag from /opt/airflow/dags/tmdb_incremental_sync.py
[2026-05-22T11:21:24.685+0000] {processor.py:925} INFO - DAG(s) 'tmdb_incremental_sync' retrieved from /opt/airflow/dags/tmdb_incremental_sync.py
[2026-05-22T11:21:24.801+0000] {logging_mixin.py:190} INFO - [2026-05-22T11:21:24.801+0000] {dag.py:3211} INFO - Sync 1 DAGs
[2026-05-22T11:21:24.874+0000] {logging_mixin.py:190} INFO - [2026-05-22T11:21:24.873+0000] {dag.py:4138} INFO - Setting next_dagrun for tmdb_incremental_sync to 2026-05-22 00:00:00+00:00, run_after=2026-05-23 00:00:00+00:00
[2026-05-22T11:21:24.914+0000] {processor.py:208} INFO - Processing /opt/airflow/dags/tmdb_incremental_sync.py took 0.296 seconds
[2026-05-22T11:21:55.234+0000] {processor.py:186} INFO - Started process (PID=7211) to work on /opt/airflow/dags/tmdb_incremental_sync.py
[2026-05-22T11:21:55.236+0000] {processor.py:914} INFO - Processing file /opt/airflow/dags/tmdb_incremental_sync.py for tasks to queue
[2026-05-22T11:21:55.238+0000] {logging_mixin.py:190} INFO - [2026-05-22T11:21:55.238+0000] {dagbag.py:587} INFO - Filling up the DagBag from /opt/airflow/dags/tmdb_incremental_sync.py
[2026-05-22T11:21:55.281+0000] {processor.py:925} INFO - DAG(s) 'tmdb_incremental_sync' retrieved from /opt/airflow/dags/tmdb_incremental_sync.py
[2026-05-22T11:21:55.327+0000] {logging_mixin.py:190} INFO - [2026-05-22T11:21:55.327+0000] {dag.py:3211} INFO - Sync 1 DAGs
[2026-05-22T11:21:55.373+0000] {logging_mixin.py:190} INFO - [2026-05-22T11:21:55.373+0000] {dag.py:4138} INFO - Setting next_dagrun for tmdb_incremental_sync to 2026-05-22 00:00:00+00:00, run_after=2026-05-23 00:00:00+00:00
[2026-05-22T11:21:55.408+0000] {processor.py:208} INFO - Processing /opt/airflow/dags/tmdb_incremental_sync.py took 0.193 seconds
[2026-05-22T11:22:25.815+0000] {processor.py:186} INFO - Started process (PID=7221) to work on /opt/airflow/dags/tmdb_incremental_sync.py
[2026-05-22T11:22:25.818+0000] {processor.py:914} INFO - Processing file /opt/airflow/dags/tmdb_incremental_sync.py for tasks to queue
[2026-05-22T11:22:25.820+0000] {logging_mixin.py:190} INFO - [2026-05-22T11:22:25.819+0000] {dagbag.py:587} INFO - Filling up the DagBag from /opt/airflow/dags/tmdb_incremental_sync.py
[2026-05-22T11:22:25.850+0000] {processor.py:925} INFO - DAG(s) 'tmdb_incremental_sync' retrieved from /opt/airflow/dags/tmdb_incremental_sync.py
[2026-05-22T11:22:25.896+0000] {logging_mixin.py:190} INFO - [2026-05-22T11:22:25.896+0000] {dag.py:3211} INFO - Sync 1 DAGs
[2026-05-22T11:22:25.944+0000] {logging_mixin.py:190} INFO - [2026-05-22T11:22:25.944+0000] {dag.py:4138} INFO - Setting next_dagrun for tmdb_incremental_sync to 2026-05-22 00:00:00+00:00, run_after=2026-05-23 00:00:00+00:00
[2026-05-22T11:22:25.972+0000] {processor.py:208} INFO - Processing /opt/airflow/dags/tmdb_incremental_sync.py took 0.169 seconds
[2026-05-22T11:22:56.283+0000] {processor.py:186} INFO - Started process (PID=7231) to work on /opt/airflow/dags/tmdb_incremental_sync.py
[2026-05-22T11:22:56.287+0000] {processor.py:914} INFO - Processing file /opt/airflow/dags/tmdb_incremental_sync.py for tasks to queue
[2026-05-22T11:22:56.295+0000] {logging_mixin.py:190} INFO - [2026-05-22T11:22:56.293+0000] {dagbag.py:587} INFO - Filling up the DagBag from /opt/airflow/dags/tmdb_incremental_sync.py
[2026-05-22T11:22:56.376+0000] {processor.py:925} INFO - DAG(s) 'tmdb_incremental_sync' retrieved from /opt/airflow/dags/tmdb_incremental_sync.py
[2026-05-22T11:22:56.501+0000] {logging_mixin.py:190} INFO - [2026-05-22T11:22:56.500+0000] {dag.py:3211} INFO - Sync 1 DAGs
[2026-05-22T11:22:56.584+0000] {logging_mixin.py:190} INFO - [2026-05-22T11:22:56.583+0000] {dag.py:4138} INFO - Setting next_dagrun for tmdb_incremental_sync to 2026-05-22 00:00:00+00:00, run_after=2026-05-23 00:00:00+00:00
[2026-05-22T11:22:56.617+0000] {processor.py:208} INFO - Processing /opt/airflow/dags/tmdb_incremental_sync.py took 0.364 seconds
[2026-05-22T11:23:26.878+0000] {processor.py:186} INFO - Started process (PID=7241) to work on /opt/airflow/dags/tmdb_incremental_sync.py
[2026-05-22T11:23:26.880+0000] {processor.py:914} INFO - Processing file /opt/airflow/dags/tmdb_incremental_sync.py for tasks to queue
[2026-05-22T11:23:26.882+0000] {logging_mixin.py:190} INFO - [2026-05-22T11:23:26.881+0000] {dagbag.py:587} INFO - Filling up the DagBag from /opt/airflow/dags/tmdb_incremental_sync.py
[2026-05-22T11:23:26.920+0000] {processor.py:925} INFO - DAG(s) 'tmdb_incremental_sync' retrieved from /opt/airflow/dags/tmdb_incremental_sync.py
[2026-05-22T11:23:27.033+0000] {logging_mixin.py:190} INFO - [2026-05-22T11:23:27.033+0000] {dag.py:3211} INFO - Sync 1 DAGs
[2026-05-22T11:23:27.101+0000] {logging_mixin.py:190} INFO - [2026-05-22T11:23:27.101+0000] {dag.py:4138} INFO - Setting next_dagrun for tmdb_incremental_sync to 2026-05-22 00:00:00+00:00, run_after=2026-05-23 00:00:00+00:00
[2026-05-22T11:23:27.127+0000] {processor.py:208} INFO - Processing /opt/airflow/dags/tmdb_incremental_sync.py took 0.257 seconds
[2026-05-22T11:23:57.515+0000] {processor.py:186} INFO - Started process (PID=7251) to work on /opt/airflow/dags/tmdb_incremental_sync.py
[2026-05-22T11:23:57.521+0000] {processor.py:914} INFO - Processing file /opt/airflow/dags/tmdb_incremental_sync.py for tasks to queue
[2026-05-22T11:23:57.528+0000] {logging_mixin.py:190} INFO - [2026-05-22T11:23:57.527+0000] {dagbag.py:587} INFO - Filling up the DagBag from /opt/airflow/dags/tmdb_incremental_sync.py
[2026-05-22T11:23:57.636+0000] {processor.py:925} INFO - DAG(s) 'tmdb_incremental_sync' retrieved from /opt/airflow/dags/tmdb_incremental_sync.py
[2026-05-22T11:23:57.734+0000] {logging_mixin.py:190} INFO - [2026-05-22T11:23:57.733+0000] {dag.py:3211} INFO - Sync 1 DAGs
[2026-05-22T11:23:57.831+0000] {logging_mixin.py:190} INFO - [2026-05-22T11:23:57.830+0000] {dag.py:4138} INFO - Setting next_dagrun for tmdb_incremental_sync to 2026-05-22 00:00:00+00:00, run_after=2026-05-23 00:00:00+00:00
[2026-05-22T11:23:57.868+0000] {processor.py:208} INFO - Processing /opt/airflow/dags/tmdb_incremental_sync.py took 0.390 seconds
[2026-05-22T11:24:28.334+0000] {processor.py:186} INFO - Started process (PID=7261) to work on /opt/airflow/dags/tmdb_incremental_sync.py
[2026-05-22T11:24:28.336+0000] {processor.py:914} INFO - Processing file /opt/airflow/dags/tmdb_incremental_sync.py for tasks to queue
[2026-05-22T11:24:28.341+0000] {logging_mixin.py:190} INFO - [2026-05-22T11:24:28.341+0000] {dagbag.py:587} INFO - Filling up the DagBag from /opt/airflow/dags/tmdb_incremental_sync.py
[2026-05-22T11:24:28.399+0000] {processor.py:925} INFO - DAG(s) 'tmdb_incremental_sync' retrieved from /opt/airflow/dags/tmdb_incremental_sync.py
[2026-05-22T11:24:28.499+0000] {logging_mixin.py:190} INFO - [2026-05-22T11:24:28.499+0000] {dag.py:3211} INFO - Sync 1 DAGs
[2026-05-22T11:24:28.594+0000] {logging_mixin.py:190} INFO - [2026-05-22T11:24:28.593+0000] {dag.py:4138} INFO - Setting next_dagrun for tmdb_incremental_sync to 2026-05-22 00:00:00+00:00, run_after=2026-05-23 00:00:00+00:00
[2026-05-22T11:24:28.629+0000] {processor.py:208} INFO - Processing /opt/airflow/dags/tmdb_incremental_sync.py took 0.310 seconds
[2026-05-22T11:24:58.972+0000] {processor.py:186} INFO - Started process (PID=7271) to work on /opt/airflow/dags/tmdb_incremental_sync.py
[2026-05-22T11:24:58.974+0000] {processor.py:914} INFO - Processing file /opt/airflow/dags/tmdb_incremental_sync.py for tasks to queue
[2026-05-22T11:24:58.977+0000] {logging_mixin.py:190} INFO - [2026-05-22T11:24:58.976+0000] {dagbag.py:587} INFO - Filling up the DagBag from /opt/airflow/dags/tmdb_incremental_sync.py
[2026-05-22T11:24:59.008+0000] {processor.py:925} INFO - DAG(s) 'tmdb_incremental_sync' retrieved from /opt/airflow/dags/tmdb_incremental_sync.py
[2026-05-22T11:24:59.086+0000] {logging_mixin.py:190} INFO - [2026-05-22T11:24:59.085+0000] {dag.py:3211} INFO - Sync 1 DAGs
[2026-05-22T11:24:59.154+0000] {logging_mixin.py:190} INFO - [2026-05-22T11:24:59.153+0000] {dag.py:4138} INFO - Setting next_dagrun for tmdb_incremental_sync to 2026-05-22 00:00:00+00:00, run_after=2026-05-23 00:00:00+00:00
[2026-05-22T11:24:59.182+0000] {processor.py:208} INFO - Processing /opt/airflow/dags/tmdb_incremental_sync.py took 0.225 seconds
[2026-05-22T11:25:29.515+0000] {processor.py:186} INFO - Started process (PID=7281) to work on /opt/airflow/dags/tmdb_incremental_sync.py
[2026-05-22T11:25:29.517+0000] {processor.py:914} INFO - Processing file /opt/airflow/dags/tmdb_incremental_sync.py for tasks to queue
[2026-05-22T11:25:29.520+0000] {logging_mixin.py:190} INFO - [2026-05-22T11:25:29.519+0000] {dagbag.py:587} INFO - Filling up the DagBag from /opt/airflow/dags/tmdb_incremental_sync.py
[2026-05-22T11:25:29.564+0000] {processor.py:925} INFO - DAG(s) 'tmdb_incremental_sync' retrieved from /opt/airflow/dags/tmdb_incremental_sync.py
[2026-05-22T11:25:29.618+0000] {logging_mixin.py:190} INFO - [2026-05-22T11:25:29.617+0000] {dag.py:3211} INFO - Sync 1 DAGs
[2026-05-22T11:25:29.676+0000] {logging_mixin.py:190} INFO - [2026-05-22T11:25:29.676+0000] {dag.py:4138} INFO - Setting next_dagrun for tmdb_incremental_sync to 2026-05-22 00:00:00+00:00, run_after=2026-05-23 00:00:00+00:00
[2026-05-22T11:25:29.709+0000] {processor.py:208} INFO - Processing /opt/airflow/dags/tmdb_incremental_sync.py took 0.209 seconds
[2026-05-22T11:25:59.992+0000] {processor.py:186} INFO - Started process (PID=7291) to work on /opt/airflow/dags/tmdb_incremental_sync.py
[2026-05-22T11:25:59.994+0000] {processor.py:914} INFO - Processing file /opt/airflow/dags/tmdb_incremental_sync.py for tasks to queue
[2026-05-22T11:25:59.996+0000] {logging_mixin.py:190} INFO - [2026-05-22T11:25:59.996+0000] {dagbag.py:587} INFO - Filling up the DagBag from /opt/airflow/dags/tmdb_incremental_sync.py
[2026-05-22T11:26:00.032+0000] {processor.py:925} INFO - DAG(s) 'tmdb_incremental_sync' retrieved from /opt/airflow/dags/tmdb_incremental_sync.py
[2026-05-22T11:26:00.122+0000] {logging_mixin.py:190} INFO - [2026-05-22T11:26:00.122+0000] {dag.py:3211} INFO - Sync 1 DAGs
[2026-05-22T11:26:00.195+0000] {logging_mixin.py:190} INFO - [2026-05-22T11:26:00.194+0000] {dag.py:4138} INFO - Setting next_dagrun for tmdb_incremental_sync to 2026-05-22 00:00:00+00:00, run_after=2026-05-23 00:00:00+00:00
[2026-05-22T11:26:00.236+0000] {processor.py:208} INFO - Processing /opt/airflow/dags/tmdb_incremental_sync.py took 0.252 seconds
[2026-05-22T11:26:30.595+0000] {processor.py:186} INFO - Started process (PID=7301) to work on /opt/airflow/dags/tmdb_incremental_sync.py
[2026-05-22T11:26:30.597+0000] {processor.py:914} INFO - Processing file /opt/airflow/dags/tmdb_incremental_sync.py for tasks to queue
[2026-05-22T11:26:30.599+0000] {logging_mixin.py:190} INFO - [2026-05-22T11:26:30.598+0000] {dagbag.py:587} INFO - Filling up the DagBag from /opt/airflow/dags/tmdb_incremental_sync.py
[2026-05-22T11:26:30.642+0000] {processor.py:925} INFO - DAG(s) 'tmdb_incremental_sync' retrieved from /opt/airflow/dags/tmdb_incremental_sync.py
[2026-05-22T11:26:30.731+0000] {logging_mixin.py:190} INFO - [2026-05-22T11:26:30.730+0000] {dag.py:3211} INFO - Sync 1 DAGs
[2026-05-22T11:26:30.789+0000] {logging_mixin.py:190} INFO - [2026-05-22T11:26:30.789+0000] {dag.py:4138} INFO - Setting next_dagrun for tmdb_incremental_sync to 2026-05-22 00:00:00+00:00, run_after=2026-05-23 00:00:00+00:00
[2026-05-22T11:26:30.817+0000] {processor.py:208} INFO - Processing /opt/airflow/dags/tmdb_incremental_sync.py took 0.230 seconds
[2026-05-22T11:27:01.106+0000] {processor.py:186} INFO - Started process (PID=7311) to work on /opt/airflow/dags/tmdb_incremental_sync.py
[2026-05-22T11:27:01.109+0000] {processor.py:914} INFO - Processing file /opt/airflow/dags/tmdb_incremental_sync.py for tasks to queue
[2026-05-22T11:27:01.112+0000] {logging_mixin.py:190} INFO - [2026-05-22T11:27:01.111+0000] {dagbag.py:587} INFO - Filling up the DagBag from /opt/airflow/dags/tmdb_incremental_sync.py
[2026-05-22T11:27:01.152+0000] {processor.py:925} INFO - DAG(s) 'tmdb_incremental_sync' retrieved from /opt/airflow/dags/tmdb_incremental_sync.py
[2026-05-22T11:27:01.211+0000] {logging_mixin.py:190} INFO - [2026-05-22T11:27:01.211+0000] {dag.py:3211} INFO - Sync 1 DAGs
[2026-05-22T11:27:01.258+0000] {logging_mixin.py:190} INFO - [2026-05-22T11:27:01.258+0000] {dag.py:4138} INFO - Setting next_dagrun for tmdb_incremental_sync to 2026-05-22 00:00:00+00:00, run_after=2026-05-23 00:00:00+00:00
[2026-05-22T11:27:01.284+0000] {processor.py:208} INFO - Processing /opt/airflow/dags/tmdb_incremental_sync.py took 0.186 seconds
[2026-05-22T11:27:31.571+0000] {processor.py:186} INFO - Started process (PID=7321) to work on /opt/airflow/dags/tmdb_incremental_sync.py
[2026-05-22T11:27:31.572+0000] {processor.py:914} INFO - Processing file /opt/airflow/dags/tmdb_incremental_sync.py for tasks to queue
[2026-05-22T11:27:31.574+0000] {logging_mixin.py:190} INFO - [2026-05-22T11:27:31.574+0000] {dagbag.py:587} INFO - Filling up the DagBag from /opt/airflow/dags/tmdb_incremental_sync.py
[2026-05-22T11:27:31.607+0000] {processor.py:925} INFO - DAG(s) 'tmdb_incremental_sync' retrieved from /opt/airflow/dags/tmdb_incremental_sync.py
[2026-05-22T11:27:31.652+0000] {logging_mixin.py:190} INFO - [2026-05-22T11:27:31.651+0000] {dag.py:3211} INFO - Sync 1 DAGs
[2026-05-22T11:27:31.697+0000] {logging_mixin.py:190} INFO - [2026-05-22T11:27:31.697+0000] {dag.py:4138} INFO - Setting next_dagrun for tmdb_incremental_sync to 2026-05-22 00:00:00+00:00, run_after=2026-05-23 00:00:00+00:00
[2026-05-22T11:27:31.723+0000] {processor.py:208} INFO - Processing /opt/airflow/dags/tmdb_incremental_sync.py took 0.160 seconds
[2026-05-22T11:28:02.018+0000] {processor.py:186} INFO - Started process (PID=7331) to work on /opt/airflow/dags/tmdb_incremental_sync.py
[2026-05-22T11:28:02.020+0000] {processor.py:914} INFO - Processing file /opt/airflow/dags/tmdb_incremental_sync.py for tasks to queue
[2026-05-22T11:28:02.023+0000] {logging_mixin.py:190} INFO - [2026-05-22T11:28:02.022+0000] {dagbag.py:587} INFO - Filling up the DagBag from /opt/airflow/dags/tmdb_incremental_sync.py
[2026-05-22T11:28:02.056+0000] {processor.py:925} INFO - DAG(s) 'tmdb_incremental_sync' retrieved from /opt/airflow/dags/tmdb_incremental_sync.py
[2026-05-22T11:28:02.099+0000] {logging_mixin.py:190} INFO - [2026-05-22T11:28:02.099+0000] {dag.py:3211} INFO - Sync 1 DAGs
[2026-05-22T11:28:02.138+0000] {logging_mixin.py:190} INFO - [2026-05-22T11:28:02.138+0000] {dag.py:4138} INFO - Setting next_dagrun for tmdb_incremental_sync to 2026-05-22 00:00:00+00:00, run_after=2026-05-23 00:00:00+00:00
[2026-05-22T11:28:02.166+0000] {processor.py:208} INFO - Processing /opt/airflow/dags/tmdb_incremental_sync.py took 0.156 seconds
[2026-05-22T11:28:32.529+0000] {processor.py:186} INFO - Started process (PID=7341) to work on /opt/airflow/dags/tmdb_incremental_sync.py
[2026-05-22T11:28:32.530+0000] {processor.py:914} INFO - Processing file /opt/airflow/dags/tmdb_incremental_sync.py for tasks to queue
[2026-05-22T11:28:32.534+0000] {logging_mixin.py:190} INFO - [2026-05-22T11:28:32.533+0000] {dagbag.py:587} INFO - Filling up the DagBag from /opt/airflow/dags/tmdb_incremental_sync.py
[2026-05-22T11:28:32.571+0000] {processor.py:925} INFO - DAG(s) 'tmdb_incremental_sync' retrieved from /opt/airflow/dags/tmdb_incremental_sync.py
[2026-05-22T11:28:32.616+0000] {logging_mixin.py:190} INFO - [2026-05-22T11:28:32.616+0000] {dag.py:3211} INFO - Sync 1 DAGs
[2026-05-22T11:28:32.661+0000] {logging_mixin.py:190} INFO - [2026-05-22T11:28:32.661+0000] {dag.py:4138} INFO - Setting next_dagrun for tmdb_incremental_sync to 2026-05-22 00:00:00+00:00, run_after=2026-05-23 00:00:00+00:00
[2026-05-22T11:28:32.689+0000] {processor.py:208} INFO - Processing /opt/airflow/dags/tmdb_incremental_sync.py took 0.167 seconds
[2026-05-22T11:29:02.995+0000] {processor.py:186} INFO - Started process (PID=7351) to work on /opt/airflow/dags/tmdb_incremental_sync.py
[2026-05-22T11:29:02.997+0000] {processor.py:914} INFO - Processing file /opt/airflow/dags/tmdb_incremental_sync.py for tasks to queue
[2026-05-22T11:29:02.999+0000] {logging_mixin.py:190} INFO - [2026-05-22T11:29:02.998+0000] {dagbag.py:587} INFO - Filling up the DagBag from /opt/airflow/dags/tmdb_incremental_sync.py
[2026-05-22T11:29:03.030+0000] {processor.py:925} INFO - DAG(s) 'tmdb_incremental_sync' retrieved from /opt/airflow/dags/tmdb_incremental_sync.py
[2026-05-22T11:29:03.073+0000] {logging_mixin.py:190} INFO - [2026-05-22T11:29:03.072+0000] {dag.py:3211} INFO - Sync 1 DAGs
[2026-05-22T11:29:03.114+0000] {logging_mixin.py:190} INFO - [2026-05-22T11:29:03.113+0000] {dag.py:4138} INFO - Setting next_dagrun for tmdb_incremental_sync to 2026-05-22 00:00:00+00:00, run_after=2026-05-23 00:00:00+00:00
[2026-05-22T11:29:03.141+0000] {processor.py:208} INFO - Processing /opt/airflow/dags/tmdb_incremental_sync.py took 0.156 seconds
[2026-05-22T11:29:33.443+0000] {processor.py:186} INFO - Started process (PID=7361) to work on /opt/airflow/dags/tmdb_incremental_sync.py
[2026-05-22T11:29:33.445+0000] {processor.py:914} INFO - Processing file /opt/airflow/dags/tmdb_incremental_sync.py for tasks to queue
[2026-05-22T11:29:33.446+0000] {logging_mixin.py:190} INFO - [2026-05-22T11:29:33.446+0000] {dagbag.py:587} INFO - Filling up the DagBag from /opt/airflow/dags/tmdb_incremental_sync.py
[2026-05-22T11:29:33.478+0000] {processor.py:925} INFO - DAG(s) 'tmdb_incremental_sync' retrieved from /opt/airflow/dags/tmdb_incremental_sync.py
[2026-05-22T11:29:33.521+0000] {logging_mixin.py:190} INFO - [2026-05-22T11:29:33.521+0000] {dag.py:3211} INFO - Sync 1 DAGs
[2026-05-22T11:29:33.562+0000] {logging_mixin.py:190} INFO - [2026-05-22T11:29:33.562+0000] {dag.py:4138} INFO - Setting next_dagrun for tmdb_incremental_sync to 2026-05-22 00:00:00+00:00, run_after=2026-05-23 00:00:00+00:00
[2026-05-22T11:29:33.588+0000] {processor.py:208} INFO - Processing /opt/airflow/dags/tmdb_incremental_sync.py took 0.153 seconds
[2026-05-22T11:30:03.918+0000] {processor.py:186} INFO - Started process (PID=7371) to work on /opt/airflow/dags/tmdb_incremental_sync.py
[2026-05-22T11:30:03.919+0000] {processor.py:914} INFO - Processing file /opt/airflow/dags/tmdb_incremental_sync.py for tasks to queue
[2026-05-22T11:30:03.921+0000] {logging_mixin.py:190} INFO - [2026-05-22T11:30:03.921+0000] {dagbag.py:587} INFO - Filling up the DagBag from /opt/airflow/dags/tmdb_incremental_sync.py
[2026-05-22T11:30:03.956+0000] {processor.py:925} INFO - DAG(s) 'tmdb_incremental_sync' retrieved from /opt/airflow/dags/tmdb_incremental_sync.py
[2026-05-22T11:30:04.004+0000] {logging_mixin.py:190} INFO - [2026-05-22T11:30:04.003+0000] {dag.py:3211} INFO - Sync 1 DAGs
[2026-05-22T11:30:04.046+0000] {logging_mixin.py:190} INFO - [2026-05-22T11:30:04.046+0000] {dag.py:4138} INFO - Setting next_dagrun for tmdb_incremental_sync to 2026-05-22 00:00:00+00:00, run_after=2026-05-23 00:00:00+00:00
[2026-05-22T11:30:04.073+0000] {processor.py:208} INFO - Processing /opt/airflow/dags/tmdb_incremental_sync.py took 0.164 seconds
[2026-05-22T11:30:34.557+0000] {processor.py:186} INFO - Started process (PID=7381) to work on /opt/airflow/dags/tmdb_incremental_sync.py
[2026-05-22T11:30:34.558+0000] {processor.py:914} INFO - Processing file /opt/airflow/dags/tmdb_incremental_sync.py for tasks to queue
[2026-05-22T11:30:34.560+0000] {logging_mixin.py:190} INFO - [2026-05-22T11:30:34.560+0000] {dagbag.py:587} INFO - Filling up the DagBag from /opt/airflow/dags/tmdb_incremental_sync.py
[2026-05-22T11:30:34.591+0000] {processor.py:925} INFO - DAG(s) 'tmdb_incremental_sync' retrieved from /opt/airflow/dags/tmdb_incremental_sync.py
[2026-05-22T11:30:34.633+0000] {logging_mixin.py:190} INFO - [2026-05-22T11:30:34.633+0000] {dag.py:3211} INFO - Sync 1 DAGs
[2026-05-22T11:30:34.672+0000] {logging_mixin.py:190} INFO - [2026-05-22T11:30:34.672+0000] {dag.py:4138} INFO - Setting next_dagrun for tmdb_incremental_sync to 2026-05-22 00:00:00+00:00, run_after=2026-05-23 00:00:00+00:00
[2026-05-22T11:30:34.697+0000] {processor.py:208} INFO - Processing /opt/airflow/dags/tmdb_incremental_sync.py took 0.149 seconds
[2026-05-22T11:31:05.008+0000] {processor.py:186} INFO - Started process (PID=7391) to work on /opt/airflow/dags/tmdb_incremental_sync.py
[2026-05-22T11:31:05.010+0000] {processor.py:914} INFO - Processing file /opt/airflow/dags/tmdb_incremental_sync.py for tasks to queue
[2026-05-22T11:31:05.013+0000] {logging_mixin.py:190} INFO - [2026-05-22T11:31:05.012+0000] {dagbag.py:587} INFO - Filling up the DagBag from /opt/airflow/dags/tmdb_incremental_sync.py
[2026-05-22T11:31:05.049+0000] {processor.py:925} INFO - DAG(s) 'tmdb_incremental_sync' retrieved from /opt/airflow/dags/tmdb_incremental_sync.py
[2026-05-22T11:31:05.098+0000] {logging_mixin.py:190} INFO - [2026-05-22T11:31:05.097+0000] {dag.py:3211} INFO - Sync 1 DAGs
[2026-05-22T11:31:05.141+0000] {logging_mixin.py:190} INFO - [2026-05-22T11:31:05.140+0000] {dag.py:4138} INFO - Setting next_dagrun for tmdb_incremental_sync to 2026-05-22 00:00:00+00:00, run_after=2026-05-23 00:00:00+00:00
[2026-05-22T11:31:05.168+0000] {processor.py:208} INFO - Processing /opt/airflow/dags/tmdb_incremental_sync.py took 0.172 seconds
[2026-05-22T11:31:35.470+0000] {processor.py:186} INFO - Started process (PID=7401) to work on /opt/airflow/dags/tmdb_incremental_sync.py
[2026-05-22T11:31:35.472+0000] {processor.py:914} INFO - Processing file /opt/airflow/dags/tmdb_incremental_sync.py for tasks to queue
[2026-05-22T11:31:35.475+0000] {logging_mixin.py:190} INFO - [2026-05-22T11:31:35.474+0000] {dagbag.py:587} INFO - Filling up the DagBag from /opt/airflow/dags/tmdb_incremental_sync.py
[2026-05-22T11:31:35.509+0000] {processor.py:925} INFO - DAG(s) 'tmdb_incremental_sync' retrieved from /opt/airflow/dags/tmdb_incremental_sync.py
[2026-05-22T11:31:35.553+0000] {logging_mixin.py:190} INFO - [2026-05-22T11:31:35.553+0000] {dag.py:3211} INFO - Sync 1 DAGs
[2026-05-22T11:31:35.591+0000] {logging_mixin.py:190} INFO - [2026-05-22T11:31:35.591+0000] {dag.py:4138} INFO - Setting next_dagrun for tmdb_incremental_sync to 2026-05-22 00:00:00+00:00, run_after=2026-05-23 00:00:00+00:00
[2026-05-22T11:31:35.618+0000] {processor.py:208} INFO - Processing /opt/airflow/dags/tmdb_incremental_sync.py took 0.156 seconds
[2026-05-22T11:32:05.903+0000] {processor.py:186} INFO - Started process (PID=7411) to work on /opt/airflow/dags/tmdb_incremental_sync.py
[2026-05-22T11:32:05.904+0000] {processor.py:914} INFO - Processing file /opt/airflow/dags/tmdb_incremental_sync.py for tasks to queue
[2026-05-22T11:32:05.906+0000] {logging_mixin.py:190} INFO - [2026-05-22T11:32:05.906+0000] {dagbag.py:587} INFO - Filling up the DagBag from /opt/airflow/dags/tmdb_incremental_sync.py
[2026-05-22T11:32:05.939+0000] {processor.py:925} INFO - DAG(s) 'tmdb_incremental_sync' retrieved from /opt/airflow/dags/tmdb_incremental_sync.py
[2026-05-22T11:32:05.985+0000] {logging_mixin.py:190} INFO - [2026-05-22T11:32:05.985+0000] {dag.py:3211} INFO - Sync 1 DAGs
[2026-05-22T11:32:06.024+0000] {logging_mixin.py:190} INFO - [2026-05-22T11:32:06.023+0000] {dag.py:4138} INFO - Setting next_dagrun for tmdb_incremental_sync to 2026-05-22 00:00:00+00:00, run_after=2026-05-23 00:00:00+00:00
[2026-05-22T11:32:06.052+0000] {processor.py:208} INFO - Processing /opt/airflow/dags/tmdb_incremental_sync.py took 0.159 seconds
[2026-05-22T11:32:36.347+0000] {processor.py:186} INFO - Started process (PID=7421) to work on /opt/airflow/dags/tmdb_incremental_sync.py
[2026-05-22T11:32:36.349+0000] {processor.py:914} INFO - Processing file /opt/airflow/dags/tmdb_incremental_sync.py for tasks to queue
[2026-05-22T11:32:36.352+0000] {logging_mixin.py:190} INFO - [2026-05-22T11:32:36.351+0000] {dagbag.py:587} INFO - Filling up the DagBag from /opt/airflow/dags/tmdb_incremental_sync.py
[2026-05-22T11:32:36.383+0000] {processor.py:925} INFO - DAG(s) 'tmdb_incremental_sync' retrieved from /opt/airflow/dags/tmdb_incremental_sync.py
[2026-05-22T11:32:36.428+0000] {logging_mixin.py:190} INFO - [2026-05-22T11:32:36.428+0000] {dag.py:3211} INFO - Sync 1 DAGs
[2026-05-22T11:32:36.466+0000] {logging_mixin.py:190} INFO - [2026-05-22T11:32:36.465+0000] {dag.py:4138} INFO - Setting next_dagrun for tmdb_incremental_sync to 2026-05-22 00:00:00+00:00, run_after=2026-05-23 00:00:00+00:00
[2026-05-22T11:32:36.493+0000] {processor.py:208} INFO - Processing /opt/airflow/dags/tmdb_incremental_sync.py took 0.155 seconds
[2026-05-22T11:33:06.920+0000] {processor.py:186} INFO - Started process (PID=7431) to work on /opt/airflow/dags/tmdb_incremental_sync.py
[2026-05-22T11:33:06.921+0000] {processor.py:914} INFO - Processing file /opt/airflow/dags/tmdb_incremental_sync.py for tasks to queue
[2026-05-22T11:33:06.924+0000] {logging_mixin.py:190} INFO - [2026-05-22T11:33:06.923+0000] {dagbag.py:587} INFO - Filling up the DagBag from /opt/airflow/dags/tmdb_incremental_sync.py
[2026-05-22T11:33:06.954+0000] {processor.py:925} INFO - DAG(s) 'tmdb_incremental_sync' retrieved from /opt/airflow/dags/tmdb_incremental_sync.py
[2026-05-22T11:33:06.998+0000] {logging_mixin.py:190} INFO - [2026-05-22T11:33:06.997+0000] {dag.py:3211} INFO - Sync 1 DAGs
[2026-05-22T11:33:07.036+0000] {logging_mixin.py:190} INFO - [2026-05-22T11:33:07.036+0000] {dag.py:4138} INFO - Setting next_dagrun for tmdb_incremental_sync to 2026-05-22 00:00:00+00:00, run_after=2026-05-23 00:00:00+00:00
[2026-05-22T11:33:07.064+0000] {processor.py:208} INFO - Processing /opt/airflow/dags/tmdb_incremental_sync.py took 0.153 seconds
[2026-05-22T11:33:37.542+0000] {processor.py:186} INFO - Started process (PID=7441) to work on /opt/airflow/dags/tmdb_incremental_sync.py
[2026-05-22T11:33:37.554+0000] {processor.py:914} INFO - Processing file /opt/airflow/dags/tmdb_incremental_sync.py for tasks to queue
[2026-05-22T11:33:37.557+0000] {logging_mixin.py:190} INFO - [2026-05-22T11:33:37.557+0000] {dagbag.py:587} INFO - Filling up the DagBag from /opt/airflow/dags/tmdb_incremental_sync.py
[2026-05-22T11:33:37.663+0000] {processor.py:925} INFO - DAG(s) 'tmdb_incremental_sync' retrieved from /opt/airflow/dags/tmdb_incremental_sync.py
[2026-05-22T11:33:37.713+0000] {logging_mixin.py:190} INFO - [2026-05-22T11:33:37.712+0000] {dag.py:3211} INFO - Sync 1 DAGs
[2026-05-22T11:33:37.750+0000] {logging_mixin.py:190} INFO - [2026-05-22T11:33:37.750+0000] {dag.py:4138} INFO - Setting next_dagrun for tmdb_incremental_sync to 2026-05-22 00:00:00+00:00, run_after=2026-05-23 00:00:00+00:00
[2026-05-22T11:33:37.780+0000] {processor.py:208} INFO - Processing /opt/airflow/dags/tmdb_incremental_sync.py took 0.255 seconds
[2026-05-22T11:34:08.230+0000] {processor.py:186} INFO - Started process (PID=7451) to work on /opt/airflow/dags/tmdb_incremental_sync.py
[2026-05-22T11:34:08.233+0000] {processor.py:914} INFO - Processing file /opt/airflow/dags/tmdb_incremental_sync.py for tasks to queue
[2026-05-22T11:34:08.237+0000] {logging_mixin.py:190} INFO - [2026-05-22T11:34:08.237+0000] {dagbag.py:587} INFO - Filling up the DagBag from /opt/airflow/dags/tmdb_incremental_sync.py
[2026-05-22T11:34:08.297+0000] {processor.py:925} INFO - DAG(s) 'tmdb_incremental_sync' retrieved from /opt/airflow/dags/tmdb_incremental_sync.py
[2026-05-22T11:34:08.372+0000] {logging_mixin.py:190} INFO - [2026-05-22T11:34:08.371+0000] {dag.py:3211} INFO - Sync 1 DAGs
[2026-05-22T11:34:08.441+0000] {logging_mixin.py:190} INFO - [2026-05-22T11:34:08.441+0000] {dag.py:4138} INFO - Setting next_dagrun for tmdb_incremental_sync to 2026-05-22 00:00:00+00:00, run_after=2026-05-23 00:00:00+00:00
[2026-05-22T11:34:08.486+0000] {processor.py:208} INFO - Processing /opt/airflow/dags/tmdb_incremental_sync.py took 0.274 seconds
[2026-05-22T11:34:39.324+0000] {processor.py:186} INFO - Started process (PID=7461) to work on /opt/airflow/dags/tmdb_incremental_sync.py
[2026-05-22T11:34:39.328+0000] {processor.py:914} INFO - Processing file /opt/airflow/dags/tmdb_incremental_sync.py for tasks to queue
[2026-05-22T11:34:39.351+0000] {logging_mixin.py:190} INFO - [2026-05-22T11:34:39.348+0000] {dagbag.py:587} INFO - Filling up the DagBag from /opt/airflow/dags/tmdb_incremental_sync.py
[2026-05-22T11:34:39.456+0000] {processor.py:925} INFO - DAG(s) 'tmdb_incremental_sync' retrieved from /opt/airflow/dags/tmdb_incremental_sync.py
[2026-05-22T11:34:39.568+0000] {logging_mixin.py:190} INFO - [2026-05-22T11:34:39.567+0000] {dag.py:3211} INFO - Sync 1 DAGs
[2026-05-22T11:34:39.818+0000] {logging_mixin.py:190} INFO - [2026-05-22T11:34:39.782+0000] {dag.py:4138} INFO - Setting next_dagrun for tmdb_incremental_sync to 2026-05-22 00:00:00+00:00, run_after=2026-05-23 00:00:00+00:00
[2026-05-22T11:34:39.967+0000] {processor.py:208} INFO - Processing /opt/airflow/dags/tmdb_incremental_sync.py took 0.664 seconds
[2026-05-22T11:35:10.794+0000] {processor.py:186} INFO - Started process (PID=7471) to work on /opt/airflow/dags/tmdb_incremental_sync.py
[2026-05-22T11:35:10.797+0000] {processor.py:914} INFO - Processing file /opt/airflow/dags/tmdb_incremental_sync.py for tasks to queue
[2026-05-22T11:35:10.800+0000] {logging_mixin.py:190} INFO - [2026-05-22T11:35:10.799+0000] {dagbag.py:587} INFO - Filling up the DagBag from /opt/airflow/dags/tmdb_incremental_sync.py
[2026-05-22T11:35:10.849+0000] {processor.py:925} INFO - DAG(s) 'tmdb_incremental_sync' retrieved from /opt/airflow/dags/tmdb_incremental_sync.py
[2026-05-22T11:35:10.904+0000] {logging_mixin.py:190} INFO - [2026-05-22T11:35:10.903+0000] {dag.py:3211} INFO - Sync 1 DAGs
[2026-05-22T11:35:10.949+0000] {logging_mixin.py:190} INFO - [2026-05-22T11:35:10.949+0000] {dag.py:4138} INFO - Setting next_dagrun for tmdb_incremental_sync to 2026-05-22 00:00:00+00:00, run_after=2026-05-23 00:00:00+00:00
[2026-05-22T11:35:10.976+0000] {processor.py:208} INFO - Processing /opt/airflow/dags/tmdb_incremental_sync.py took 0.199 seconds
[2026-05-22T11:35:41.331+0000] {processor.py:186} INFO - Started process (PID=7481) to work on /opt/airflow/dags/tmdb_incremental_sync.py
[2026-05-22T11:35:41.332+0000] {processor.py:914} INFO - Processing file /opt/airflow/dags/tmdb_incremental_sync.py for tasks to queue
[2026-05-22T11:35:41.334+0000] {logging_mixin.py:190} INFO - [2026-05-22T11:35:41.334+0000] {dagbag.py:587} INFO - Filling up the DagBag from /opt/airflow/dags/tmdb_incremental_sync.py
[2026-05-22T11:35:41.368+0000] {processor.py:925} INFO - DAG(s) 'tmdb_incremental_sync' retrieved from /opt/airflow/dags/tmdb_incremental_sync.py
[2026-05-22T11:35:41.421+0000] {logging_mixin.py:190} INFO - [2026-05-22T11:35:41.421+0000] {dag.py:3211} INFO - Sync 1 DAGs
[2026-05-22T11:35:41.460+0000] {logging_mixin.py:190} INFO - [2026-05-22T11:35:41.460+0000] {dag.py:4138} INFO - Setting next_dagrun for tmdb_incremental_sync to 2026-05-22 00:00:00+00:00, run_after=2026-05-23 00:00:00+00:00
[2026-05-22T11:35:41.489+0000] {processor.py:208} INFO - Processing /opt/airflow/dags/tmdb_incremental_sync.py took 0.167 seconds
[2026-05-22T11:36:11.787+0000] {processor.py:186} INFO - Started process (PID=7491) to work on /opt/airflow/dags/tmdb_incremental_sync.py
[2026-05-22T11:36:11.789+0000] {processor.py:914} INFO - Processing file /opt/airflow/dags/tmdb_incremental_sync.py for tasks to queue
[2026-05-22T11:36:11.792+0000] {logging_mixin.py:190} INFO - [2026-05-22T11:36:11.791+0000] {dagbag.py:587} INFO - Filling up the DagBag from /opt/airflow/dags/tmdb_incremental_sync.py
[2026-05-22T11:36:11.826+0000] {processor.py:925} INFO - DAG(s) 'tmdb_incremental_sync' retrieved from /opt/airflow/dags/tmdb_incremental_sync.py
[2026-05-22T11:36:11.868+0000] {logging_mixin.py:190} INFO - [2026-05-22T11:36:11.868+0000] {dag.py:3211} INFO - Sync 1 DAGs
[2026-05-22T11:36:11.905+0000] {logging_mixin.py:190} INFO - [2026-05-22T11:36:11.905+0000] {dag.py:4138} INFO - Setting next_dagrun for tmdb_incremental_sync to 2026-05-22 00:00:00+00:00, run_after=2026-05-23 00:00:00+00:00
[2026-05-22T11:36:11.931+0000] {processor.py:208} INFO - Processing /opt/airflow/dags/tmdb_incremental_sync.py took 0.152 seconds
[2026-05-22T11:36:42.343+0000] {processor.py:186} INFO - Started process (PID=7501) to work on /opt/airflow/dags/tmdb_incremental_sync.py
[2026-05-22T11:36:42.344+0000] {processor.py:914} INFO - Processing file /opt/airflow/dags/tmdb_incremental_sync.py for tasks to queue
[2026-05-22T11:36:42.346+0000] {logging_mixin.py:190} INFO - [2026-05-22T11:36:42.346+0000] {dagbag.py:587} INFO - Filling up the DagBag from /opt/airflow/dags/tmdb_incremental_sync.py
[2026-05-22T11:36:42.375+0000] {processor.py:925} INFO - DAG(s) 'tmdb_incremental_sync' retrieved from /opt/airflow/dags/tmdb_incremental_sync.py
[2026-05-22T11:36:42.418+0000] {logging_mixin.py:190} INFO - [2026-05-22T11:36:42.417+0000] {dag.py:3211} INFO - Sync 1 DAGs
[2026-05-22T11:36:42.455+0000] {logging_mixin.py:190} INFO - [2026-05-22T11:36:42.454+0000] {dag.py:4138} INFO - Setting next_dagrun for tmdb_incremental_sync to 2026-05-22 00:00:00+00:00, run_after=2026-05-23 00:00:00+00:00
[2026-05-22T11:36:42.488+0000] {processor.py:208} INFO - Processing /opt/airflow/dags/tmdb_incremental_sync.py took 0.153 seconds
[2026-05-22T11:37:12.789+0000] {processor.py:186} INFO - Started process (PID=7511) to work on /opt/airflow/dags/tmdb_incremental_sync.py
[2026-05-22T11:37:12.791+0000] {processor.py:914} INFO - Processing file /opt/airflow/dags/tmdb_incremental_sync.py for tasks to queue
[2026-05-22T11:37:12.794+0000] {logging_mixin.py:190} INFO - [2026-05-22T11:37:12.793+0000] {dagbag.py:587} INFO - Filling up the DagBag from /opt/airflow/dags/tmdb_incremental_sync.py
[2026-05-22T11:37:12.839+0000] {processor.py:925} INFO - DAG(s) 'tmdb_incremental_sync' retrieved from /opt/airflow/dags/tmdb_incremental_sync.py
[2026-05-22T11:37:12.894+0000] {logging_mixin.py:190} INFO - [2026-05-22T11:37:12.893+0000] {dag.py:3211} INFO - Sync 1 DAGs
[2026-05-22T11:37:12.975+0000] {logging_mixin.py:190} INFO - [2026-05-22T11:37:12.975+0000] {dag.py:4138} INFO - Setting next_dagrun for tmdb_incremental_sync to 2026-05-22 00:00:00+00:00, run_after=2026-05-23 00:00:00+00:00
[2026-05-22T11:37:13.018+0000] {processor.py:208} INFO - Processing /opt/airflow/dags/tmdb_incremental_sync.py took 0.238 seconds
[2026-05-22T11:37:43.374+0000] {processor.py:186} INFO - Started process (PID=7521) to work on /opt/airflow/dags/tmdb_incremental_sync.py
[2026-05-22T11:37:43.377+0000] {processor.py:914} INFO - Processing file /opt/airflow/dags/tmdb_incremental_sync.py for tasks to queue
[2026-05-22T11:37:43.381+0000] {logging_mixin.py:190} INFO - [2026-05-22T11:37:43.380+0000] {dagbag.py:587} INFO - Filling up the DagBag from /opt/airflow/dags/tmdb_incremental_sync.py
[2026-05-22T11:37:43.411+0000] {processor.py:925} INFO - DAG(s) 'tmdb_incremental_sync' retrieved from /opt/airflow/dags/tmdb_incremental_sync.py
[2026-05-22T11:37:43.460+0000] {logging_mixin.py:190} INFO - [2026-05-22T11:37:43.459+0000] {dag.py:3211} INFO - Sync 1 DAGs
[2026-05-22T11:37:43.499+0000] {logging_mixin.py:190} INFO - [2026-05-22T11:37:43.498+0000] {dag.py:4138} INFO - Setting next_dagrun for tmdb_incremental_sync to 2026-05-22 00:00:00+00:00, run_after=2026-05-23 00:00:00+00:00
[2026-05-22T11:37:43.541+0000] {processor.py:208} INFO - Processing /opt/airflow/dags/tmdb_incremental_sync.py took 0.176 seconds
