[2026-08-04T00:00:03.620+0000] {local_task_job_runner.py:123} INFO - ::group::Pre task execution logs
[2026-08-04T00:00:03.842+0000] {taskinstance.py:2603} INFO - Dependencies all met for dep_context=non-requeueable deps ti=<TaskInstance: dbt_pipeline.dbt_run scheduled__2026-08-03T00:00:00+00:00 [queued]>
[2026-08-04T00:00:03.923+0000] {taskinstance.py:2603} INFO - Dependencies all met for dep_context=requeueable deps ti=<TaskInstance: dbt_pipeline.dbt_run scheduled__2026-08-03T00:00:00+00:00 [queued]>
[2026-08-04T00:00:03.927+0000] {taskinstance.py:2856} INFO - Starting attempt 1 of 1
[2026-08-04T00:00:04.059+0000] {taskinstance.py:2879} INFO - Executing <Task(BashOperator): dbt_run> on 2026-08-03 00:00:00+00:00
[2026-08-04T00:00:04.136+0000] {logging_mixin.py:190} WARNING - /home/***/.local/lib/python3.12/site-packages/***/task/task_runner/standard_task_runner.py:70 DeprecationWarning: This process (pid=1943) is multi-threaded, use of fork() may lead to deadlocks in the child.
[2026-08-04T00:00:04.150+0000] {standard_task_runner.py:72} INFO - Started process 1945 to run task
[2026-08-04T00:00:04.132+0000] {standard_task_runner.py:104} INFO - Running: ['***', 'tasks', 'run', 'dbt_pipeline', 'dbt_run', 'scheduled__2026-08-03T00:00:00+00:00', '--job-id', '153', '--raw', '--subdir', 'DAGS_FOLDER/dbt_pipeline.py', '--cfg-path', '/tmp/tmpe8_uu5fs']
[2026-08-04T00:00:04.161+0000] {standard_task_runner.py:105} INFO - Job 153: Subtask dbt_run
[2026-08-04T00:00:04.637+0000] {task_command.py:467} INFO - Running <TaskInstance: dbt_pipeline.dbt_run scheduled__2026-08-03T00:00:00+00:00 [running]> on host bf737cb27ceb
[2026-08-04T00:00:05.346+0000] {taskinstance.py:3122} INFO - Exporting env vars: AIRFLOW_CTX_DAG_OWNER='***' AIRFLOW_CTX_DAG_ID='dbt_pipeline' AIRFLOW_CTX_TASK_ID='dbt_run' AIRFLOW_CTX_EXECUTION_DATE='2026-08-03T00:00:00+00:00' AIRFLOW_CTX_TRY_NUMBER='1' AIRFLOW_CTX_DAG_RUN_ID='scheduled__2026-08-03T00:00:00+00:00'
[2026-08-04T00:00:05.351+0000] {taskinstance.py:731} INFO - ::endgroup::
[2026-08-04T00:00:05.456+0000] {subprocess.py:63} INFO - Tmp dir root location: /tmp
[2026-08-04T00:00:05.464+0000] {subprocess.py:75} INFO - Running command: ['/usr/bin/bash', '-c', '\n        cd /opt/***/tmdwh &&\n        dbt run --profiles-dir /opt/***/tmdwh\n        ']
[2026-08-04T00:00:05.537+0000] {subprocess.py:86} INFO - Output:
[2026-08-04T00:16:47.213+0000] {job.py:229} INFO - Heartbeat recovered after 992.66 seconds
[2026-08-04T00:17:04.726+0000] {subprocess.py:93} INFO - [0m00:17:04  Running with dbt=1.12.0
[2026-08-04T00:17:08.768+0000] {subprocess.py:93} INFO - [0m00:17:08  Registered adapter: postgres=1.11.0
[2026-08-04T00:17:16.564+0000] {subprocess.py:93} INFO - [0m00:17:16  Found 24 models, 31 data tests, 1 source, 592 macros
[2026-08-04T00:17:16.606+0000] {subprocess.py:93} INFO - [0m00:17:16
[2026-08-04T00:17:16.612+0000] {subprocess.py:93} INFO - [0m00:17:16  Concurrency: 4 threads (target='dev')
[2026-08-04T00:17:16.620+0000] {subprocess.py:93} INFO - [0m00:17:16
[2026-08-04T00:17:20.780+0000] {subprocess.py:93} INFO - [0m00:17:20  1 of 24 START sql view model staging.stg_cast .................................. [RUN]
[2026-08-04T00:17:20.794+0000] {subprocess.py:93} INFO - [0m00:17:20  2 of 24 START sql view model staging.stg_crew .................................. [RUN]
[2026-08-04T00:17:20.809+0000] {subprocess.py:93} INFO - [0m00:17:20  3 of 24 START sql view model staging.stg_genres ................................ [RUN]
[2026-08-04T00:17:20.857+0000] {subprocess.py:93} INFO - [0m00:17:20  4 of 24 START sql view model staging.stg_keywords .............................. [RUN]
[2026-08-04T00:17:25.803+0000] {subprocess.py:93} INFO - [0m00:17:25  3 of 24 OK created sql view model staging.stg_genres ........................... [[32mCREATE VIEW[0m in 4.91s]
[2026-08-04T00:17:25.829+0000] {subprocess.py:93} INFO - [0m00:17:25  1 of 24 OK created sql view model staging.stg_cast ............................. [[32mCREATE VIEW[0m in 4.94s]
[2026-08-04T00:17:25.841+0000] {subprocess.py:93} INFO - [0m00:17:25  4 of 24 OK created sql view model staging.stg_keywords ......................... [[32mCREATE VIEW[0m in 4.85s]
[2026-08-04T00:17:25.874+0000] {subprocess.py:93} INFO - [0m00:17:25  2 of 24 OK created sql view model staging.stg_crew ............................. [[32mCREATE VIEW[0m in 4.98s]
[2026-08-04T00:17:26.016+0000] {subprocess.py:93} INFO - [0m00:17:26  5 of 24 START sql view model staging.stg_movies ................................ [RUN]
[2026-08-04T00:17:26.055+0000] {subprocess.py:93} INFO - [0m00:17:26  7 of 24 START sql view model staging.stg_spoken_languages ...................... [RUN]
[2026-08-04T00:17:26.074+0000] {subprocess.py:93} INFO - [0m00:17:26  6 of 24 START sql view model staging.stg_production_companies .................. [RUN]
[2026-08-04T00:17:26.083+0000] {subprocess.py:93} INFO - [0m00:17:26  8 of 24 START sql view model intermediate.int_genres ........................... [RUN]
[2026-08-04T00:17:27.430+0000] {subprocess.py:93} INFO - [0m00:17:27  8 of 24 OK created sql view model intermediate.int_genres ...................... [[32mCREATE VIEW[0m in 1.30s]
[2026-08-04T00:17:27.561+0000] {subprocess.py:93} INFO - [0m00:17:27  6 of 24 OK created sql view model staging.stg_production_companies ............. [[32mCREATE VIEW[0m in 1.42s]
[2026-08-04T00:17:27.572+0000] {subprocess.py:93} INFO - [0m00:17:27  9 of 24 START sql view model intermediate.int_cast ............................. [RUN]
[2026-08-04T00:17:27.582+0000] {subprocess.py:93} INFO - [0m00:17:27  7 of 24 OK created sql view model staging.stg_spoken_languages ................. [[32mCREATE VIEW[0m in 1.45s]
[2026-08-04T00:17:27.609+0000] {subprocess.py:93} INFO - [0m00:17:27  5 of 24 OK created sql view model staging.stg_movies ........................... [[32mCREATE VIEW[0m in 1.49s]
[2026-08-04T00:17:27.694+0000] {subprocess.py:93} INFO - [0m00:17:27  10 of 24 START sql view model intermediate.int_keywords ........................ [RUN]
[2026-08-04T00:17:27.718+0000] {subprocess.py:93} INFO - [0m00:17:27  11 of 24 START sql view model intermediate.int_crew ............................ [RUN]
[2026-08-04T00:17:27.746+0000] {subprocess.py:93} INFO - [0m00:17:27  12 of 24 START sql table model analytics.dim_movie_genres ...................... [RUN]
[2026-08-04T00:17:28.930+0000] {subprocess.py:93} INFO - [0m00:17:28  9 of 24 OK created sql view model intermediate.int_cast ........................ [[32mCREATE VIEW[0m in 1.26s]
[2026-08-04T00:17:29.040+0000] {subprocess.py:93} INFO - [0m00:17:29  13 of 24 START sql view model intermediate.int_production_companies ............ [RUN]
[2026-08-04T00:17:29.058+0000] {subprocess.py:93} INFO - [0m00:17:29  11 of 24 OK created sql view model intermediate.int_crew ....................... [[32mCREATE VIEW[0m in 1.24s]
[2026-08-04T00:17:29.127+0000] {subprocess.py:93} INFO - [0m00:17:29  10 of 24 OK created sql view model intermediate.int_keywords ................... [[32mCREATE VIEW[0m in 1.31s]
[2026-08-04T00:17:29.171+0000] {subprocess.py:93} INFO - [0m00:17:29  14 of 24 START sql view model intermediate.int_production_countries ............ [RUN]
[2026-08-04T00:17:29.217+0000] {subprocess.py:93} INFO - [0m00:17:29  15 of 24 START sql view model intermediate.int_spoken_languages ................ [RUN]
[2026-08-04T00:17:29.942+0000] {subprocess.py:93} INFO - [0m00:17:29  13 of 24 OK created sql view model intermediate.int_production_companies ....... [[32mCREATE VIEW[0m in 0.83s]
[2026-08-04T00:17:30.077+0000] {subprocess.py:93} INFO - [0m00:17:30  16 of 24 START sql table model analytics.dim_movie ............................. [RUN]
[2026-08-04T00:17:30.388+0000] {subprocess.py:93} INFO - [0m00:17:30  14 of 24 OK created sql view model intermediate.int_production_countries ....... [[32mCREATE VIEW[0m in 1.13s]
[2026-08-04T00:17:30.405+0000] {subprocess.py:93} INFO - [0m00:17:30  15 of 24 OK created sql view model intermediate.int_spoken_languages ........... [[32mCREATE VIEW[0m in 1.10s]
[2026-08-04T00:17:30.533+0000] {subprocess.py:93} INFO - [0m00:17:30  17 of 24 START sql table model app.dim_movies_clean ............................ [RUN]
[2026-08-04T00:17:30.548+0000] {subprocess.py:93} INFO - [0m00:17:30  18 of 24 START sql table model analytics.fact_movie ............................ [RUN]
[2026-08-04T00:18:47.200+0000] {subprocess.py:93} INFO - [0m00:18:47  12 of 24 OK created sql table model analytics.dim_movie_genres ................. [[32mSELECT 224584[0m in 79.43s]
[2026-08-04T00:18:47.200+0000] {subprocess.py:93} INFO - [0m00:18:47  19 of 24 START sql table model analytics.dim_movie_cast ........................ [RUN]
[2026-08-04T00:36:00.567+0000] {job.py:229} INFO - Heartbeat recovered after 1012.82 seconds
[2026-08-04T00:56:25.909+0000] {job.py:229} INFO - Heartbeat recovered after 1076.93 seconds
[2026-08-04T00:56:42.881+0000] {subprocess.py:93} INFO - [0m00:56:42  19 of 24 OK created sql table model analytics.dim_movie_cast ................... [[32mSELECT 621776[0m in 2275.67s]
[2026-08-04T00:56:42.910+0000] {subprocess.py:93} INFO - [0m00:56:42  20 of 24 START sql table model analytics.dim_movie_crew ........................ [RUN]
[2026-08-04T00:57:03.308+0000] {subprocess.py:93} INFO - [0m00:57:03  18 of 24 OK created sql table model analytics.fact_movie ....................... [[32mSELECT 112557[0m in 2372.62s]
[2026-08-04T00:57:03.376+0000] {subprocess.py:93} INFO - [0m00:57:03  21 of 24 START sql table model analytics.dim_movie_keywords .................... [RUN]
[2026-08-04T00:57:03.967+0000] {local_task_job_runner.py:341} WARNING - State of this instance has been externally set to failed. Terminating instance.
[2026-08-04T00:57:03.979+0000] {local_task_job_runner.py:240} INFO - ::endgroup::
[2026-08-04T00:57:04.021+0000] {process_utils.py:132} INFO - Sending 15 to group 1945. PIDs of all processes in the group: [1949, 1950, 1970, 1945]
[2026-08-04T00:57:04.029+0000] {process_utils.py:87} INFO - Sending the signal 15 to group 1945
[2026-08-04T00:57:04.036+0000] {taskinstance.py:3083} ERROR - Received SIGTERM. Terminating subprocesses.
[2026-08-04T00:57:04.041+0000] {subprocess.py:104} INFO - Sending SIGTERM signal to process group
[2026-08-04T00:57:04.224+0000] {process_utils.py:80} INFO - Process psutil.Process(pid=1950, status='terminated', started='00:00:05') (1950) terminated with exit code None
[2026-08-04T00:57:04.418+0000] {taskinstance.py:340} INFO - ::group::Post task execution logs
[2026-08-04T00:57:04.663+0000] {process_utils.py:80} INFO - Process psutil.Process(pid=1949, status='terminated', started='00:00:05') (1949) terminated with exit code None
[2026-08-04T00:57:04.670+0000] {process_utils.py:80} INFO - Process psutil.Process(pid=1970, status='terminated', started='00:00:41') (1970) terminated with exit code None
[2026-08-04T00:57:04.682+0000] {process_utils.py:80} INFO - Process psutil.Process(pid=1945, status='terminated', exitcode=0, started='00:00:04') (1945) terminated with exit code 0
