[2026-07-22T18:13:04.626+0000] {local_task_job_runner.py:123} INFO - ::group::Pre task execution logs
[2026-07-22T18:13:04.668+0000] {taskinstance.py:2603} INFO - Dependencies all met for dep_context=non-requeueable deps ti=<TaskInstance: dbt_pipeline.dbt_debug manual__2026-07-22T18:13:03.087131+00:00 [queued]>
[2026-07-22T18:13:04.679+0000] {taskinstance.py:2603} INFO - Dependencies all met for dep_context=requeueable deps ti=<TaskInstance: dbt_pipeline.dbt_debug manual__2026-07-22T18:13:03.087131+00:00 [queued]>
[2026-07-22T18:13:04.680+0000] {taskinstance.py:2856} INFO - Starting attempt 1 of 1
[2026-07-22T18:13:04.703+0000] {taskinstance.py:2879} INFO - Executing <Task(BashOperator): dbt_debug> on 2026-07-22 18:13:03.087131+00:00
[2026-07-22T18:13:04.717+0000] {logging_mixin.py:190} WARNING - /home/***/.local/lib/python3.12/site-packages/***/task/task_runner/standard_task_runner.py:70 DeprecationWarning: This process (pid=522) is multi-threaded, use of fork() may lead to deadlocks in the child.
[2026-07-22T18:13:04.716+0000] {standard_task_runner.py:104} INFO - Running: ['***', 'tasks', 'run', 'dbt_pipeline', 'dbt_debug', 'manual__2026-07-22T18:13:03.087131+00:00', '--job-id', '94', '--raw', '--subdir', 'DAGS_FOLDER/dbt_pipeline.py', '--cfg-path', '/tmp/tmpm8oxo0h9']
[2026-07-22T18:13:04.719+0000] {standard_task_runner.py:72} INFO - Started process 523 to run task
[2026-07-22T18:13:04.720+0000] {standard_task_runner.py:105} INFO - Job 94: Subtask dbt_debug
[2026-07-22T18:13:04.812+0000] {task_command.py:467} INFO - Running <TaskInstance: dbt_pipeline.dbt_debug manual__2026-07-22T18:13:03.087131+00:00 [running]> on host 4abdc54a6e7d
[2026-07-22T18:13:04.956+0000] {taskinstance.py:3122} INFO - Exporting env vars: AIRFLOW_CTX_DAG_OWNER='***' AIRFLOW_CTX_DAG_ID='dbt_pipeline' AIRFLOW_CTX_TASK_ID='dbt_debug' AIRFLOW_CTX_EXECUTION_DATE='2026-07-22T18:13:03.087131+00:00' AIRFLOW_CTX_TRY_NUMBER='1' AIRFLOW_CTX_DAG_RUN_ID='manual__2026-07-22T18:13:03.087131+00:00'
[2026-07-22T18:13:04.958+0000] {taskinstance.py:731} INFO - ::endgroup::
[2026-07-22T18:13:04.998+0000] {subprocess.py:63} INFO - Tmp dir root location: /tmp
[2026-07-22T18:13:05.001+0000] {subprocess.py:75} INFO - Running command: ['/usr/bin/bash', '-c', '\n        cd /opt/***/tmdwh &&\n        dbt debug             --project-dir /opt/***/tmdwh             --profiles-dir /opt/***/tmdwh\n        ']
[2026-07-22T18:13:05.025+0000] {subprocess.py:86} INFO - Output:
[2026-07-22T18:13:10.652+0000] {subprocess.py:93} INFO - [0m18:13:10  Running with dbt=1.12.0
[2026-07-22T18:13:10.682+0000] {subprocess.py:93} INFO - [0m18:13:10  dbt version: 1.12.0
[2026-07-22T18:13:10.683+0000] {subprocess.py:93} INFO - [0m18:13:10  python version: 3.12.5
[2026-07-22T18:13:10.684+0000] {subprocess.py:93} INFO - [0m18:13:10  python path: /home/***/.local/bin/python
[2026-07-22T18:13:10.685+0000] {subprocess.py:93} INFO - [0m18:13:10  os info: Linux-6.4.16-linuxkit-x86_64-with-glibc2.36
[2026-07-22T18:13:10.851+0000] {subprocess.py:93} INFO - [0m18:13:10  Using profiles dir at /opt/***/tmdwh
[2026-07-22T18:13:10.853+0000] {subprocess.py:93} INFO - [0m18:13:10  Using profiles.yml file at /opt/***/tmdwh/profiles.yml
[2026-07-22T18:13:10.855+0000] {subprocess.py:93} INFO - [0m18:13:10  Using dbt_project.yml file at /opt/***/tmdwh/dbt_project.yml
[2026-07-22T18:13:10.857+0000] {subprocess.py:93} INFO - [0m18:13:10  adapter type: postgres
[2026-07-22T18:13:10.859+0000] {subprocess.py:93} INFO - [0m18:13:10  adapter version: 1.11.0
[2026-07-22T18:13:11.182+0000] {subprocess.py:93} INFO - [0m18:13:11  Configuration:
[2026-07-22T18:13:11.184+0000] {subprocess.py:93} INFO - [0m18:13:11    profiles.yml file [[32mOK found and valid[0m]
[2026-07-22T18:13:11.185+0000] {subprocess.py:93} INFO - [0m18:13:11    dbt_project.yml file [[32mOK found and valid[0m]
[2026-07-22T18:13:11.186+0000] {subprocess.py:93} INFO - [0m18:13:11  Required dependencies:
[2026-07-22T18:13:11.189+0000] {subprocess.py:93} INFO - [0m18:13:11   - git [[31mERROR[0m]
[2026-07-22T18:13:11.190+0000] {subprocess.py:93} INFO - 
[2026-07-22T18:13:11.192+0000] {subprocess.py:93} INFO - [0m18:13:11  Connection:
[2026-07-22T18:13:11.193+0000] {subprocess.py:93} INFO - [0m18:13:11    host: localhost
[2026-07-22T18:13:11.194+0000] {subprocess.py:93} INFO - [0m18:13:11    port: 5432
[2026-07-22T18:13:11.194+0000] {subprocess.py:93} INFO - [0m18:13:11    user: postgres
[2026-07-22T18:13:11.195+0000] {subprocess.py:93} INFO - [0m18:13:11    database: MovieVerse_DB
[2026-07-22T18:13:11.195+0000] {subprocess.py:93} INFO - [0m18:13:11    schema: dbt
[2026-07-22T18:13:11.197+0000] {subprocess.py:93} INFO - [0m18:13:11    connect_timeout: 10
[2026-07-22T18:13:11.198+0000] {subprocess.py:93} INFO - [0m18:13:11    role: None
[2026-07-22T18:13:11.199+0000] {subprocess.py:93} INFO - [0m18:13:11    search_path: None
[2026-07-22T18:13:11.200+0000] {subprocess.py:93} INFO - [0m18:13:11    keepalives_idle: 0
[2026-07-22T18:13:11.201+0000] {subprocess.py:93} INFO - [0m18:13:11    sslmode: None
[2026-07-22T18:13:11.202+0000] {subprocess.py:93} INFO - [0m18:13:11    sslcert: None
[2026-07-22T18:13:11.203+0000] {subprocess.py:93} INFO - [0m18:13:11    sslkey: None
[2026-07-22T18:13:11.203+0000] {subprocess.py:93} INFO - [0m18:13:11    sslrootcert: None
[2026-07-22T18:13:11.205+0000] {subprocess.py:93} INFO - [0m18:13:11    application_name: dbt
[2026-07-22T18:13:11.206+0000] {subprocess.py:93} INFO - [0m18:13:11    autocommit: False
[2026-07-22T18:13:11.207+0000] {subprocess.py:93} INFO - [0m18:13:11    retries: 1
[2026-07-22T18:13:11.208+0000] {subprocess.py:93} INFO - [0m18:13:11  Registered adapter: postgres=1.11.0
[2026-07-22T18:13:11.811+0000] {subprocess.py:93} INFO - [0m18:13:11    Connection test: [[31mERROR[0m]
[2026-07-22T18:13:11.812+0000] {subprocess.py:93} INFO - 
[2026-07-22T18:13:11.813+0000] {subprocess.py:93} INFO - [0m18:13:11  [31m2 checks failed:[0m
[2026-07-22T18:13:11.814+0000] {subprocess.py:93} INFO - [0m18:13:11  Error from git --help: User does not have permissions for this command: "git"
[2026-07-22T18:13:11.815+0000] {subprocess.py:93} INFO - 
[2026-07-22T18:13:11.816+0000] {subprocess.py:93} INFO - [0m18:13:11  dbt was unable to connect to the specified database.
[2026-07-22T18:13:11.817+0000] {subprocess.py:93} INFO - The database returned the following error:
[2026-07-22T18:13:11.817+0000] {subprocess.py:93} INFO - 
[2026-07-22T18:13:11.818+0000] {subprocess.py:93} INFO -   >Database Error
[2026-07-22T18:13:11.818+0000] {subprocess.py:93} INFO -   connection to server at "localhost" (127.0.0.1), port 5432 failed: Connection refused
[2026-07-22T18:13:11.819+0000] {subprocess.py:93} INFO -   	Is the server running on that host and accepting TCP/IP connections?
[2026-07-22T18:13:11.820+0000] {subprocess.py:93} INFO -   connection to server at "localhost" (::1), port 5432 failed: Cannot assign requested address
[2026-07-22T18:13:11.821+0000] {subprocess.py:93} INFO -   	Is the server running on that host and accepting TCP/IP connections?
[2026-07-22T18:13:11.821+0000] {subprocess.py:93} INFO - 
[2026-07-22T18:13:11.822+0000] {subprocess.py:93} INFO - 
[2026-07-22T18:13:11.823+0000] {subprocess.py:93} INFO - Check your database credentials and try again. For more information, visit:
[2026-07-22T18:13:11.824+0000] {subprocess.py:93} INFO - https://docs.getdbt.com/docs/configure-your-profile
[2026-07-22T18:13:11.824+0000] {subprocess.py:93} INFO - 
[2026-07-22T18:13:11.825+0000] {subprocess.py:93} INFO - 
[2026-07-22T18:13:12.964+0000] {subprocess.py:97} INFO - Command exited with return code 1
[2026-07-22T18:13:12.996+0000] {taskinstance.py:3301} ERROR - Task failed with exception
Traceback (most recent call last):
  File "/home/airflow/.local/lib/python3.12/site-packages/airflow/models/taskinstance.py", line 767, in _execute_task
    result = _execute_callable(context=context, **execute_callable_kwargs)
             ^^^^^^^^^^^^^^^^^^^^^^^^^^^^^^^^^^^^^^^^^^^^^^^^^^^^^^^^^^^^^
  File "/home/airflow/.local/lib/python3.12/site-packages/airflow/models/taskinstance.py", line 733, in _execute_callable
    return ExecutionCallableRunner(
           ^^^^^^^^^^^^^^^^^^^^^^^^
  File "/home/airflow/.local/lib/python3.12/site-packages/airflow/utils/operator_helpers.py", line 252, in run
    return self.func(*args, **kwargs)
           ^^^^^^^^^^^^^^^^^^^^^^^^^^
  File "/home/airflow/.local/lib/python3.12/site-packages/airflow/models/baseoperator.py", line 406, in wrapper
    return func(self, *args, **kwargs)
           ^^^^^^^^^^^^^^^^^^^^^^^^^^^
  File "/home/airflow/.local/lib/python3.12/site-packages/airflow/operators/bash.py", line 249, in execute
    raise AirflowException(
airflow.exceptions.AirflowException: Bash command failed. The command returned a non-zero exit code 1.
[2026-07-22T18:13:13.009+0000] {taskinstance.py:1225} INFO - Marking task as FAILED. dag_id=dbt_pipeline, task_id=dbt_debug, run_id=manual__2026-07-22T18:13:03.087131+00:00, execution_date=20260722T181303, start_date=20260722T181304, end_date=20260722T181313
[2026-07-22T18:13:13.040+0000] {taskinstance.py:340} INFO - ::group::Post task execution logs
[2026-07-22T18:13:13.042+0000] {standard_task_runner.py:124} ERROR - Failed to execute job 94 for task dbt_debug (Bash command failed. The command returned a non-zero exit code 1.; 523)
Traceback (most recent call last):
  File "/home/airflow/.local/lib/python3.12/site-packages/airflow/task/task_runner/standard_task_runner.py", line 117, in _start_by_fork
    ret = args.func(args, dag=self.dag)
          ^^^^^^^^^^^^^^^^^^^^^^^^^^^^^
  File "/home/airflow/.local/lib/python3.12/site-packages/airflow/cli/cli_config.py", line 49, in command
    return func(*args, **kwargs)
           ^^^^^^^^^^^^^^^^^^^^^
  File "/home/airflow/.local/lib/python3.12/site-packages/airflow/utils/cli.py", line 115, in wrapper
    return f(*args, **kwargs)
           ^^^^^^^^^^^^^^^^^^
  File "/home/airflow/.local/lib/python3.12/site-packages/airflow/cli/commands/task_command.py", line 483, in task_run
    task_return_code = _run_task_by_selected_method(args, _dag, ti)
                       ^^^^^^^^^^^^^^^^^^^^^^^^^^^^^^^^^^^^^^^^^^^^
  File "/home/airflow/.local/lib/python3.12/site-packages/airflow/cli/commands/task_command.py", line 256, in _run_task_by_selected_method
    return _run_raw_task(args, ti)
           ^^^^^^^^^^^^^^^^^^^^^^^
  File "/home/airflow/.local/lib/python3.12/site-packages/airflow/cli/commands/task_command.py", line 341, in _run_raw_task
    return ti._run_raw_task(
           ^^^^^^^^^^^^^^^^^
  File "/home/airflow/.local/lib/python3.12/site-packages/airflow/utils/session.py", line 97, in wrapper
    return func(*args, session=session, **kwargs)
           ^^^^^^^^^^^^^^^^^^^^^^^^^^^^^^^^^^^^^^
  File "/home/airflow/.local/lib/python3.12/site-packages/airflow/models/taskinstance.py", line 2995, in _run_raw_task
    return _run_raw_task(
           ^^^^^^^^^^^^^^
  File "/home/airflow/.local/lib/python3.12/site-packages/airflow/models/taskinstance.py", line 273, in _run_raw_task
    TaskInstance._execute_task_with_callbacks(
  File "/home/airflow/.local/lib/python3.12/site-packages/airflow/models/taskinstance.py", line 3149, in _execute_task_with_callbacks
    result = self._execute_task(context, task_orig)
             ^^^^^^^^^^^^^^^^^^^^^^^^^^^^^^^^^^^^^^
  File "/home/airflow/.local/lib/python3.12/site-packages/airflow/models/taskinstance.py", line 3173, in _execute_task
    return _execute_task(self, context, task_orig)
           ^^^^^^^^^^^^^^^^^^^^^^^^^^^^^^^^^^^^^^^
  File "/home/airflow/.local/lib/python3.12/site-packages/airflow/models/taskinstance.py", line 767, in _execute_task
    result = _execute_callable(context=context, **execute_callable_kwargs)
             ^^^^^^^^^^^^^^^^^^^^^^^^^^^^^^^^^^^^^^^^^^^^^^^^^^^^^^^^^^^^^
  File "/home/airflow/.local/lib/python3.12/site-packages/airflow/models/taskinstance.py", line 733, in _execute_callable
    return ExecutionCallableRunner(
           ^^^^^^^^^^^^^^^^^^^^^^^^
  File "/home/airflow/.local/lib/python3.12/site-packages/airflow/utils/operator_helpers.py", line 252, in run
    return self.func(*args, **kwargs)
           ^^^^^^^^^^^^^^^^^^^^^^^^^^
  File "/home/airflow/.local/lib/python3.12/site-packages/airflow/models/baseoperator.py", line 406, in wrapper
    return func(self, *args, **kwargs)
           ^^^^^^^^^^^^^^^^^^^^^^^^^^^
  File "/home/airflow/.local/lib/python3.12/site-packages/airflow/operators/bash.py", line 249, in execute
    raise AirflowException(
airflow.exceptions.AirflowException: Bash command failed. The command returned a non-zero exit code 1.
[2026-07-22T18:13:13.104+0000] {local_task_job_runner.py:261} INFO - Task exited with return code 1
[2026-07-22T18:13:13.166+0000] {taskinstance.py:3891} INFO - 0 downstream tasks scheduled from follow-on schedule check
[2026-07-22T18:13:13.172+0000] {local_task_job_runner.py:240} INFO - ::endgroup::
