[2026-08-04T00:16:49.043+0000] {local_task_job_runner.py:123} INFO - ::group::Pre task execution logs
[2026-08-04T00:16:49.278+0000] {taskinstance.py:2603} INFO - Dependencies all met for dep_context=non-requeueable deps ti=<TaskInstance: tmdb_incremental_sync.incremental_sync_pipeline manual__2026-08-03T21:17:19.726977+00:00 [queued]>
[2026-08-04T00:16:49.373+0000] {taskinstance.py:2603} INFO - Dependencies all met for dep_context=requeueable deps ti=<TaskInstance: tmdb_incremental_sync.incremental_sync_pipeline manual__2026-08-03T21:17:19.726977+00:00 [queued]>
[2026-08-04T00:16:49.380+0000] {taskinstance.py:2856} INFO - Starting attempt 3 of 3
[2026-08-04T00:16:49.588+0000] {taskinstance.py:2879} INFO - Executing <Task(PythonOperator): incremental_sync_pipeline> on 2026-08-03 21:17:19.726977+00:00
[2026-08-04T00:16:49.727+0000] {logging_mixin.py:190} WARNING - /home/***/.local/lib/python3.12/site-packages/***/task/task_runner/standard_task_runner.py:70 DeprecationWarning: This process (pid=1957) is multi-threaded, use of fork() may lead to deadlocks in the child.
[2026-08-04T00:16:49.741+0000] {standard_task_runner.py:72} INFO - Started process 1965 to run task
[2026-08-04T00:16:49.726+0000] {standard_task_runner.py:104} INFO - Running: ['***', 'tasks', 'run', 'tmdb_incremental_sync', 'incremental_sync_pipeline', 'manual__2026-08-03T21:17:19.726977+00:00', '--job-id', '155', '--raw', '--subdir', 'DAGS_FOLDER/tmdb_incremental_sync.py', '--cfg-path', '/tmp/tmpy6bjr7hu']
[2026-08-04T00:16:49.750+0000] {standard_task_runner.py:105} INFO - Job 155: Subtask incremental_sync_pipeline
[2026-08-04T00:16:50.768+0000] {task_command.py:467} INFO - Running <TaskInstance: tmdb_incremental_sync.incremental_sync_pipeline manual__2026-08-03T21:17:19.726977+00:00 [running]> on host bf737cb27ceb
[2026-08-04T00:16:51.559+0000] {taskinstance.py:3122} INFO - Exporting env vars: AIRFLOW_CTX_DAG_OWNER='***' AIRFLOW_CTX_DAG_ID='tmdb_incremental_sync' AIRFLOW_CTX_TASK_ID='incremental_sync_pipeline' AIRFLOW_CTX_EXECUTION_DATE='2026-08-03T21:17:19.726977+00:00' AIRFLOW_CTX_TRY_NUMBER='3' AIRFLOW_CTX_DAG_RUN_ID='manual__2026-08-03T21:17:19.726977+00:00'
[2026-08-04T00:16:51.571+0000] {taskinstance.py:731} INFO - ::endgroup::
[2026-08-04T00:16:51.769+0000] {logging_mixin.py:190} INFO - Starting incremental sync for 2026-07-22 → 2026-08-04...
[2026-08-04T00:16:51.857+0000] {logging_mixin.py:190} INFO - Fetching changes: 2026-07-22 -> 2026-07-28
[2026-08-04T00:18:22.734+0000] {logging_mixin.py:190} INFO - Fetching changes: 2026-07-29 -> 2026-08-04
[2026-08-04T00:18:47.200+0000] {logging_mixin.py:190} INFO - Request error on attempt 1/3 for https://api.themoviedb.org/3/movie/changes: ('Connection aborted.', RemoteDisconnected('Remote end closed connection without response'))
[2026-08-04T00:36:03.620+0000] {job.py:229} INFO - Heartbeat recovered after 1012.85 seconds
[2026-08-04T00:36:14.641+0000] {local_task_job_runner.py:341} WARNING - State of this instance has been externally set to failed. Terminating instance.
[2026-08-04T00:36:14.647+0000] {local_task_job_runner.py:240} INFO - ::endgroup::
[2026-08-04T00:36:14.664+0000] {process_utils.py:132} INFO - Sending 15 to group 1965. PIDs of all processes in the group: [1965]
[2026-08-04T00:36:14.668+0000] {process_utils.py:87} INFO - Sending the signal 15 to group 1965
[2026-08-04T00:36:14.672+0000] {taskinstance.py:3083} ERROR - Received SIGTERM. Terminating subprocesses.
[2026-08-04T00:36:15.070+0000] {taskinstance.py:340} INFO - ::group::Post task execution logs
[2026-08-04T00:36:15.169+0000] {process_utils.py:80} INFO - Process psutil.Process(pid=1965, status='terminated', exitcode=0, started='00:16:48') (1965) terminated with exit code 0
