[2026-06-16T09:05:42.926+0000] {local_task_job_runner.py:123} INFO - ::group::Pre task execution logs
[2026-06-16T09:05:42.978+0000] {taskinstance.py:2603} INFO - Dependencies all met for dep_context=non-requeueable deps ti=<TaskInstance: tmdb_incremental_sync.incremental_sync_pipeline scheduled__2026-06-15T00:00:00+00:00 [queued]>
[2026-06-16T09:05:42.997+0000] {taskinstance.py:2603} INFO - Dependencies all met for dep_context=requeueable deps ti=<TaskInstance: tmdb_incremental_sync.incremental_sync_pipeline scheduled__2026-06-15T00:00:00+00:00 [queued]>
[2026-06-16T09:05:42.998+0000] {taskinstance.py:2856} INFO - Starting attempt 1 of 3
[2026-06-16T09:05:43.025+0000] {taskinstance.py:2879} INFO - Executing <Task(PythonOperator): incremental_sync_pipeline> on 2026-06-15 00:00:00+00:00
[2026-06-16T09:05:43.048+0000] {logging_mixin.py:190} WARNING - /home/***/.local/lib/python3.12/site-packages/***/task/task_runner/standard_task_runner.py:70 DeprecationWarning: This process (pid=203) is multi-threaded, use of fork() may lead to deadlocks in the child.
[2026-06-16T09:05:43.040+0000] {standard_task_runner.py:104} INFO - Running: ['***', 'tasks', 'run', 'tmdb_incremental_sync', 'incremental_sync_pipeline', 'scheduled__2026-06-15T00:00:00+00:00', '--job-id', '5', '--raw', '--subdir', 'DAGS_FOLDER/tmdb_incremental_sync.py', '--cfg-path', '/tmp/tmpqviqzrr0']
[2026-06-16T09:05:43.052+0000] {standard_task_runner.py:72} INFO - Started process 206 to run task
[2026-06-16T09:05:43.052+0000] {standard_task_runner.py:105} INFO - Job 5: Subtask incremental_sync_pipeline
[2026-06-16T09:05:43.199+0000] {task_command.py:467} INFO - Running <TaskInstance: tmdb_incremental_sync.incremental_sync_pipeline scheduled__2026-06-15T00:00:00+00:00 [running]> on host d8c53ec118ae
[2026-06-16T09:05:43.371+0000] {taskinstance.py:3122} INFO - Exporting env vars: AIRFLOW_CTX_DAG_OWNER='***' AIRFLOW_CTX_DAG_ID='tmdb_incremental_sync' AIRFLOW_CTX_TASK_ID='incremental_sync_pipeline' AIRFLOW_CTX_EXECUTION_DATE='2026-06-15T00:00:00+00:00' AIRFLOW_CTX_TRY_NUMBER='1' AIRFLOW_CTX_DAG_RUN_ID='scheduled__2026-06-15T00:00:00+00:00'
[2026-06-16T09:05:43.373+0000] {taskinstance.py:731} INFO - ::endgroup::
[2026-06-16T09:05:43.435+0000] {logging_mixin.py:190} INFO - Starting incremental sync for 2026-05-15 → 2026-06-16...
[2026-06-16T09:05:43.847+0000] {logging_mixin.py:190} INFO - Found 0 changed IDs. Syncing metadata...
[2026-06-16T09:05:44.355+0000] {logging_mixin.py:190} INFO - 0 movies queued for deep extraction...
[2026-06-16T09:05:44.356+0000] {logging_mixin.py:190} INFO - Pipeline finished successfully.
[2026-06-16T09:05:44.357+0000] {python.py:240} INFO - Done. Returned value was: None
[2026-06-16T09:05:44.375+0000] {taskinstance.py:340} INFO - ::group::Post task execution logs
[2026-06-16T09:05:44.376+0000] {taskinstance.py:352} INFO - Marking task as SUCCESS. dag_id=tmdb_incremental_sync, task_id=incremental_sync_pipeline, run_id=scheduled__2026-06-15T00:00:00+00:00, execution_date=20260615T000000, start_date=20260616T090542, end_date=20260616T090544
[2026-06-16T09:05:44.405+0000] {local_task_job_runner.py:261} INFO - Task exited with return code 0
[2026-06-16T09:05:44.431+0000] {taskinstance.py:3891} INFO - 0 downstream tasks scheduled from follow-on schedule check
[2026-06-16T09:05:44.433+0000] {local_task_job_runner.py:240} INFO - ::endgroup::
