[2026-06-30T13:48:07.932+0000] {local_task_job_runner.py:123} INFO - ::group::Pre task execution logs
[2026-06-30T13:48:07.962+0000] {taskinstance.py:2603} INFO - Dependencies all met for dep_context=non-requeueable deps ti=<TaskInstance: tmdb_incremental_sync.incremental_sync_pipeline scheduled__2026-06-26T00:00:00+00:00 [queued]>
[2026-06-30T13:48:07.974+0000] {taskinstance.py:2603} INFO - Dependencies all met for dep_context=requeueable deps ti=<TaskInstance: tmdb_incremental_sync.incremental_sync_pipeline scheduled__2026-06-26T00:00:00+00:00 [queued]>
[2026-06-30T13:48:07.976+0000] {taskinstance.py:2856} INFO - Starting attempt 1 of 3
[2026-06-30T13:48:08.012+0000] {taskinstance.py:2879} INFO - Executing <Task(PythonOperator): incremental_sync_pipeline> on 2026-06-26 00:00:00+00:00
[2026-06-30T13:48:08.023+0000] {logging_mixin.py:190} WARNING - /home/***/.local/lib/python3.12/site-packages/***/task/task_runner/standard_task_runner.py:70 DeprecationWarning: This process (pid=179) is multi-threaded, use of fork() may lead to deadlocks in the child.
[2026-06-30T13:48:08.025+0000] {standard_task_runner.py:72} INFO - Started process 185 to run task
[2026-06-30T13:48:08.022+0000] {standard_task_runner.py:104} INFO - Running: ['***', 'tasks', 'run', 'tmdb_incremental_sync', 'incremental_sync_pipeline', 'scheduled__2026-06-26T00:00:00+00:00', '--job-id', '33', '--raw', '--subdir', 'DAGS_FOLDER/tmdb_incremental_sync.py', '--cfg-path', '/tmp/tmpy4s8hz6c']
[2026-06-30T13:48:08.026+0000] {standard_task_runner.py:105} INFO - Job 33: Subtask incremental_sync_pipeline
[2026-06-30T13:48:08.143+0000] {task_command.py:467} INFO - Running <TaskInstance: tmdb_incremental_sync.incremental_sync_pipeline scheduled__2026-06-26T00:00:00+00:00 [running]> on host d8c53ec118ae
[2026-06-30T13:48:08.356+0000] {taskinstance.py:3122} INFO - Exporting env vars: AIRFLOW_CTX_DAG_OWNER='***' AIRFLOW_CTX_DAG_ID='tmdb_incremental_sync' AIRFLOW_CTX_TASK_ID='incremental_sync_pipeline' AIRFLOW_CTX_EXECUTION_DATE='2026-06-26T00:00:00+00:00' AIRFLOW_CTX_TRY_NUMBER='1' AIRFLOW_CTX_DAG_RUN_ID='scheduled__2026-06-26T00:00:00+00:00'
[2026-06-30T13:48:08.358+0000] {taskinstance.py:731} INFO - ::endgroup::
[2026-06-30T13:48:08.476+0000] {logging_mixin.py:190} INFO - Starting incremental sync for 2026-06-26 → 2026-06-30...
[2026-06-30T13:48:08.488+0000] {logging_mixin.py:190} INFO - Fetching changes: 2026-06-26 -> 2026-06-30
[2026-06-30T13:48:55.412+0000] {logging_mixin.py:190} INFO - Found 16484 changed IDs. Syncing metadata...
[2026-06-30T13:48:59.666+0000] {logging_mixin.py:190} INFO - Skipping movie 1540201: could not fetch metadata.
[2026-06-30T13:49:09.727+0000] {logging_mixin.py:190} INFO - Skipping movie 1442210: could not fetch metadata.
[2026-06-30T13:49:10.259+0000] {logging_mixin.py:190} INFO - Skipping movie 1704374: could not fetch metadata.
[2026-06-30T13:49:15.221+0000] {logging_mixin.py:190} INFO - Skipping movie 983666: could not fetch metadata.
[2026-06-30T13:49:18.180+0000] {logging_mixin.py:190} INFO - Skipping movie 1540810: could not fetch metadata.
[2026-06-30T13:49:18.618+0000] {logging_mixin.py:190} INFO - Skipping movie 33478: could not fetch metadata.
[2026-06-30T13:49:29.614+0000] {logging_mixin.py:190} INFO - Skipping movie 1705098: could not fetch metadata.
[2026-06-30T13:49:32.578+0000] {logging_mixin.py:190} INFO - Skipping movie 1377564: could not fetch metadata.
[2026-06-30T13:49:34.457+0000] {logging_mixin.py:190} INFO - Skipping movie 1508721: could not fetch metadata.
[2026-06-30T13:49:34.999+0000] {logging_mixin.py:190} INFO - Skipping movie 1639801: could not fetch metadata.
[2026-06-30T13:49:35.549+0000] {logging_mixin.py:190} INFO - Skipping movie 1705382: could not fetch metadata.
[2026-06-30T13:49:39.343+0000] {logging_mixin.py:190} INFO - Skipping movie 1443437: could not fetch metadata.
[2026-06-30T13:49:39.637+0000] {logging_mixin.py:190} INFO - Skipping movie 1705599: could not fetch metadata.
[2026-06-30T13:49:39.777+0000] {logging_mixin.py:190} INFO - Skipping movie 1705608: could not fetch metadata.
[2026-06-30T13:49:40.098+0000] {logging_mixin.py:190} INFO - Skipping movie 1394096: could not fetch metadata.
[2026-06-30T13:49:42.487+0000] {logging_mixin.py:190} INFO - Skipping movie 1672950: could not fetch metadata.
[2026-06-30T13:49:49.413+0000] {logging_mixin.py:190} INFO - Skipping movie 1705989: could not fetch metadata.
[2026-06-30T13:49:50.184+0000] {logging_mixin.py:190} INFO - Skipping movie 722990: could not fetch metadata.
[2026-06-30T13:49:52.582+0000] {logging_mixin.py:190} INFO - Skipping movie 1411253: could not fetch metadata.
[2026-06-30T13:49:53.512+0000] {logging_mixin.py:190} INFO - Skipping movie 1459340: could not fetch metadata.
[2026-06-30T13:49:55.629+0000] {logging_mixin.py:190} INFO - Skipping movie 952593: could not fetch metadata.
[2026-06-30T13:49:57.376+0000] {logging_mixin.py:190} INFO - Skipping movie 1149411: could not fetch metadata.
[2026-06-30T13:49:57.570+0000] {logging_mixin.py:190} INFO - Skipping movie 1673692: could not fetch metadata.
[2026-06-30T13:49:59.854+0000] {logging_mixin.py:190} INFO - Skipping movie 1641062: could not fetch metadata.
[2026-06-30T13:50:00.427+0000] {logging_mixin.py:190} INFO - Skipping movie 1182334: could not fetch metadata.
[2026-06-30T13:50:01.855+0000] {logging_mixin.py:190} INFO - Skipping movie 1706706: could not fetch metadata.
[2026-06-30T13:50:02.165+0000] {logging_mixin.py:190} INFO - Skipping movie 1706710: could not fetch metadata.
[2026-06-30T13:50:02.556+0000] {logging_mixin.py:190} INFO - Skipping movie 1706724: could not fetch metadata.
[2026-06-30T13:50:03.968+0000] {logging_mixin.py:190} INFO - Skipping movie 1510194: could not fetch metadata.
[2026-06-30T13:50:09.414+0000] {logging_mixin.py:190} INFO - Skipping movie 1575972: could not fetch metadata.
[2026-06-30T13:50:11.200+0000] {logging_mixin.py:190} INFO - Skipping movie 1707131: could not fetch metadata.
[2026-06-30T13:50:15.534+0000] {logging_mixin.py:190} INFO - Skipping movie 1707375: could not fetch metadata.
[2026-06-30T13:50:16.331+0000] {logging_mixin.py:190} INFO - Skipping movie 1674639: could not fetch metadata.
[2026-06-30T13:50:16.601+0000] {logging_mixin.py:190} INFO - Skipping movie 1543589: could not fetch metadata.
[2026-06-30T13:50:17.816+0000] {logging_mixin.py:190} INFO - Skipping movie 1576454: could not fetch metadata.
[2026-06-30T13:50:19.293+0000] {logging_mixin.py:190} INFO - Skipping movie 1609330: could not fetch metadata.
[2026-06-30T13:50:19.570+0000] {logging_mixin.py:190} INFO - Skipping movie 1445501: could not fetch metadata.
[2026-06-30T13:50:20.385+0000] {logging_mixin.py:190} INFO - Skipping movie 1707659: could not fetch metadata.
[2026-06-30T13:50:22.735+0000] {logging_mixin.py:190} INFO - Skipping movie 1380120: could not fetch metadata.
[2026-06-30T13:50:23.440+0000] {logging_mixin.py:190} INFO - Skipping movie 1380146: could not fetch metadata.
[2026-06-30T13:50:24.179+0000] {logging_mixin.py:190} INFO - Skipping movie 1380154: could not fetch metadata.
[2026-06-30T13:50:24.325+0000] {logging_mixin.py:190} INFO - Skipping movie 1380171: could not fetch metadata.
[2026-06-30T13:50:24.339+0000] {logging_mixin.py:190} INFO - Skipping movie 1380173: could not fetch metadata.
[2026-06-30T13:50:24.612+0000] {logging_mixin.py:190} INFO - Skipping movie 1380179: could not fetch metadata.
[2026-06-30T13:50:24.759+0000] {logging_mixin.py:190} INFO - Skipping movie 1380182: could not fetch metadata.
[2026-06-30T13:50:24.844+0000] {logging_mixin.py:190} INFO - Skipping movie 1380159: could not fetch metadata.
[2026-06-30T13:50:25.111+0000] {logging_mixin.py:190} INFO - Skipping movie 1380200: could not fetch metadata.
[2026-06-30T13:50:27.293+0000] {logging_mixin.py:190} INFO - Skipping movie 1314749: could not fetch metadata.
[2026-06-30T13:50:29.390+0000] {logging_mixin.py:190} INFO - Skipping movie 1183790: could not fetch metadata.
[2026-06-30T13:50:29.402+0000] {logging_mixin.py:190} INFO - Skipping movie 1183789: could not fetch metadata.
[2026-06-30T13:50:29.430+0000] {logging_mixin.py:190} INFO - Skipping movie 1183794: could not fetch metadata.
[2026-06-30T13:50:29.444+0000] {logging_mixin.py:190} INFO - Skipping movie 1445939: could not fetch metadata.
[2026-06-30T13:50:29.626+0000] {logging_mixin.py:190} INFO - Skipping movie 1183802: could not fetch metadata.
[2026-06-30T13:50:29.731+0000] {logging_mixin.py:190} INFO - Skipping movie 1183810: could not fetch metadata.
[2026-06-30T13:50:29.775+0000] {logging_mixin.py:190} INFO - Skipping movie 1183814: could not fetch metadata.
[2026-06-30T13:50:30.230+0000] {logging_mixin.py:190} INFO - Skipping movie 1183818: could not fetch metadata.
[2026-06-30T13:50:30.701+0000] {logging_mixin.py:190} INFO - Skipping movie 1183831: could not fetch metadata.
[2026-06-30T13:50:30.812+0000] {logging_mixin.py:190} INFO - Skipping movie 1183835: could not fetch metadata.
[2026-06-30T13:50:30.954+0000] {logging_mixin.py:190} INFO - Skipping movie 1183821: could not fetch metadata.
[2026-06-30T13:50:31.210+0000] {logging_mixin.py:190} INFO - Skipping movie 1183823: could not fetch metadata.
[2026-06-30T13:50:31.232+0000] {logging_mixin.py:190} INFO - Skipping movie 1478771: could not fetch metadata.
[2026-06-30T13:50:32.196+0000] {logging_mixin.py:190} INFO - Skipping movie 1642666: could not fetch metadata.
[2026-06-30T13:50:33.614+0000] {logging_mixin.py:190} INFO - Skipping movie 1544393: could not fetch metadata.
[2026-06-30T13:50:34.836+0000] {logging_mixin.py:190} INFO - Skipping movie 1642749: could not fetch metadata.
[2026-06-30T13:50:37.577+0000] {logging_mixin.py:190} INFO - Skipping movie 987552: could not fetch metadata.
[2026-06-30T13:50:37.595+0000] {logging_mixin.py:190} INFO - Skipping movie 987553: could not fetch metadata.
[2026-06-30T13:50:39.810+0000] {logging_mixin.py:190} INFO - Skipping movie 889385: could not fetch metadata.
[2026-06-30T13:50:40.387+0000] {logging_mixin.py:190} INFO - Skipping movie 1675865: could not fetch metadata.
[2026-06-30T13:50:40.611+0000] {logging_mixin.py:190} INFO - Skipping movie 1643077: could not fetch metadata.
[2026-06-30T13:50:41.014+0000] {logging_mixin.py:190} INFO - Skipping movie 1708597: could not fetch metadata.
[2026-06-30T13:50:44.298+0000] {logging_mixin.py:190} INFO - Skipping movie 1020674: could not fetch metadata.
[2026-06-30T13:50:44.456+0000] {logging_mixin.py:190} INFO - Skipping movie 1708825: could not fetch metadata.
[2026-06-30T13:50:45.555+0000] {logging_mixin.py:190} INFO - Skipping movie 1524997: could not fetch metadata.
[2026-06-30T13:50:46.357+0000] {logging_mixin.py:190} INFO - Skipping movie 1643361: could not fetch metadata.
[2026-06-30T13:50:46.510+0000] {logging_mixin.py:190} INFO - Skipping movie 1446765: could not fetch metadata.
[2026-06-30T13:50:48.284+0000] {logging_mixin.py:190} INFO - Skipping movie 1217479: could not fetch metadata.
[2026-06-30T13:50:49.381+0000] {logging_mixin.py:190} INFO - Skipping movie 1676300: could not fetch metadata.
[2026-06-30T13:50:52.541+0000] {logging_mixin.py:190} INFO - Skipping movie 1676453: could not fetch metadata.
[2026-06-30T13:50:54.278+0000] {logging_mixin.py:190} INFO - Skipping movie 1676563: could not fetch metadata.
[2026-06-30T13:50:57.403+0000] {logging_mixin.py:190} INFO - Skipping movie 1709478: could not fetch metadata.
[2026-06-30T13:50:59.181+0000] {logging_mixin.py:190} INFO - Skipping movie 1676806: could not fetch metadata.
[2026-06-30T13:51:04.666+0000] {logging_mixin.py:190} INFO - Skipping movie 1578840: could not fetch metadata.
[2026-06-30T13:51:04.668+0000] {logging_mixin.py:190} INFO - Skipping movie 1578837: could not fetch metadata.
[2026-06-30T13:51:04.737+0000] {logging_mixin.py:190} INFO - Skipping movie 1578845: could not fetch metadata.
[2026-06-30T13:51:04.917+0000] {logging_mixin.py:190} INFO - Skipping movie 1578852: could not fetch metadata.
[2026-06-30T13:51:05.266+0000] {logging_mixin.py:190} INFO - Skipping movie 1578847: could not fetch metadata.
[2026-06-30T13:51:05.325+0000] {logging_mixin.py:190} INFO - Skipping movie 1578848: could not fetch metadata.
[2026-06-30T13:51:05.709+0000] {logging_mixin.py:190} INFO - Skipping movie 1578856: could not fetch metadata.
[2026-06-30T13:51:05.729+0000] {logging_mixin.py:190} INFO - Skipping movie 1578871: could not fetch metadata.
[2026-06-30T13:51:05.999+0000] {logging_mixin.py:190} INFO - Skipping movie 1578854: could not fetch metadata.
[2026-06-30T13:51:06.074+0000] {logging_mixin.py:190} INFO - Skipping movie 1578857: could not fetch metadata.
[2026-06-30T13:51:06.641+0000] {logging_mixin.py:190} INFO - Skipping movie 1709995: could not fetch metadata.
[2026-06-30T13:51:07.490+0000] {logging_mixin.py:190} INFO - Skipping movie 1677281: could not fetch metadata.
[2026-06-30T13:51:08.347+0000] {logging_mixin.py:190} INFO - Skipping movie 1710116: could not fetch metadata.
[2026-06-30T13:51:08.529+0000] {logging_mixin.py:190} INFO - Skipping movie 1710132: could not fetch metadata.
[2026-06-30T13:51:09.825+0000] {logging_mixin.py:190} INFO - Skipping movie 890959: could not fetch metadata.
[2026-06-30T13:51:12.878+0000] {logging_mixin.py:190} INFO - Skipping movie 1710336: could not fetch metadata.
[2026-06-30T13:51:13.206+0000] {logging_mixin.py:190} INFO - Skipping movie 1710357: could not fetch metadata.
[2026-06-30T13:51:15.218+0000] {logging_mixin.py:190} INFO - Skipping movie 1525313: could not fetch metadata.
[2026-06-30T13:51:16.856+0000] {logging_mixin.py:190} INFO - Skipping movie 1153513: could not fetch metadata.
[2026-06-30T13:51:17.234+0000] {logging_mixin.py:190} INFO - Skipping movie 1710607: could not fetch metadata.
[2026-06-30T13:51:17.399+0000] {logging_mixin.py:190} INFO - Skipping movie 563733: could not fetch metadata.
[2026-06-30T13:51:17.424+0000] {logging_mixin.py:190} INFO - Skipping movie 1710616: could not fetch metadata.
[2026-06-30T13:51:17.522+0000] {logging_mixin.py:190} INFO - Skipping movie 1710624: could not fetch metadata.
[2026-06-30T13:51:19.092+0000] {logging_mixin.py:190} INFO - Skipping movie 1546870: could not fetch metadata.
[2026-06-30T13:51:19.115+0000] {logging_mixin.py:190} INFO - Skipping movie 1710711: could not fetch metadata.
[2026-06-30T13:51:20.130+0000] {logging_mixin.py:190} INFO - Skipping movie 1710794: could not fetch metadata.
[2026-06-30T13:51:20.687+0000] {logging_mixin.py:190} INFO - Skipping movie 1710825: could not fetch metadata.
[2026-06-30T13:51:26.170+0000] {logging_mixin.py:190} INFO - Skipping movie 1711173: could not fetch metadata.
[2026-06-30T13:51:26.187+0000] {logging_mixin.py:190} INFO - Skipping movie 1711174: could not fetch metadata.
[2026-06-30T13:51:26.315+0000] {logging_mixin.py:190} INFO - Skipping movie 1711176: could not fetch metadata.
[2026-06-30T13:51:26.442+0000] {logging_mixin.py:190} INFO - Skipping movie 1711177: could not fetch metadata.
[2026-06-30T13:51:26.611+0000] {logging_mixin.py:190} INFO - Skipping movie 1711179: could not fetch metadata.
[2026-06-30T13:51:26.750+0000] {logging_mixin.py:190} INFO - Skipping movie 1711181: could not fetch metadata.
[2026-06-30T13:51:27.707+0000] {logging_mixin.py:190} INFO - Skipping movie 1711171: could not fetch metadata.
[2026-06-30T13:51:28.282+0000] {logging_mixin.py:190} INFO - Skipping movie 1711275: could not fetch metadata.
[2026-06-30T13:51:33.424+0000] {logging_mixin.py:190} INFO - Skipping movie 1482188: could not fetch metadata.
[2026-06-30T13:51:34.274+0000] {logging_mixin.py:190} INFO - Skipping movie 1711604: could not fetch metadata.
[2026-06-30T13:51:35.593+0000] {logging_mixin.py:190} INFO - Skipping movie 1711649: could not fetch metadata.
[2026-06-30T13:51:38.457+0000] {logging_mixin.py:190} INFO - Skipping movie 1711845: could not fetch metadata.
[2026-06-30T13:51:39.427+0000] {logging_mixin.py:190} INFO - Skipping movie 1220356: could not fetch metadata.
[2026-06-30T13:51:44.298+0000] {logging_mixin.py:190} INFO - Skipping movie 1679343: could not fetch metadata.
[2026-06-30T13:51:48.957+0000] {logging_mixin.py:190} INFO - Skipping movie 1515704: could not fetch metadata.
[2026-06-30T13:51:49.686+0000] {logging_mixin.py:190} INFO - Skipping movie 1558253: could not fetch metadata.
[2026-06-30T13:51:49.901+0000] {logging_mixin.py:190} INFO - Skipping movie 1558254: could not fetch metadata.
[2026-06-30T13:51:50.411+0000] {logging_mixin.py:190} INFO - Skipping movie 1712351: could not fetch metadata.
[2026-06-30T13:51:50.494+0000] {logging_mixin.py:190} INFO - Skipping movie 1417481: could not fetch metadata.
[2026-06-30T13:51:50.686+0000] {logging_mixin.py:190} INFO - Skipping movie 1122574: could not fetch metadata.
[2026-06-30T13:51:50.931+0000] {logging_mixin.py:190} INFO - Skipping movie 1679651: could not fetch metadata.
[2026-06-30T13:52:01.284+0000] {logging_mixin.py:190} INFO - Skipping movie 1549112: could not fetch metadata.
[2026-06-30T13:52:01.568+0000] {logging_mixin.py:190} INFO - Skipping movie 1647430: could not fetch metadata.
[2026-06-30T13:52:01.642+0000] {logging_mixin.py:190} INFO - Skipping movie 1647433: could not fetch metadata.
[2026-06-30T13:52:01.947+0000] {logging_mixin.py:190} INFO - Skipping movie 1647440: could not fetch metadata.
[2026-06-30T13:52:05.137+0000] {logging_mixin.py:190} INFO - Skipping movie 1287162: could not fetch metadata.
[2026-06-30T13:52:05.543+0000] {logging_mixin.py:190} INFO - Skipping movie 1287182: could not fetch metadata.
[2026-06-30T13:52:05.711+0000] {logging_mixin.py:190} INFO - Skipping movie 1287187: could not fetch metadata.
[2026-06-30T13:52:10.277+0000] {logging_mixin.py:190} INFO - Skipping movie 1123519: could not fetch metadata.
[2026-06-30T13:52:10.597+0000] {logging_mixin.py:190} INFO - Skipping movie 1483983: could not fetch metadata.
[2026-06-30T13:52:10.829+0000] {logging_mixin.py:190} INFO - Skipping movie 1483988: could not fetch metadata.
[2026-06-30T13:52:10.850+0000] {logging_mixin.py:190} INFO - Skipping movie 1156309: could not fetch metadata.
[2026-06-30T13:52:11.493+0000] {logging_mixin.py:190} INFO - Skipping movie 1418477: could not fetch metadata.
[2026-06-30T13:52:16.416+0000] {logging_mixin.py:190} INFO - Skipping movie 1320342: could not fetch metadata.
[2026-06-30T13:52:18.778+0000] {logging_mixin.py:190} INFO - Skipping movie 1591079: could not fetch metadata.
[2026-06-30T13:52:19.517+0000] {logging_mixin.py:190} INFO - Skipping movie 1713677: could not fetch metadata.
[2026-06-30T13:52:19.867+0000] {logging_mixin.py:190} INFO - Skipping movie 1713689: could not fetch metadata.
[2026-06-30T13:52:20.978+0000] {logging_mixin.py:190} INFO - Skipping movie 1721350: could not fetch metadata.
[2026-06-30T13:52:25.283+0000] {logging_mixin.py:190} INFO - Skipping movie 1615597: could not fetch metadata.
[2026-06-30T13:52:26.595+0000] {logging_mixin.py:190} INFO - Skipping movie 1615626: could not fetch metadata.
[2026-06-30T13:52:32.712+0000] {logging_mixin.py:190} INFO - Skipping movie 1451974: could not fetch metadata.
[2026-06-30T13:52:36.041+0000] {logging_mixin.py:190} INFO - Skipping movie 1714289: could not fetch metadata.
[2026-06-30T13:52:36.365+0000] {logging_mixin.py:190} INFO - Skipping movie 1714298: could not fetch metadata.
[2026-06-30T13:52:37.395+0000] {logging_mixin.py:190} INFO - Skipping movie 1288346: could not fetch metadata.
[2026-06-30T13:52:40.967+0000] {logging_mixin.py:190} INFO - Skipping movie 1714514: could not fetch metadata.
[2026-06-30T13:52:41.189+0000] {logging_mixin.py:190} INFO - Skipping movie 1714523: could not fetch metadata.
[2026-06-30T13:52:41.372+0000] {logging_mixin.py:190} INFO - Skipping movie 1714538: could not fetch metadata.
[2026-06-30T13:52:42.905+0000] {logging_mixin.py:190} INFO - Skipping movie 1255836: could not fetch metadata.
[2026-06-30T13:52:44.908+0000] {logging_mixin.py:190} INFO - Skipping movie 1714653: could not fetch metadata.
[2026-06-30T13:52:46.543+0000] {logging_mixin.py:190} INFO - Skipping movie 1714768: could not fetch metadata.
[2026-06-30T13:52:46.675+0000] {logging_mixin.py:190} INFO - Skipping movie 1714775: could not fetch metadata.
[2026-06-30T13:52:47.155+0000] {logging_mixin.py:190} INFO - Skipping movie 961118: could not fetch metadata.
[2026-06-30T13:52:47.577+0000] {logging_mixin.py:190} INFO - Skipping movie 1714815: could not fetch metadata.
[2026-06-30T13:52:48.616+0000] {logging_mixin.py:190} INFO - Skipping movie 1452720: could not fetch metadata.
[2026-06-30T13:52:49.728+0000] {logging_mixin.py:190} INFO - Skipping movie 994034: could not fetch metadata.
[2026-06-30T13:52:52.729+0000] {logging_mixin.py:190} INFO - Skipping movie 1354594: could not fetch metadata.
[2026-06-30T13:52:53.283+0000] {logging_mixin.py:190} INFO - Skipping movie 1518424: could not fetch metadata.
[2026-06-30T13:52:54.482+0000] {logging_mixin.py:190} INFO - Skipping movie 1715094: could not fetch metadata.
[2026-06-30T13:52:56.462+0000] {logging_mixin.py:190} INFO - Skipping movie 1649644: could not fetch metadata.
[2026-06-30T13:52:57.481+0000] {logging_mixin.py:190} INFO - Skipping movie 1223713: could not fetch metadata.
[2026-06-30T13:52:59.478+0000] {logging_mixin.py:190} INFO - Skipping movie 633976: could not fetch metadata.
[2026-06-30T13:53:02.627+0000] {logging_mixin.py:190} INFO - Skipping movie 1682674: could not fetch metadata.
[2026-06-30T13:53:03.617+0000] {logging_mixin.py:190} INFO - Skipping movie 1591439: could not fetch metadata.
[2026-06-30T13:53:04.789+0000] {logging_mixin.py:190} INFO - Skipping movie 1518894: could not fetch metadata.
[2026-06-30T13:53:04.989+0000] {logging_mixin.py:190} INFO - Skipping movie 1551669: could not fetch metadata.
[2026-06-30T13:53:05.405+0000] {logging_mixin.py:190} INFO - Skipping movie 1158469: could not fetch metadata.
[2026-06-30T13:53:05.496+0000] {logging_mixin.py:190} INFO - Skipping movie 1158472: could not fetch metadata.
[2026-06-30T13:53:06.045+0000] {logging_mixin.py:190} INFO - Skipping movie 1617255: could not fetch metadata.
[2026-06-30T13:53:08.466+0000] {logging_mixin.py:190} INFO - Skipping movie 1420725: could not fetch metadata.
[2026-06-30T13:53:09.901+0000] {logging_mixin.py:190} INFO - Skipping movie 1715690: could not fetch metadata.
[2026-06-30T13:53:10.624+0000] {logging_mixin.py:190} INFO - Skipping movie 1715723: could not fetch metadata.
[2026-06-30T13:53:12.884+0000] {logging_mixin.py:190} INFO - Skipping movie 1715821: could not fetch metadata.
[2026-06-30T13:53:12.954+0000] {logging_mixin.py:190} INFO - Skipping movie 1715825: could not fetch metadata.
[2026-06-30T13:53:13.152+0000] {logging_mixin.py:190} INFO - Skipping movie 1715834: could not fetch metadata.
[2026-06-30T13:53:18.129+0000] {logging_mixin.py:190} INFO - Skipping movie 1650519: could not fetch metadata.
[2026-06-30T13:53:18.842+0000] {logging_mixin.py:190} INFO - Skipping movie 1716089: could not fetch metadata.
[2026-06-30T13:53:19.808+0000] {logging_mixin.py:190} INFO - Skipping movie 1617818: could not fetch metadata.
[2026-06-30T13:53:21.481+0000] {logging_mixin.py:190} INFO - Skipping movie 1716185: could not fetch metadata.
[2026-06-30T13:53:22.342+0000] {logging_mixin.py:190} INFO - Skipping movie 1683444: could not fetch metadata.
[2026-06-30T13:53:23.554+0000] {logging_mixin.py:190} INFO - Skipping movie 1618005: could not fetch metadata.
[2026-06-30T13:53:24.910+0000] {logging_mixin.py:190} INFO - Skipping movie 1618045: could not fetch metadata.
[2026-06-30T13:53:25.197+0000] {logging_mixin.py:190} INFO - Skipping movie 1618056: could not fetch metadata.
[2026-06-30T13:53:25.399+0000] {logging_mixin.py:190} INFO - Skipping movie 1618060: could not fetch metadata.
[2026-06-30T13:53:25.911+0000] {logging_mixin.py:190} INFO - Skipping movie 1716401: could not fetch metadata.
[2026-06-30T13:53:26.178+0000] {logging_mixin.py:190} INFO - Skipping movie 1257658: could not fetch metadata.
[2026-06-30T13:53:26.262+0000] {logging_mixin.py:190} INFO - Skipping movie 1716416: could not fetch metadata.
[2026-06-30T13:53:26.579+0000] {logging_mixin.py:190} INFO - Skipping movie 1716422: could not fetch metadata.
[2026-06-30T13:53:28.254+0000] {logging_mixin.py:190} INFO - Skipping movie 1716506: could not fetch metadata.
[2026-06-30T13:53:33.140+0000] {logging_mixin.py:190} INFO - Skipping movie 1683924: could not fetch metadata.
[2026-06-30T13:53:33.681+0000] {logging_mixin.py:190} INFO - Skipping movie 1683922: could not fetch metadata.
[2026-06-30T13:53:36.507+0000] {logging_mixin.py:190} INFO - Skipping movie 1716915: could not fetch metadata.
[2026-06-30T13:53:38.228+0000] {logging_mixin.py:190} INFO - Skipping movie 1717003: could not fetch metadata.
[2026-06-30T13:53:38.381+0000] {logging_mixin.py:190} INFO - Skipping movie 1716982: could not fetch metadata.
[2026-06-30T13:53:40.955+0000] {logging_mixin.py:190} INFO - Skipping movie 635794: could not fetch metadata.
[2026-06-30T13:53:41.501+0000] {logging_mixin.py:190} INFO - Skipping movie 1717138: could not fetch metadata.
[2026-06-30T13:53:41.881+0000] {logging_mixin.py:190} INFO - Skipping movie 1717198: could not fetch metadata.
[2026-06-30T13:53:42.563+0000] {logging_mixin.py:190} INFO - Skipping movie 1586137: could not fetch metadata.
[2026-06-30T13:53:43.611+0000] {logging_mixin.py:190} INFO - Skipping movie 1717199: could not fetch metadata.
[2026-06-30T13:53:44.248+0000] {logging_mixin.py:190} INFO - Skipping movie 1717317: could not fetch metadata.
[2026-06-30T13:53:44.316+0000] {logging_mixin.py:190} INFO - Skipping movie 1717318: could not fetch metadata.
[2026-06-30T13:53:44.616+0000] {logging_mixin.py:190} INFO - Skipping movie 1717325: could not fetch metadata.
[2026-06-30T13:53:44.710+0000] {logging_mixin.py:190} INFO - Skipping movie 1717326: could not fetch metadata.
[2026-06-30T13:53:45.525+0000] {logging_mixin.py:190} INFO - Skipping movie 1324178: could not fetch metadata.
[2026-06-30T13:53:46.177+0000] {logging_mixin.py:190} INFO - Skipping movie 1717424: could not fetch metadata.
[2026-06-30T13:53:47.429+0000] {logging_mixin.py:190} INFO - Skipping movie 1717471: could not fetch metadata.
[2026-06-30T13:53:49.542+0000] {logging_mixin.py:190} INFO - Skipping movie 706099: could not fetch metadata.
[2026-06-30T13:53:50.156+0000] {logging_mixin.py:190} INFO - Skipping movie 1717590: could not fetch metadata.
[2026-06-30T13:53:51.519+0000] {logging_mixin.py:190} INFO - Skipping movie 1455506: could not fetch metadata.
[2026-06-30T13:53:52.572+0000] {logging_mixin.py:190} INFO - Skipping movie 1684935: could not fetch metadata.
[2026-06-30T13:53:54.494+0000] {logging_mixin.py:190} INFO - Skipping movie 1717810: could not fetch metadata.
[2026-06-30T13:53:55.172+0000] {logging_mixin.py:190} INFO - Skipping movie 1324604: could not fetch metadata.
[2026-06-30T13:53:55.345+0000] {logging_mixin.py:190} INFO - Skipping movie 1324609: could not fetch metadata.
[2026-06-30T13:53:55.358+0000] {logging_mixin.py:190} INFO - Skipping movie 1324611: could not fetch metadata.
[2026-06-30T13:53:55.426+0000] {logging_mixin.py:190} INFO - Skipping movie 1324614: could not fetch metadata.
[2026-06-30T13:53:55.542+0000] {logging_mixin.py:190} INFO - Skipping movie 1324617: could not fetch metadata.
[2026-06-30T13:53:55.719+0000] {logging_mixin.py:190} INFO - Skipping movie 1324619: could not fetch metadata.
[2026-06-30T13:53:56.032+0000] {logging_mixin.py:190} INFO - Skipping movie 1324627: could not fetch metadata.
[2026-06-30T13:53:56.312+0000] {logging_mixin.py:190} INFO - Skipping movie 1324636: could not fetch metadata.
[2026-06-30T13:53:56.396+0000] {logging_mixin.py:190} INFO - Skipping movie 1324639: could not fetch metadata.
[2026-06-30T13:53:56.481+0000] {logging_mixin.py:190} INFO - Skipping movie 1324643: could not fetch metadata.
[2026-06-30T13:53:56.548+0000] {logging_mixin.py:190} INFO - Skipping movie 1717865: could not fetch metadata.
[2026-06-30T13:53:56.611+0000] {logging_mixin.py:190} INFO - Skipping movie 1324650: could not fetch metadata.
[2026-06-30T13:53:57.055+0000] {logging_mixin.py:190} INFO - Skipping movie 1324674: could not fetch metadata.
[2026-06-30T13:53:57.341+0000] {logging_mixin.py:190} INFO - Skipping movie 1324657: could not fetch metadata.
[2026-06-30T13:53:57.474+0000] {logging_mixin.py:190} INFO - Skipping movie 1324664: could not fetch metadata.
[2026-06-30T13:53:57.490+0000] {logging_mixin.py:190} INFO - Skipping movie 1685130: could not fetch metadata.
[2026-06-30T13:53:57.686+0000] {logging_mixin.py:190} INFO - Skipping movie 1324666: could not fetch metadata.
[2026-06-30T13:53:57.864+0000] {logging_mixin.py:190} INFO - Skipping movie 1324669: could not fetch metadata.
[2026-06-30T13:53:58.059+0000] {logging_mixin.py:190} INFO - Skipping movie 1324673: could not fetch metadata.
[2026-06-30T13:53:59.566+0000] {logging_mixin.py:190} INFO - Skipping movie 1717981: could not fetch metadata.
[2026-06-30T13:53:59.909+0000] {logging_mixin.py:190} INFO - Skipping movie 1259239: could not fetch metadata.
[2026-06-30T13:53:59.938+0000] {logging_mixin.py:190} INFO - Skipping movie 1717992: could not fetch metadata.
[2026-06-30T13:54:00.331+0000] {logging_mixin.py:190} INFO - Skipping movie 1689633: could not fetch metadata.
[2026-06-30T13:54:00.479+0000] {logging_mixin.py:190} INFO - Skipping movie 1718005: could not fetch metadata.
[2026-06-30T13:54:00.540+0000] {logging_mixin.py:190} INFO - Skipping movie 1722201: could not fetch metadata.
[2026-06-30T13:54:01.536+0000] {logging_mixin.py:190} INFO - Skipping movie 1722213: could not fetch metadata.
[2026-06-30T13:54:02.638+0000] {logging_mixin.py:190} INFO - Skipping movie 1718118: could not fetch metadata.
[2026-06-30T13:54:06.155+0000] {logging_mixin.py:190} INFO - Skipping movie 1722260: could not fetch metadata.
[2026-06-30T13:54:09.487+0000] {logging_mixin.py:190} INFO - Skipping movie 1489139: could not fetch metadata.
[2026-06-30T13:54:10.052+0000] {logging_mixin.py:190} INFO - Skipping movie 1718527: could not fetch metadata.
[2026-06-30T13:54:10.496+0000] {logging_mixin.py:190} INFO - Skipping movie 1718495: could not fetch metadata.
[2026-06-30T13:54:11.747+0000] {logging_mixin.py:190} INFO - Skipping movie 1718623: could not fetch metadata.
[2026-06-30T13:54:12.439+0000] {logging_mixin.py:190} INFO - Skipping movie 1718640: could not fetch metadata.
[2026-06-30T13:54:12.444+0000] {logging_mixin.py:190} INFO - Skipping movie 1325433: could not fetch metadata.
[2026-06-30T13:54:12.559+0000] {logging_mixin.py:190} INFO - Skipping movie 1063264: could not fetch metadata.
[2026-06-30T13:54:13.202+0000] {logging_mixin.py:190} INFO - Skipping movie 1325460: could not fetch metadata.
[2026-06-30T13:54:13.730+0000] {logging_mixin.py:190} INFO - Skipping movie 1718634: could not fetch metadata.
[2026-06-30T13:54:13.926+0000] {logging_mixin.py:190} INFO - Skipping movie 1718689: could not fetch metadata.
[2026-06-30T13:54:14.787+0000] {logging_mixin.py:190} INFO - Skipping movie 1685945: could not fetch metadata.
[2026-06-30T13:54:15.407+0000] {logging_mixin.py:190} INFO - Skipping movie 1685943: could not fetch metadata.
[2026-06-30T13:54:16.627+0000] {logging_mixin.py:190} INFO - Skipping movie 1128954: could not fetch metadata.
[2026-06-30T13:54:16.745+0000] {logging_mixin.py:190} INFO - Skipping movie 1718781: could not fetch metadata.
[2026-06-30T13:54:17.305+0000] {logging_mixin.py:190} INFO - Skipping movie 1718800: could not fetch metadata.
[2026-06-30T13:54:17.948+0000] {logging_mixin.py:190} INFO - Skipping movie 1718812: could not fetch metadata.
[2026-06-30T13:54:18.833+0000] {logging_mixin.py:190} INFO - Skipping movie 1722365: could not fetch metadata.
[2026-06-30T13:54:19.377+0000] {logging_mixin.py:190} INFO - Skipping movie 1718843: could not fetch metadata.
[2026-06-30T13:54:20.800+0000] {logging_mixin.py:190} INFO - Skipping movie 1325723: could not fetch metadata.
[2026-06-30T13:54:20.849+0000] {logging_mixin.py:190} INFO - Skipping movie 1325725: could not fetch metadata.
[2026-06-30T13:54:20.853+0000] {logging_mixin.py:190} INFO - Skipping movie 1325724: could not fetch metadata.
[2026-06-30T13:54:20.870+0000] {logging_mixin.py:190} INFO - Skipping movie 1325726: could not fetch metadata.
[2026-06-30T13:54:21.069+0000] {logging_mixin.py:190} INFO - Skipping movie 1325731: could not fetch metadata.
[2026-06-30T13:54:21.312+0000] {logging_mixin.py:190} INFO - Skipping movie 1325728: could not fetch metadata.
[2026-06-30T13:54:21.403+0000] {logging_mixin.py:190} INFO - Skipping movie 1718979: could not fetch metadata.
[2026-06-30T13:54:22.967+0000] {logging_mixin.py:190} INFO - Skipping movie 1722398: could not fetch metadata.
[2026-06-30T13:54:23.018+0000] {logging_mixin.py:190} INFO - Skipping movie 1129184: could not fetch metadata.
[2026-06-30T13:54:23.023+0000] {logging_mixin.py:190} INFO - Skipping movie 1129185: could not fetch metadata.
[2026-06-30T13:54:24.224+0000] {logging_mixin.py:190} INFO - Skipping movie 1719069: could not fetch metadata.
[2026-06-30T13:54:24.275+0000] {logging_mixin.py:190} INFO - Skipping movie 1719072: could not fetch metadata.
[2026-06-30T13:54:24.465+0000] {logging_mixin.py:190} INFO - Skipping movie 1719076: could not fetch metadata.
[2026-06-30T13:54:27.480+0000] {logging_mixin.py:190} INFO - Skipping movie 1719214: could not fetch metadata.
[2026-06-30T13:54:28.601+0000] {logging_mixin.py:190} INFO - Skipping movie 1719272: could not fetch metadata.
[2026-06-30T13:54:29.650+0000] {logging_mixin.py:190} INFO - Skipping movie 1719301: could not fetch metadata.
[2026-06-30T13:54:31.636+0000] {logging_mixin.py:190} INFO - Skipping movie 1686610: could not fetch metadata.
[2026-06-30T13:54:33.663+0000] {logging_mixin.py:190} INFO - Skipping movie 1686703: could not fetch metadata.
[2026-06-30T13:54:35.198+0000] {logging_mixin.py:190} INFO - Skipping movie 1719547: could not fetch metadata.
[2026-06-30T13:54:35.863+0000] {logging_mixin.py:190} INFO - Skipping movie 1719542: could not fetch metadata.
[2026-06-30T13:54:36.856+0000] {logging_mixin.py:190} INFO - Skipping movie 1719608: could not fetch metadata.
[2026-06-30T13:54:37.251+0000] {logging_mixin.py:190} INFO - Skipping movie 1719628: could not fetch metadata.
[2026-06-30T13:54:40.628+0000] {logging_mixin.py:190} INFO - Skipping movie 1555931: could not fetch metadata.
[2026-06-30T13:54:42.621+0000] {logging_mixin.py:190} INFO - Skipping movie 1457706: could not fetch metadata.
[2026-06-30T13:54:43.459+0000] {logging_mixin.py:190} INFO - Skipping movie 1722570: could not fetch metadata.
[2026-06-30T13:54:44.205+0000] {logging_mixin.py:190} INFO - Skipping movie 1162855: could not fetch metadata.
[2026-06-30T13:54:46.557+0000] {logging_mixin.py:190} INFO - Skipping movie 1720003: could not fetch metadata.
[2026-06-30T13:54:49.181+0000] {logging_mixin.py:190} INFO - Skipping movie 1720124: could not fetch metadata.
[2026-06-30T13:54:49.182+0000] {logging_mixin.py:190} INFO - Skipping movie 1720123: could not fetch metadata.
[2026-06-30T13:54:49.423+0000] {logging_mixin.py:190} INFO - Skipping movie 1720127: could not fetch metadata.
[2026-06-30T13:54:50.293+0000] {logging_mixin.py:190} INFO - Skipping movie 1722630: could not fetch metadata.
[2026-06-30T13:54:53.606+0000] {logging_mixin.py:190} INFO - Skipping movie 1720256: could not fetch metadata.
[2026-06-30T13:54:54.154+0000] {logging_mixin.py:190} INFO - Skipping movie 1720276: could not fetch metadata.
[2026-06-30T13:54:54.503+0000] {logging_mixin.py:190} INFO - Skipping movie 1720293: could not fetch metadata.
[2026-06-30T13:54:56.238+0000] {logging_mixin.py:190} INFO - Skipping movie 1720346: could not fetch metadata.
[2026-06-30T13:54:56.741+0000] {logging_mixin.py:190} INFO - Skipping movie 1720382: could not fetch metadata.
[2026-06-30T13:54:57.665+0000] {logging_mixin.py:190} INFO - Skipping movie 1720389: could not fetch metadata.
[2026-06-30T13:54:57.920+0000] {logging_mixin.py:190} INFO - Skipping movie 1720395: could not fetch metadata.
[2026-06-30T13:54:57.948+0000] {logging_mixin.py:190} INFO - Skipping movie 1720447: could not fetch metadata.
[2026-06-30T13:54:59.254+0000] {logging_mixin.py:190} INFO - Skipping movie 1720507: could not fetch metadata.
[2026-06-30T13:54:59.684+0000] {logging_mixin.py:190} INFO - Skipping movie 1458379: could not fetch metadata.
[2026-06-30T13:55:00.234+0000] {logging_mixin.py:190} INFO - Skipping movie 1720538: could not fetch metadata.
[2026-06-30T13:55:00.351+0000] {logging_mixin.py:190} INFO - Skipping movie 1720530: could not fetch metadata.
[2026-06-30T13:55:00.499+0000] {logging_mixin.py:190} INFO - Skipping movie 1720545: could not fetch metadata.
[2026-06-30T13:55:00.728+0000] {logging_mixin.py:190} INFO - Skipping movie 1720553: could not fetch metadata.
[2026-06-30T13:55:00.732+0000] {logging_mixin.py:190} INFO - Skipping movie 1720552: could not fetch metadata.
[2026-06-30T13:55:00.765+0000] {logging_mixin.py:190} INFO - Skipping movie 1720533: could not fetch metadata.
[2026-06-30T13:55:01.595+0000] {logging_mixin.py:190} INFO - Skipping movie 1458449: could not fetch metadata.
[2026-06-30T13:55:03.404+0000] {logging_mixin.py:190} INFO - Skipping movie 1722726: could not fetch metadata.
[2026-06-30T13:55:03.897+0000] {logging_mixin.py:190} INFO - Skipping movie 1720672: could not fetch metadata.
[2026-06-30T13:55:06.130+0000] {logging_mixin.py:190} INFO - Skipping movie 1720705: could not fetch metadata.
[2026-06-30T13:55:06.698+0000] {logging_mixin.py:190} INFO - Skipping movie 1720760: could not fetch metadata.
[2026-06-30T13:55:07.927+0000] {logging_mixin.py:190} INFO - Skipping movie 1688026: could not fetch metadata.
[2026-06-30T13:55:08.100+0000] {logging_mixin.py:190} INFO - Skipping movie 1589728: could not fetch metadata.
[2026-06-30T13:55:08.892+0000] {logging_mixin.py:190} INFO - Skipping movie 1720835: could not fetch metadata.
[2026-06-30T13:55:10.433+0000] {logging_mixin.py:190} INFO - Skipping movie 1720887: could not fetch metadata.
[2026-06-30T13:55:12.405+0000] {logging_mixin.py:190} INFO - Skipping movie 1720951: could not fetch metadata.
[2026-06-30T13:55:12.461+0000] {logging_mixin.py:190} INFO - Skipping movie 1688185: could not fetch metadata.
[2026-06-30T13:55:13.711+0000] {logging_mixin.py:190} INFO - Skipping movie 1720971: could not fetch metadata.
[2026-06-30T13:55:17.132+0000] {logging_mixin.py:190} INFO - Skipping movie 1721077: could not fetch metadata.
[2026-06-30T13:55:17.867+0000] {logging_mixin.py:190} INFO - Skipping movie 1721091: could not fetch metadata.
[2026-06-30T13:55:18.093+0000] {logging_mixin.py:190} INFO - Skipping movie 1721096: could not fetch metadata.
[2026-06-30T13:55:18.443+0000] {logging_mixin.py:190} INFO - Skipping movie 1721117: could not fetch metadata.
[2026-06-30T13:55:19.324+0000] {logging_mixin.py:190} INFO - Skipping movie 1721136: could not fetch metadata.
[2026-06-30T13:55:19.803+0000] {logging_mixin.py:190} INFO - Skipping movie 1721143: could not fetch metadata.
[2026-06-30T13:55:19.902+0000] {logging_mixin.py:190} INFO - Skipping movie 1721145: could not fetch metadata.
[2026-06-30T13:55:21.307+0000] {logging_mixin.py:190} INFO - Skipping movie 1721133: could not fetch metadata.
[2026-06-30T13:55:21.425+0000] {logging_mixin.py:190} INFO - Skipping movie 1721178: could not fetch metadata.
[2026-06-30T13:55:21.651+0000] {logging_mixin.py:190} INFO - Skipping movie 1721182: could not fetch metadata.
[2026-06-30T13:55:22.223+0000] {logging_mixin.py:190} INFO - Skipping movie 1721196: could not fetch metadata.
[2026-06-30T13:55:22.697+0000] {logging_mixin.py:190} INFO - Skipping movie 1721210: could not fetch metadata.
[2026-06-30T13:55:23.774+0000] {logging_mixin.py:190} INFO - Skipping movie 1721230: could not fetch metadata.
[2026-06-30T13:55:26.357+0000] {logging_mixin.py:190} INFO - Skipping movie 1721293: could not fetch metadata.
[2026-06-30T13:55:26.698+0000] {logging_mixin.py:190} INFO - Skipping movie 1721304: could not fetch metadata.
[2026-06-30T13:55:27.831+0000] {logging_mixin.py:190} INFO - Skipping movie 1721332: could not fetch metadata.
[2026-06-30T13:55:27.979+0000] {logging_mixin.py:190} INFO - Skipping movie 1721334: could not fetch metadata.
[2026-06-30T13:55:28.041+0000] {logging_mixin.py:190} INFO - Skipping movie 1721335: could not fetch metadata.
[2026-06-30T13:55:28.084+0000] {logging_mixin.py:190} INFO - Skipping movie 1721337: could not fetch metadata.
[2026-06-30T13:55:28.223+0000] {logging_mixin.py:190} INFO - Skipping movie 1721343: could not fetch metadata.
[2026-06-30T13:55:28.777+0000] {logging_mixin.py:190} INFO - Skipping movie 1721351: could not fetch metadata.
[2026-06-30T13:55:29.018+0000] {logging_mixin.py:190} INFO - Skipping movie 1721356: could not fetch metadata.
[2026-06-30T13:55:29.263+0000] {logging_mixin.py:190} INFO - Skipping movie 1721358: could not fetch metadata.
[2026-06-30T13:55:29.302+0000] {logging_mixin.py:190} INFO - Skipping movie 1721360: could not fetch metadata.
[2026-06-30T13:55:29.498+0000] {logging_mixin.py:190} INFO - Skipping movie 1721362: could not fetch metadata.
[2026-06-30T13:55:29.583+0000] {logging_mixin.py:190} INFO - Skipping movie 1721365: could not fetch metadata.
[2026-06-30T13:55:29.879+0000] {logging_mixin.py:190} INFO - Skipping movie 1721372: could not fetch metadata.
[2026-06-30T13:55:30.208+0000] {logging_mixin.py:190} INFO - Skipping movie 1721376: could not fetch metadata.
[2026-06-30T13:55:31.153+0000] {logging_mixin.py:190} INFO - Skipping movie 1721407: could not fetch metadata.
[2026-06-30T13:55:31.589+0000] {logging_mixin.py:190} INFO - Skipping movie 1721413: could not fetch metadata.
[2026-06-30T13:55:32.052+0000] {logging_mixin.py:190} INFO - Skipping movie 1721424: could not fetch metadata.
[2026-06-30T13:55:32.188+0000] {logging_mixin.py:190} INFO - Skipping movie 1721402: could not fetch metadata.
[2026-06-30T13:55:32.731+0000] {logging_mixin.py:190} INFO - Skipping movie 1721449: could not fetch metadata.
[2026-06-30T13:55:32.798+0000] {logging_mixin.py:190} INFO - Skipping movie 1721440: could not fetch metadata.
[2026-06-30T13:55:33.133+0000] {logging_mixin.py:190} INFO - Skipping movie 1721445: could not fetch metadata.
[2026-06-30T13:55:33.751+0000] {logging_mixin.py:190} INFO - Skipping movie 1721466: could not fetch metadata.
[2026-06-30T13:55:34.741+0000] {logging_mixin.py:190} INFO - Skipping movie 1721490: could not fetch metadata.
[2026-06-30T13:55:34.886+0000] {logging_mixin.py:190} INFO - Skipping movie 1721456: could not fetch metadata.
[2026-06-30T13:55:34.894+0000] {logging_mixin.py:190} INFO - Skipping movie 1721496: could not fetch metadata.
[2026-06-30T13:55:35.167+0000] {logging_mixin.py:190} INFO - Skipping movie 1721503: could not fetch metadata.
[2026-06-30T13:55:35.438+0000] {logging_mixin.py:190} INFO - Skipping movie 1721505: could not fetch metadata.
[2026-06-30T13:55:35.745+0000] {logging_mixin.py:190} INFO - Skipping movie 1721514: could not fetch metadata.
[2026-06-30T13:55:36.440+0000] {logging_mixin.py:190} INFO - Skipping movie 1721529: could not fetch metadata.
[2026-06-30T13:55:36.529+0000] {logging_mixin.py:190} INFO - Skipping movie 1721531: could not fetch metadata.
[2026-06-30T13:55:37.008+0000] {logging_mixin.py:190} INFO - Skipping movie 1721538: could not fetch metadata.
[2026-06-30T13:55:37.270+0000] {logging_mixin.py:190} INFO - Skipping movie 1721544: could not fetch metadata.
[2026-06-30T13:55:37.654+0000] {logging_mixin.py:190} INFO - Skipping movie 1721525: could not fetch metadata.
[2026-06-30T13:55:37.809+0000] {logging_mixin.py:190} INFO - Skipping movie 1721555: could not fetch metadata.
[2026-06-30T13:55:38.050+0000] {logging_mixin.py:190} INFO - Skipping movie 1721564: could not fetch metadata.
[2026-06-30T13:55:38.694+0000] {logging_mixin.py:190} INFO - Skipping movie 1721570: could not fetch metadata.
[2026-06-30T13:55:39.920+0000] {logging_mixin.py:190} INFO - Skipping movie 1721610: could not fetch metadata.
[2026-06-30T13:55:40.237+0000] {logging_mixin.py:190} INFO - Skipping movie 1721619: could not fetch metadata.
[2026-06-30T13:55:40.527+0000] {logging_mixin.py:190} INFO - Skipping movie 1721625: could not fetch metadata.
[2026-06-30T13:55:40.609+0000] {logging_mixin.py:190} INFO - Skipping movie 1721628: could not fetch metadata.
[2026-06-30T13:55:40.855+0000] {logging_mixin.py:190} INFO - Skipping movie 1721632: could not fetch metadata.
[2026-06-30T13:55:40.909+0000] {logging_mixin.py:190} INFO - Skipping movie 1721633: could not fetch metadata.
[2026-06-30T13:55:40.935+0000] {logging_mixin.py:190} INFO - Skipping movie 1721635: could not fetch metadata.
[2026-06-30T13:55:41.074+0000] {logging_mixin.py:190} INFO - Skipping movie 1721638: could not fetch metadata.
[2026-06-30T13:55:41.216+0000] {logging_mixin.py:190} INFO - Skipping movie 1721641: could not fetch metadata.
[2026-06-30T13:55:41.242+0000] {logging_mixin.py:190} INFO - Skipping movie 1721643: could not fetch metadata.
[2026-06-30T13:55:41.692+0000] {logging_mixin.py:190} INFO - Skipping movie 1721651: could not fetch metadata.
[2026-06-30T13:55:41.758+0000] {logging_mixin.py:190} INFO - Skipping movie 1721653: could not fetch metadata.
[2026-06-30T13:55:41.868+0000] {logging_mixin.py:190} INFO - Skipping movie 1721654: could not fetch metadata.
[2026-06-30T13:55:42.314+0000] {logging_mixin.py:190} INFO - Skipping movie 1721652: could not fetch metadata.
[2026-06-30T13:55:42.321+0000] {logging_mixin.py:190} INFO - Skipping movie 1721658: could not fetch metadata.
[2026-06-30T13:55:43.071+0000] {logging_mixin.py:190} INFO - Skipping movie 1721664: could not fetch metadata.
[2026-06-30T13:55:43.075+0000] {logging_mixin.py:190} INFO - Skipping movie 1721665: could not fetch metadata.
[2026-06-30T13:55:43.411+0000] {logging_mixin.py:190} INFO - Skipping movie 1721671: could not fetch metadata.
[2026-06-30T13:55:43.603+0000] {logging_mixin.py:190} INFO - Skipping movie 1721676: could not fetch metadata.
[2026-06-30T13:55:43.961+0000] {logging_mixin.py:190} INFO - Skipping movie 1721679: could not fetch metadata.
[2026-06-30T13:55:45.851+0000] {logging_mixin.py:190} INFO - Skipping movie 1688940: could not fetch metadata.
[2026-06-30T13:55:45.937+0000] {logging_mixin.py:190} INFO - Skipping movie 1721710: could not fetch metadata.
[2026-06-30T13:55:47.676+0000] {logging_mixin.py:190} INFO - Skipping movie 1721741: could not fetch metadata.
[2026-06-30T13:55:47.756+0000] {logging_mixin.py:190} INFO - Skipping movie 1721746: could not fetch metadata.
[2026-06-30T13:55:47.826+0000] {logging_mixin.py:190} INFO - Skipping movie 1721744: could not fetch metadata.
[2026-06-30T13:55:47.945+0000] {logging_mixin.py:190} INFO - Skipping movie 1721740: could not fetch metadata.
[2026-06-30T13:55:48.929+0000] {logging_mixin.py:190} INFO - Skipping movie 1721767: could not fetch metadata.
[2026-06-30T13:55:49.193+0000] {logging_mixin.py:190} INFO - Skipping movie 1721770: could not fetch metadata.
[2026-06-30T13:55:49.196+0000] {logging_mixin.py:190} INFO - Skipping movie 1721773: could not fetch metadata.
[2026-06-30T13:55:49.897+0000] {logging_mixin.py:190} INFO - Skipping movie 1033655: could not fetch metadata.
[2026-06-30T13:55:50.149+0000] {logging_mixin.py:190} INFO - Skipping movie 1721781: could not fetch metadata.
[2026-06-30T13:55:50.152+0000] {logging_mixin.py:190} INFO - Skipping movie 1721780: could not fetch metadata.
[2026-06-30T13:55:50.519+0000] {logging_mixin.py:190} INFO - Skipping movie 1721786: could not fetch metadata.
[2026-06-30T13:55:52.246+0000] {logging_mixin.py:190} INFO - Skipping movie 1721815: could not fetch metadata.
[2026-06-30T13:55:52.287+0000] {logging_mixin.py:190} INFO - Skipping movie 1721819: could not fetch metadata.
[2026-06-30T13:55:52.825+0000] {logging_mixin.py:190} INFO - Skipping movie 1721816: could not fetch metadata.
[2026-06-30T13:55:53.876+0000] {logging_mixin.py:190} INFO - Skipping movie 1721840: could not fetch metadata.
[2026-06-30T13:55:54.777+0000] {logging_mixin.py:190} INFO - Skipping movie 1721859: could not fetch metadata.
[2026-06-30T13:55:55.136+0000] {logging_mixin.py:190} INFO - Skipping movie 1721868: could not fetch metadata.
[2026-06-30T13:55:56.270+0000] {logging_mixin.py:190} INFO - Skipping movie 1721887: could not fetch metadata.
[2026-06-30T13:55:56.808+0000] {logging_mixin.py:190} INFO - Skipping movie 1656347: could not fetch metadata.
[2026-06-30T13:55:58.228+0000] {logging_mixin.py:190} INFO - Skipping movie 1721906: could not fetch metadata.
[2026-06-30T13:55:58.373+0000] {logging_mixin.py:190} INFO - Skipping movie 1721910: could not fetch metadata.
[2026-06-30T13:56:00.426+0000] {logging_mixin.py:190} INFO - Skipping movie 1721953: could not fetch metadata.
[2026-06-30T13:56:04.151+0000] {logging_mixin.py:190} INFO - Skipping movie 1722019: could not fetch metadata.
[2026-06-30T13:56:04.374+0000] {logging_mixin.py:190} INFO - Skipping movie 1722026: could not fetch metadata.
[2026-06-30T13:56:08.031+0000] {logging_mixin.py:190} INFO - Skipping movie 1722093: could not fetch metadata.
[2026-06-30T13:56:08.104+0000] {logging_mixin.py:190} INFO - Skipping movie 1722095: could not fetch metadata.
[2026-06-30T13:56:08.272+0000] {logging_mixin.py:190} INFO - Skipping movie 1722096: could not fetch metadata.
[2026-06-30T13:56:09.242+0000] {logging_mixin.py:190} INFO - Skipping movie 1722121: could not fetch metadata.
[2026-06-30T13:56:11.218+0000] {logging_mixin.py:190} INFO - Skipping movie 1722160: could not fetch metadata.
[2026-06-30T13:56:11.250+0000] {logging_mixin.py:190} INFO - Skipping movie 1722159: could not fetch metadata.
[2026-06-30T13:56:11.439+0000] {logging_mixin.py:190} INFO - Skipping movie 1722164: could not fetch metadata.
[2026-06-30T13:56:12.029+0000] {logging_mixin.py:190} INFO - Skipping movie 1722181: could not fetch metadata.
[2026-06-30T13:56:12.210+0000] {logging_mixin.py:190} INFO - Skipping movie 1722185: could not fetch metadata.
[2026-06-30T13:56:12.351+0000] {logging_mixin.py:190} INFO - Skipping movie 1722188: could not fetch metadata.
[2026-06-30T13:56:12.540+0000] {logging_mixin.py:190} INFO - Skipping movie 1722192: could not fetch metadata.
[2026-06-30T13:56:12.544+0000] {logging_mixin.py:190} INFO - Skipping movie 1722191: could not fetch metadata.
[2026-06-30T13:56:13.100+0000] {logging_mixin.py:190} INFO - Skipping movie 1722200: could not fetch metadata.
[2026-06-30T13:56:13.335+0000] {logging_mixin.py:190} INFO - Skipping movie 1722182: could not fetch metadata.
[2026-06-30T13:56:13.500+0000] {logging_mixin.py:190} INFO - Skipping movie 1689447: could not fetch metadata.
[2026-06-30T13:56:13.571+0000] {logging_mixin.py:190} INFO - Skipping movie 1722207: could not fetch metadata.
[2026-06-30T13:56:13.699+0000] {logging_mixin.py:190} INFO - Skipping movie 1722212: could not fetch metadata.
[2026-06-30T13:56:14.578+0000] {logging_mixin.py:190} INFO - Skipping movie 1722232: could not fetch metadata.
[2026-06-30T13:56:16.889+0000] {logging_mixin.py:190} INFO - Skipping movie 1722274: could not fetch metadata.
[2026-06-30T13:56:20.199+0000] {logging_mixin.py:190} INFO - Skipping movie 1722344: could not fetch metadata.
[2026-06-30T13:56:20.727+0000] {logging_mixin.py:190} INFO - Skipping movie 1722352: could not fetch metadata.
[2026-06-30T13:56:21.247+0000] {logging_mixin.py:190} INFO - Skipping movie 1722363: could not fetch metadata.
[2026-06-30T13:56:21.560+0000] {logging_mixin.py:190} INFO - Skipping movie 1722371: could not fetch metadata.
[2026-06-30T13:56:24.820+0000] {logging_mixin.py:190} INFO - Skipping movie 1722447: could not fetch metadata.
[2026-06-30T13:56:27.704+0000] {logging_mixin.py:190} INFO - Skipping movie 1722492: could not fetch metadata.
[2026-06-30T13:56:27.862+0000] {logging_mixin.py:190} INFO - Skipping movie 1722508: could not fetch metadata.
[2026-06-30T13:56:27.875+0000] {logging_mixin.py:190} INFO - Skipping movie 1722509: could not fetch metadata.
[2026-06-30T13:56:28.298+0000] {logging_mixin.py:190} INFO - Skipping movie 1722520: could not fetch metadata.
[2026-06-30T13:56:28.887+0000] {logging_mixin.py:190} INFO - Skipping movie 1722539: could not fetch metadata.
[2026-06-30T13:56:29.962+0000] {logging_mixin.py:190} INFO - Skipping movie 1722558: could not fetch metadata.
[2026-06-30T13:56:32.299+0000] {logging_mixin.py:190} INFO - Skipping movie 1722616: could not fetch metadata.
[2026-06-30T13:56:33.607+0000] {logging_mixin.py:190} INFO - Skipping movie 1722636: could not fetch metadata.
[2026-06-30T13:56:34.063+0000] {logging_mixin.py:190} INFO - Skipping movie 1722653: could not fetch metadata.
[2026-06-30T13:56:35.091+0000] {logging_mixin.py:190} INFO - Skipping movie 1722676: could not fetch metadata.
[2026-06-30T13:56:36.959+0000] {logging_mixin.py:190} INFO - Skipping movie 1624427: could not fetch metadata.
[2026-06-30T13:56:38.238+0000] {logging_mixin.py:190} INFO - Skipping movie 1722747: could not fetch metadata.
[2026-06-30T13:56:41.716+0000] {logging_mixin.py:190} INFO - Skipping movie 903648: could not fetch metadata.
[2026-06-30T13:56:41.827+0000] {logging_mixin.py:190} INFO - Skipping movie 1722843: could not fetch metadata.
[2026-06-30T13:56:43.670+0000] {logging_mixin.py:190} INFO - Skipping movie 1722874: could not fetch metadata.
[2026-06-30T13:56:43.736+0000] {logging_mixin.py:190} INFO - Skipping movie 1722887: could not fetch metadata.
[2026-06-30T13:56:45.938+0000] {logging_mixin.py:190} INFO - Skipping movie 346670: could not fetch metadata.
[2026-06-30T13:56:48.202+0000] {logging_mixin.py:190} INFO - Skipping movie 1722994: could not fetch metadata.
[2026-06-30T13:56:49.491+0000] {logging_mixin.py:190} INFO - Skipping movie 1723026: could not fetch metadata.
[2026-06-30T13:56:50.302+0000] {logging_mixin.py:190} INFO - Skipping movie 1723039: could not fetch metadata.
[2026-06-30T13:56:50.775+0000] {logging_mixin.py:190} INFO - Skipping movie 1723057: could not fetch metadata.
[2026-06-30T13:56:50.797+0000] {logging_mixin.py:190} INFO - Skipping movie 1690299: could not fetch metadata.
[2026-06-30T13:56:51.049+0000] {logging_mixin.py:190} INFO - Skipping movie 1690305: could not fetch metadata.
[2026-06-30T13:56:53.860+0000] {logging_mixin.py:190} INFO - Skipping movie 1723128: could not fetch metadata.
[2026-06-30T13:56:54.158+0000] {logging_mixin.py:190} INFO - Skipping movie 1657608: could not fetch metadata.
[2026-06-30T13:56:58.498+0000] {logging_mixin.py:190} INFO - Skipping movie 1723231: could not fetch metadata.
[2026-06-30T13:56:58.594+0000] {logging_mixin.py:190} INFO - Skipping movie 1723234: could not fetch metadata.
[2026-06-30T13:56:58.704+0000] {logging_mixin.py:190} INFO - Skipping movie 1723236: could not fetch metadata.
[2026-06-30T13:56:58.940+0000] {logging_mixin.py:190} INFO - Skipping movie 1723241: could not fetch metadata.
[2026-06-30T13:56:59.896+0000] {logging_mixin.py:190} INFO - Skipping movie 1723269: could not fetch metadata.
[2026-06-30T13:57:00.862+0000] {logging_mixin.py:190} INFO - Skipping movie 1559457: could not fetch metadata.
[2026-06-30T13:57:02.567+0000] {logging_mixin.py:190} INFO - Skipping movie 1723326: could not fetch metadata.
[2026-06-30T13:57:05.696+0000] {logging_mixin.py:190} INFO - Skipping movie 1625098: could not fetch metadata.
[2026-06-30T13:57:05.963+0000] {logging_mixin.py:190} INFO - Skipping movie 1723399: could not fetch metadata.
[2026-06-30T13:57:13.177+0000] {logging_mixin.py:190} INFO - Skipping movie 1658034: could not fetch metadata.
[2026-06-30T13:57:15.576+0000] {logging_mixin.py:190} INFO - Skipping movie 1527017: could not fetch metadata.
[2026-06-30T13:57:19.828+0000] {logging_mixin.py:190} INFO - Skipping movie 1625540: could not fetch metadata.
[2026-06-30T13:57:20.305+0000] {logging_mixin.py:190} INFO - Skipping movie 1658334: could not fetch metadata.
[2026-06-30T13:57:20.416+0000] {logging_mixin.py:190} INFO - Skipping movie 1134060: could not fetch metadata.
[2026-06-30T13:57:20.986+0000] {logging_mixin.py:190} INFO - Skipping movie 1722736: could not fetch metadata.
[2026-06-30T13:57:25.277+0000] {logging_mixin.py:190} INFO - Skipping movie 1592981: could not fetch metadata.
[2026-06-30T13:57:27.485+0000] {logging_mixin.py:190} INFO - Skipping movie 1691461: could not fetch metadata.
[2026-06-30T13:57:27.893+0000] {logging_mixin.py:190} INFO - Skipping movie 1625955: could not fetch metadata.
[2026-06-30T13:57:28.065+0000] {logging_mixin.py:190} INFO - Skipping movie 1691475: could not fetch metadata.
[2026-06-30T13:57:30.093+0000] {logging_mixin.py:190} INFO - Skipping movie 1691601: could not fetch metadata.
[2026-06-30T13:57:30.223+0000] {logging_mixin.py:190} INFO - Skipping movie 1691612: could not fetch metadata.
[2026-06-30T13:57:30.494+0000] {logging_mixin.py:190} INFO - Skipping movie 1691620: could not fetch metadata.
[2026-06-30T13:57:30.562+0000] {logging_mixin.py:190} INFO - Skipping movie 1723469: could not fetch metadata.
[2026-06-30T13:57:31.355+0000] {logging_mixin.py:190} INFO - Skipping movie 1691641: could not fetch metadata.
[2026-06-30T13:57:31.428+0000] {logging_mixin.py:190} INFO - Skipping movie 1691649: could not fetch metadata.
[2026-06-30T13:57:32.095+0000] {logging_mixin.py:190} INFO - Skipping movie 970818: could not fetch metadata.
[2026-06-30T13:57:35.102+0000] {logging_mixin.py:190} INFO - Skipping movie 1691877: could not fetch metadata.
[2026-06-30T13:57:35.375+0000] {logging_mixin.py:190} INFO - Skipping movie 1691880: could not fetch metadata.
[2026-06-30T13:57:36.921+0000] {logging_mixin.py:190} INFO - Skipping movie 1691952: could not fetch metadata.
[2026-06-30T13:57:38.175+0000] {logging_mixin.py:190} INFO - Skipping movie 1691992: could not fetch metadata.
[2026-06-30T13:57:38.460+0000] {logging_mixin.py:190} INFO - Skipping movie 1692000: could not fetch metadata.
[2026-06-30T13:57:38.726+0000] {logging_mixin.py:190} INFO - Skipping movie 1692019: could not fetch metadata.
[2026-06-30T13:57:38.871+0000] {logging_mixin.py:190} INFO - Skipping movie 1626490: could not fetch metadata.
[2026-06-30T13:57:39.250+0000] {logging_mixin.py:190} INFO - Skipping movie 1692052: could not fetch metadata.
[2026-06-30T13:57:39.501+0000] {logging_mixin.py:190} INFO - Skipping movie 1692033: could not fetch metadata.
[2026-06-30T13:57:39.572+0000] {logging_mixin.py:190} INFO - Skipping movie 1626531: could not fetch metadata.
[2026-06-30T13:57:40.048+0000] {logging_mixin.py:190} INFO - Skipping movie 1626546: could not fetch metadata.
[2026-06-30T13:57:40.063+0000] {logging_mixin.py:190} INFO - Skipping movie 1692047: could not fetch metadata.
[2026-06-30T13:57:40.695+0000] {logging_mixin.py:190} INFO - Skipping movie 1626560: could not fetch metadata.
[2026-06-30T13:57:40.903+0000] {logging_mixin.py:190} INFO - Skipping movie 1692110: could not fetch metadata.
[2026-06-30T13:57:41.154+0000] {logging_mixin.py:190} INFO - Skipping movie 1692115: could not fetch metadata.
[2026-06-30T13:57:41.690+0000] {logging_mixin.py:190} INFO - Skipping movie 1298916: could not fetch metadata.
[2026-06-30T13:57:44.204+0000] {logging_mixin.py:190} INFO - Skipping movie 1692312: could not fetch metadata.
[2026-06-30T13:57:44.292+0000] {logging_mixin.py:190} INFO - Skipping movie 1692316: could not fetch metadata.
[2026-06-30T13:57:56.373+0000] {logging_mixin.py:190} INFO - Skipping movie 1627573: could not fetch metadata.
[2026-06-30T13:57:58.229+0000] {logging_mixin.py:190} INFO - Skipping movie 1267171: could not fetch metadata.
[2026-06-30T13:57:58.547+0000] {logging_mixin.py:190} INFO - Skipping movie 1201635: could not fetch metadata.
[2026-06-30T13:58:03.339+0000] {logging_mixin.py:190} INFO - Skipping movie 1595190: could not fetch metadata.
[2026-06-30T13:58:05.265+0000] {logging_mixin.py:190} INFO - Skipping movie 1693610: could not fetch metadata.
[2026-06-30T13:58:13.719+0000] {logging_mixin.py:190} INFO - Skipping movie 1464771: could not fetch metadata.
[2026-06-30T13:58:15.185+0000] {logging_mixin.py:190} INFO - Skipping movie 1694291: could not fetch metadata.
[2026-06-30T13:58:19.734+0000] {logging_mixin.py:190} INFO - Skipping movie 1203050: could not fetch metadata.
[2026-06-30T13:58:20.340+0000] {logging_mixin.py:190} INFO - Skipping movie 1203080: could not fetch metadata.
[2026-06-30T13:58:20.636+0000] {logging_mixin.py:190} INFO - Skipping movie 744340: could not fetch metadata.
[2026-06-30T13:58:22.529+0000] {logging_mixin.py:190} INFO - Skipping movie 1203193: could not fetch metadata.
[2026-06-30T13:58:22.677+0000] {logging_mixin.py:190} INFO - Skipping movie 1399808: could not fetch metadata.
[2026-06-30T13:58:22.778+0000] {logging_mixin.py:190} INFO - Skipping movie 1399814: could not fetch metadata.
[2026-06-30T13:58:23.625+0000] {logging_mixin.py:190} INFO - Skipping movie 1399820: could not fetch metadata.
[2026-06-30T13:58:24.885+0000] {logging_mixin.py:190} INFO - Skipping movie 1072223: could not fetch metadata.
[2026-06-30T13:58:25.826+0000] {logging_mixin.py:190} INFO - Skipping movie 1662124: could not fetch metadata.
[2026-06-30T13:58:26.803+0000] {logging_mixin.py:190} INFO - Skipping movie 1236185: could not fetch metadata.
[2026-06-30T13:58:27.056+0000] {logging_mixin.py:190} INFO - Skipping movie 1498358: could not fetch metadata.
[2026-06-30T13:58:27.485+0000] {logging_mixin.py:190} INFO - Skipping movie 1694982: could not fetch metadata.
[2026-06-30T13:58:30.155+0000] {logging_mixin.py:190} INFO - Skipping movie 1072547: could not fetch metadata.
[2026-06-30T13:58:30.420+0000] {logging_mixin.py:190} INFO - Skipping movie 1400173: could not fetch metadata.
[2026-06-30T13:58:30.946+0000] {logging_mixin.py:190} INFO - Skipping movie 1531363: could not fetch metadata.
[2026-06-30T13:58:32.955+0000] {logging_mixin.py:190} INFO - Skipping movie 1171068: could not fetch metadata.
[2026-06-30T13:58:34.153+0000] {logging_mixin.py:190} INFO - Skipping movie 1236675: could not fetch metadata.
[2026-06-30T13:58:36.894+0000] {logging_mixin.py:190} INFO - Skipping movie 1498984: could not fetch metadata.
[2026-06-30T13:58:37.333+0000] {logging_mixin.py:190} INFO - Skipping movie 1499004: could not fetch metadata.
[2026-06-30T13:58:37.617+0000] {logging_mixin.py:190} INFO - Skipping movie 1498994: could not fetch metadata.
[2026-06-30T13:58:37.816+0000] {logging_mixin.py:190} INFO - Skipping movie 1499016: could not fetch metadata.
[2026-06-30T13:58:38.473+0000] {logging_mixin.py:190} INFO - Skipping movie 1498988: could not fetch metadata.
[2026-06-30T13:58:42.147+0000] {logging_mixin.py:190} INFO - Skipping movie 1663014: could not fetch metadata.
[2026-06-30T13:58:42.674+0000] {logging_mixin.py:190} INFO - Skipping movie 680034: could not fetch metadata.
[2026-06-30T13:58:42.831+0000] {logging_mixin.py:190} INFO - Skipping movie 1695850: could not fetch metadata.
[2026-06-30T13:58:43.340+0000] {logging_mixin.py:190} INFO - Skipping movie 1695885: could not fetch metadata.
[2026-06-30T13:58:43.527+0000] {logging_mixin.py:190} INFO - Skipping movie 1695894: could not fetch metadata.
[2026-06-30T13:58:43.743+0000] {logging_mixin.py:190} INFO - Skipping movie 1722926: could not fetch metadata.
[2026-06-30T13:58:44.999+0000] {logging_mixin.py:190} INFO - Skipping movie 1663165: could not fetch metadata.
[2026-06-30T13:58:45.855+0000] {logging_mixin.py:190} INFO - Skipping movie 1499382: could not fetch metadata.
[2026-06-30T13:58:46.295+0000] {logging_mixin.py:190} INFO - Skipping movie 1401141: could not fetch metadata.
[2026-06-30T13:58:47.480+0000] {logging_mixin.py:190} INFO - Skipping movie 1335661: could not fetch metadata.
[2026-06-30T13:58:48.174+0000] {logging_mixin.py:190} INFO - Skipping movie 1663371: could not fetch metadata.
[2026-06-30T13:58:48.678+0000] {logging_mixin.py:190} INFO - Skipping movie 1696182: could not fetch metadata.
[2026-06-30T13:58:50.368+0000] {logging_mixin.py:190} INFO - Skipping movie 1696194: could not fetch metadata.
[2026-06-30T13:58:50.399+0000] {logging_mixin.py:190} INFO - Skipping movie 1696241: could not fetch metadata.
[2026-06-30T13:58:52.152+0000] {logging_mixin.py:190} INFO - Skipping movie 1073739: could not fetch metadata.
[2026-06-30T13:58:56.426+0000] {logging_mixin.py:190} INFO - Skipping movie 83203: could not fetch metadata.
[2026-06-30T13:58:57.580+0000] {logging_mixin.py:190} INFO - Skipping movie 1663855: could not fetch metadata.
[2026-06-30T13:58:57.610+0000] {logging_mixin.py:190} INFO - Skipping movie 1663881: could not fetch metadata.
[2026-06-30T13:59:00.231+0000] {logging_mixin.py:190} INFO - Skipping movie 1172505: could not fetch metadata.
[2026-06-30T13:59:01.145+0000] {logging_mixin.py:190} INFO - Skipping movie 1696841: could not fetch metadata.
[2026-06-30T13:59:01.424+0000] {logging_mixin.py:190} INFO - Skipping movie 353358: could not fetch metadata.
[2026-06-30T13:59:01.871+0000] {logging_mixin.py:190} INFO - Skipping movie 1664096: could not fetch metadata.
[2026-06-30T13:59:01.911+0000] {logging_mixin.py:190} INFO - Skipping movie 1336420: could not fetch metadata.
[2026-06-30T13:59:04.484+0000] {logging_mixin.py:190} INFO - Skipping movie 1402079: could not fetch metadata.
[2026-06-30T13:59:04.695+0000] {logging_mixin.py:190} INFO - Skipping movie 1402094: could not fetch metadata.
[2026-06-30T13:59:05.806+0000] {logging_mixin.py:190} INFO - Skipping movie 1697073: could not fetch metadata.
[2026-06-30T13:59:05.912+0000] {logging_mixin.py:190} INFO - Skipping movie 1001623: could not fetch metadata.
[2026-06-30T13:59:06.299+0000] {logging_mixin.py:190} INFO - Skipping movie 1697118: could not fetch metadata.
[2026-06-30T13:59:08.418+0000] {logging_mixin.py:190} INFO - Skipping movie 1697255: could not fetch metadata.
[2026-06-30T13:59:09.777+0000] {logging_mixin.py:190} INFO - Skipping movie 1697277: could not fetch metadata.
[2026-06-30T13:59:10.041+0000] {logging_mixin.py:190} INFO - Skipping movie 1697316: could not fetch metadata.
[2026-06-30T13:59:11.769+0000] {logging_mixin.py:190} INFO - Skipping movie 1042067: could not fetch metadata.
[2026-06-30T13:59:14.118+0000] {logging_mixin.py:190} INFO - Skipping movie 1435423: could not fetch metadata.
[2026-06-30T13:59:14.536+0000] {logging_mixin.py:190} INFO - Skipping movie 1697595: could not fetch metadata.
[2026-06-30T13:59:14.712+0000] {logging_mixin.py:190} INFO - Skipping movie 1697614: could not fetch metadata.
[2026-06-30T13:59:15.607+0000] {logging_mixin.py:190} INFO - Skipping movie 1697664: could not fetch metadata.
[2026-06-30T13:59:20.423+0000] {logging_mixin.py:190} INFO - Skipping movie 1697892: could not fetch metadata.
[2026-06-30T13:59:20.720+0000] {logging_mixin.py:190} INFO - Skipping movie 1665139: could not fetch metadata.
[2026-06-30T13:59:23.806+0000] {logging_mixin.py:190} INFO - Skipping movie 1698107: could not fetch metadata.
[2026-06-30T13:59:26.160+0000] {logging_mixin.py:190} INFO - Skipping movie 1501631: could not fetch metadata.
[2026-06-30T13:59:26.188+0000] {logging_mixin.py:190} INFO - Skipping movie 1501633: could not fetch metadata.
[2026-06-30T13:59:26.226+0000] {logging_mixin.py:190} INFO - Skipping movie 1501636: could not fetch metadata.
[2026-06-30T13:59:26.400+0000] {logging_mixin.py:190} INFO - Skipping movie 1501639: could not fetch metadata.
[2026-06-30T13:59:28.837+0000] {logging_mixin.py:190} INFO - Skipping movie 1239561: could not fetch metadata.
[2026-06-30T13:59:30.584+0000] {logging_mixin.py:190} INFO - Skipping movie 1633015: could not fetch metadata.
[2026-06-30T13:59:33.105+0000] {logging_mixin.py:190} INFO - Skipping movie 1698659: could not fetch metadata.
[2026-06-30T13:59:34.369+0000] {logging_mixin.py:190} INFO - Skipping movie 1698715: could not fetch metadata.
[2026-06-30T13:59:34.878+0000] {logging_mixin.py:190} INFO - Skipping movie 1534900: could not fetch metadata.
[2026-06-30T13:59:35.226+0000] {logging_mixin.py:190} INFO - Skipping movie 1534909: could not fetch metadata.
[2026-06-30T13:59:39.315+0000] {logging_mixin.py:190} INFO - Skipping movie 1698962: could not fetch metadata.
[2026-06-30T13:59:39.716+0000] {logging_mixin.py:190} INFO - Skipping movie 1698981: could not fetch metadata.
[2026-06-30T13:59:54.646+0000] {logging_mixin.py:190} INFO - Skipping movie 1437395: could not fetch metadata.
[2026-06-30T13:59:54.834+0000] {logging_mixin.py:190} INFO - Skipping movie 1699546: could not fetch metadata.
[2026-06-30T13:59:55.081+0000] {logging_mixin.py:190} INFO - Skipping movie 1699554: could not fetch metadata.
[2026-06-30T13:59:56.633+0000] {logging_mixin.py:190} INFO - Skipping movie 1699612: could not fetch metadata.
[2026-06-30T13:59:58.025+0000] {logging_mixin.py:190} INFO - Skipping movie 1699699: could not fetch metadata.
[2026-06-30T13:59:58.134+0000] {logging_mixin.py:190} INFO - Skipping movie 1699713: could not fetch metadata.
[2026-06-30T13:59:59.303+0000] {logging_mixin.py:190} INFO - Skipping movie 1699774: could not fetch metadata.
[2026-06-30T13:59:59.581+0000] {logging_mixin.py:190} INFO - Skipping movie 1723080: could not fetch metadata.
[2026-06-30T14:00:03.489+0000] {logging_mixin.py:190} INFO - Skipping movie 1165028: could not fetch metadata.
[2026-06-30T14:00:05.866+0000] {logging_mixin.py:190} INFO - Skipping movie 946497: could not fetch metadata.
[2026-06-30T14:00:07.589+0000] {logging_mixin.py:190} INFO - Skipping movie 1372577: could not fetch metadata.
[2026-06-30T14:00:07.733+0000] {logging_mixin.py:190} INFO - Skipping movie 1667501: could not fetch metadata.
[2026-06-30T14:00:13.532+0000] {logging_mixin.py:190} INFO - Skipping movie 1700586: could not fetch metadata.
[2026-06-30T14:00:13.636+0000] {logging_mixin.py:190} INFO - Skipping movie 1700593: could not fetch metadata.
[2026-06-30T14:00:15.200+0000] {logging_mixin.py:190} INFO - Skipping movie 1569614: could not fetch metadata.
[2026-06-30T14:00:17.446+0000] {logging_mixin.py:190} INFO - Skipping movie 685035: could not fetch metadata.
[2026-06-30T14:00:17.801+0000] {logging_mixin.py:190} INFO - Skipping movie 1668102: could not fetch metadata.
[2026-06-30T14:00:18.265+0000] {logging_mixin.py:190} INFO - Skipping movie 1668125: could not fetch metadata.
[2026-06-30T14:00:19.763+0000] {logging_mixin.py:190} INFO - Skipping movie 1569892: could not fetch metadata.
[2026-06-30T14:00:24.587+0000] {logging_mixin.py:190} INFO - Skipping movie 881982: could not fetch metadata.
[2026-06-30T14:00:26.318+0000] {logging_mixin.py:190} INFO - Skipping movie 1504702: could not fetch metadata.
[2026-06-30T14:00:27.722+0000] {logging_mixin.py:190} INFO - Skipping movie 1570364: could not fetch metadata.
[2026-06-30T14:00:29.433+0000] {logging_mixin.py:190} INFO - Skipping movie 1668787: could not fetch metadata.
[2026-06-30T14:00:29.650+0000] {logging_mixin.py:190} INFO - Skipping movie 1635989: could not fetch metadata.
[2026-06-30T14:00:30.154+0000] {logging_mixin.py:190} INFO - Skipping movie 1210085: could not fetch metadata.
[2026-06-30T14:00:39.688+0000] {logging_mixin.py:190} INFO - Skipping movie 1636555: could not fetch metadata.
[2026-06-30T14:00:41.188+0000] {logging_mixin.py:190} INFO - Skipping movie 1702188: could not fetch metadata.
[2026-06-30T14:00:41.316+0000] {logging_mixin.py:190} INFO - Skipping movie 1276143: could not fetch metadata.
[2026-06-30T14:00:45.476+0000] {logging_mixin.py:190} INFO - Skipping movie 1702457: could not fetch metadata.
[2026-06-30T14:00:45.592+0000] {logging_mixin.py:190} INFO - Skipping movie 1702461: could not fetch metadata.
[2026-06-30T14:00:45.610+0000] {logging_mixin.py:190} INFO - Skipping movie 1702467: could not fetch metadata.
[2026-06-30T14:00:45.701+0000] {logging_mixin.py:190} INFO - Skipping movie 1702475: could not fetch metadata.
[2026-06-30T14:00:47.609+0000] {logging_mixin.py:190} INFO - Skipping movie 1637070: could not fetch metadata.
[2026-06-30T14:00:49.430+0000] {logging_mixin.py:190} INFO - Skipping movie 1702644: could not fetch metadata.
[2026-06-30T14:00:50.865+0000] {logging_mixin.py:190} INFO - Skipping movie 1637258: could not fetch metadata.
[2026-06-30T14:00:51.178+0000] {logging_mixin.py:190} INFO - Skipping movie 1604436: could not fetch metadata.
[2026-06-30T14:00:55.416+0000] {logging_mixin.py:190} INFO - Skipping movie 1539209: could not fetch metadata.
[2026-06-30T14:00:57.029+0000] {logging_mixin.py:190} INFO - Skipping movie 1703139: could not fetch metadata.
[2026-06-30T14:00:57.347+0000] {logging_mixin.py:190} INFO - Skipping movie 1539315: could not fetch metadata.
[2026-06-30T14:00:57.674+0000] {logging_mixin.py:190} INFO - Skipping movie 1703176: could not fetch metadata.
[2026-06-30T14:00:58.011+0000] {logging_mixin.py:190} INFO - Skipping movie 1703186: could not fetch metadata.
[2026-06-30T14:01:01.735+0000] {logging_mixin.py:190} INFO - Skipping movie 1703350: could not fetch metadata.
[2026-06-30T14:01:02.899+0000] {logging_mixin.py:190} INFO - Skipping movie 1605125: could not fetch metadata.
[2026-06-30T14:01:03.621+0000] {logging_mixin.py:190} INFO - Skipping movie 1295970: could not fetch metadata.
[2026-06-30T14:01:03.758+0000] {logging_mixin.py:190} INFO - Skipping movie 1605151: could not fetch metadata.
[2026-06-30T14:01:04.717+0000] {logging_mixin.py:190} INFO - Skipping movie 1703537: could not fetch metadata.
[2026-06-30T14:01:05.567+0000] {logging_mixin.py:190} INFO - Skipping movie 1703595: could not fetch metadata.
[2026-06-30T14:01:06.712+0000] {logging_mixin.py:190} INFO - Skipping movie 1703609: could not fetch metadata.
[2026-06-30T14:01:09.466+0000] {logging_mixin.py:190} INFO - Skipping movie 1113943: could not fetch metadata.
[2026-06-30T14:01:12.538+0000] {logging_mixin.py:190} INFO - 7021 movies queued for deep extraction...
[2026-06-30T14:03:46.612+0000] {logging_mixin.py:190} INFO - Skipping deep extraction for movie 903414: could not fetch data.
[2026-06-30T14:07:04.911+0000] {logging_mixin.py:190} INFO - Pipeline finished successfully.
[2026-06-30T14:07:04.920+0000] {python.py:240} INFO - Done. Returned value was: None
[2026-06-30T14:07:04.972+0000] {taskinstance.py:340} INFO - ::group::Post task execution logs
[2026-06-30T14:07:04.974+0000] {taskinstance.py:352} INFO - Marking task as SUCCESS. dag_id=tmdb_incremental_sync, task_id=incremental_sync_pipeline, run_id=scheduled__2026-06-26T00:00:00+00:00, execution_date=20260626T000000, start_date=20260630T134807, end_date=20260630T140704
[2026-06-30T14:07:05.064+0000] {local_task_job_runner.py:261} INFO - Task exited with return code 0
[2026-06-30T14:07:05.140+0000] {taskinstance.py:3891} INFO - 0 downstream tasks scheduled from follow-on schedule check
[2026-06-30T14:07:05.144+0000] {local_task_job_runner.py:240} INFO - ::endgroup::
